PASS __tests__/HandyTreeView.useUserInteractions.test.tsx
PASS __tests__/HandyTreeItem.test.tsx (21.307 s)
PASS __tests__/HandyTreeView.basic.test.tsx (21.338 s)
  ΓùÅ Console

    console.log
      [HandyTreeView] RENDER START #1 {
        hasDataSource: false,
        itemsCount: 2,
        hasLazyLoading: false,
        timestamp: 1769005690063
      }

      at HandyTreeView (src/components/HandyTreeView/HandyTreeView.tsx:232:13)

    console.log
      [HandyTreeView] useMemo lazyLoadingConfig { hasDataSource: false, hasLazyLoading: false }

      at src/components/HandyTreeView/HandyTreeView.tsx:306:15

    console.log
      [HandyTreeView] Calling useLazyLoading {
        hasDataSource: false,
        hasConfig: false,
        dataSourceType: 'none',
        dataSourceKeys: []
      }

      at HandyTreeView (src/components/HandyTreeView/HandyTreeView.tsx:321:13)

    console.log
      [useLazyLoading] HOOK CALLED {
        hasDataSource: true,
        configEnabled: false,
        configKeys: [ 'enabled' ]
      }

      at useLazyLoading (src/hooks/useLazyLoading.ts:195:11)

    console.log
      [useLazyLoading] Creating new LazyLoadingDataSource

      at useLazyLoading (src/hooks/useLazyLoading.ts:213:13)

    console.log
      [HandyTreeView] useLazyLoading returned { hasDataSource: true, isLoading: false, stateCacheSize: 0 }

      at HandyTreeView (src/components/HandyTreeView/HandyTreeView.tsx:338:13)

    console.log
      [HandyTreeView] buildFullItemsMap { itemsCount: 2, mapSize: 0 }

      at src/components/HandyTreeView/HandyTreeView.tsx:451:17

    console.log
      [HandyTreeView] buildFullItemsMap { itemsCount: 2, mapSize: 1 }

      at src/components/HandyTreeView/HandyTreeView.tsx:451:17
          at Array.forEach (<anonymous>)

    console.log
      [HandyTreeView] buildFullItemsMap { itemsCount: 2, mapSize: 4 }

      at src/components/HandyTreeView/HandyTreeView.tsx:451:17
          at Array.forEach (<anonymous>)

    console.log
      [HandyTreeView] applyFiltering { inputCount: 2, hasFilterItems: false, showHiddenFiles: true }

      at src/components/HandyTreeView/HandyTreeView.tsx:424:17

    console.log
      [HandyTreeView] RENDER END #1 {
        internalItemsLength: 2,
        expandedItemsCount: 0,
        selectedItemsCount: 0,
        hasEmptyState: false
      }

      at HandyTreeView (src/components/HandyTreeView/HandyTreeView.tsx:1429:13)

    console.log
      [HandyTreeView] renderTreeItems [ml892jr56] { itemsCount: 2, level: 0, renderId: 1 }

      at src/components/HandyTreeView/HandyTreeView.tsx:1236:17

    console.log
      [HandyTreeView] renderTreeItems [ml892jr56] completed { itemsCount: 2, level: 0, resultCount: 2 }

      at src/components/HandyTreeView/HandyTreeView.tsx:1330:17

    console.log
      [useLazyLoading] useEffect recreate data source { hasRef: true, configEnabled: false }

      at src/hooks/useLazyLoading.ts:222:13

    console.log
      [useLazyLoading] Recreating LazyLoadingDataSource

      at src/hooks/useLazyLoading.ts:228:15

    console.log
      [useLazyLoading] Setting up polling interval

      at src/hooks/useLazyLoading.ts:285:13

    console.log
      [HandyTreeView] useEffect items sync {
        hasDataSource: false,
        itemsLength: 2,
        filteredItemsLength: 2,
        internalItemsLength: 2
      }

      at src/components/HandyTreeView/HandyTreeView.tsx:496:15

    console.log
      [HandyTreeView] Syncing filtered items to internalItems

      at src/components/HandyTreeView/HandyTreeView.tsx:513:21

    console.log
      [HandyTreeView] useEffect fetch root items {
        hasDataSource: false,
        configEnabled: undefined,
        internalItemsLength: 2,
        itemsLength: 2,
        hasFetched: false
      }

      at src/components/HandyTreeView/HandyTreeView.tsx:549:15

    console.log
      [HandyTreeView] Skipping fetch - no dataSource or not enabled

      at src/components/HandyTreeView/HandyTreeView.tsx:559:17

    console.log
      [HandyTreeView] useEffect updateSelectionItems { internalItemsLength: 2 }

      at src/components/HandyTreeView/HandyTreeView.tsx:658:15

    console.log
      [useLazyLoading] Cleaning up polling interval

      at src/hooks/useLazyLoading.ts:293:15
          at Array.forEach (<anonymous>)

    console.log
      [HandyTreeView] RENDER START #2 {
        hasDataSource: false,
        itemsCount: 0,
        hasLazyLoading: false,
        timestamp: 1769005690219
      }

      at HandyTreeView (src/components/HandyTreeView/HandyTreeView.tsx:232:13)

    console.log
      [HandyTreeView] useMemo lazyLoadingConfig { hasDataSource: false, hasLazyLoading: false }

      at src/components/HandyTreeView/HandyTreeView.tsx:306:15

    console.log
      [HandyTreeView] Calling useLazyLoading {
        hasDataSource: false,
        hasConfig: false,
        dataSourceType: 'none',
        dataSourceKeys: []
      }

      at HandyTreeView (src/components/HandyTreeView/HandyTreeView.tsx:321:13)

    console.log
      [useLazyLoading] HOOK CALLED {
        hasDataSource: true,
        configEnabled: false,
        configKeys: [ 'enabled' ]
      }

      at useLazyLoading (src/hooks/useLazyLoading.ts:195:11)

    console.log
      [useLazyLoading] Creating new LazyLoadingDataSource

      at useLazyLoading (src/hooks/useLazyLoading.ts:213:13)

    console.log
      [HandyTreeView] useLazyLoading returned { hasDataSource: true, isLoading: false, stateCacheSize: 0 }

      at HandyTreeView (src/components/HandyTreeView/HandyTreeView.tsx:338:13)

    console.log
      [HandyTreeView] RENDER END #2 {
        internalItemsLength: 0,
        expandedItemsCount: 0,
        selectedItemsCount: 0,
        hasEmptyState: true
      }

      at HandyTreeView (src/components/HandyTreeView/HandyTreeView.tsx:1429:13)

    console.log
      [useLazyLoading] useEffect recreate data source { hasRef: true, configEnabled: false }

      at src/hooks/useLazyLoading.ts:222:13

    console.log
      [useLazyLoading] Recreating LazyLoadingDataSource

      at src/hooks/useLazyLoading.ts:228:15

    console.log
      [useLazyLoading] Setting up polling interval

      at src/hooks/useLazyLoading.ts:285:13

    console.log
      [HandyTreeView] useEffect items sync {
        hasDataSource: false,
        itemsLength: 0,
        filteredItemsLength: 0,
        internalItemsLength: 0
      }

      at src/components/HandyTreeView/HandyTreeView.tsx:496:15

    console.log
      [HandyTreeView] useEffect fetch root items {
        hasDataSource: false,
        configEnabled: undefined,
        internalItemsLength: 0,
        itemsLength: 0,
        hasFetched: false
      }

      at src/components/HandyTreeView/HandyTreeView.tsx:549:15

    console.log
      [HandyTreeView] Skipping fetch - no dataSource or not enabled

      at src/components/HandyTreeView/HandyTreeView.tsx:559:17

    console.log
      [HandyTreeView] useEffect updateSelectionItems { internalItemsLength: 0 }

      at src/components/HandyTreeView/HandyTreeView.tsx:658:15

    console.log
      [useLazyLoading] Cleaning up polling interval

      at src/hooks/useLazyLoading.ts:293:15
          at Array.forEach (<anonymous>)

    console.log
      [HandyTreeView] RENDER START #3 {
        hasDataSource: false,
        itemsCount: 2,
        hasLazyLoading: false,
        timestamp: 1769005690252
      }

      at HandyTreeView (src/components/HandyTreeView/HandyTreeView.tsx:232:13)

    console.log
      [HandyTreeView] useMemo lazyLoadingConfig { hasDataSource: false, hasLazyLoading: false }

      at src/components/HandyTreeView/HandyTreeView.tsx:306:15

    console.log
      [HandyTreeView] Calling useLazyLoading {
        hasDataSource: false,
        hasConfig: false,
        dataSourceType: 'none',
        dataSourceKeys: []
      }

      at HandyTreeView (src/components/HandyTreeView/HandyTreeView.tsx:321:13)

    console.log
      [useLazyLoading] HOOK CALLED {
        hasDataSource: true,
        configEnabled: false,
        configKeys: [ 'enabled' ]
      }

      at useLazyLoading (src/hooks/useLazyLoading.ts:195:11)

    console.log
      [useLazyLoading] Creating new LazyLoadingDataSource

      at useLazyLoading (src/hooks/useLazyLoading.ts:213:13)

    console.log
      [HandyTreeView] useLazyLoading returned { hasDataSource: true, isLoading: false, stateCacheSize: 0 }

      at HandyTreeView (src/components/HandyTreeView/HandyTreeView.tsx:338:13)

    console.log
      [HandyTreeView] buildFullItemsMap { itemsCount: 2, mapSize: 0 }

      at src/components/HandyTreeView/HandyTreeView.tsx:451:17

    console.log
      [HandyTreeView] buildFullItemsMap { itemsCount: 2, mapSize: 1 }

      at src/components/HandyTreeView/HandyTreeView.tsx:451:17
          at Array.forEach (<anonymous>)

    console.log
      [HandyTreeView] buildFullItemsMap { itemsCount: 2, mapSize: 4 }

      at src/components/HandyTreeView/HandyTreeView.tsx:451:17
          at Array.forEach (<anonymous>)

    console.log
      [HandyTreeView] applyFiltering { inputCount: 2, hasFilterItems: false, showHiddenFiles: true }

      at src/components/HandyTreeView/HandyTreeView.tsx:424:17

    console.log
      [HandyTreeView] RENDER END #3 {
        internalItemsLength: 2,
        expandedItemsCount: 1,
        selectedItemsCount: 0,
        hasEmptyState: false
      }

      at HandyTreeView (src/components/HandyTreeView/HandyTreeView.tsx:1429:13)

    console.log
      [HandyTreeView] renderTreeItems [mrffb3txg] { itemsCount: 2, level: 0, renderId: 3 }

      at src/components/HandyTreeView/HandyTreeView.tsx:1236:17

    console.log
      [HandyTreeView] Rendering children for item 1 { childrenCount: 2, level: 1, renderId: 3 }

      at src/components/HandyTreeView/HandyTreeView.tsx:1318:29
          at Array.map (<anonymous>)

    console.log
      [HandyTreeView] renderTreeItems [5t1je830b] { itemsCount: 2, level: 1, renderId: 3 }

      at src/components/HandyTreeView/HandyTreeView.tsx:1236:17
          at Array.map (<anonymous>)

    console.log
      [HandyTreeView] renderTreeItems [5t1je830b] completed { itemsCount: 2, level: 1, resultCount: 2 }

      at src/components/HandyTreeView/HandyTreeView.tsx:1330:17
          at Array.map (<anonymous>)

    console.log
      [HandyTreeView] renderTreeItems [mrffb3txg] completed { itemsCount: 2, level: 0, resultCount: 2 }

      at src/components/HandyTreeView/HandyTreeView.tsx:1330:17

    console.log
      [useLazyLoading] useEffect recreate data source { hasRef: true, configEnabled: false }

      at src/hooks/useLazyLoading.ts:222:13

    console.log
      [useLazyLoading] Recreating LazyLoadingDataSource

      at src/hooks/useLazyLoading.ts:228:15

    console.log
      [useLazyLoading] Setting up polling interval

      at src/hooks/useLazyLoading.ts:285:13

    console.log
      [HandyTreeView] useEffect items sync {
        hasDataSource: false,
        itemsLength: 2,
        filteredItemsLength: 2,
        internalItemsLength: 2
      }

      at src/components/HandyTreeView/HandyTreeView.tsx:496:15

    console.log
      [HandyTreeView] Syncing filtered items to internalItems

      at src/components/HandyTreeView/HandyTreeView.tsx:513:21

    console.log
      [HandyTreeView] useEffect fetch root items {
        hasDataSource: false,
        configEnabled: undefined,
        internalItemsLength: 2,
        itemsLength: 2,
        hasFetched: false
      }

      at src/components/HandyTreeView/HandyTreeView.tsx:549:15

    console.log
      [HandyTreeView] Skipping fetch - no dataSource or not enabled

      at src/components/HandyTreeView/HandyTreeView.tsx:559:17

    console.log
      [HandyTreeView] useEffect updateSelectionItems { internalItemsLength: 2 }

      at src/components/HandyTreeView/HandyTreeView.tsx:658:15

    console.log
      [useLazyLoading] Cleaning up polling interval

      at src/hooks/useLazyLoading.ts:293:15
          at Array.forEach (<anonymous>)

    console.log
      [HandyTreeView] RENDER START #4 {
        hasDataSource: false,
        itemsCount: 2,
        hasLazyLoading: false,
        timestamp: 1769005690318
      }

      at HandyTreeView (src/components/HandyTreeView/HandyTreeView.tsx:232:13)

    console.log
      [HandyTreeView] useMemo lazyLoadingConfig { hasDataSource: false, hasLazyLoading: false }

      at src/components/HandyTreeView/HandyTreeView.tsx:306:15

    console.log
      [HandyTreeView] Calling useLazyLoading {
        hasDataSource: false,
        hasConfig: false,
        dataSourceType: 'none',
        dataSourceKeys: []
      }

      at HandyTreeView (src/components/HandyTreeView/HandyTreeView.tsx:321:13)

    console.log
      [useLazyLoading] HOOK CALLED {
        hasDataSource: true,
        configEnabled: false,
        configKeys: [ 'enabled' ]
      }

      at useLazyLoading (src/hooks/useLazyLoading.ts:195:11)

    console.log
      [useLazyLoading] Creating new LazyLoadingDataSource

      at useLazyLoading (src/hooks/useLazyLoading.ts:213:13)

    console.log
      [HandyTreeView] useLazyLoading returned { hasDataSource: true, isLoading: false, stateCacheSize: 0 }

      at HandyTreeView (src/components/HandyTreeView/HandyTreeView.tsx:338:13)

    console.log
      [HandyTreeView] buildFullItemsMap { itemsCount: 2, mapSize: 0 }

      at src/components/HandyTreeView/HandyTreeView.tsx:451:17

    console.log
      [HandyTreeView] buildFullItemsMap { itemsCount: 2, mapSize: 1 }

      at src/components/HandyTreeView/HandyTreeView.tsx:451:17
          at Array.forEach (<anonymous>)

    console.log
      [HandyTreeView] buildFullItemsMap { itemsCount: 2, mapSize: 4 }

      at src/components/HandyTreeView/HandyTreeView.tsx:451:17
          at Array.forEach (<anonymous>)

    console.log
      [HandyTreeView] applyFiltering { inputCount: 2, hasFilterItems: false, showHiddenFiles: true }

      at src/components/HandyTreeView/HandyTreeView.tsx:424:17

    console.log
      [HandyTreeView] RENDER END #4 {
        internalItemsLength: 2,
        expandedItemsCount: 0,
        selectedItemsCount: 0,
        hasEmptyState: false
      }

      at HandyTreeView (src/components/HandyTreeView/HandyTreeView.tsx:1429:13)

    console.log
      [HandyTreeView] renderTreeItems [jaazhj0nl] { itemsCount: 2, level: 0, renderId: 4 }

      at src/components/HandyTreeView/HandyTreeView.tsx:1236:17

    console.log
      [HandyTreeView] renderTreeItems [jaazhj0nl] completed { itemsCount: 2, level: 0, resultCount: 2 }

      at src/components/HandyTreeView/HandyTreeView.tsx:1330:17

    console.log
      [useLazyLoading] useEffect recreate data source { hasRef: true, configEnabled: false }

      at src/hooks/useLazyLoading.ts:222:13

    console.log
      [useLazyLoading] Recreating LazyLoadingDataSource

      at src/hooks/useLazyLoading.ts:228:15

    console.log
      [useLazyLoading] Setting up polling interval

      at src/hooks/useLazyLoading.ts:285:13

    console.log
      [HandyTreeView] useEffect items sync {
        hasDataSource: false,
        itemsLength: 2,
        filteredItemsLength: 2,
        internalItemsLength: 2
      }

      at src/components/HandyTreeView/HandyTreeView.tsx:496:15

    console.log
      [HandyTreeView] Syncing filtered items to internalItems

      at src/components/HandyTreeView/HandyTreeView.tsx:513:21

    console.log
      [HandyTreeView] useEffect fetch root items {
        hasDataSource: false,
        configEnabled: undefined,
        internalItemsLength: 2,
        itemsLength: 2,
        hasFetched: false
      }

      at src/components/HandyTreeView/HandyTreeView.tsx:549:15

    console.log
      [HandyTreeView] Skipping fetch - no dataSource or not enabled

      at src/components/HandyTreeView/HandyTreeView.tsx:559:17

    console.log
      [HandyTreeView] useEffect updateSelectionItems { internalItemsLength: 2 }

      at src/components/HandyTreeView/HandyTreeView.tsx:658:15

    console.log
      [useLazyLoading] Cleaning up polling interval

      at src/hooks/useLazyLoading.ts:293:15
          at Array.forEach (<anonymous>)

    console.log
      [HandyTreeView] RENDER START #5 {
        hasDataSource: false,
        itemsCount: 2,
        hasLazyLoading: false,
        timestamp: 1769005690358
      }

      at HandyTreeView (src/components/HandyTreeView/HandyTreeView.tsx:232:13)

    console.log
      [HandyTreeView] useMemo lazyLoadingConfig { hasDataSource: false, hasLazyLoading: false }

      at src/components/HandyTreeView/HandyTreeView.tsx:306:15

    console.log
      [HandyTreeView] Calling useLazyLoading {
        hasDataSource: false,
        hasConfig: false,
        dataSourceType: 'none',
        dataSourceKeys: []
      }

      at HandyTreeView (src/components/HandyTreeView/HandyTreeView.tsx:321:13)

    console.log
      [useLazyLoading] HOOK CALLED {
        hasDataSource: true,
        configEnabled: false,
        configKeys: [ 'enabled' ]
      }

      at useLazyLoading (src/hooks/useLazyLoading.ts:195:11)

    console.log
      [useLazyLoading] Creating new LazyLoadingDataSource

      at useLazyLoading (src/hooks/useLazyLoading.ts:213:13)

    console.log
      [HandyTreeView] useLazyLoading returned { hasDataSource: true, isLoading: false, stateCacheSize: 0 }

      at HandyTreeView (src/components/HandyTreeView/HandyTreeView.tsx:338:13)

    console.log
      [HandyTreeView] buildFullItemsMap { itemsCount: 2, mapSize: 0 }

      at src/components/HandyTreeView/HandyTreeView.tsx:451:17

    console.log
      [HandyTreeView] buildFullItemsMap { itemsCount: 2, mapSize: 1 }

      at src/components/HandyTreeView/HandyTreeView.tsx:451:17
          at Array.forEach (<anonymous>)

    console.log
      [HandyTreeView] buildFullItemsMap { itemsCount: 2, mapSize: 4 }

      at src/components/HandyTreeView/HandyTreeView.tsx:451:17
          at Array.forEach (<anonymous>)

    console.log
      [HandyTreeView] applyFiltering { inputCount: 2, hasFilterItems: false, showHiddenFiles: true }

      at src/components/HandyTreeView/HandyTreeView.tsx:424:17

    console.log
      [HandyTreeView] RENDER END #5 {
        internalItemsLength: 2,
        expandedItemsCount: 0,
        selectedItemsCount: 0,
        hasEmptyState: false
      }

      at HandyTreeView (src/components/HandyTreeView/HandyTreeView.tsx:1429:13)

    console.log
      [HandyTreeView] renderTreeItems [2gz06xgvm] { itemsCount: 2, level: 0, renderId: 5 }

      at src/components/HandyTreeView/HandyTreeView.tsx:1236:17

    console.log
      [HandyTreeView] renderTreeItems [2gz06xgvm] completed { itemsCount: 2, level: 0, resultCount: 2 }

      at src/components/HandyTreeView/HandyTreeView.tsx:1330:17

    console.log
      [useLazyLoading] useEffect recreate data source { hasRef: true, configEnabled: false }

      at src/hooks/useLazyLoading.ts:222:13

    console.log
      [useLazyLoading] Recreating LazyLoadingDataSource

      at src/hooks/useLazyLoading.ts:228:15

    console.log
      [useLazyLoading] Setting up polling interval

      at src/hooks/useLazyLoading.ts:285:13

    console.log
      [HandyTreeView] useEffect items sync {
        hasDataSource: false,
        itemsLength: 2,
        filteredItemsLength: 2,
        internalItemsLength: 2
      }

      at src/components/HandyTreeView/HandyTreeView.tsx:496:15

    console.log
      [HandyTreeView] Syncing filtered items to internalItems

      at src/components/HandyTreeView/HandyTreeView.tsx:513:21

    console.log
      [HandyTreeView] useEffect fetch root items {
        hasDataSource: false,
        configEnabled: undefined,
        internalItemsLength: 2,
        itemsLength: 2,
        hasFetched: false
      }

      at src/components/HandyTreeView/HandyTreeView.tsx:549:15

    console.log
      [HandyTreeView] Skipping fetch - no dataSource or not enabled

      at src/components/HandyTreeView/HandyTreeView.tsx:559:17

    console.log
      [HandyTreeView] useEffect updateSelectionItems { internalItemsLength: 2 }

      at src/components/HandyTreeView/HandyTreeView.tsx:658:15

    console.log
      [HandyTreeView] RENDER START #6 {
        hasDataSource: false,
        itemsCount: 2,
        hasLazyLoading: false,
        timestamp: 1769005690399
      }

      at HandyTreeView (src/components/HandyTreeView/HandyTreeView.tsx:232:13)

    console.log
      [HandyTreeView] Calling useLazyLoading {
        hasDataSource: false,
        hasConfig: false,
        dataSourceType: 'none',
        dataSourceKeys: []
      }

      at HandyTreeView (src/components/HandyTreeView/HandyTreeView.tsx:321:13)

    console.log
      [useLazyLoading] HOOK CALLED {
        hasDataSource: true,
        configEnabled: false,
        configKeys: [ 'enabled' ]
      }

      at useLazyLoading (src/hooks/useLazyLoading.ts:195:11)

    console.log
      [HandyTreeView] useLazyLoading returned { hasDataSource: true, isLoading: false, stateCacheSize: 0 }

      at HandyTreeView (src/components/HandyTreeView/HandyTreeView.tsx:338:13)

    console.log
      [HandyTreeView] buildFullItemsMap { itemsCount: 2, mapSize: 0 }

      at src/components/HandyTreeView/HandyTreeView.tsx:451:17

    console.log
      [HandyTreeView] buildFullItemsMap { itemsCount: 2, mapSize: 1 }

      at src/components/HandyTreeView/HandyTreeView.tsx:451:17
          at Array.forEach (<anonymous>)

    console.log
      [HandyTreeView] buildFullItemsMap { itemsCount: 2, mapSize: 4 }

      at src/components/HandyTreeView/HandyTreeView.tsx:451:17
          at Array.forEach (<anonymous>)

    console.log
      [HandyTreeView] applyFiltering { inputCount: 2, hasFilterItems: false, showHiddenFiles: true }

      at src/components/HandyTreeView/HandyTreeView.tsx:424:17

    console.log
      [HandyTreeView] RENDER END #6 {
        internalItemsLength: 2,
        expandedItemsCount: 1,
        selectedItemsCount: 0,
        hasEmptyState: false
      }

      at HandyTreeView (src/components/HandyTreeView/HandyTreeView.tsx:1429:13)

    console.log
      [HandyTreeView] renderTreeItems [ln330gepk] { itemsCount: 2, level: 0, renderId: 6 }

      at src/components/HandyTreeView/HandyTreeView.tsx:1236:17

    console.log
      [HandyTreeView] Rendering children for item 1 { childrenCount: 2, level: 1, renderId: 6 }

      at src/components/HandyTreeView/HandyTreeView.tsx:1318:29
          at Array.map (<anonymous>)

    console.log
      [HandyTreeView] renderTreeItems [0genw3v70] { itemsCount: 2, level: 1, renderId: 6 }

      at src/components/HandyTreeView/HandyTreeView.tsx:1236:17
          at Array.map (<anonymous>)

    console.log
      [HandyTreeView] renderTreeItems [0genw3v70] completed { itemsCount: 2, level: 1, resultCount: 2 }

      at src/components/HandyTreeView/HandyTreeView.tsx:1330:17
          at Array.map (<anonymous>)

    console.log
      [HandyTreeView] renderTreeItems [ln330gepk] completed { itemsCount: 2, level: 0, resultCount: 2 }

      at src/components/HandyTreeView/HandyTreeView.tsx:1330:17

    console.log
      [useLazyLoading] useEffect recreate data source { hasRef: true, configEnabled: false }

      at src/hooks/useLazyLoading.ts:222:13

    console.log
      [useLazyLoading] Recreating LazyLoadingDataSource

      at src/hooks/useLazyLoading.ts:228:15

    console.log
      [HandyTreeView] useEffect items sync {
        hasDataSource: false,
        itemsLength: 2,
        filteredItemsLength: 2,
        internalItemsLength: 2
      }

      at src/components/HandyTreeView/HandyTreeView.tsx:496:15

    console.log
      [HandyTreeView] RENDER START #7 {
        hasDataSource: false,
        itemsCount: 2,
        hasLazyLoading: false,
        timestamp: 1769005690452
      }

      at HandyTreeView (src/components/HandyTreeView/HandyTreeView.tsx:232:13)

    console.log
      [HandyTreeView] Calling useLazyLoading {
        hasDataSource: false,
        hasConfig: false,
        dataSourceType: 'none',
        dataSourceKeys: []
      }

      at HandyTreeView (src/components/HandyTreeView/HandyTreeView.tsx:321:13)

    console.log
      [useLazyLoading] HOOK CALLED {
        hasDataSource: true,
        configEnabled: false,
        configKeys: [ 'enabled' ]
      }

      at useLazyLoading (src/hooks/useLazyLoading.ts:195:11)

    console.log
      [HandyTreeView] useLazyLoading returned { hasDataSource: true, isLoading: false, stateCacheSize: 0 }

      at HandyTreeView (src/components/HandyTreeView/HandyTreeView.tsx:338:13)

    console.log
      [HandyTreeView] buildFullItemsMap { itemsCount: 2, mapSize: 0 }

      at src/components/HandyTreeView/HandyTreeView.tsx:451:17

    console.log
      [HandyTreeView] buildFullItemsMap { itemsCount: 2, mapSize: 1 }

      at src/components/HandyTreeView/HandyTreeView.tsx:451:17
          at Array.forEach (<anonymous>)

    console.log
      [HandyTreeView] buildFullItemsMap { itemsCount: 2, mapSize: 4 }

      at src/components/HandyTreeView/HandyTreeView.tsx:451:17
          at Array.forEach (<anonymous>)

    console.log
      [HandyTreeView] applyFiltering { inputCount: 2, hasFilterItems: false, showHiddenFiles: true }

      at src/components/HandyTreeView/HandyTreeView.tsx:424:17

    console.log
      [HandyTreeView] RENDER END #7 {
        internalItemsLength: 2,
        expandedItemsCount: 1,
        selectedItemsCount: 0,
        hasEmptyState: false
      }

      at HandyTreeView (src/components/HandyTreeView/HandyTreeView.tsx:1429:13)

    console.log
      [HandyTreeView] renderTreeItems [ymo0z2b3i] { itemsCount: 2, level: 0, renderId: 7 }

      at src/components/HandyTreeView/HandyTreeView.tsx:1236:17

    console.log
      [HandyTreeView] Rendering children for item 1 { childrenCount: 2, level: 1, renderId: 7 }

      at src/components/HandyTreeView/HandyTreeView.tsx:1318:29
          at Array.map (<anonymous>)

    console.log
      [HandyTreeView] renderTreeItems [2z5bzvsge] { itemsCount: 2, level: 1, renderId: 7 }

      at src/components/HandyTreeView/HandyTreeView.tsx:1236:17
          at Array.map (<anonymous>)

    console.log
      [HandyTreeView] renderTreeItems [2z5bzvsge] completed { itemsCount: 2, level: 1, resultCount: 2 }

      at src/components/HandyTreeView/HandyTreeView.tsx:1330:17
          at Array.map (<anonymous>)

    console.log
      [HandyTreeView] renderTreeItems [ymo0z2b3i] completed { itemsCount: 2, level: 0, resultCount: 2 }

      at src/components/HandyTreeView/HandyTreeView.tsx:1330:17

    console.log
      [useLazyLoading] Cleaning up polling interval

      at src/hooks/useLazyLoading.ts:293:15
          at Array.forEach (<anonymous>)

    console.log
      [HandyTreeView] RENDER START #8 {
        hasDataSource: false,
        itemsCount: 2,
        hasLazyLoading: false,
        timestamp: 1769005690478
      }

      at HandyTreeView (src/components/HandyTreeView/HandyTreeView.tsx:232:13)

    console.log
      [HandyTreeView] useMemo lazyLoadingConfig { hasDataSource: false, hasLazyLoading: false }

      at src/components/HandyTreeView/HandyTreeView.tsx:306:15

    console.log
      [HandyTreeView] Calling useLazyLoading {
        hasDataSource: false,
        hasConfig: false,
        dataSourceType: 'none',
        dataSourceKeys: []
      }

      at HandyTreeView (src/components/HandyTreeView/HandyTreeView.tsx:321:13)

    console.log
      [useLazyLoading] HOOK CALLED {
        hasDataSource: true,
        configEnabled: false,
        configKeys: [ 'enabled' ]
      }

      at useLazyLoading (src/hooks/useLazyLoading.ts:195:11)

    console.log
      [useLazyLoading] Creating new LazyLoadingDataSource

      at useLazyLoading (src/hooks/useLazyLoading.ts:213:13)

    console.log
      [HandyTreeView] useLazyLoading returned { hasDataSource: true, isLoading: false, stateCacheSize: 0 }

      at HandyTreeView (src/components/HandyTreeView/HandyTreeView.tsx:338:13)

    console.log
      [HandyTreeView] buildFullItemsMap { itemsCount: 2, mapSize: 0 }

      at src/components/HandyTreeView/HandyTreeView.tsx:451:17

    console.log
      [HandyTreeView] buildFullItemsMap { itemsCount: 2, mapSize: 1 }

      at src/components/HandyTreeView/HandyTreeView.tsx:451:17
          at Array.forEach (<anonymous>)

    console.log
      [HandyTreeView] buildFullItemsMap { itemsCount: 2, mapSize: 4 }

      at src/components/HandyTreeView/HandyTreeView.tsx:451:17
          at Array.forEach (<anonymous>)

    console.log
      [HandyTreeView] applyFiltering { inputCount: 2, hasFilterItems: false, showHiddenFiles: true }

      at src/components/HandyTreeView/HandyTreeView.tsx:424:17

    console.log
      [HandyTreeView] RENDER END #8 {
        internalItemsLength: 2,
        expandedItemsCount: 1,
        selectedItemsCount: 0,
        hasEmptyState: false
      }

      at HandyTreeView (src/components/HandyTreeView/HandyTreeView.tsx:1429:13)

    console.log
      [HandyTreeView] renderTreeItems [kffx3tc20] { itemsCount: 2, level: 0, renderId: 8 }

      at src/components/HandyTreeView/HandyTreeView.tsx:1236:17

    console.log
      [HandyTreeView] Rendering children for item 1 { childrenCount: 2, level: 1, renderId: 8 }

      at src/components/HandyTreeView/HandyTreeView.tsx:1318:29
          at Array.map (<anonymous>)

    console.log
      [HandyTreeView] renderTreeItems [ujssojfiu] { itemsCount: 2, level: 1, renderId: 8 }

      at src/components/HandyTreeView/HandyTreeView.tsx:1236:17
          at Array.map (<anonymous>)

    console.log
      [HandyTreeView] renderTreeItems [ujssojfiu] completed { itemsCount: 2, level: 1, resultCount: 2 }

      at src/components/HandyTreeView/HandyTreeView.tsx:1330:17
          at Array.map (<anonymous>)

    console.log
      [HandyTreeView] renderTreeItems [kffx3tc20] completed { itemsCount: 2, level: 0, resultCount: 2 }

      at src/components/HandyTreeView/HandyTreeView.tsx:1330:17

    console.log
      [useLazyLoading] useEffect recreate data source { hasRef: true, configEnabled: false }

      at src/hooks/useLazyLoading.ts:222:13

    console.log
      [useLazyLoading] Recreating LazyLoadingDataSource

      at src/hooks/useLazyLoading.ts:228:15

    console.log
      [useLazyLoading] Setting up polling interval

      at src/hooks/useLazyLoading.ts:285:13

    console.log
      [HandyTreeView] useEffect items sync {
        hasDataSource: false,
        itemsLength: 2,
        filteredItemsLength: 2,
        internalItemsLength: 2
      }

      at src/components/HandyTreeView/HandyTreeView.tsx:496:15

    console.log
      [HandyTreeView] Syncing filtered items to internalItems

      at src/components/HandyTreeView/HandyTreeView.tsx:513:21

    console.log
      [HandyTreeView] useEffect fetch root items {
        hasDataSource: false,
        configEnabled: undefined,
        internalItemsLength: 2,
        itemsLength: 2,
        hasFetched: false
      }

      at src/components/HandyTreeView/HandyTreeView.tsx:549:15

    console.log
      [HandyTreeView] Skipping fetch - no dataSource or not enabled

      at src/components/HandyTreeView/HandyTreeView.tsx:559:17

    console.log
      [HandyTreeView] useEffect updateSelectionItems { internalItemsLength: 2 }

      at src/components/HandyTreeView/HandyTreeView.tsx:658:15

    console.log
      [HandyTreeView] RENDER START #9 {
        hasDataSource: false,
        itemsCount: 2,
        hasLazyLoading: false,
        timestamp: 1769005690530
      }

      at HandyTreeView (src/components/HandyTreeView/HandyTreeView.tsx:232:13)

    console.log
      [HandyTreeView] Calling useLazyLoading {
        hasDataSource: false,
        hasConfig: false,
        dataSourceType: 'none',
        dataSourceKeys: []
      }

      at HandyTreeView (src/components/HandyTreeView/HandyTreeView.tsx:321:13)

    console.log
      [useLazyLoading] HOOK CALLED {
        hasDataSource: true,
        configEnabled: false,
        configKeys: [ 'enabled' ]
      }

      at useLazyLoading (src/hooks/useLazyLoading.ts:195:11)

    console.log
      [HandyTreeView] useLazyLoading returned { hasDataSource: true, isLoading: false, stateCacheSize: 0 }

      at HandyTreeView (src/components/HandyTreeView/HandyTreeView.tsx:338:13)

    console.log
      [HandyTreeView] buildFullItemsMap { itemsCount: 2, mapSize: 0 }

      at src/components/HandyTreeView/HandyTreeView.tsx:451:17

    console.log
      [HandyTreeView] buildFullItemsMap { itemsCount: 2, mapSize: 1 }

      at src/components/HandyTreeView/HandyTreeView.tsx:451:17
          at Array.forEach (<anonymous>)

    console.log
      [HandyTreeView] buildFullItemsMap { itemsCount: 2, mapSize: 4 }

      at src/components/HandyTreeView/HandyTreeView.tsx:451:17
          at Array.forEach (<anonymous>)

    console.log
      [HandyTreeView] applyFiltering { inputCount: 2, hasFilterItems: false, showHiddenFiles: true }

      at src/components/HandyTreeView/HandyTreeView.tsx:424:17

    console.log
      [HandyTreeView] RENDER END #9 {
        internalItemsLength: 2,
        expandedItemsCount: 0,
        selectedItemsCount: 0,
        hasEmptyState: false
      }

      at HandyTreeView (src/components/HandyTreeView/HandyTreeView.tsx:1429:13)

    console.log
      [HandyTreeView] renderTreeItems [14wznq2l5] { itemsCount: 2, level: 0, renderId: 9 }

      at src/components/HandyTreeView/HandyTreeView.tsx:1236:17

    console.log
      [HandyTreeView] renderTreeItems [14wznq2l5] completed { itemsCount: 2, level: 0, resultCount: 2 }

      at src/components/HandyTreeView/HandyTreeView.tsx:1330:17

    console.log
      [useLazyLoading] useEffect recreate data source { hasRef: true, configEnabled: false }

      at src/hooks/useLazyLoading.ts:222:13

    console.log
      [useLazyLoading] Recreating LazyLoadingDataSource

      at src/hooks/useLazyLoading.ts:228:15

    console.log
      [HandyTreeView] useEffect items sync {
        hasDataSource: false,
        itemsLength: 2,
        filteredItemsLength: 2,
        internalItemsLength: 2
      }

      at src/components/HandyTreeView/HandyTreeView.tsx:496:15

    console.log
      [HandyTreeView] RENDER START #10 {
        hasDataSource: false,
        itemsCount: 2,
        hasLazyLoading: false,
        timestamp: 1769005690581
      }

      at HandyTreeView (src/components/HandyTreeView/HandyTreeView.tsx:232:13)

    console.log
      [HandyTreeView] Calling useLazyLoading {
        hasDataSource: false,
        hasConfig: false,
        dataSourceType: 'none',
        dataSourceKeys: []
      }

      at HandyTreeView (src/components/HandyTreeView/HandyTreeView.tsx:321:13)

    console.log
      [useLazyLoading] HOOK CALLED {
        hasDataSource: true,
        configEnabled: false,
        configKeys: [ 'enabled' ]
      }

      at useLazyLoading (src/hooks/useLazyLoading.ts:195:11)

    console.log
      [HandyTreeView] useLazyLoading returned { hasDataSource: true, isLoading: false, stateCacheSize: 0 }

      at HandyTreeView (src/components/HandyTreeView/HandyTreeView.tsx:338:13)

    console.log
      [HandyTreeView] buildFullItemsMap { itemsCount: 2, mapSize: 0 }

      at src/components/HandyTreeView/HandyTreeView.tsx:451:17

    console.log
      [HandyTreeView] buildFullItemsMap { itemsCount: 2, mapSize: 1 }

      at src/components/HandyTreeView/HandyTreeView.tsx:451:17
          at Array.forEach (<anonymous>)

    console.log
      [HandyTreeView] buildFullItemsMap { itemsCount: 2, mapSize: 4 }

      at src/components/HandyTreeView/HandyTreeView.tsx:451:17
          at Array.forEach (<anonymous>)

    console.log
      [HandyTreeView] applyFiltering { inputCount: 2, hasFilterItems: false, showHiddenFiles: true }

      at src/components/HandyTreeView/HandyTreeView.tsx:424:17

    console.log
      [HandyTreeView] RENDER END #10 {
        internalItemsLength: 2,
        expandedItemsCount: 0,
        selectedItemsCount: 0,
        hasEmptyState: false
      }

      at HandyTreeView (src/components/HandyTreeView/HandyTreeView.tsx:1429:13)

    console.log
      [HandyTreeView] renderTreeItems [gae9vo6q1] { itemsCount: 2, level: 0, renderId: 10 }

      at src/components/HandyTreeView/HandyTreeView.tsx:1236:17

    console.log
      [HandyTreeView] renderTreeItems [gae9vo6q1] completed { itemsCount: 2, level: 0, resultCount: 2 }

      at src/components/HandyTreeView/HandyTreeView.tsx:1330:17

    console.log
      [useLazyLoading] Cleaning up polling interval

      at src/hooks/useLazyLoading.ts:293:15
          at Array.forEach (<anonymous>)

    console.log
      [HandyTreeView] RENDER START #11 {
        hasDataSource: false,
        itemsCount: 2,
        hasLazyLoading: false,
        timestamp: 1769005690593
      }

      at HandyTreeView (src/components/HandyTreeView/HandyTreeView.tsx:232:13)

    console.log
      [HandyTreeView] useMemo lazyLoadingConfig { hasDataSource: false, hasLazyLoading: false }

      at src/components/HandyTreeView/HandyTreeView.tsx:306:15

    console.log
      [HandyTreeView] Calling useLazyLoading {
        hasDataSource: false,
        hasConfig: false,
        dataSourceType: 'none',
        dataSourceKeys: []
      }

      at HandyTreeView (src/components/HandyTreeView/HandyTreeView.tsx:321:13)

    console.log
      [useLazyLoading] HOOK CALLED {
        hasDataSource: true,
        configEnabled: false,
        configKeys: [ 'enabled' ]
      }

      at useLazyLoading (src/hooks/useLazyLoading.ts:195:11)

    console.log
      [useLazyLoading] Creating new LazyLoadingDataSource

      at useLazyLoading (src/hooks/useLazyLoading.ts:213:13)

    console.log
      [HandyTreeView] useLazyLoading returned { hasDataSource: true, isLoading: false, stateCacheSize: 0 }

      at HandyTreeView (src/components/HandyTreeView/HandyTreeView.tsx:338:13)

    console.log
      [HandyTreeView] buildFullItemsMap { itemsCount: 2, mapSize: 0 }

      at src/components/HandyTreeView/HandyTreeView.tsx:451:17

    console.log
      [HandyTreeView] buildFullItemsMap { itemsCount: 2, mapSize: 1 }

      at src/components/HandyTreeView/HandyTreeView.tsx:451:17
          at Array.forEach (<anonymous>)

    console.log
      [HandyTreeView] buildFullItemsMap { itemsCount: 2, mapSize: 4 }

      at src/components/HandyTreeView/HandyTreeView.tsx:451:17
          at Array.forEach (<anonymous>)

    console.log
      [HandyTreeView] applyFiltering { inputCount: 2, hasFilterItems: false, showHiddenFiles: true }

      at src/components/HandyTreeView/HandyTreeView.tsx:424:17

    console.log
      [HandyTreeView] RENDER END #11 {
        internalItemsLength: 2,
        expandedItemsCount: 0,
        selectedItemsCount: 0,
        hasEmptyState: false
      }

      at HandyTreeView (src/components/HandyTreeView/HandyTreeView.tsx:1429:13)

    console.log
      [HandyTreeView] renderTreeItems [ntoqgxbp8] { itemsCount: 2, level: 0, renderId: 11 }

      at src/components/HandyTreeView/HandyTreeView.tsx:1236:17

    console.log
      [HandyTreeView] renderTreeItems [ntoqgxbp8] completed { itemsCount: 2, level: 0, resultCount: 2 }

      at src/components/HandyTreeView/HandyTreeView.tsx:1330:17

    console.log
      [useLazyLoading] useEffect recreate data source { hasRef: true, configEnabled: false }

      at src/hooks/useLazyLoading.ts:222:13

    console.log
      [useLazyLoading] Recreating LazyLoadingDataSource

      at src/hooks/useLazyLoading.ts:228:15

    console.log
      [useLazyLoading] Setting up polling interval

      at src/hooks/useLazyLoading.ts:285:13

    console.log
      [HandyTreeView] useEffect items sync {
        hasDataSource: false,
        itemsLength: 2,
        filteredItemsLength: 2,
        internalItemsLength: 2
      }

      at src/components/HandyTreeView/HandyTreeView.tsx:496:15

    console.log
      [HandyTreeView] Syncing filtered items to internalItems

      at src/components/HandyTreeView/HandyTreeView.tsx:513:21

    console.log
      [HandyTreeView] useEffect fetch root items {
        hasDataSource: false,
        configEnabled: undefined,
        internalItemsLength: 2,
        itemsLength: 2,
        hasFetched: false
      }

      at src/components/HandyTreeView/HandyTreeView.tsx:549:15

    console.log
      [HandyTreeView] Skipping fetch - no dataSource or not enabled

      at src/components/HandyTreeView/HandyTreeView.tsx:559:17

    console.log
      [HandyTreeView] useEffect updateSelectionItems { internalItemsLength: 2 }

      at src/components/HandyTreeView/HandyTreeView.tsx:658:15

    console.log
      [HandyTreeView] RENDER START #12 {
        hasDataSource: false,
        itemsCount: 2,
        hasLazyLoading: false,
        timestamp: 1769005690623
      }

      at HandyTreeView (src/components/HandyTreeView/HandyTreeView.tsx:232:13)

    console.log
      [HandyTreeView] Calling useLazyLoading {
        hasDataSource: false,
        hasConfig: false,
        dataSourceType: 'none',
        dataSourceKeys: []
      }

      at HandyTreeView (src/components/HandyTreeView/HandyTreeView.tsx:321:13)

    console.log
      [useLazyLoading] HOOK CALLED {
        hasDataSource: true,
        configEnabled: false,
        configKeys: [ 'enabled' ]
      }

      at useLazyLoading (src/hooks/useLazyLoading.ts:195:11)

    console.log
      [HandyTreeView] useLazyLoading returned { hasDataSource: true, isLoading: false, stateCacheSize: 0 }

      at HandyTreeView (src/components/HandyTreeView/HandyTreeView.tsx:338:13)

    console.log
      [HandyTreeView] buildFullItemsMap { itemsCount: 2, mapSize: 0 }

      at src/components/HandyTreeView/HandyTreeView.tsx:451:17

    console.log
      [HandyTreeView] buildFullItemsMap { itemsCount: 2, mapSize: 1 }

      at src/components/HandyTreeView/HandyTreeView.tsx:451:17
          at Array.forEach (<anonymous>)

    console.log
      [HandyTreeView] buildFullItemsMap { itemsCount: 2, mapSize: 4 }

      at src/components/HandyTreeView/HandyTreeView.tsx:451:17
          at Array.forEach (<anonymous>)

    console.log
      [HandyTreeView] applyFiltering { inputCount: 2, hasFilterItems: false, showHiddenFiles: true }

      at src/components/HandyTreeView/HandyTreeView.tsx:424:17

    console.log
      [HandyTreeView] RENDER END #12 {
        internalItemsLength: 2,
        expandedItemsCount: 1,
        selectedItemsCount: 0,
        hasEmptyState: false
      }

      at HandyTreeView (src/components/HandyTreeView/HandyTreeView.tsx:1429:13)

    console.log
      [HandyTreeView] renderTreeItems [g6d4lamxw] { itemsCount: 2, level: 0, renderId: 12 }

      at src/components/HandyTreeView/HandyTreeView.tsx:1236:17

    console.log
      [HandyTreeView] Rendering children for item 1 { childrenCount: 2, level: 1, renderId: 12 }

      at src/components/HandyTreeView/HandyTreeView.tsx:1318:29
          at Array.map (<anonymous>)

    console.log
      [HandyTreeView] renderTreeItems [oolgz8gdy] { itemsCount: 2, level: 1, renderId: 12 }

      at src/components/HandyTreeView/HandyTreeView.tsx:1236:17
          at Array.map (<anonymous>)

    console.log
      [HandyTreeView] renderTreeItems [oolgz8gdy] completed { itemsCount: 2, level: 1, resultCount: 2 }

      at src/components/HandyTreeView/HandyTreeView.tsx:1330:17
          at Array.map (<anonymous>)

    console.log
      [HandyTreeView] renderTreeItems [g6d4lamxw] completed { itemsCount: 2, level: 0, resultCount: 2 }

      at src/components/HandyTreeView/HandyTreeView.tsx:1330:17

    console.log
      [useLazyLoading] useEffect recreate data source { hasRef: true, configEnabled: false }

      at src/hooks/useLazyLoading.ts:222:13

    console.log
      [useLazyLoading] Recreating LazyLoadingDataSource

      at src/hooks/useLazyLoading.ts:228:15

    console.log
      [HandyTreeView] useEffect items sync {
        hasDataSource: false,
        itemsLength: 2,
        filteredItemsLength: 2,
        internalItemsLength: 2
      }

      at src/components/HandyTreeView/HandyTreeView.tsx:496:15

    console.log
      [HandyTreeView] RENDER START #13 {
        hasDataSource: false,
        itemsCount: 2,
        hasLazyLoading: false,
        timestamp: 1769005690661
      }

      at HandyTreeView (src/components/HandyTreeView/HandyTreeView.tsx:232:13)

    console.log
      [HandyTreeView] Calling useLazyLoading {
        hasDataSource: false,
        hasConfig: false,
        dataSourceType: 'none',
        dataSourceKeys: []
      }

      at HandyTreeView (src/components/HandyTreeView/HandyTreeView.tsx:321:13)

    console.log
      [useLazyLoading] HOOK CALLED {
        hasDataSource: true,
        configEnabled: false,
        configKeys: [ 'enabled' ]
      }

      at useLazyLoading (src/hooks/useLazyLoading.ts:195:11)

    console.log
      [HandyTreeView] useLazyLoading returned { hasDataSource: true, isLoading: false, stateCacheSize: 0 }

      at HandyTreeView (src/components/HandyTreeView/HandyTreeView.tsx:338:13)

    console.log
      [HandyTreeView] buildFullItemsMap { itemsCount: 2, mapSize: 0 }

      at src/components/HandyTreeView/HandyTreeView.tsx:451:17

    console.log
      [HandyTreeView] buildFullItemsMap { itemsCount: 2, mapSize: 1 }

      at src/components/HandyTreeView/HandyTreeView.tsx:451:17
          at Array.forEach (<anonymous>)

    console.log
      [HandyTreeView] buildFullItemsMap { itemsCount: 2, mapSize: 4 }

      at src/components/HandyTreeView/HandyTreeView.tsx:451:17
          at Array.forEach (<anonymous>)

    console.log
      [HandyTreeView] applyFiltering { inputCount: 2, hasFilterItems: false, showHiddenFiles: true }

      at src/components/HandyTreeView/HandyTreeView.tsx:424:17

    console.log
      [HandyTreeView] RENDER END #13 {
        internalItemsLength: 2,
        expandedItemsCount: 1,
        selectedItemsCount: 0,
        hasEmptyState: false
      }

      at HandyTreeView (src/components/HandyTreeView/HandyTreeView.tsx:1429:13)

    console.log
      [HandyTreeView] renderTreeItems [0ppac8lrk] { itemsCount: 2, level: 0, renderId: 13 }

      at src/components/HandyTreeView/HandyTreeView.tsx:1236:17

    console.log
      [HandyTreeView] Rendering children for item 1 { childrenCount: 2, level: 1, renderId: 13 }

      at src/components/HandyTreeView/HandyTreeView.tsx:1318:29
          at Array.map (<anonymous>)

    console.log
      [HandyTreeView] renderTreeItems [3yrntxdbk] { itemsCount: 2, level: 1, renderId: 13 }

      at src/components/HandyTreeView/HandyTreeView.tsx:1236:17
          at Array.map (<anonymous>)

    console.log
      [HandyTreeView] renderTreeItems [3yrntxdbk] completed { itemsCount: 2, level: 1, resultCount: 2 }

      at src/components/HandyTreeView/HandyTreeView.tsx:1330:17
          at Array.map (<anonymous>)

    console.log
      [HandyTreeView] renderTreeItems [0ppac8lrk] completed { itemsCount: 2, level: 0, resultCount: 2 }

      at src/components/HandyTreeView/HandyTreeView.tsx:1330:17

    console.log
      [useLazyLoading] Cleaning up polling interval

      at src/hooks/useLazyLoading.ts:293:15
          at Array.forEach (<anonymous>)

    console.log
      [HandyTreeView] RENDER START #14 {
        hasDataSource: false,
        itemsCount: 2,
        hasLazyLoading: false,
        timestamp: 1769005690676
      }

      at HandyTreeView (src/components/HandyTreeView/HandyTreeView.tsx:232:13)

    console.log
      [HandyTreeView] useMemo lazyLoadingConfig { hasDataSource: false, hasLazyLoading: false }

      at src/components/HandyTreeView/HandyTreeView.tsx:306:15

    console.log
      [HandyTreeView] Calling useLazyLoading {
        hasDataSource: false,
        hasConfig: false,
        dataSourceType: 'none',
        dataSourceKeys: []
      }

      at HandyTreeView (src/components/HandyTreeView/HandyTreeView.tsx:321:13)

    console.log
      [useLazyLoading] HOOK CALLED {
        hasDataSource: true,
        configEnabled: false,
        configKeys: [ 'enabled' ]
      }

      at useLazyLoading (src/hooks/useLazyLoading.ts:195:11)

    console.log
      [useLazyLoading] Creating new LazyLoadingDataSource

      at useLazyLoading (src/hooks/useLazyLoading.ts:213:13)

    console.log
      [HandyTreeView] useLazyLoading returned { hasDataSource: true, isLoading: false, stateCacheSize: 0 }

      at HandyTreeView (src/components/HandyTreeView/HandyTreeView.tsx:338:13)

    console.log
      [HandyTreeView] buildFullItemsMap { itemsCount: 2, mapSize: 0 }

      at src/components/HandyTreeView/HandyTreeView.tsx:451:17

    console.log
      [HandyTreeView] buildFullItemsMap { itemsCount: 2, mapSize: 1 }

      at src/components/HandyTreeView/HandyTreeView.tsx:451:17
          at Array.forEach (<anonymous>)

    console.log
      [HandyTreeView] buildFullItemsMap { itemsCount: 2, mapSize: 4 }

      at src/components/HandyTreeView/HandyTreeView.tsx:451:17
          at Array.forEach (<anonymous>)

    console.log
      [HandyTreeView] applyFiltering { inputCount: 2, hasFilterItems: false, showHiddenFiles: true }

      at src/components/HandyTreeView/HandyTreeView.tsx:424:17

    console.log
      [HandyTreeView] RENDER END #14 {
        internalItemsLength: 2,
        expandedItemsCount: 1,
        selectedItemsCount: 0,
        hasEmptyState: false
      }

      at HandyTreeView (src/components/HandyTreeView/HandyTreeView.tsx:1429:13)

    console.log
      [HandyTreeView] renderTreeItems [e6hwpgbll] { itemsCount: 2, level: 0, renderId: 14 }

      at src/components/HandyTreeView/HandyTreeView.tsx:1236:17

    console.log
      [HandyTreeView] Rendering children for item 1 { childrenCount: 2, level: 1, renderId: 14 }

      at src/components/HandyTreeView/HandyTreeView.tsx:1318:29
          at Array.map (<anonymous>)

    console.log
      [HandyTreeView] renderTreeItems [9shcvpueu] { itemsCount: 2, level: 1, renderId: 14 }

      at src/components/HandyTreeView/HandyTreeView.tsx:1236:17
          at Array.map (<anonymous>)

    console.log
      [HandyTreeView] renderTreeItems [9shcvpueu] completed { itemsCount: 2, level: 1, resultCount: 2 }

      at src/components/HandyTreeView/HandyTreeView.tsx:1330:17
          at Array.map (<anonymous>)

    console.log
      [HandyTreeView] renderTreeItems [e6hwpgbll] completed { itemsCount: 2, level: 0, resultCount: 2 }

      at src/components/HandyTreeView/HandyTreeView.tsx:1330:17

    console.log
      [useLazyLoading] useEffect recreate data source { hasRef: true, configEnabled: false }

      at src/hooks/useLazyLoading.ts:222:13

    console.log
      [useLazyLoading] Recreating LazyLoadingDataSource

      at src/hooks/useLazyLoading.ts:228:15

    console.log
      [useLazyLoading] Setting up polling interval

      at src/hooks/useLazyLoading.ts:285:13

    console.log
      [HandyTreeView] useEffect items sync {
        hasDataSource: false,
        itemsLength: 2,
        filteredItemsLength: 2,
        internalItemsLength: 2
      }

      at src/components/HandyTreeView/HandyTreeView.tsx:496:15

    console.log
      [HandyTreeView] Syncing filtered items to internalItems

      at src/components/HandyTreeView/HandyTreeView.tsx:513:21

    console.log
      [HandyTreeView] useEffect fetch root items {
        hasDataSource: false,
        configEnabled: undefined,
        internalItemsLength: 2,
        itemsLength: 2,
        hasFetched: false
      }

      at src/components/HandyTreeView/HandyTreeView.tsx:549:15

    console.log
      [HandyTreeView] Skipping fetch - no dataSource or not enabled

      at src/components/HandyTreeView/HandyTreeView.tsx:559:17

    console.log
      [HandyTreeView] useEffect updateSelectionItems { internalItemsLength: 2 }

      at src/components/HandyTreeView/HandyTreeView.tsx:658:15

    console.log
      [HandyTreeView] RENDER START #15 {
        hasDataSource: false,
        itemsCount: 2,
        hasLazyLoading: false,
        timestamp: 1769005690728
      }

      at HandyTreeView (src/components/HandyTreeView/HandyTreeView.tsx:232:13)

    console.log
      [HandyTreeView] Calling useLazyLoading {
        hasDataSource: false,
        hasConfig: false,
        dataSourceType: 'none',
        dataSourceKeys: []
      }

      at HandyTreeView (src/components/HandyTreeView/HandyTreeView.tsx:321:13)

    console.log
      [useLazyLoading] HOOK CALLED {
        hasDataSource: true,
        configEnabled: false,
        configKeys: [ 'enabled' ]
      }

      at useLazyLoading (src/hooks/useLazyLoading.ts:195:11)

    console.log
      [HandyTreeView] useLazyLoading returned { hasDataSource: true, isLoading: false, stateCacheSize: 0 }

      at HandyTreeView (src/components/HandyTreeView/HandyTreeView.tsx:338:13)

    console.log
      [HandyTreeView] buildFullItemsMap { itemsCount: 2, mapSize: 0 }

      at src/components/HandyTreeView/HandyTreeView.tsx:451:17

    console.log
      [HandyTreeView] buildFullItemsMap { itemsCount: 2, mapSize: 1 }

      at src/components/HandyTreeView/HandyTreeView.tsx:451:17
          at Array.forEach (<anonymous>)

    console.log
      [HandyTreeView] buildFullItemsMap { itemsCount: 2, mapSize: 4 }

      at src/components/HandyTreeView/HandyTreeView.tsx:451:17
          at Array.forEach (<anonymous>)

    console.log
      [HandyTreeView] applyFiltering { inputCount: 2, hasFilterItems: false, showHiddenFiles: true }

      at src/components/HandyTreeView/HandyTreeView.tsx:424:17

    console.log
      [HandyTreeView] RENDER END #15 {
        internalItemsLength: 2,
        expandedItemsCount: 0,
        selectedItemsCount: 0,
        hasEmptyState: false
      }

      at HandyTreeView (src/components/HandyTreeView/HandyTreeView.tsx:1429:13)

    console.log
      [HandyTreeView] renderTreeItems [95k4ln7lz] { itemsCount: 2, level: 0, renderId: 15 }

      at src/components/HandyTreeView/HandyTreeView.tsx:1236:17

    console.log
      [HandyTreeView] renderTreeItems [95k4ln7lz] completed { itemsCount: 2, level: 0, resultCount: 2 }

      at src/components/HandyTreeView/HandyTreeView.tsx:1330:17

    console.log
      [useLazyLoading] useEffect recreate data source { hasRef: true, configEnabled: false }

      at src/hooks/useLazyLoading.ts:222:13

    console.log
      [useLazyLoading] Recreating LazyLoadingDataSource

      at src/hooks/useLazyLoading.ts:228:15

    console.log
      [HandyTreeView] useEffect items sync {
        hasDataSource: false,
        itemsLength: 2,
        filteredItemsLength: 2,
        internalItemsLength: 2
      }

      at src/components/HandyTreeView/HandyTreeView.tsx:496:15

    console.log
      [useLazyLoading] Cleaning up polling interval

      at src/hooks/useLazyLoading.ts:293:15
          at Array.forEach (<anonymous>)

    console.log
      [HandyTreeView] RENDER START #16 {
        hasDataSource: false,
        itemsCount: 2,
        hasLazyLoading: false,
        timestamp: 1769005690774
      }

      at HandyTreeView (src/components/HandyTreeView/HandyTreeView.tsx:232:13)

    console.log
      [HandyTreeView] useMemo lazyLoadingConfig { hasDataSource: false, hasLazyLoading: false }

      at src/components/HandyTreeView/HandyTreeView.tsx:306:15

    console.log
      [HandyTreeView] Calling useLazyLoading {
        hasDataSource: false,
        hasConfig: false,
        dataSourceType: 'none',
        dataSourceKeys: []
      }

      at HandyTreeView (src/components/HandyTreeView/HandyTreeView.tsx:321:13)

    console.log
      [useLazyLoading] HOOK CALLED {
        hasDataSource: true,
        configEnabled: false,
        configKeys: [ 'enabled' ]
      }

      at useLazyLoading (src/hooks/useLazyLoading.ts:195:11)

    console.log
      [useLazyLoading] Creating new LazyLoadingDataSource

      at useLazyLoading (src/hooks/useLazyLoading.ts:213:13)

    console.log
      [HandyTreeView] useLazyLoading returned { hasDataSource: true, isLoading: false, stateCacheSize: 0 }

      at HandyTreeView (src/components/HandyTreeView/HandyTreeView.tsx:338:13)

    console.log
      [HandyTreeView] buildFullItemsMap { itemsCount: 2, mapSize: 0 }

      at src/components/HandyTreeView/HandyTreeView.tsx:451:17

    console.log
      [HandyTreeView] applyFiltering { inputCount: 2, hasFilterItems: false, showHiddenFiles: true }

      at src/components/HandyTreeView/HandyTreeView.tsx:424:17

    console.log
      [HandyTreeView] RENDER END #16 {
        internalItemsLength: 2,
        expandedItemsCount: 0,
        selectedItemsCount: 0,
        hasEmptyState: false
      }

      at HandyTreeView (src/components/HandyTreeView/HandyTreeView.tsx:1429:13)

    console.log
      [HandyTreeView] renderTreeItems [to4tae8ty] { itemsCount: 2, level: 0, renderId: 16 }

      at src/components/HandyTreeView/HandyTreeView.tsx:1236:17

    console.log
      [HandyTreeView] renderTreeItems [to4tae8ty] completed { itemsCount: 2, level: 0, resultCount: 2 }

      at src/components/HandyTreeView/HandyTreeView.tsx:1330:17

    console.log
      [useLazyLoading] useEffect recreate data source { hasRef: true, configEnabled: false }

      at src/hooks/useLazyLoading.ts:222:13

    console.log
      [useLazyLoading] Recreating LazyLoadingDataSource

      at src/hooks/useLazyLoading.ts:228:15

    console.log
      [useLazyLoading] Setting up polling interval

      at src/hooks/useLazyLoading.ts:285:13

    console.log
      [HandyTreeView] useEffect items sync {
        hasDataSource: false,
        itemsLength: 2,
        filteredItemsLength: 2,
        internalItemsLength: 2
      }

      at src/components/HandyTreeView/HandyTreeView.tsx:496:15

    console.log
      [HandyTreeView] Syncing filtered items to internalItems

      at src/components/HandyTreeView/HandyTreeView.tsx:513:21

    console.log
      [HandyTreeView] useEffect fetch root items {
        hasDataSource: false,
        configEnabled: undefined,
        internalItemsLength: 2,
        itemsLength: 2,
        hasFetched: false
      }

      at src/components/HandyTreeView/HandyTreeView.tsx:549:15

    console.log
      [HandyTreeView] Skipping fetch - no dataSource or not enabled

      at src/components/HandyTreeView/HandyTreeView.tsx:559:17

    console.log
      [HandyTreeView] useEffect updateSelectionItems { internalItemsLength: 2 }

      at src/components/HandyTreeView/HandyTreeView.tsx:658:15

    console.log
      [HandyTreeView] RENDER START #17 {
        hasDataSource: false,
        itemsCount: 2,
        hasLazyLoading: false,
        timestamp: 1769005690804
      }

      at HandyTreeView (src/components/HandyTreeView/HandyTreeView.tsx:232:13)

    console.log
      [HandyTreeView] Calling useLazyLoading {
        hasDataSource: false,
        hasConfig: false,
        dataSourceType: 'none',
        dataSourceKeys: []
      }

      at HandyTreeView (src/components/HandyTreeView/HandyTreeView.tsx:321:13)

    console.log
      [useLazyLoading] HOOK CALLED {
        hasDataSource: true,
        configEnabled: false,
        configKeys: [ 'enabled' ]
      }

      at useLazyLoading (src/hooks/useLazyLoading.ts:195:11)

    console.log
      [HandyTreeView] useLazyLoading returned { hasDataSource: true, isLoading: false, stateCacheSize: 0 }

      at HandyTreeView (src/components/HandyTreeView/HandyTreeView.tsx:338:13)

    console.log
      [HandyTreeView] buildFullItemsMap { itemsCount: 2, mapSize: 0 }

      at src/components/HandyTreeView/HandyTreeView.tsx:451:17

    console.log
      [HandyTreeView] applyFiltering { inputCount: 2, hasFilterItems: false, showHiddenFiles: true }

      at src/components/HandyTreeView/HandyTreeView.tsx:424:17

    console.log
      [HandyTreeView] RENDER END #17 {
        internalItemsLength: 2,
        expandedItemsCount: 0,
        selectedItemsCount: 1,
        hasEmptyState: false
      }

      at HandyTreeView (src/components/HandyTreeView/HandyTreeView.tsx:1429:13)

    console.log
      [HandyTreeView] renderTreeItems [7yyssuagn] { itemsCount: 2, level: 0, renderId: 17 }

      at src/components/HandyTreeView/HandyTreeView.tsx:1236:17

    console.log
      [HandyTreeView] renderTreeItems [7yyssuagn] completed { itemsCount: 2, level: 0, resultCount: 2 }

      at src/components/HandyTreeView/HandyTreeView.tsx:1330:17

    console.log
      [useLazyLoading] useEffect recreate data source { hasRef: true, configEnabled: false }

      at src/hooks/useLazyLoading.ts:222:13

    console.log
      [useLazyLoading] Recreating LazyLoadingDataSource

      at src/hooks/useLazyLoading.ts:228:15

    console.log
      [HandyTreeView] useEffect items sync {
        hasDataSource: false,
        itemsLength: 2,
        filteredItemsLength: 2,
        internalItemsLength: 2
      }

      at src/components/HandyTreeView/HandyTreeView.tsx:496:15

    console.log
      [HandyTreeView] RENDER START #18 {
        hasDataSource: false,
        itemsCount: 2,
        hasLazyLoading: false,
        timestamp: 1769005690818
      }

      at HandyTreeView (src/components/HandyTreeView/HandyTreeView.tsx:232:13)

    console.log
      [HandyTreeView] Calling useLazyLoading {
        hasDataSource: false,
        hasConfig: false,
        dataSourceType: 'none',
        dataSourceKeys: []
      }

      at HandyTreeView (src/components/HandyTreeView/HandyTreeView.tsx:321:13)

    console.log
      [useLazyLoading] HOOK CALLED {
        hasDataSource: true,
        configEnabled: false,
        configKeys: [ 'enabled' ]
      }

      at useLazyLoading (src/hooks/useLazyLoading.ts:195:11)

    console.log
      [HandyTreeView] useLazyLoading returned { hasDataSource: true, isLoading: false, stateCacheSize: 0 }

      at HandyTreeView (src/components/HandyTreeView/HandyTreeView.tsx:338:13)

    console.log
      [HandyTreeView] buildFullItemsMap { itemsCount: 2, mapSize: 0 }

      at src/components/HandyTreeView/HandyTreeView.tsx:451:17

    console.log
      [HandyTreeView] applyFiltering { inputCount: 2, hasFilterItems: false, showHiddenFiles: true }

      at src/components/HandyTreeView/HandyTreeView.tsx:424:17

    console.log
      [HandyTreeView] RENDER END #18 {
        internalItemsLength: 2,
        expandedItemsCount: 0,
        selectedItemsCount: 1,
        hasEmptyState: false
      }

      at HandyTreeView (src/components/HandyTreeView/HandyTreeView.tsx:1429:13)

    console.log
      [HandyTreeView] renderTreeItems [5165kw0kn] { itemsCount: 2, level: 0, renderId: 18 }

      at src/components/HandyTreeView/HandyTreeView.tsx:1236:17

    console.log
      [HandyTreeView] renderTreeItems [5165kw0kn] completed { itemsCount: 2, level: 0, resultCount: 2 }

      at src/components/HandyTreeView/HandyTreeView.tsx:1330:17

    console.log
      [useLazyLoading] Cleaning up polling interval

      at src/hooks/useLazyLoading.ts:293:15
          at Array.forEach (<anonymous>)

    console.log
      [HandyTreeView] RENDER START #19 {
        hasDataSource: false,
        itemsCount: 2,
        hasLazyLoading: false,
        timestamp: 1769005690831
      }

      at HandyTreeView (src/components/HandyTreeView/HandyTreeView.tsx:232:13)

    console.log
      [HandyTreeView] useMemo lazyLoadingConfig { hasDataSource: false, hasLazyLoading: false }

      at src/components/HandyTreeView/HandyTreeView.tsx:306:15

    console.log
      [HandyTreeView] Calling useLazyLoading {
        hasDataSource: false,
        hasConfig: false,
        dataSourceType: 'none',
        dataSourceKeys: []
      }

      at HandyTreeView (src/components/HandyTreeView/HandyTreeView.tsx:321:13)

    console.log
      [useLazyLoading] HOOK CALLED {
        hasDataSource: true,
        configEnabled: false,
        configKeys: [ 'enabled' ]
      }

      at useLazyLoading (src/hooks/useLazyLoading.ts:195:11)

    console.log
      [useLazyLoading] Creating new LazyLoadingDataSource

      at useLazyLoading (src/hooks/useLazyLoading.ts:213:13)

    console.log
      [HandyTreeView] useLazyLoading returned { hasDataSource: true, isLoading: false, stateCacheSize: 0 }

      at HandyTreeView (src/components/HandyTreeView/HandyTreeView.tsx:338:13)

    console.log
      [HandyTreeView] buildFullItemsMap { itemsCount: 2, mapSize: 0 }

      at src/components/HandyTreeView/HandyTreeView.tsx:451:17

    console.log
      [HandyTreeView] applyFiltering { inputCount: 2, hasFilterItems: false, showHiddenFiles: true }

      at src/components/HandyTreeView/HandyTreeView.tsx:424:17

    console.log
      [HandyTreeView] RENDER END #19 {
        internalItemsLength: 2,
        expandedItemsCount: 0,
        selectedItemsCount: 0,
        hasEmptyState: false
      }

      at HandyTreeView (src/components/HandyTreeView/HandyTreeView.tsx:1429:13)

    console.log
      [HandyTreeView] renderTreeItems [atr5zf1qi] { itemsCount: 2, level: 0, renderId: 19 }

      at src/components/HandyTreeView/HandyTreeView.tsx:1236:17

    console.log
      [HandyTreeView] renderTreeItems [atr5zf1qi] completed { itemsCount: 2, level: 0, resultCount: 2 }

      at src/components/HandyTreeView/HandyTreeView.tsx:1330:17

    console.log
      [useLazyLoading] useEffect recreate data source { hasRef: true, configEnabled: false }

      at src/hooks/useLazyLoading.ts:222:13

    console.log
      [useLazyLoading] Recreating LazyLoadingDataSource

      at src/hooks/useLazyLoading.ts:228:15

    console.log
      [useLazyLoading] Setting up polling interval

      at src/hooks/useLazyLoading.ts:285:13

    console.log
      [HandyTreeView] useEffect items sync {
        hasDataSource: false,
        itemsLength: 2,
        filteredItemsLength: 2,
        internalItemsLength: 2
      }

      at src/components/HandyTreeView/HandyTreeView.tsx:496:15

    console.log
      [HandyTreeView] Syncing filtered items to internalItems

      at src/components/HandyTreeView/HandyTreeView.tsx:513:21

    console.log
      [HandyTreeView] useEffect fetch root items {
        hasDataSource: false,
        configEnabled: undefined,
        internalItemsLength: 2,
        itemsLength: 2,
        hasFetched: false
      }

      at src/components/HandyTreeView/HandyTreeView.tsx:549:15

    console.log
      [HandyTreeView] Skipping fetch - no dataSource or not enabled

      at src/components/HandyTreeView/HandyTreeView.tsx:559:17

    console.log
      [HandyTreeView] useEffect updateSelectionItems { internalItemsLength: 2 }

      at src/components/HandyTreeView/HandyTreeView.tsx:658:15

    console.log
      [HandyTreeView] RENDER START #20 {
        hasDataSource: false,
        itemsCount: 2,
        hasLazyLoading: false,
        timestamp: 1769005690850
      }

      at HandyTreeView (src/components/HandyTreeView/HandyTreeView.tsx:232:13)

    console.log
      [HandyTreeView] Calling useLazyLoading {
        hasDataSource: false,
        hasConfig: false,
        dataSourceType: 'none',
        dataSourceKeys: []
      }

      at HandyTreeView (src/components/HandyTreeView/HandyTreeView.tsx:321:13)

    console.log
      [useLazyLoading] HOOK CALLED {
        hasDataSource: true,
        configEnabled: false,
        configKeys: [ 'enabled' ]
      }

      at useLazyLoading (src/hooks/useLazyLoading.ts:195:11)

    console.log
      [HandyTreeView] useLazyLoading returned { hasDataSource: true, isLoading: false, stateCacheSize: 0 }

      at HandyTreeView (src/components/HandyTreeView/HandyTreeView.tsx:338:13)

    console.log
      [HandyTreeView] buildFullItemsMap { itemsCount: 2, mapSize: 0 }

      at src/components/HandyTreeView/HandyTreeView.tsx:451:17

    console.log
      [HandyTreeView] applyFiltering { inputCount: 2, hasFilterItems: false, showHiddenFiles: true }

      at src/components/HandyTreeView/HandyTreeView.tsx:424:17

    console.log
      [HandyTreeView] RENDER END #20 {
        internalItemsLength: 2,
        expandedItemsCount: 0,
        selectedItemsCount: 1,
        hasEmptyState: false
      }

      at HandyTreeView (src/components/HandyTreeView/HandyTreeView.tsx:1429:13)

    console.log
      [HandyTreeView] renderTreeItems [g9gi7bvz9] { itemsCount: 2, level: 0, renderId: 20 }

      at src/components/HandyTreeView/HandyTreeView.tsx:1236:17

    console.log
      [HandyTreeView] renderTreeItems [g9gi7bvz9] completed { itemsCount: 2, level: 0, resultCount: 2 }

      at src/components/HandyTreeView/HandyTreeView.tsx:1330:17

    console.log
      [useLazyLoading] useEffect recreate data source { hasRef: true, configEnabled: false }

      at src/hooks/useLazyLoading.ts:222:13

    console.log
      [useLazyLoading] Recreating LazyLoadingDataSource

      at src/hooks/useLazyLoading.ts:228:15

    console.log
      [HandyTreeView] useEffect items sync {
        hasDataSource: false,
        itemsLength: 2,
        filteredItemsLength: 2,
        internalItemsLength: 2
      }

      at src/components/HandyTreeView/HandyTreeView.tsx:496:15

    console.log
      [HandyTreeView] RENDER START #21 {
        hasDataSource: false,
        itemsCount: 2,
        hasLazyLoading: false,
        timestamp: 1769005690862
      }

      at HandyTreeView (src/components/HandyTreeView/HandyTreeView.tsx:232:13)

    console.log
      [HandyTreeView] Calling useLazyLoading {
        hasDataSource: false,
        hasConfig: false,
        dataSourceType: 'none',
        dataSourceKeys: []
      }

      at HandyTreeView (src/components/HandyTreeView/HandyTreeView.tsx:321:13)

    console.log
      [useLazyLoading] HOOK CALLED {
        hasDataSource: true,
        configEnabled: false,
        configKeys: [ 'enabled' ]
      }

      at useLazyLoading (src/hooks/useLazyLoading.ts:195:11)

    console.log
      [HandyTreeView] useLazyLoading returned { hasDataSource: true, isLoading: false, stateCacheSize: 0 }

      at HandyTreeView (src/components/HandyTreeView/HandyTreeView.tsx:338:13)

    console.log
      [HandyTreeView] buildFullItemsMap { itemsCount: 2, mapSize: 0 }

      at src/components/HandyTreeView/HandyTreeView.tsx:451:17

    console.log
      [HandyTreeView] applyFiltering { inputCount: 2, hasFilterItems: false, showHiddenFiles: true }

      at src/components/HandyTreeView/HandyTreeView.tsx:424:17

    console.log
      [HandyTreeView] RENDER END #21 {
        internalItemsLength: 2,
        expandedItemsCount: 0,
        selectedItemsCount: 1,
        hasEmptyState: false
      }

      at HandyTreeView (src/components/HandyTreeView/HandyTreeView.tsx:1429:13)

    console.log
      [HandyTreeView] renderTreeItems [cidr0m5q8] { itemsCount: 2, level: 0, renderId: 21 }

      at src/components/HandyTreeView/HandyTreeView.tsx:1236:17

    console.log
      [HandyTreeView] renderTreeItems [cidr0m5q8] completed { itemsCount: 2, level: 0, resultCount: 2 }

      at src/components/HandyTreeView/HandyTreeView.tsx:1330:17

    console.log
      [HandyTreeView] RENDER START #22 {
        hasDataSource: false,
        itemsCount: 2,
        hasLazyLoading: false,
        timestamp: 1769005690867
      }

      at HandyTreeView (src/components/HandyTreeView/HandyTreeView.tsx:232:13)

    console.log
      [HandyTreeView] Calling useLazyLoading {
        hasDataSource: false,
        hasConfig: false,
        dataSourceType: 'none',
        dataSourceKeys: []
      }

      at HandyTreeView (src/components/HandyTreeView/HandyTreeView.tsx:321:13)

    console.log
      [useLazyLoading] HOOK CALLED {
        hasDataSource: true,
        configEnabled: false,
        configKeys: [ 'enabled' ]
      }

      at useLazyLoading (src/hooks/useLazyLoading.ts:195:11)

    console.log
      [HandyTreeView] useLazyLoading returned { hasDataSource: true, isLoading: false, stateCacheSize: 0 }

      at HandyTreeView (src/components/HandyTreeView/HandyTreeView.tsx:338:13)

    console.log
      [HandyTreeView] buildFullItemsMap { itemsCount: 2, mapSize: 0 }

      at src/components/HandyTreeView/HandyTreeView.tsx:451:17

    console.log
      [HandyTreeView] applyFiltering { inputCount: 2, hasFilterItems: false, showHiddenFiles: true }

      at src/components/HandyTreeView/HandyTreeView.tsx:424:17

    console.log
      [HandyTreeView] RENDER END #22 {
        internalItemsLength: 2,
        expandedItemsCount: 0,
        selectedItemsCount: 2,
        hasEmptyState: false
      }

      at HandyTreeView (src/components/HandyTreeView/HandyTreeView.tsx:1429:13)

    console.log
      [HandyTreeView] renderTreeItems [w1lale0df] { itemsCount: 2, level: 0, renderId: 22 }

      at src/components/HandyTreeView/HandyTreeView.tsx:1236:17

    console.log
      [HandyTreeView] renderTreeItems [w1lale0df] completed { itemsCount: 2, level: 0, resultCount: 2 }

      at src/components/HandyTreeView/HandyTreeView.tsx:1330:17

    console.log
      [useLazyLoading] useEffect recreate data source { hasRef: true, configEnabled: false }

      at src/hooks/useLazyLoading.ts:222:13

    console.log
      [useLazyLoading] Recreating LazyLoadingDataSource

      at src/hooks/useLazyLoading.ts:228:15

    console.log
      [HandyTreeView] useEffect items sync {
        hasDataSource: false,
        itemsLength: 2,
        filteredItemsLength: 2,
        internalItemsLength: 2
      }

      at src/components/HandyTreeView/HandyTreeView.tsx:496:15

    console.log
      [useLazyLoading] Cleaning up polling interval

      at src/hooks/useLazyLoading.ts:293:15
          at Array.forEach (<anonymous>)

    console.log
      [HandyTreeView] RENDER START #23 {
        hasDataSource: false,
        itemsCount: 2,
        hasLazyLoading: false,
        timestamp: 1769005690883
      }

      at HandyTreeView (src/components/HandyTreeView/HandyTreeView.tsx:232:13)

    console.log
      [HandyTreeView] useMemo lazyLoadingConfig { hasDataSource: false, hasLazyLoading: false }

      at src/components/HandyTreeView/HandyTreeView.tsx:306:15

    console.log
      [HandyTreeView] Calling useLazyLoading {
        hasDataSource: false,
        hasConfig: false,
        dataSourceType: 'none',
        dataSourceKeys: []
      }

      at HandyTreeView (src/components/HandyTreeView/HandyTreeView.tsx:321:13)

    console.log
      [useLazyLoading] HOOK CALLED {
        hasDataSource: true,
        configEnabled: false,
        configKeys: [ 'enabled' ]
      }

      at useLazyLoading (src/hooks/useLazyLoading.ts:195:11)

    console.log
      [useLazyLoading] Creating new LazyLoadingDataSource

      at useLazyLoading (src/hooks/useLazyLoading.ts:213:13)

    console.log
      [HandyTreeView] useLazyLoading returned { hasDataSource: true, isLoading: false, stateCacheSize: 0 }

      at HandyTreeView (src/components/HandyTreeView/HandyTreeView.tsx:338:13)

    console.log
      [HandyTreeView] buildFullItemsMap { itemsCount: 2, mapSize: 0 }

      at src/components/HandyTreeView/HandyTreeView.tsx:451:17

    console.log
      [HandyTreeView] buildFullItemsMap { itemsCount: 2, mapSize: 1 }

      at src/components/HandyTreeView/HandyTreeView.tsx:451:17
          at Array.forEach (<anonymous>)

    console.log
      [HandyTreeView] buildFullItemsMap { itemsCount: 2, mapSize: 4 }

      at src/components/HandyTreeView/HandyTreeView.tsx:451:17
          at Array.forEach (<anonymous>)

    console.log
      [HandyTreeView] applyFiltering { inputCount: 2, hasFilterItems: false, showHiddenFiles: true }

      at src/components/HandyTreeView/HandyTreeView.tsx:424:17

    console.log
      [HandyTreeView] RENDER END #23 {
        internalItemsLength: 2,
        expandedItemsCount: 0,
        selectedItemsCount: 0,
        hasEmptyState: false
      }

      at HandyTreeView (src/components/HandyTreeView/HandyTreeView.tsx:1429:13)

    console.log
      [HandyTreeView] renderTreeItems [7q4o9edba] { itemsCount: 2, level: 0, renderId: 23 }

      at src/components/HandyTreeView/HandyTreeView.tsx:1236:17

    console.log
      [HandyTreeView] renderTreeItems [7q4o9edba] completed { itemsCount: 2, level: 0, resultCount: 2 }

      at src/components/HandyTreeView/HandyTreeView.tsx:1330:17

    console.log
      [useLazyLoading] useEffect recreate data source { hasRef: true, configEnabled: false }

      at src/hooks/useLazyLoading.ts:222:13

    console.log
      [useLazyLoading] Recreating LazyLoadingDataSource

      at src/hooks/useLazyLoading.ts:228:15

    console.log
      [useLazyLoading] Setting up polling interval

      at src/hooks/useLazyLoading.ts:285:13

    console.log
      [HandyTreeView] useEffect items sync {
        hasDataSource: false,
        itemsLength: 2,
        filteredItemsLength: 2,
        internalItemsLength: 2
      }

      at src/components/HandyTreeView/HandyTreeView.tsx:496:15

    console.log
      [HandyTreeView] Syncing filtered items to internalItems

      at src/components/HandyTreeView/HandyTreeView.tsx:513:21

    console.log
      [HandyTreeView] useEffect fetch root items {
        hasDataSource: false,
        configEnabled: undefined,
        internalItemsLength: 2,
        itemsLength: 2,
        hasFetched: false
      }

      at src/components/HandyTreeView/HandyTreeView.tsx:549:15

    console.log
      [HandyTreeView] Skipping fetch - no dataSource or not enabled

      at src/components/HandyTreeView/HandyTreeView.tsx:559:17

    console.log
      [HandyTreeView] useEffect updateSelectionItems { internalItemsLength: 2 }

      at src/components/HandyTreeView/HandyTreeView.tsx:658:15

    console.log
      [useLazyLoading] Cleaning up polling interval

      at src/hooks/useLazyLoading.ts:293:15
          at Array.forEach (<anonymous>)

    console.log
      [HandyTreeView] RENDER START #24 {
        hasDataSource: false,
        itemsCount: 2,
        hasLazyLoading: false,
        timestamp: 1769005690964
      }

      at HandyTreeView (src/components/HandyTreeView/HandyTreeView.tsx:232:13)

    console.log
      [HandyTreeView] useMemo lazyLoadingConfig { hasDataSource: false, hasLazyLoading: false }

      at src/components/HandyTreeView/HandyTreeView.tsx:306:15

    console.log
      [HandyTreeView] Calling useLazyLoading {
        hasDataSource: false,
        hasConfig: false,
        dataSourceType: 'none',
        dataSourceKeys: []
      }

      at HandyTreeView (src/components/HandyTreeView/HandyTreeView.tsx:321:13)

    console.log
      [useLazyLoading] HOOK CALLED {
        hasDataSource: true,
        configEnabled: false,
        configKeys: [ 'enabled' ]
      }

      at useLazyLoading (src/hooks/useLazyLoading.ts:195:11)

    console.log
      [useLazyLoading] Creating new LazyLoadingDataSource

      at useLazyLoading (src/hooks/useLazyLoading.ts:213:13)

    console.log
      [HandyTreeView] useLazyLoading returned { hasDataSource: true, isLoading: false, stateCacheSize: 0 }

      at HandyTreeView (src/components/HandyTreeView/HandyTreeView.tsx:338:13)

    console.log
      [HandyTreeView] buildFullItemsMap { itemsCount: 2, mapSize: 0 }

      at src/components/HandyTreeView/HandyTreeView.tsx:451:17

    console.log
      [HandyTreeView] buildFullItemsMap { itemsCount: 2, mapSize: 1 }

      at src/components/HandyTreeView/HandyTreeView.tsx:451:17
          at Array.forEach (<anonymous>)

    console.log
      [HandyTreeView] buildFullItemsMap { itemsCount: 2, mapSize: 4 }

      at src/components/HandyTreeView/HandyTreeView.tsx:451:17
          at Array.forEach (<anonymous>)

    console.log
      [HandyTreeView] applyFiltering { inputCount: 2, hasFilterItems: false, showHiddenFiles: true }

      at src/components/HandyTreeView/HandyTreeView.tsx:424:17

    console.log
      [HandyTreeView] RENDER END #24 {
        internalItemsLength: 2,
        expandedItemsCount: 0,
        selectedItemsCount: 1,
        hasEmptyState: false
      }

      at HandyTreeView (src/components/HandyTreeView/HandyTreeView.tsx:1429:13)

    console.log
      [HandyTreeView] renderTreeItems [cylecacwn] { itemsCount: 2, level: 0, renderId: 24 }

      at src/components/HandyTreeView/HandyTreeView.tsx:1236:17

    console.log
      [HandyTreeView] renderTreeItems [cylecacwn] completed { itemsCount: 2, level: 0, resultCount: 2 }

      at src/components/HandyTreeView/HandyTreeView.tsx:1330:17

    console.log
      [useLazyLoading] useEffect recreate data source { hasRef: true, configEnabled: false }

      at src/hooks/useLazyLoading.ts:222:13

    console.log
      [useLazyLoading] Recreating LazyLoadingDataSource

      at src/hooks/useLazyLoading.ts:228:15

    console.log
      [useLazyLoading] Setting up polling interval

      at src/hooks/useLazyLoading.ts:285:13

    console.log
      [HandyTreeView] useEffect items sync {
        hasDataSource: false,
        itemsLength: 2,
        filteredItemsLength: 2,
        internalItemsLength: 2
      }

      at src/components/HandyTreeView/HandyTreeView.tsx:496:15

    console.log
      [HandyTreeView] Syncing filtered items to internalItems

      at src/components/HandyTreeView/HandyTreeView.tsx:513:21

    console.log
      [HandyTreeView] useEffect fetch root items {
        hasDataSource: false,
        configEnabled: undefined,
        internalItemsLength: 2,
        itemsLength: 2,
        hasFetched: false
      }

      at src/components/HandyTreeView/HandyTreeView.tsx:549:15

    console.log
      [HandyTreeView] Skipping fetch - no dataSource or not enabled

      at src/components/HandyTreeView/HandyTreeView.tsx:559:17

    console.log
      [HandyTreeView] useEffect updateSelectionItems { internalItemsLength: 2 }

      at src/components/HandyTreeView/HandyTreeView.tsx:658:15

    console.log
      [HandyTreeView] RENDER START #25 {
        hasDataSource: false,
        itemsCount: 2,
        hasLazyLoading: false,
        timestamp: 1769005690982
      }

      at HandyTreeView (src/components/HandyTreeView/HandyTreeView.tsx:232:13)

    console.log
      [HandyTreeView] Calling useLazyLoading {
        hasDataSource: false,
        hasConfig: false,
        dataSourceType: 'none',
        dataSourceKeys: []
      }

      at HandyTreeView (src/components/HandyTreeView/HandyTreeView.tsx:321:13)

    console.log
      [useLazyLoading] HOOK CALLED {
        hasDataSource: true,
        configEnabled: false,
        configKeys: [ 'enabled' ]
      }

      at useLazyLoading (src/hooks/useLazyLoading.ts:195:11)

    console.log
      [HandyTreeView] useLazyLoading returned { hasDataSource: true, isLoading: false, stateCacheSize: 0 }

      at HandyTreeView (src/components/HandyTreeView/HandyTreeView.tsx:338:13)

    console.log
      [HandyTreeView] buildFullItemsMap { itemsCount: 2, mapSize: 0 }

      at src/components/HandyTreeView/HandyTreeView.tsx:451:17

    console.log
      [HandyTreeView] buildFullItemsMap { itemsCount: 2, mapSize: 1 }

      at src/components/HandyTreeView/HandyTreeView.tsx:451:17
          at Array.forEach (<anonymous>)

    console.log
      [HandyTreeView] buildFullItemsMap { itemsCount: 2, mapSize: 4 }

      at src/components/HandyTreeView/HandyTreeView.tsx:451:17
          at Array.forEach (<anonymous>)

    console.log
      [HandyTreeView] applyFiltering { inputCount: 2, hasFilterItems: false, showHiddenFiles: true }

      at src/components/HandyTreeView/HandyTreeView.tsx:424:17

    console.log
      [HandyTreeView] RENDER END #25 {
        internalItemsLength: 2,
        expandedItemsCount: 0,
        selectedItemsCount: 0,
        hasEmptyState: false
      }

      at HandyTreeView (src/components/HandyTreeView/HandyTreeView.tsx:1429:13)

    console.log
      [HandyTreeView] renderTreeItems [xjheikzyf] { itemsCount: 2, level: 0, renderId: 25 }

      at src/components/HandyTreeView/HandyTreeView.tsx:1236:17

    console.log
      [HandyTreeView] renderTreeItems [xjheikzyf] completed { itemsCount: 2, level: 0, resultCount: 2 }

      at src/components/HandyTreeView/HandyTreeView.tsx:1330:17

    console.log
      [useLazyLoading] useEffect recreate data source { hasRef: true, configEnabled: false }

      at src/hooks/useLazyLoading.ts:222:13

    console.log
      [useLazyLoading] Recreating LazyLoadingDataSource

      at src/hooks/useLazyLoading.ts:228:15

    console.log
      [HandyTreeView] useEffect items sync {
        hasDataSource: false,
        itemsLength: 2,
        filteredItemsLength: 2,
        internalItemsLength: 2
      }

      at src/components/HandyTreeView/HandyTreeView.tsx:496:15

    console.log
      [useLazyLoading] Cleaning up polling interval

      at src/hooks/useLazyLoading.ts:293:15
          at Array.forEach (<anonymous>)

PASS __tests__/HandyTreeView.advanced.test.tsx (21.487 s)
  ΓùÅ Console

    console.log
      [HandyTreeView] RENDER START #1 {
        hasDataSource: false,
        itemsCount: 2,
        hasLazyLoading: false,
        timestamp: 1769005690070
      }

      at HandyTreeView (src/components/HandyTreeView/HandyTreeView.tsx:232:13)

    console.log
      [HandyTreeView] useMemo lazyLoadingConfig { hasDataSource: false, hasLazyLoading: false }

      at src/components/HandyTreeView/HandyTreeView.tsx:306:15

    console.log
      [HandyTreeView] Calling useLazyLoading {
        hasDataSource: false,
        hasConfig: false,
        dataSourceType: 'none',
        dataSourceKeys: []
      }

      at HandyTreeView (src/components/HandyTreeView/HandyTreeView.tsx:321:13)

    console.log
      [useLazyLoading] HOOK CALLED {
        hasDataSource: true,
        configEnabled: false,
        configKeys: [ 'enabled' ]
      }

      at useLazyLoading (src/hooks/useLazyLoading.ts:195:11)

    console.log
      [useLazyLoading] Creating new LazyLoadingDataSource

      at useLazyLoading (src/hooks/useLazyLoading.ts:213:13)

    console.log
      [HandyTreeView] useLazyLoading returned { hasDataSource: true, isLoading: false, stateCacheSize: 0 }

      at HandyTreeView (src/components/HandyTreeView/HandyTreeView.tsx:338:13)

    console.log
      [HandyTreeView] buildFullItemsMap { itemsCount: 2, mapSize: 0 }

      at src/components/HandyTreeView/HandyTreeView.tsx:451:17

    console.log
      [HandyTreeView] buildFullItemsMap { itemsCount: 2, mapSize: 1 }

      at src/components/HandyTreeView/HandyTreeView.tsx:451:17
          at Array.forEach (<anonymous>)

    console.log
      [HandyTreeView] buildFullItemsMap { itemsCount: 1, mapSize: 4 }

      at src/components/HandyTreeView/HandyTreeView.tsx:451:17
          at Array.forEach (<anonymous>)

    console.log
      [HandyTreeView] applyFiltering { inputCount: 2, hasFilterItems: false, showHiddenFiles: true }

      at src/components/HandyTreeView/HandyTreeView.tsx:424:17

    console.log
      [HandyTreeView] RENDER END #1 {
        internalItemsLength: 2,
        expandedItemsCount: 0,
        selectedItemsCount: 0,
        hasEmptyState: false
      }

      at HandyTreeView (src/components/HandyTreeView/HandyTreeView.tsx:1429:13)

    console.log
      [HandyTreeView] renderTreeItems [pvn130owo] { itemsCount: 2, level: 0, renderId: 1 }

      at src/components/HandyTreeView/HandyTreeView.tsx:1236:17

    console.log
      [HandyTreeView] renderTreeItems [pvn130owo] completed { itemsCount: 2, level: 0, resultCount: 2 }

      at src/components/HandyTreeView/HandyTreeView.tsx:1330:17

    console.log
      [useLazyLoading] useEffect recreate data source { hasRef: true, configEnabled: false }

      at src/hooks/useLazyLoading.ts:222:13

    console.log
      [useLazyLoading] Recreating LazyLoadingDataSource

      at src/hooks/useLazyLoading.ts:228:15

    console.log
      [useLazyLoading] Setting up polling interval

      at src/hooks/useLazyLoading.ts:285:13

    console.log
      [HandyTreeView] useEffect items sync {
        hasDataSource: false,
        itemsLength: 2,
        filteredItemsLength: 2,
        internalItemsLength: 2
      }

      at src/components/HandyTreeView/HandyTreeView.tsx:496:15

    console.log
      [HandyTreeView] Syncing filtered items to internalItems

      at src/components/HandyTreeView/HandyTreeView.tsx:513:21

    console.log
      [HandyTreeView] useEffect fetch root items {
        hasDataSource: false,
        configEnabled: undefined,
        internalItemsLength: 2,
        itemsLength: 2,
        hasFetched: false
      }

      at src/components/HandyTreeView/HandyTreeView.tsx:549:15

    console.log
      [HandyTreeView] Skipping fetch - no dataSource or not enabled

      at src/components/HandyTreeView/HandyTreeView.tsx:559:17

    console.log
      [HandyTreeView] useEffect updateSelectionItems { internalItemsLength: 2 }

      at src/components/HandyTreeView/HandyTreeView.tsx:658:15

    console.log
      [useLazyLoading] Cleaning up polling interval

      at src/hooks/useLazyLoading.ts:293:15
          at Array.forEach (<anonymous>)

    console.log
      [HandyTreeView] RENDER START #2 {
        hasDataSource: false,
        itemsCount: 2,
        hasLazyLoading: false,
        timestamp: 1769005690239
      }

      at HandyTreeView (src/components/HandyTreeView/HandyTreeView.tsx:232:13)

    console.log
      [HandyTreeView] useMemo lazyLoadingConfig { hasDataSource: false, hasLazyLoading: false }

      at src/components/HandyTreeView/HandyTreeView.tsx:306:15

    console.log
      [HandyTreeView] Calling useLazyLoading {
        hasDataSource: false,
        hasConfig: false,
        dataSourceType: 'none',
        dataSourceKeys: []
      }

      at HandyTreeView (src/components/HandyTreeView/HandyTreeView.tsx:321:13)

    console.log
      [useLazyLoading] HOOK CALLED {
        hasDataSource: true,
        configEnabled: false,
        configKeys: [ 'enabled' ]
      }

      at useLazyLoading (src/hooks/useLazyLoading.ts:195:11)

    console.log
      [useLazyLoading] Creating new LazyLoadingDataSource

      at useLazyLoading (src/hooks/useLazyLoading.ts:213:13)

    console.log
      [HandyTreeView] useLazyLoading returned { hasDataSource: true, isLoading: false, stateCacheSize: 0 }

      at HandyTreeView (src/components/HandyTreeView/HandyTreeView.tsx:338:13)

    console.log
      [HandyTreeView] buildFullItemsMap { itemsCount: 2, mapSize: 0 }

      at src/components/HandyTreeView/HandyTreeView.tsx:451:17

    console.log
      [HandyTreeView] buildFullItemsMap { itemsCount: 2, mapSize: 1 }

      at src/components/HandyTreeView/HandyTreeView.tsx:451:17
          at Array.forEach (<anonymous>)

    console.log
      [HandyTreeView] buildFullItemsMap { itemsCount: 1, mapSize: 4 }

      at src/components/HandyTreeView/HandyTreeView.tsx:451:17
          at Array.forEach (<anonymous>)

    console.log
      [HandyTreeView] applyFiltering { inputCount: 2, hasFilterItems: false, showHiddenFiles: true }

      at src/components/HandyTreeView/HandyTreeView.tsx:424:17

    console.log
      [HandyTreeView] RENDER END #2 {
        internalItemsLength: 2,
        expandedItemsCount: 0,
        selectedItemsCount: 0,
        hasEmptyState: false
      }

      at HandyTreeView (src/components/HandyTreeView/HandyTreeView.tsx:1429:13)

    console.log
      [HandyTreeView] renderTreeItems [56smb88dx] { itemsCount: 2, level: 0, renderId: 2 }

      at src/components/HandyTreeView/HandyTreeView.tsx:1236:17

    console.log
      [HandyTreeView] renderTreeItems [56smb88dx] completed { itemsCount: 2, level: 0, resultCount: 2 }

      at src/components/HandyTreeView/HandyTreeView.tsx:1330:17

    console.log
      [useLazyLoading] useEffect recreate data source { hasRef: true, configEnabled: false }

      at src/hooks/useLazyLoading.ts:222:13

    console.log
      [useLazyLoading] Recreating LazyLoadingDataSource

      at src/hooks/useLazyLoading.ts:228:15

    console.log
      [useLazyLoading] Setting up polling interval

      at src/hooks/useLazyLoading.ts:285:13

    console.log
      [HandyTreeView] useEffect items sync {
        hasDataSource: false,
        itemsLength: 2,
        filteredItemsLength: 2,
        internalItemsLength: 2
      }

      at src/components/HandyTreeView/HandyTreeView.tsx:496:15

    console.log
      [HandyTreeView] Syncing filtered items to internalItems

      at src/components/HandyTreeView/HandyTreeView.tsx:513:21

    console.log
      [HandyTreeView] useEffect fetch root items {
        hasDataSource: false,
        configEnabled: undefined,
        internalItemsLength: 2,
        itemsLength: 2,
        hasFetched: false
      }

      at src/components/HandyTreeView/HandyTreeView.tsx:549:15

    console.log
      [HandyTreeView] Skipping fetch - no dataSource or not enabled

      at src/components/HandyTreeView/HandyTreeView.tsx:559:17

    console.log
      [HandyTreeView] useEffect updateSelectionItems { internalItemsLength: 2 }

      at src/components/HandyTreeView/HandyTreeView.tsx:658:15

    console.log
      [HandyTreeView] RENDER START #3 {
        hasDataSource: false,
        itemsCount: 2,
        hasLazyLoading: false,
        timestamp: 1769005690283
      }

      at HandyTreeView (src/components/HandyTreeView/HandyTreeView.tsx:232:13)

    console.log
      [HandyTreeView] Calling useLazyLoading {
        hasDataSource: false,
        hasConfig: false,
        dataSourceType: 'none',
        dataSourceKeys: []
      }

      at HandyTreeView (src/components/HandyTreeView/HandyTreeView.tsx:321:13)

    console.log
      [useLazyLoading] HOOK CALLED {
        hasDataSource: true,
        configEnabled: false,
        configKeys: [ 'enabled' ]
      }

      at useLazyLoading (src/hooks/useLazyLoading.ts:195:11)

    console.log
      [HandyTreeView] useLazyLoading returned { hasDataSource: true, isLoading: false, stateCacheSize: 0 }

      at HandyTreeView (src/components/HandyTreeView/HandyTreeView.tsx:338:13)

    console.log
      [HandyTreeView] buildFullItemsMap { itemsCount: 2, mapSize: 0 }

      at src/components/HandyTreeView/HandyTreeView.tsx:451:17

    console.log
      [HandyTreeView] buildFullItemsMap { itemsCount: 2, mapSize: 1 }

      at src/components/HandyTreeView/HandyTreeView.tsx:451:17
          at Array.forEach (<anonymous>)

    console.log
      [HandyTreeView] buildFullItemsMap { itemsCount: 1, mapSize: 4 }

      at src/components/HandyTreeView/HandyTreeView.tsx:451:17
          at Array.forEach (<anonymous>)

    console.log
      [HandyTreeView] applyFiltering { inputCount: 2, hasFilterItems: false, showHiddenFiles: true }

      at src/components/HandyTreeView/HandyTreeView.tsx:424:17

    console.log
      [HandyTreeView] RENDER END #3 {
        internalItemsLength: 2,
        expandedItemsCount: 1,
        selectedItemsCount: 0,
        hasEmptyState: false
      }

      at HandyTreeView (src/components/HandyTreeView/HandyTreeView.tsx:1429:13)

    console.log
      [HandyTreeView] renderTreeItems [qn97zxpj6] { itemsCount: 2, level: 0, renderId: 3 }

      at src/components/HandyTreeView/HandyTreeView.tsx:1236:17

    console.log
      [HandyTreeView] Rendering children for item 1 { childrenCount: 2, level: 1, renderId: 3 }

      at src/components/HandyTreeView/HandyTreeView.tsx:1318:29
          at Array.map (<anonymous>)

    console.log
      [HandyTreeView] renderTreeItems [4fzudhvd0] { itemsCount: 2, level: 1, renderId: 3 }

      at src/components/HandyTreeView/HandyTreeView.tsx:1236:17
          at Array.map (<anonymous>)

    console.log
      [HandyTreeView] renderTreeItems [4fzudhvd0] completed { itemsCount: 2, level: 1, resultCount: 2 }

      at src/components/HandyTreeView/HandyTreeView.tsx:1330:17
          at Array.map (<anonymous>)

    console.log
      [HandyTreeView] renderTreeItems [qn97zxpj6] completed { itemsCount: 2, level: 0, resultCount: 2 }

      at src/components/HandyTreeView/HandyTreeView.tsx:1330:17

    console.log
      [useLazyLoading] useEffect recreate data source { hasRef: true, configEnabled: false }

      at src/hooks/useLazyLoading.ts:222:13

    console.log
      [useLazyLoading] Recreating LazyLoadingDataSource

      at src/hooks/useLazyLoading.ts:228:15

    console.log
      [HandyTreeView] useEffect items sync {
        hasDataSource: false,
        itemsLength: 2,
        filteredItemsLength: 2,
        internalItemsLength: 2
      }

      at src/components/HandyTreeView/HandyTreeView.tsx:496:15

    console.log
      [HandyTreeView] RENDER START #4 {
        hasDataSource: false,
        itemsCount: 2,
        hasLazyLoading: false,
        timestamp: 1769005690346
      }

      at HandyTreeView (src/components/HandyTreeView/HandyTreeView.tsx:232:13)

    console.log
      [HandyTreeView] Calling useLazyLoading {
        hasDataSource: false,
        hasConfig: false,
        dataSourceType: 'none',
        dataSourceKeys: []
      }

      at HandyTreeView (src/components/HandyTreeView/HandyTreeView.tsx:321:13)

    console.log
      [useLazyLoading] HOOK CALLED {
        hasDataSource: true,
        configEnabled: false,
        configKeys: [ 'enabled' ]
      }

      at useLazyLoading (src/hooks/useLazyLoading.ts:195:11)

    console.log
      [HandyTreeView] useLazyLoading returned { hasDataSource: true, isLoading: false, stateCacheSize: 0 }

      at HandyTreeView (src/components/HandyTreeView/HandyTreeView.tsx:338:13)

    console.log
      [HandyTreeView] buildFullItemsMap { itemsCount: 2, mapSize: 0 }

      at src/components/HandyTreeView/HandyTreeView.tsx:451:17

    console.log
      [HandyTreeView] buildFullItemsMap { itemsCount: 2, mapSize: 1 }

      at src/components/HandyTreeView/HandyTreeView.tsx:451:17
          at Array.forEach (<anonymous>)

    console.log
      [HandyTreeView] buildFullItemsMap { itemsCount: 1, mapSize: 4 }

      at src/components/HandyTreeView/HandyTreeView.tsx:451:17
          at Array.forEach (<anonymous>)

    console.log
      [HandyTreeView] applyFiltering { inputCount: 2, hasFilterItems: false, showHiddenFiles: true }

      at src/components/HandyTreeView/HandyTreeView.tsx:424:17

    console.log
      [HandyTreeView] RENDER END #4 {
        internalItemsLength: 2,
        expandedItemsCount: 1,
        selectedItemsCount: 0,
        hasEmptyState: false
      }

      at HandyTreeView (src/components/HandyTreeView/HandyTreeView.tsx:1429:13)

    console.log
      [HandyTreeView] renderTreeItems [apttyogzb] { itemsCount: 2, level: 0, renderId: 4 }

      at src/components/HandyTreeView/HandyTreeView.tsx:1236:17

    console.log
      [HandyTreeView] Rendering children for item 1 { childrenCount: 2, level: 1, renderId: 4 }

      at src/components/HandyTreeView/HandyTreeView.tsx:1318:29
          at Array.map (<anonymous>)

    console.log
      [HandyTreeView] renderTreeItems [ijr91iii6] { itemsCount: 2, level: 1, renderId: 4 }

      at src/components/HandyTreeView/HandyTreeView.tsx:1236:17
          at Array.map (<anonymous>)

    console.log
      [HandyTreeView] renderTreeItems [ijr91iii6] completed { itemsCount: 2, level: 1, resultCount: 2 }

      at src/components/HandyTreeView/HandyTreeView.tsx:1330:17
          at Array.map (<anonymous>)

    console.log
      [HandyTreeView] renderTreeItems [apttyogzb] completed { itemsCount: 2, level: 0, resultCount: 2 }

      at src/components/HandyTreeView/HandyTreeView.tsx:1330:17

    console.log
      [useLazyLoading] Cleaning up polling interval

      at src/hooks/useLazyLoading.ts:293:15
          at Array.forEach (<anonymous>)

    console.log
      [HandyTreeView] RENDER START #5 {
        hasDataSource: false,
        itemsCount: 2,
        hasLazyLoading: false,
        timestamp: 1769005690379
      }

      at HandyTreeView (src/components/HandyTreeView/HandyTreeView.tsx:232:13)

    console.log
      [HandyTreeView] useMemo lazyLoadingConfig { hasDataSource: false, hasLazyLoading: false }

      at src/components/HandyTreeView/HandyTreeView.tsx:306:15

    console.log
      [HandyTreeView] Calling useLazyLoading {
        hasDataSource: false,
        hasConfig: false,
        dataSourceType: 'none',
        dataSourceKeys: []
      }

      at HandyTreeView (src/components/HandyTreeView/HandyTreeView.tsx:321:13)

    console.log
      [useLazyLoading] HOOK CALLED {
        hasDataSource: true,
        configEnabled: false,
        configKeys: [ 'enabled' ]
      }

      at useLazyLoading (src/hooks/useLazyLoading.ts:195:11)

    console.log
      [useLazyLoading] Creating new LazyLoadingDataSource

      at useLazyLoading (src/hooks/useLazyLoading.ts:213:13)

    console.log
      [HandyTreeView] useLazyLoading returned { hasDataSource: true, isLoading: false, stateCacheSize: 0 }

      at HandyTreeView (src/components/HandyTreeView/HandyTreeView.tsx:338:13)

    console.log
      [HandyTreeView] buildFullItemsMap { itemsCount: 2, mapSize: 0 }

      at src/components/HandyTreeView/HandyTreeView.tsx:451:17

    console.log
      [HandyTreeView] buildFullItemsMap { itemsCount: 2, mapSize: 1 }

      at src/components/HandyTreeView/HandyTreeView.tsx:451:17
          at Array.forEach (<anonymous>)

    console.log
      [HandyTreeView] buildFullItemsMap { itemsCount: 1, mapSize: 4 }

      at src/components/HandyTreeView/HandyTreeView.tsx:451:17
          at Array.forEach (<anonymous>)

    console.log
      [HandyTreeView] applyFiltering { inputCount: 2, hasFilterItems: false, showHiddenFiles: true }

      at src/components/HandyTreeView/HandyTreeView.tsx:424:17

    console.log
      [HandyTreeView] RENDER END #5 {
        internalItemsLength: 2,
        expandedItemsCount: 0,
        selectedItemsCount: 3,
        hasEmptyState: false
      }

      at HandyTreeView (src/components/HandyTreeView/HandyTreeView.tsx:1429:13)

    console.log
      [HandyTreeView] renderTreeItems [01zxhdtnp] { itemsCount: 2, level: 0, renderId: 5 }

      at src/components/HandyTreeView/HandyTreeView.tsx:1236:17

    console.log
      [HandyTreeView] renderTreeItems [01zxhdtnp] completed { itemsCount: 2, level: 0, resultCount: 2 }

      at src/components/HandyTreeView/HandyTreeView.tsx:1330:17

    console.log
      [useLazyLoading] useEffect recreate data source { hasRef: true, configEnabled: false }

      at src/hooks/useLazyLoading.ts:222:13

    console.log
      [useLazyLoading] Recreating LazyLoadingDataSource

      at src/hooks/useLazyLoading.ts:228:15

    console.log
      [useLazyLoading] Setting up polling interval

      at src/hooks/useLazyLoading.ts:285:13

    console.log
      [HandyTreeView] useEffect items sync {
        hasDataSource: false,
        itemsLength: 2,
        filteredItemsLength: 2,
        internalItemsLength: 2
      }

      at src/components/HandyTreeView/HandyTreeView.tsx:496:15

    console.log
      [HandyTreeView] Syncing filtered items to internalItems

      at src/components/HandyTreeView/HandyTreeView.tsx:513:21

    console.log
      [HandyTreeView] useEffect fetch root items {
        hasDataSource: false,
        configEnabled: undefined,
        internalItemsLength: 2,
        itemsLength: 2,
        hasFetched: false
      }

      at src/components/HandyTreeView/HandyTreeView.tsx:549:15

    console.log
      [HandyTreeView] Skipping fetch - no dataSource or not enabled

      at src/components/HandyTreeView/HandyTreeView.tsx:559:17

    console.log
      [HandyTreeView] useEffect updateSelectionItems { internalItemsLength: 2 }

      at src/components/HandyTreeView/HandyTreeView.tsx:658:15

    console.log
      [useLazyLoading] Cleaning up polling interval

      at src/hooks/useLazyLoading.ts:293:15
          at Array.forEach (<anonymous>)

    console.log
      [HandyTreeView] RENDER START #6 {
        hasDataSource: false,
        itemsCount: 2,
        hasLazyLoading: false,
        timestamp: 1769005690435
      }

      at HandyTreeView (src/components/HandyTreeView/HandyTreeView.tsx:232:13)

    console.log
      [HandyTreeView] useMemo lazyLoadingConfig { hasDataSource: false, hasLazyLoading: false }

      at src/components/HandyTreeView/HandyTreeView.tsx:306:15

    console.log
      [HandyTreeView] Calling useLazyLoading {
        hasDataSource: false,
        hasConfig: false,
        dataSourceType: 'none',
        dataSourceKeys: []
      }

      at HandyTreeView (src/components/HandyTreeView/HandyTreeView.tsx:321:13)

    console.log
      [useLazyLoading] HOOK CALLED {
        hasDataSource: true,
        configEnabled: false,
        configKeys: [ 'enabled' ]
      }

      at useLazyLoading (src/hooks/useLazyLoading.ts:195:11)

    console.log
      [useLazyLoading] Creating new LazyLoadingDataSource

      at useLazyLoading (src/hooks/useLazyLoading.ts:213:13)

    console.log
      [HandyTreeView] useLazyLoading returned { hasDataSource: true, isLoading: false, stateCacheSize: 0 }

      at HandyTreeView (src/components/HandyTreeView/HandyTreeView.tsx:338:13)

    console.log
      [HandyTreeView] buildFullItemsMap { itemsCount: 2, mapSize: 0 }

      at src/components/HandyTreeView/HandyTreeView.tsx:451:17

    console.log
      [HandyTreeView] applyFiltering { inputCount: 2, hasFilterItems: false, showHiddenFiles: true }

      at src/components/HandyTreeView/HandyTreeView.tsx:424:17

    console.log
      [HandyTreeView] RENDER END #6 {
        internalItemsLength: 2,
        expandedItemsCount: 0,
        selectedItemsCount: 0,
        hasEmptyState: false
      }

      at HandyTreeView (src/components/HandyTreeView/HandyTreeView.tsx:1429:13)

    console.log
      [HandyTreeView] renderTreeItems [g8abgforr] { itemsCount: 2, level: 0, renderId: 6 }

      at src/components/HandyTreeView/HandyTreeView.tsx:1236:17

    console.log
      [HandyTreeView] renderTreeItems [g8abgforr] completed { itemsCount: 2, level: 0, resultCount: 2 }

      at src/components/HandyTreeView/HandyTreeView.tsx:1330:17

    console.log
      [useLazyLoading] useEffect recreate data source { hasRef: true, configEnabled: false }

      at src/hooks/useLazyLoading.ts:222:13

    console.log
      [useLazyLoading] Recreating LazyLoadingDataSource

      at src/hooks/useLazyLoading.ts:228:15

    console.log
      [useLazyLoading] Setting up polling interval

      at src/hooks/useLazyLoading.ts:285:13

    console.log
      [HandyTreeView] useEffect items sync {
        hasDataSource: false,
        itemsLength: 2,
        filteredItemsLength: 2,
        internalItemsLength: 2
      }

      at src/components/HandyTreeView/HandyTreeView.tsx:496:15

    console.log
      [HandyTreeView] Syncing filtered items to internalItems

      at src/components/HandyTreeView/HandyTreeView.tsx:513:21

    console.log
      [HandyTreeView] useEffect fetch root items {
        hasDataSource: false,
        configEnabled: undefined,
        internalItemsLength: 2,
        itemsLength: 2,
        hasFetched: false
      }

      at src/components/HandyTreeView/HandyTreeView.tsx:549:15

    console.log
      [HandyTreeView] Skipping fetch - no dataSource or not enabled

      at src/components/HandyTreeView/HandyTreeView.tsx:559:17

    console.log
      [HandyTreeView] useEffect updateSelectionItems { internalItemsLength: 2 }

      at src/components/HandyTreeView/HandyTreeView.tsx:658:15

    console.log
      [useLazyLoading] Cleaning up polling interval

      at src/hooks/useLazyLoading.ts:293:15
          at Array.forEach (<anonymous>)

    console.log
      [HandyTreeView] RENDER START #7 {
        hasDataSource: false,
        itemsCount: 2,
        hasLazyLoading: false,
        timestamp: 1769005690501
      }

      at HandyTreeView (src/components/HandyTreeView/HandyTreeView.tsx:232:13)

    console.log
      [HandyTreeView] useMemo lazyLoadingConfig { hasDataSource: false, hasLazyLoading: false }

      at src/components/HandyTreeView/HandyTreeView.tsx:306:15

    console.log
      [HandyTreeView] Calling useLazyLoading {
        hasDataSource: false,
        hasConfig: false,
        dataSourceType: 'none',
        dataSourceKeys: []
      }

      at HandyTreeView (src/components/HandyTreeView/HandyTreeView.tsx:321:13)

    console.log
      [useLazyLoading] HOOK CALLED {
        hasDataSource: true,
        configEnabled: false,
        configKeys: [ 'enabled' ]
      }

      at useLazyLoading (src/hooks/useLazyLoading.ts:195:11)

    console.log
      [useLazyLoading] Creating new LazyLoadingDataSource

      at useLazyLoading (src/hooks/useLazyLoading.ts:213:13)

    console.log
      [HandyTreeView] useLazyLoading returned { hasDataSource: true, isLoading: false, stateCacheSize: 0 }

      at HandyTreeView (src/components/HandyTreeView/HandyTreeView.tsx:338:13)

    console.log
      [HandyTreeView] buildFullItemsMap { itemsCount: 2, mapSize: 0 }

      at src/components/HandyTreeView/HandyTreeView.tsx:451:17

    console.log
      [HandyTreeView] applyFiltering { inputCount: 2, hasFilterItems: false, showHiddenFiles: true }

      at src/components/HandyTreeView/HandyTreeView.tsx:424:17

    console.log
      [HandyTreeView] RENDER END #7 {
        internalItemsLength: 2,
        expandedItemsCount: 0,
        selectedItemsCount: 0,
        hasEmptyState: false
      }

      at HandyTreeView (src/components/HandyTreeView/HandyTreeView.tsx:1429:13)

    console.log
      [HandyTreeView] renderTreeItems [gxnorh8fl] { itemsCount: 2, level: 0, renderId: 7 }

      at src/components/HandyTreeView/HandyTreeView.tsx:1236:17

    console.log
      [HandyTreeView] renderTreeItems [gxnorh8fl] completed { itemsCount: 2, level: 0, resultCount: 2 }

      at src/components/HandyTreeView/HandyTreeView.tsx:1330:17

    console.log
      [useLazyLoading] useEffect recreate data source { hasRef: true, configEnabled: false }

      at src/hooks/useLazyLoading.ts:222:13

    console.log
      [useLazyLoading] Recreating LazyLoadingDataSource

      at src/hooks/useLazyLoading.ts:228:15

    console.log
      [useLazyLoading] Setting up polling interval

      at src/hooks/useLazyLoading.ts:285:13

    console.log
      [HandyTreeView] useEffect items sync {
        hasDataSource: false,
        itemsLength: 2,
        filteredItemsLength: 2,
        internalItemsLength: 2
      }

      at src/components/HandyTreeView/HandyTreeView.tsx:496:15

    console.log
      [HandyTreeView] Syncing filtered items to internalItems

      at src/components/HandyTreeView/HandyTreeView.tsx:513:21

    console.log
      [HandyTreeView] useEffect fetch root items {
        hasDataSource: false,
        configEnabled: undefined,
        internalItemsLength: 2,
        itemsLength: 2,
        hasFetched: false
      }

      at src/components/HandyTreeView/HandyTreeView.tsx:549:15

    console.log
      [HandyTreeView] Skipping fetch - no dataSource or not enabled

      at src/components/HandyTreeView/HandyTreeView.tsx:559:17

    console.log
      [HandyTreeView] useEffect updateSelectionItems { internalItemsLength: 2 }

      at src/components/HandyTreeView/HandyTreeView.tsx:658:15

    console.log
      [HandyTreeView] RENDER START #8 {
        hasDataSource: false,
        itemsCount: 2,
        hasLazyLoading: false,
        timestamp: 1769005690547
      }

      at HandyTreeView (src/components/HandyTreeView/HandyTreeView.tsx:232:13)

    console.log
      [HandyTreeView] Calling useLazyLoading {
        hasDataSource: false,
        hasConfig: false,
        dataSourceType: 'none',
        dataSourceKeys: []
      }

      at HandyTreeView (src/components/HandyTreeView/HandyTreeView.tsx:321:13)

    console.log
      [useLazyLoading] HOOK CALLED {
        hasDataSource: true,
        configEnabled: false,
        configKeys: [ 'enabled' ]
      }

      at useLazyLoading (src/hooks/useLazyLoading.ts:195:11)

    console.log
      [HandyTreeView] useLazyLoading returned { hasDataSource: true, isLoading: false, stateCacheSize: 0 }

      at HandyTreeView (src/components/HandyTreeView/HandyTreeView.tsx:338:13)

    console.log
      [HandyTreeView] buildFullItemsMap { itemsCount: 2, mapSize: 0 }

      at src/components/HandyTreeView/HandyTreeView.tsx:451:17

    console.log
      [HandyTreeView] applyFiltering { inputCount: 2, hasFilterItems: false, showHiddenFiles: true }

      at src/components/HandyTreeView/HandyTreeView.tsx:424:17

    console.log
      [HandyTreeView] RENDER END #8 {
        internalItemsLength: 2,
        expandedItemsCount: 0,
        selectedItemsCount: 0,
        hasEmptyState: false
      }

      at HandyTreeView (src/components/HandyTreeView/HandyTreeView.tsx:1429:13)

    console.log
      [HandyTreeView] renderTreeItems [lhibdia12] { itemsCount: 2, level: 0, renderId: 8 }

      at src/components/HandyTreeView/HandyTreeView.tsx:1236:17

    console.log
      [HandyTreeView] renderTreeItems [lhibdia12] completed { itemsCount: 2, level: 0, resultCount: 2 }

      at src/components/HandyTreeView/HandyTreeView.tsx:1330:17

    console.log
      [useLazyLoading] useEffect recreate data source { hasRef: true, configEnabled: false }

      at src/hooks/useLazyLoading.ts:222:13

    console.log
      [useLazyLoading] Recreating LazyLoadingDataSource

      at src/hooks/useLazyLoading.ts:228:15

    console.log
      [HandyTreeView] useEffect items sync {
        hasDataSource: false,
        itemsLength: 2,
        filteredItemsLength: 2,
        internalItemsLength: 2
      }

      at src/components/HandyTreeView/HandyTreeView.tsx:496:15

    console.log
      [HandyTreeView] RENDER START #9 {
        hasDataSource: false,
        itemsCount: 2,
        hasLazyLoading: false,
        timestamp: 1769005690594
      }

      at HandyTreeView (src/components/HandyTreeView/HandyTreeView.tsx:232:13)

    console.log
      [HandyTreeView] Calling useLazyLoading {
        hasDataSource: false,
        hasConfig: false,
        dataSourceType: 'none',
        dataSourceKeys: []
      }

      at HandyTreeView (src/components/HandyTreeView/HandyTreeView.tsx:321:13)

    console.log
      [useLazyLoading] HOOK CALLED {
        hasDataSource: true,
        configEnabled: false,
        configKeys: [ 'enabled' ]
      }

      at useLazyLoading (src/hooks/useLazyLoading.ts:195:11)

    console.log
      [HandyTreeView] useLazyLoading returned { hasDataSource: true, isLoading: false, stateCacheSize: 0 }

      at HandyTreeView (src/components/HandyTreeView/HandyTreeView.tsx:338:13)

    console.log
      [HandyTreeView] buildFullItemsMap { itemsCount: 2, mapSize: 0 }

      at src/components/HandyTreeView/HandyTreeView.tsx:451:17

    console.log
      [HandyTreeView] applyFiltering { inputCount: 2, hasFilterItems: false, showHiddenFiles: true }

      at src/components/HandyTreeView/HandyTreeView.tsx:424:17

    console.log
      [HandyTreeView] RENDER END #9 {
        internalItemsLength: 2,
        expandedItemsCount: 0,
        selectedItemsCount: 0,
        hasEmptyState: false
      }

      at HandyTreeView (src/components/HandyTreeView/HandyTreeView.tsx:1429:13)

    console.log
      [HandyTreeView] renderTreeItems [zh9qg0qgh] { itemsCount: 2, level: 0, renderId: 9 }

      at src/components/HandyTreeView/HandyTreeView.tsx:1236:17

    console.log
      [HandyTreeView] renderTreeItems [zh9qg0qgh] completed { itemsCount: 2, level: 0, resultCount: 2 }

      at src/components/HandyTreeView/HandyTreeView.tsx:1330:17

    console.log
      [useLazyLoading] useEffect recreate data source { hasRef: true, configEnabled: false }

      at src/hooks/useLazyLoading.ts:222:13

    console.log
      [useLazyLoading] Recreating LazyLoadingDataSource

      at src/hooks/useLazyLoading.ts:228:15

    console.log
      [HandyTreeView] useEffect items sync {
        hasDataSource: false,
        itemsLength: 2,
        filteredItemsLength: 2,
        internalItemsLength: 2
      }

      at src/components/HandyTreeView/HandyTreeView.tsx:496:15

    console.log
      [HandyTreeView] RENDER START #10 {
        hasDataSource: false,
        itemsCount: 2,
        hasLazyLoading: false,
        timestamp: 1769005690645
      }

      at HandyTreeView (src/components/HandyTreeView/HandyTreeView.tsx:232:13)

    console.log
      [HandyTreeView] Calling useLazyLoading {
        hasDataSource: false,
        hasConfig: false,
        dataSourceType: 'none',
        dataSourceKeys: []
      }

      at HandyTreeView (src/components/HandyTreeView/HandyTreeView.tsx:321:13)

    console.log
      [useLazyLoading] HOOK CALLED {
        hasDataSource: true,
        configEnabled: false,
        configKeys: [ 'enabled' ]
      }

      at useLazyLoading (src/hooks/useLazyLoading.ts:195:11)

    console.log
      [HandyTreeView] useLazyLoading returned { hasDataSource: true, isLoading: false, stateCacheSize: 0 }

      at HandyTreeView (src/components/HandyTreeView/HandyTreeView.tsx:338:13)

    console.log
      [HandyTreeView] buildFullItemsMap { itemsCount: 2, mapSize: 0 }

      at src/components/HandyTreeView/HandyTreeView.tsx:451:17

    console.log
      [HandyTreeView] applyFiltering { inputCount: 2, hasFilterItems: false, showHiddenFiles: true }

      at src/components/HandyTreeView/HandyTreeView.tsx:424:17

    console.log
      [HandyTreeView] RENDER END #10 {
        internalItemsLength: 2,
        expandedItemsCount: 0,
        selectedItemsCount: 1,
        hasEmptyState: false
      }

      at HandyTreeView (src/components/HandyTreeView/HandyTreeView.tsx:1429:13)

    console.log
      [HandyTreeView] renderTreeItems [n0y28zr6g] { itemsCount: 2, level: 0, renderId: 10 }

      at src/components/HandyTreeView/HandyTreeView.tsx:1236:17

    console.log
      [HandyTreeView] renderTreeItems [n0y28zr6g] completed { itemsCount: 2, level: 0, resultCount: 2 }

      at src/components/HandyTreeView/HandyTreeView.tsx:1330:17

    console.log
      [useLazyLoading] useEffect recreate data source { hasRef: true, configEnabled: false }

      at src/hooks/useLazyLoading.ts:222:13

    console.log
      [useLazyLoading] Recreating LazyLoadingDataSource

      at src/hooks/useLazyLoading.ts:228:15

    console.log
      [HandyTreeView] useEffect items sync {
        hasDataSource: false,
        itemsLength: 2,
        filteredItemsLength: 2,
        internalItemsLength: 2
      }

      at src/components/HandyTreeView/HandyTreeView.tsx:496:15

    console.log
      [HandyTreeView] useEffect updateSelectionItems { internalItemsLength: 2 }

      at src/components/HandyTreeView/HandyTreeView.tsx:658:15

    console.log
      [useLazyLoading] Cleaning up polling interval

      at src/hooks/useLazyLoading.ts:293:15
          at Array.forEach (<anonymous>)

    console.log
      [HandyTreeView] RENDER START #11 {
        hasDataSource: false,
        itemsCount: 2,
        hasLazyLoading: false,
        timestamp: 1769005690681
      }

      at HandyTreeView (src/components/HandyTreeView/HandyTreeView.tsx:232:13)

    console.log
      [HandyTreeView] useMemo lazyLoadingConfig { hasDataSource: false, hasLazyLoading: false }

      at src/components/HandyTreeView/HandyTreeView.tsx:306:15

    console.log
      [HandyTreeView] Calling useLazyLoading {
        hasDataSource: false,
        hasConfig: false,
        dataSourceType: 'none',
        dataSourceKeys: []
      }

      at HandyTreeView (src/components/HandyTreeView/HandyTreeView.tsx:321:13)

    console.log
      [useLazyLoading] HOOK CALLED {
        hasDataSource: true,
        configEnabled: false,
        configKeys: [ 'enabled' ]
      }

      at useLazyLoading (src/hooks/useLazyLoading.ts:195:11)

    console.log
      [useLazyLoading] Creating new LazyLoadingDataSource

      at useLazyLoading (src/hooks/useLazyLoading.ts:213:13)

    console.log
      [HandyTreeView] useLazyLoading returned { hasDataSource: true, isLoading: false, stateCacheSize: 0 }

      at HandyTreeView (src/components/HandyTreeView/HandyTreeView.tsx:338:13)

    console.log
      [HandyTreeView] buildFullItemsMap { itemsCount: 2, mapSize: 0 }

      at src/components/HandyTreeView/HandyTreeView.tsx:451:17

    console.log
      [HandyTreeView] applyFiltering { inputCount: 2, hasFilterItems: false, showHiddenFiles: true }

      at src/components/HandyTreeView/HandyTreeView.tsx:424:17

    console.log
      [HandyTreeView] RENDER END #11 {
        internalItemsLength: 2,
        expandedItemsCount: 0,
        selectedItemsCount: 0,
        hasEmptyState: false
      }

      at HandyTreeView (src/components/HandyTreeView/HandyTreeView.tsx:1429:13)

    console.log
      [HandyTreeView] renderTreeItems [gwwihcq60] { itemsCount: 2, level: 0, renderId: 11 }

      at src/components/HandyTreeView/HandyTreeView.tsx:1236:17

    console.log
      [HandyTreeView] renderTreeItems [gwwihcq60] completed { itemsCount: 2, level: 0, resultCount: 2 }

      at src/components/HandyTreeView/HandyTreeView.tsx:1330:17

    console.log
      [useLazyLoading] useEffect recreate data source { hasRef: true, configEnabled: false }

      at src/hooks/useLazyLoading.ts:222:13

    console.log
      [useLazyLoading] Recreating LazyLoadingDataSource

      at src/hooks/useLazyLoading.ts:228:15

    console.log
      [useLazyLoading] Setting up polling interval

      at src/hooks/useLazyLoading.ts:285:13

    console.log
      [HandyTreeView] useEffect items sync {
        hasDataSource: false,
        itemsLength: 2,
        filteredItemsLength: 2,
        internalItemsLength: 2
      }

      at src/components/HandyTreeView/HandyTreeView.tsx:496:15

    console.log
      [HandyTreeView] Syncing filtered items to internalItems

      at src/components/HandyTreeView/HandyTreeView.tsx:513:21

    console.log
      [HandyTreeView] useEffect fetch root items {
        hasDataSource: false,
        configEnabled: undefined,
        internalItemsLength: 2,
        itemsLength: 2,
        hasFetched: false
      }

      at src/components/HandyTreeView/HandyTreeView.tsx:549:15

    console.log
      [HandyTreeView] Skipping fetch - no dataSource or not enabled

      at src/components/HandyTreeView/HandyTreeView.tsx:559:17

    console.log
      [HandyTreeView] useEffect updateSelectionItems { internalItemsLength: 2 }

      at src/components/HandyTreeView/HandyTreeView.tsx:658:15

    console.log
      [HandyTreeView] RENDER START #12 {
        hasDataSource: false,
        itemsCount: 2,
        hasLazyLoading: false,
        timestamp: 1769005690719
      }

      at HandyTreeView (src/components/HandyTreeView/HandyTreeView.tsx:232:13)

    console.log
      [HandyTreeView] Calling useLazyLoading {
        hasDataSource: false,
        hasConfig: false,
        dataSourceType: 'none',
        dataSourceKeys: []
      }

      at HandyTreeView (src/components/HandyTreeView/HandyTreeView.tsx:321:13)

    console.log
      [useLazyLoading] HOOK CALLED {
        hasDataSource: true,
        configEnabled: false,
        configKeys: [ 'enabled' ]
      }

      at useLazyLoading (src/hooks/useLazyLoading.ts:195:11)

    console.log
      [HandyTreeView] useLazyLoading returned { hasDataSource: true, isLoading: false, stateCacheSize: 0 }

      at HandyTreeView (src/components/HandyTreeView/HandyTreeView.tsx:338:13)

    console.log
      [HandyTreeView] buildFullItemsMap { itemsCount: 2, mapSize: 0 }

      at src/components/HandyTreeView/HandyTreeView.tsx:451:17

    console.log
      [HandyTreeView] applyFiltering { inputCount: 2, hasFilterItems: false, showHiddenFiles: true }

      at src/components/HandyTreeView/HandyTreeView.tsx:424:17

    console.log
      [HandyTreeView] RENDER END #12 {
        internalItemsLength: 2,
        expandedItemsCount: 0,
        selectedItemsCount: 0,
        hasEmptyState: false
      }

      at HandyTreeView (src/components/HandyTreeView/HandyTreeView.tsx:1429:13)

    console.log
      [HandyTreeView] renderTreeItems [isjneed0q] { itemsCount: 2, level: 0, renderId: 12 }

      at src/components/HandyTreeView/HandyTreeView.tsx:1236:17

    console.log
      [HandyTreeView] renderTreeItems [isjneed0q] completed { itemsCount: 2, level: 0, resultCount: 2 }

      at src/components/HandyTreeView/HandyTreeView.tsx:1330:17

    console.log
      [useLazyLoading] useEffect recreate data source { hasRef: true, configEnabled: false }

      at src/hooks/useLazyLoading.ts:222:13

    console.log
      [useLazyLoading] Recreating LazyLoadingDataSource

      at src/hooks/useLazyLoading.ts:228:15

    console.log
      [HandyTreeView] useEffect items sync {
        hasDataSource: false,
        itemsLength: 2,
        filteredItemsLength: 2,
        internalItemsLength: 2
      }

      at src/components/HandyTreeView/HandyTreeView.tsx:496:15

    console.log
      [HandyTreeView] RENDER START #13 {
        hasDataSource: false,
        itemsCount: 2,
        hasLazyLoading: false,
        timestamp: 1769005690741
      }

      at HandyTreeView (src/components/HandyTreeView/HandyTreeView.tsx:232:13)

    console.log
      [HandyTreeView] Calling useLazyLoading {
        hasDataSource: false,
        hasConfig: false,
        dataSourceType: 'none',
        dataSourceKeys: []
      }

      at HandyTreeView (src/components/HandyTreeView/HandyTreeView.tsx:321:13)

    console.log
      [useLazyLoading] HOOK CALLED {
        hasDataSource: true,
        configEnabled: false,
        configKeys: [ 'enabled' ]
      }

      at useLazyLoading (src/hooks/useLazyLoading.ts:195:11)

    console.log
      [HandyTreeView] useLazyLoading returned { hasDataSource: true, isLoading: false, stateCacheSize: 0 }

      at HandyTreeView (src/components/HandyTreeView/HandyTreeView.tsx:338:13)

    console.log
      [HandyTreeView] buildFullItemsMap { itemsCount: 2, mapSize: 0 }

      at src/components/HandyTreeView/HandyTreeView.tsx:451:17

    console.log
      [HandyTreeView] applyFiltering { inputCount: 2, hasFilterItems: false, showHiddenFiles: true }

      at src/components/HandyTreeView/HandyTreeView.tsx:424:17

    console.log
      [HandyTreeView] RENDER END #13 {
        internalItemsLength: 2,
        expandedItemsCount: 0,
        selectedItemsCount: 0,
        hasEmptyState: false
      }

      at HandyTreeView (src/components/HandyTreeView/HandyTreeView.tsx:1429:13)

    console.log
      [HandyTreeView] renderTreeItems [qb8dnhm69] { itemsCount: 2, level: 0, renderId: 13 }

      at src/components/HandyTreeView/HandyTreeView.tsx:1236:17

    console.log
      [HandyTreeView] renderTreeItems [qb8dnhm69] completed { itemsCount: 2, level: 0, resultCount: 2 }

      at src/components/HandyTreeView/HandyTreeView.tsx:1330:17

    console.log
      [useLazyLoading] useEffect recreate data source { hasRef: true, configEnabled: false }

      at src/hooks/useLazyLoading.ts:222:13

    console.log
      [useLazyLoading] Recreating LazyLoadingDataSource

      at src/hooks/useLazyLoading.ts:228:15

    console.log
      [HandyTreeView] useEffect items sync {
        hasDataSource: false,
        itemsLength: 2,
        filteredItemsLength: 2,
        internalItemsLength: 2
      }

      at src/components/HandyTreeView/HandyTreeView.tsx:496:15

    console.log
      [HandyTreeView] RENDER START #14 {
        hasDataSource: false,
        itemsCount: 2,
        hasLazyLoading: false,
        timestamp: 1769005690784
      }

      at HandyTreeView (src/components/HandyTreeView/HandyTreeView.tsx:232:13)

    console.log
      [HandyTreeView] Calling useLazyLoading {
        hasDataSource: false,
        hasConfig: false,
        dataSourceType: 'none',
        dataSourceKeys: []
      }

      at HandyTreeView (src/components/HandyTreeView/HandyTreeView.tsx:321:13)

    console.log
      [useLazyLoading] HOOK CALLED {
        hasDataSource: true,
        configEnabled: false,
        configKeys: [ 'enabled' ]
      }

      at useLazyLoading (src/hooks/useLazyLoading.ts:195:11)

    console.log
      [HandyTreeView] useLazyLoading returned { hasDataSource: true, isLoading: false, stateCacheSize: 0 }

      at HandyTreeView (src/components/HandyTreeView/HandyTreeView.tsx:338:13)

    console.log
      [HandyTreeView] buildFullItemsMap { itemsCount: 2, mapSize: 0 }

      at src/components/HandyTreeView/HandyTreeView.tsx:451:17

    console.log
      [HandyTreeView] applyFiltering { inputCount: 2, hasFilterItems: false, showHiddenFiles: true }

      at src/components/HandyTreeView/HandyTreeView.tsx:424:17

    console.log
      [HandyTreeView] RENDER END #14 {
        internalItemsLength: 2,
        expandedItemsCount: 0,
        selectedItemsCount: 0,
        hasEmptyState: false
      }

      at HandyTreeView (src/components/HandyTreeView/HandyTreeView.tsx:1429:13)

    console.log
      [HandyTreeView] renderTreeItems [vh4upm0rc] { itemsCount: 2, level: 0, renderId: 14 }

      at src/components/HandyTreeView/HandyTreeView.tsx:1236:17

    console.log
      [HandyTreeView] renderTreeItems [vh4upm0rc] completed { itemsCount: 2, level: 0, resultCount: 2 }

      at src/components/HandyTreeView/HandyTreeView.tsx:1330:17

    console.log
      [useLazyLoading] useEffect recreate data source { hasRef: true, configEnabled: false }

      at src/hooks/useLazyLoading.ts:222:13

    console.log
      [useLazyLoading] Recreating LazyLoadingDataSource

      at src/hooks/useLazyLoading.ts:228:15

    console.log
      [HandyTreeView] useEffect items sync {
        hasDataSource: false,
        itemsLength: 2,
        filteredItemsLength: 2,
        internalItemsLength: 2
      }

      at src/components/HandyTreeView/HandyTreeView.tsx:496:15

    console.log
      [useLazyLoading] Cleaning up polling interval

      at src/hooks/useLazyLoading.ts:293:15
          at Array.forEach (<anonymous>)

    console.log
      [HandyTreeView] RENDER START #15 {
        hasDataSource: false,
        itemsCount: 2,
        hasLazyLoading: false,
        timestamp: 1769005690806
      }

      at HandyTreeView (src/components/HandyTreeView/HandyTreeView.tsx:232:13)

    console.log
      [HandyTreeView] useMemo lazyLoadingConfig { hasDataSource: false, hasLazyLoading: false }

      at src/components/HandyTreeView/HandyTreeView.tsx:306:15

    console.log
      [HandyTreeView] Calling useLazyLoading {
        hasDataSource: false,
        hasConfig: false,
        dataSourceType: 'none',
        dataSourceKeys: []
      }

      at HandyTreeView (src/components/HandyTreeView/HandyTreeView.tsx:321:13)

    console.log
      [useLazyLoading] HOOK CALLED {
        hasDataSource: true,
        configEnabled: false,
        configKeys: [ 'enabled' ]
      }

      at useLazyLoading (src/hooks/useLazyLoading.ts:195:11)

    console.log
      [useLazyLoading] Creating new LazyLoadingDataSource

      at useLazyLoading (src/hooks/useLazyLoading.ts:213:13)

    console.log
      [HandyTreeView] useLazyLoading returned { hasDataSource: true, isLoading: false, stateCacheSize: 0 }

      at HandyTreeView (src/components/HandyTreeView/HandyTreeView.tsx:338:13)

    console.log
      [HandyTreeView] buildFullItemsMap { itemsCount: 2, mapSize: 0 }

      at src/components/HandyTreeView/HandyTreeView.tsx:451:17

    console.log
      [HandyTreeView] applyFiltering { inputCount: 2, hasFilterItems: false, showHiddenFiles: true }

      at src/components/HandyTreeView/HandyTreeView.tsx:424:17

    console.log
      [HandyTreeView] RENDER END #15 {
        internalItemsLength: 2,
        expandedItemsCount: 0,
        selectedItemsCount: 0,
        hasEmptyState: false
      }

      at HandyTreeView (src/components/HandyTreeView/HandyTreeView.tsx:1429:13)

    console.log
      [HandyTreeView] renderTreeItems [vwfhliths] { itemsCount: 2, level: 0, renderId: 15 }

      at src/components/HandyTreeView/HandyTreeView.tsx:1236:17

    console.log
      [HandyTreeView] renderTreeItems [vwfhliths] completed { itemsCount: 2, level: 0, resultCount: 2 }

      at src/components/HandyTreeView/HandyTreeView.tsx:1330:17

    console.log
      [useLazyLoading] useEffect recreate data source { hasRef: true, configEnabled: false }

      at src/hooks/useLazyLoading.ts:222:13

    console.log
      [useLazyLoading] Recreating LazyLoadingDataSource

      at src/hooks/useLazyLoading.ts:228:15

    console.log
      [useLazyLoading] Setting up polling interval

      at src/hooks/useLazyLoading.ts:285:13

    console.log
      [HandyTreeView] useEffect items sync {
        hasDataSource: false,
        itemsLength: 2,
        filteredItemsLength: 2,
        internalItemsLength: 2
      }

      at src/components/HandyTreeView/HandyTreeView.tsx:496:15

    console.log
      [HandyTreeView] Syncing filtered items to internalItems

      at src/components/HandyTreeView/HandyTreeView.tsx:513:21

    console.log
      [HandyTreeView] useEffect fetch root items {
        hasDataSource: false,
        configEnabled: undefined,
        internalItemsLength: 2,
        itemsLength: 2,
        hasFetched: false
      }

      at src/components/HandyTreeView/HandyTreeView.tsx:549:15

    console.log
      [HandyTreeView] Skipping fetch - no dataSource or not enabled

      at src/components/HandyTreeView/HandyTreeView.tsx:559:17

    console.log
      [HandyTreeView] useEffect updateSelectionItems { internalItemsLength: 2 }

      at src/components/HandyTreeView/HandyTreeView.tsx:658:15

    console.log
      [useLazyLoading] Cleaning up polling interval

      at src/hooks/useLazyLoading.ts:293:15
          at Array.forEach (<anonymous>)

    console.log
      [HandyTreeView] RENDER START #16 {
        hasDataSource: false,
        itemsCount: 3,
        hasLazyLoading: false,
        timestamp: 1769005690832
      }

      at HandyTreeView (src/components/HandyTreeView/HandyTreeView.tsx:232:13)

    console.log
      [HandyTreeView] useMemo lazyLoadingConfig { hasDataSource: false, hasLazyLoading: false }

      at src/components/HandyTreeView/HandyTreeView.tsx:306:15

    console.log
      [HandyTreeView] Calling useLazyLoading {
        hasDataSource: false,
        hasConfig: false,
        dataSourceType: 'none',
        dataSourceKeys: []
      }

      at HandyTreeView (src/components/HandyTreeView/HandyTreeView.tsx:321:13)

    console.log
      [useLazyLoading] HOOK CALLED {
        hasDataSource: true,
        configEnabled: false,
        configKeys: [ 'enabled' ]
      }

      at useLazyLoading (src/hooks/useLazyLoading.ts:195:11)

    console.log
      [useLazyLoading] Creating new LazyLoadingDataSource

      at useLazyLoading (src/hooks/useLazyLoading.ts:213:13)

    console.log
      [HandyTreeView] useLazyLoading returned { hasDataSource: true, isLoading: false, stateCacheSize: 0 }

      at HandyTreeView (src/components/HandyTreeView/HandyTreeView.tsx:338:13)

    console.log
      [HandyTreeView] buildFullItemsMap { itemsCount: 3, mapSize: 0 }

      at src/components/HandyTreeView/HandyTreeView.tsx:451:17

    console.log
      [HandyTreeView] applyFiltering { inputCount: 3, hasFilterItems: false, showHiddenFiles: true }

      at src/components/HandyTreeView/HandyTreeView.tsx:424:17

    console.log
      [HandyTreeView] RENDER END #16 {
        internalItemsLength: 3,
        expandedItemsCount: 0,
        selectedItemsCount: 0,
        hasEmptyState: false
      }

      at HandyTreeView (src/components/HandyTreeView/HandyTreeView.tsx:1429:13)

    console.log
      [HandyTreeView] renderTreeItems [1xfzqvpzc] { itemsCount: 3, level: 0, renderId: 16 }

      at src/components/HandyTreeView/HandyTreeView.tsx:1236:17

    console.log
      [HandyTreeView] renderTreeItems [1xfzqvpzc] completed { itemsCount: 3, level: 0, resultCount: 3 }

      at src/components/HandyTreeView/HandyTreeView.tsx:1330:17

    console.log
      [useLazyLoading] useEffect recreate data source { hasRef: true, configEnabled: false }

      at src/hooks/useLazyLoading.ts:222:13

    console.log
      [useLazyLoading] Recreating LazyLoadingDataSource

      at src/hooks/useLazyLoading.ts:228:15

    console.log
      [useLazyLoading] Setting up polling interval

      at src/hooks/useLazyLoading.ts:285:13

    console.log
      [HandyTreeView] useEffect items sync {
        hasDataSource: false,
        itemsLength: 3,
        filteredItemsLength: 3,
        internalItemsLength: 3
      }

      at src/components/HandyTreeView/HandyTreeView.tsx:496:15

    console.log
      [HandyTreeView] Syncing filtered items to internalItems

      at src/components/HandyTreeView/HandyTreeView.tsx:513:21

    console.log
      [HandyTreeView] useEffect fetch root items {
        hasDataSource: false,
        configEnabled: undefined,
        internalItemsLength: 3,
        itemsLength: 3,
        hasFetched: false
      }

      at src/components/HandyTreeView/HandyTreeView.tsx:549:15

    console.log
      [HandyTreeView] Skipping fetch - no dataSource or not enabled

      at src/components/HandyTreeView/HandyTreeView.tsx:559:17

    console.log
      [HandyTreeView] useEffect updateSelectionItems { internalItemsLength: 3 }

      at src/components/HandyTreeView/HandyTreeView.tsx:658:15

    console.log
      [useLazyLoading] Cleaning up polling interval

      at src/hooks/useLazyLoading.ts:293:15
          at Array.forEach (<anonymous>)

    console.log
      [HandyTreeView] RENDER START #17 {
        hasDataSource: false,
        itemsCount: 3,
        hasLazyLoading: false,
        timestamp: 1769005690856
      }

      at HandyTreeView (src/components/HandyTreeView/HandyTreeView.tsx:232:13)

    console.log
      [HandyTreeView] useMemo lazyLoadingConfig { hasDataSource: false, hasLazyLoading: false }

      at src/components/HandyTreeView/HandyTreeView.tsx:306:15

    console.log
      [HandyTreeView] Calling useLazyLoading {
        hasDataSource: false,
        hasConfig: false,
        dataSourceType: 'none',
        dataSourceKeys: []
      }

      at HandyTreeView (src/components/HandyTreeView/HandyTreeView.tsx:321:13)

    console.log
      [useLazyLoading] HOOK CALLED {
        hasDataSource: true,
        configEnabled: false,
        configKeys: [ 'enabled' ]
      }

      at useLazyLoading (src/hooks/useLazyLoading.ts:195:11)

    console.log
      [useLazyLoading] Creating new LazyLoadingDataSource

      at useLazyLoading (src/hooks/useLazyLoading.ts:213:13)

    console.log
      [HandyTreeView] useLazyLoading returned { hasDataSource: true, isLoading: false, stateCacheSize: 0 }

      at HandyTreeView (src/components/HandyTreeView/HandyTreeView.tsx:338:13)

    console.log
      [HandyTreeView] buildFullItemsMap { itemsCount: 3, mapSize: 0 }

      at src/components/HandyTreeView/HandyTreeView.tsx:451:17

    console.log
      [HandyTreeView] applyFiltering { inputCount: 3, hasFilterItems: false, showHiddenFiles: true }

      at src/components/HandyTreeView/HandyTreeView.tsx:424:17

    console.log
      [HandyTreeView] RENDER END #17 {
        internalItemsLength: 3,
        expandedItemsCount: 0,
        selectedItemsCount: 0,
        hasEmptyState: false
      }

      at HandyTreeView (src/components/HandyTreeView/HandyTreeView.tsx:1429:13)

    console.log
      [HandyTreeView] renderTreeItems [rmdpcj3nl] { itemsCount: 3, level: 0, renderId: 17 }

      at src/components/HandyTreeView/HandyTreeView.tsx:1236:17

    console.log
      [HandyTreeView] renderTreeItems [rmdpcj3nl] completed { itemsCount: 3, level: 0, resultCount: 3 }

      at src/components/HandyTreeView/HandyTreeView.tsx:1330:17

    console.log
      [useLazyLoading] useEffect recreate data source { hasRef: true, configEnabled: false }

      at src/hooks/useLazyLoading.ts:222:13

    console.log
      [useLazyLoading] Recreating LazyLoadingDataSource

      at src/hooks/useLazyLoading.ts:228:15

    console.log
      [useLazyLoading] Setting up polling interval

      at src/hooks/useLazyLoading.ts:285:13

    console.log
      [HandyTreeView] useEffect items sync {
        hasDataSource: false,
        itemsLength: 3,
        filteredItemsLength: 3,
        internalItemsLength: 3
      }

      at src/components/HandyTreeView/HandyTreeView.tsx:496:15

    console.log
      [HandyTreeView] Syncing filtered items to internalItems

      at src/components/HandyTreeView/HandyTreeView.tsx:513:21

    console.log
      [HandyTreeView] useEffect fetch root items {
        hasDataSource: false,
        configEnabled: undefined,
        internalItemsLength: 3,
        itemsLength: 3,
        hasFetched: false
      }

      at src/components/HandyTreeView/HandyTreeView.tsx:549:15

    console.log
      [HandyTreeView] Skipping fetch - no dataSource or not enabled

      at src/components/HandyTreeView/HandyTreeView.tsx:559:17

    console.log
      [HandyTreeView] useEffect updateSelectionItems { internalItemsLength: 3 }

      at src/components/HandyTreeView/HandyTreeView.tsx:658:15

    console.log
      [useLazyLoading] Cleaning up polling interval

      at src/hooks/useLazyLoading.ts:293:15
          at Array.forEach (<anonymous>)

    console.log
      [HandyTreeView] RENDER START #18 {
        hasDataSource: false,
        itemsCount: 3,
        hasLazyLoading: false,
        timestamp: 1769005690876
      }

      at HandyTreeView (src/components/HandyTreeView/HandyTreeView.tsx:232:13)

    console.log
      [HandyTreeView] useMemo lazyLoadingConfig { hasDataSource: false, hasLazyLoading: false }

      at src/components/HandyTreeView/HandyTreeView.tsx:306:15

    console.log
      [HandyTreeView] Calling useLazyLoading {
        hasDataSource: false,
        hasConfig: false,
        dataSourceType: 'none',
        dataSourceKeys: []
      }

      at HandyTreeView (src/components/HandyTreeView/HandyTreeView.tsx:321:13)

    console.log
      [useLazyLoading] HOOK CALLED {
        hasDataSource: true,
        configEnabled: false,
        configKeys: [ 'enabled' ]
      }

      at useLazyLoading (src/hooks/useLazyLoading.ts:195:11)

    console.log
      [useLazyLoading] Creating new LazyLoadingDataSource

      at useLazyLoading (src/hooks/useLazyLoading.ts:213:13)

    console.log
      [HandyTreeView] useLazyLoading returned { hasDataSource: true, isLoading: false, stateCacheSize: 0 }

      at HandyTreeView (src/components/HandyTreeView/HandyTreeView.tsx:338:13)

    console.log
      [HandyTreeView] buildFullItemsMap { itemsCount: 3, mapSize: 0 }

      at src/components/HandyTreeView/HandyTreeView.tsx:451:17

    console.log
      [HandyTreeView] applyFiltering { inputCount: 3, hasFilterItems: false, showHiddenFiles: true }

      at src/components/HandyTreeView/HandyTreeView.tsx:424:17

    console.log
      [HandyTreeView] RENDER END #18 {
        internalItemsLength: 3,
        expandedItemsCount: 0,
        selectedItemsCount: 0,
        hasEmptyState: false
      }

      at HandyTreeView (src/components/HandyTreeView/HandyTreeView.tsx:1429:13)

    console.log
      [HandyTreeView] renderTreeItems [40a72i6mf] { itemsCount: 3, level: 0, renderId: 18 }

      at src/components/HandyTreeView/HandyTreeView.tsx:1236:17

    console.log
      [HandyTreeView] renderTreeItems [40a72i6mf] completed { itemsCount: 3, level: 0, resultCount: 3 }

      at src/components/HandyTreeView/HandyTreeView.tsx:1330:17

    console.log
      [useLazyLoading] useEffect recreate data source { hasRef: true, configEnabled: false }

      at src/hooks/useLazyLoading.ts:222:13

    console.log
      [useLazyLoading] Recreating LazyLoadingDataSource

      at src/hooks/useLazyLoading.ts:228:15

    console.log
      [useLazyLoading] Setting up polling interval

      at src/hooks/useLazyLoading.ts:285:13

    console.log
      [HandyTreeView] useEffect items sync {
        hasDataSource: false,
        itemsLength: 3,
        filteredItemsLength: 3,
        internalItemsLength: 3
      }

      at src/components/HandyTreeView/HandyTreeView.tsx:496:15

    console.log
      [HandyTreeView] Syncing filtered items to internalItems

      at src/components/HandyTreeView/HandyTreeView.tsx:513:21

    console.log
      [HandyTreeView] useEffect fetch root items {
        hasDataSource: false,
        configEnabled: undefined,
        internalItemsLength: 3,
        itemsLength: 3,
        hasFetched: false
      }

      at src/components/HandyTreeView/HandyTreeView.tsx:549:15

    console.log
      [HandyTreeView] Skipping fetch - no dataSource or not enabled

      at src/components/HandyTreeView/HandyTreeView.tsx:559:17

    console.log
      [HandyTreeView] useEffect updateSelectionItems { internalItemsLength: 3 }

      at src/components/HandyTreeView/HandyTreeView.tsx:658:15

    console.log
      [HandyTreeView] RENDER START #19 {
        hasDataSource: false,
        itemsCount: 3,
        hasLazyLoading: false,
        timestamp: 1769005690898
      }

      at HandyTreeView (src/components/HandyTreeView/HandyTreeView.tsx:232:13)

    console.log
      [HandyTreeView] Calling useLazyLoading {
        hasDataSource: false,
        hasConfig: false,
        dataSourceType: 'none',
        dataSourceKeys: []
      }

      at HandyTreeView (src/components/HandyTreeView/HandyTreeView.tsx:321:13)

    console.log
      [useLazyLoading] HOOK CALLED {
        hasDataSource: true,
        configEnabled: false,
        configKeys: [ 'enabled' ]
      }

      at useLazyLoading (src/hooks/useLazyLoading.ts:195:11)

    console.log
      [HandyTreeView] useLazyLoading returned { hasDataSource: true, isLoading: false, stateCacheSize: 0 }

      at HandyTreeView (src/components/HandyTreeView/HandyTreeView.tsx:338:13)

    console.log
      [HandyTreeView] buildFullItemsMap { itemsCount: 3, mapSize: 0 }

      at src/components/HandyTreeView/HandyTreeView.tsx:451:17

    console.log
      [HandyTreeView] applyFiltering { inputCount: 3, hasFilterItems: false, showHiddenFiles: true }

      at src/components/HandyTreeView/HandyTreeView.tsx:424:17

    console.log
      [HandyTreeView] RENDER END #19 {
        internalItemsLength: 3,
        expandedItemsCount: 0,
        selectedItemsCount: 0,
        hasEmptyState: false
      }

      at HandyTreeView (src/components/HandyTreeView/HandyTreeView.tsx:1429:13)

    console.log
      [HandyTreeView] renderTreeItems [odm3bowsg] { itemsCount: 3, level: 0, renderId: 19 }

      at src/components/HandyTreeView/HandyTreeView.tsx:1236:17

    console.log
      [HandyTreeView] renderTreeItems [odm3bowsg] completed { itemsCount: 3, level: 0, resultCount: 3 }

      at src/components/HandyTreeView/HandyTreeView.tsx:1330:17

    console.log
      [useLazyLoading] useEffect recreate data source { hasRef: true, configEnabled: false }

      at src/hooks/useLazyLoading.ts:222:13

    console.log
      [useLazyLoading] Recreating LazyLoadingDataSource

      at src/hooks/useLazyLoading.ts:228:15

    console.log
      [HandyTreeView] useEffect items sync {
        hasDataSource: false,
        itemsLength: 3,
        filteredItemsLength: 3,
        internalItemsLength: 3
      }

      at src/components/HandyTreeView/HandyTreeView.tsx:496:15

    console.log
      [HandyTreeView] RENDER START #20 {
        hasDataSource: false,
        itemsCount: 3,
        hasLazyLoading: false,
        timestamp: 1769005690907
      }

      at HandyTreeView (src/components/HandyTreeView/HandyTreeView.tsx:232:13)

    console.log
      [HandyTreeView] Calling useLazyLoading {
        hasDataSource: false,
        hasConfig: false,
        dataSourceType: 'none',
        dataSourceKeys: []
      }

      at HandyTreeView (src/components/HandyTreeView/HandyTreeView.tsx:321:13)

    console.log
      [useLazyLoading] HOOK CALLED {
        hasDataSource: true,
        configEnabled: false,
        configKeys: [ 'enabled' ]
      }

      at useLazyLoading (src/hooks/useLazyLoading.ts:195:11)

    console.log
      [HandyTreeView] useLazyLoading returned { hasDataSource: true, isLoading: false, stateCacheSize: 0 }

      at HandyTreeView (src/components/HandyTreeView/HandyTreeView.tsx:338:13)

    console.log
      [HandyTreeView] buildFullItemsMap { itemsCount: 3, mapSize: 0 }

      at src/components/HandyTreeView/HandyTreeView.tsx:451:17

    console.log
      [HandyTreeView] applyFiltering { inputCount: 3, hasFilterItems: false, showHiddenFiles: true }

      at src/components/HandyTreeView/HandyTreeView.tsx:424:17

    console.log
      [HandyTreeView] RENDER END #20 {
        internalItemsLength: 3,
        expandedItemsCount: 0,
        selectedItemsCount: 0,
        hasEmptyState: false
      }

      at HandyTreeView (src/components/HandyTreeView/HandyTreeView.tsx:1429:13)

    console.log
      [HandyTreeView] renderTreeItems [sn359jxmj] { itemsCount: 3, level: 0, renderId: 20 }

      at src/components/HandyTreeView/HandyTreeView.tsx:1236:17

    console.log
      [HandyTreeView] renderTreeItems [sn359jxmj] completed { itemsCount: 3, level: 0, resultCount: 3 }

      at src/components/HandyTreeView/HandyTreeView.tsx:1330:17

    console.log
      [HandyTreeView] RENDER START #21 {
        hasDataSource: false,
        itemsCount: 3,
        hasLazyLoading: false,
        timestamp: 1769005690915
      }

      at HandyTreeView (src/components/HandyTreeView/HandyTreeView.tsx:232:13)

    console.log
      [HandyTreeView] Calling useLazyLoading {
        hasDataSource: false,
        hasConfig: false,
        dataSourceType: 'none',
        dataSourceKeys: []
      }

      at HandyTreeView (src/components/HandyTreeView/HandyTreeView.tsx:321:13)

    console.log
      [useLazyLoading] HOOK CALLED {
        hasDataSource: true,
        configEnabled: false,
        configKeys: [ 'enabled' ]
      }

      at useLazyLoading (src/hooks/useLazyLoading.ts:195:11)

    console.log
      [HandyTreeView] useLazyLoading returned { hasDataSource: true, isLoading: false, stateCacheSize: 0 }

      at HandyTreeView (src/components/HandyTreeView/HandyTreeView.tsx:338:13)

    console.log
      [HandyTreeView] buildFullItemsMap { itemsCount: 3, mapSize: 0 }

      at src/components/HandyTreeView/HandyTreeView.tsx:451:17

    console.log
      [HandyTreeView] applyFiltering { inputCount: 3, hasFilterItems: false, showHiddenFiles: true }

      at src/components/HandyTreeView/HandyTreeView.tsx:424:17

    console.log
      [HandyTreeView] RENDER END #21 {
        internalItemsLength: 3,
        expandedItemsCount: 0,
        selectedItemsCount: 0,
        hasEmptyState: false
      }

      at HandyTreeView (src/components/HandyTreeView/HandyTreeView.tsx:1429:13)

    console.log
      [HandyTreeView] renderTreeItems [nusb2obu6] { itemsCount: 3, level: 0, renderId: 21 }

      at src/components/HandyTreeView/HandyTreeView.tsx:1236:17

    console.log
      [HandyTreeView] renderTreeItems [nusb2obu6] completed { itemsCount: 3, level: 0, resultCount: 3 }

      at src/components/HandyTreeView/HandyTreeView.tsx:1330:17

    console.log
      [useLazyLoading] useEffect recreate data source { hasRef: true, configEnabled: false }

      at src/hooks/useLazyLoading.ts:222:13

    console.log
      [useLazyLoading] Recreating LazyLoadingDataSource

      at src/hooks/useLazyLoading.ts:228:15

    console.log
      [HandyTreeView] useEffect items sync {
        hasDataSource: false,
        itemsLength: 3,
        filteredItemsLength: 3,
        internalItemsLength: 3
      }

      at src/components/HandyTreeView/HandyTreeView.tsx:496:15

    console.log
      [HandyTreeView] RENDER START #22 {
        hasDataSource: false,
        itemsCount: 3,
        hasLazyLoading: false,
        timestamp: 1769005690923
      }

      at HandyTreeView (src/components/HandyTreeView/HandyTreeView.tsx:232:13)

    console.log
      [HandyTreeView] Calling useLazyLoading {
        hasDataSource: false,
        hasConfig: false,
        dataSourceType: 'none',
        dataSourceKeys: []
      }

      at HandyTreeView (src/components/HandyTreeView/HandyTreeView.tsx:321:13)

    console.log
      [useLazyLoading] HOOK CALLED {
        hasDataSource: true,
        configEnabled: false,
        configKeys: [ 'enabled' ]
      }

      at useLazyLoading (src/hooks/useLazyLoading.ts:195:11)

    console.log
      [HandyTreeView] useLazyLoading returned { hasDataSource: true, isLoading: false, stateCacheSize: 0 }

      at HandyTreeView (src/components/HandyTreeView/HandyTreeView.tsx:338:13)

    console.log
      [HandyTreeView] buildFullItemsMap { itemsCount: 3, mapSize: 0 }

      at src/components/HandyTreeView/HandyTreeView.tsx:451:17

    console.log
      [HandyTreeView] applyFiltering { inputCount: 3, hasFilterItems: false, showHiddenFiles: true }

      at src/components/HandyTreeView/HandyTreeView.tsx:424:17

    console.log
      [HandyTreeView] RENDER END #22 {
        internalItemsLength: 3,
        expandedItemsCount: 0,
        selectedItemsCount: 0,
        hasEmptyState: false
      }

      at HandyTreeView (src/components/HandyTreeView/HandyTreeView.tsx:1429:13)

    console.log
      [HandyTreeView] renderTreeItems [axdh8s11d] { itemsCount: 3, level: 0, renderId: 22 }

      at src/components/HandyTreeView/HandyTreeView.tsx:1236:17

    console.log
      [HandyTreeView] renderTreeItems [axdh8s11d] completed { itemsCount: 3, level: 0, resultCount: 3 }

      at src/components/HandyTreeView/HandyTreeView.tsx:1330:17

    console.log
      [useLazyLoading] useEffect recreate data source { hasRef: true, configEnabled: false }

      at src/hooks/useLazyLoading.ts:222:13

    console.log
      [useLazyLoading] Recreating LazyLoadingDataSource

      at src/hooks/useLazyLoading.ts:228:15

    console.log
      [HandyTreeView] useEffect items sync {
        hasDataSource: false,
        itemsLength: 3,
        filteredItemsLength: 3,
        internalItemsLength: 3
      }

      at src/components/HandyTreeView/HandyTreeView.tsx:496:15

    console.log
      [useLazyLoading] Cleaning up polling interval

      at src/hooks/useLazyLoading.ts:293:15
          at Array.forEach (<anonymous>)

    console.log
      [HandyTreeView] RENDER START #23 {
        hasDataSource: false,
        itemsCount: 3,
        hasLazyLoading: false,
        timestamp: 1769005690936
      }

      at HandyTreeView (src/components/HandyTreeView/HandyTreeView.tsx:232:13)

    console.log
      [HandyTreeView] useMemo lazyLoadingConfig { hasDataSource: false, hasLazyLoading: false }

      at src/components/HandyTreeView/HandyTreeView.tsx:306:15

    console.log
      [HandyTreeView] Calling useLazyLoading {
        hasDataSource: false,
        hasConfig: false,
        dataSourceType: 'none',
        dataSourceKeys: []
      }

      at HandyTreeView (src/components/HandyTreeView/HandyTreeView.tsx:321:13)

    console.log
      [useLazyLoading] HOOK CALLED {
        hasDataSource: true,
        configEnabled: false,
        configKeys: [ 'enabled' ]
      }

      at useLazyLoading (src/hooks/useLazyLoading.ts:195:11)

    console.log
      [useLazyLoading] Creating new LazyLoadingDataSource

      at useLazyLoading (src/hooks/useLazyLoading.ts:213:13)

    console.log
      [HandyTreeView] useLazyLoading returned { hasDataSource: true, isLoading: false, stateCacheSize: 0 }

      at HandyTreeView (src/components/HandyTreeView/HandyTreeView.tsx:338:13)

    console.log
      [HandyTreeView] buildFullItemsMap { itemsCount: 3, mapSize: 0 }

      at src/components/HandyTreeView/HandyTreeView.tsx:451:17

    console.log
      [HandyTreeView] applyFiltering { inputCount: 3, hasFilterItems: false, showHiddenFiles: true }

      at src/components/HandyTreeView/HandyTreeView.tsx:424:17

    console.log
      [HandyTreeView] RENDER END #23 {
        internalItemsLength: 3,
        expandedItemsCount: 0,
        selectedItemsCount: 0,
        hasEmptyState: false
      }

      at HandyTreeView (src/components/HandyTreeView/HandyTreeView.tsx:1429:13)

    console.log
      [HandyTreeView] renderTreeItems [nbjatpfgh] { itemsCount: 3, level: 0, renderId: 23 }

      at src/components/HandyTreeView/HandyTreeView.tsx:1236:17

    console.log
      [HandyTreeView] renderTreeItems [nbjatpfgh] completed { itemsCount: 3, level: 0, resultCount: 3 }

      at src/components/HandyTreeView/HandyTreeView.tsx:1330:17

    console.log
      [useLazyLoading] useEffect recreate data source { hasRef: true, configEnabled: false }

      at src/hooks/useLazyLoading.ts:222:13

    console.log
      [useLazyLoading] Recreating LazyLoadingDataSource

      at src/hooks/useLazyLoading.ts:228:15

    console.log
      [useLazyLoading] Setting up polling interval

      at src/hooks/useLazyLoading.ts:285:13

    console.log
      [HandyTreeView] useEffect items sync {
        hasDataSource: false,
        itemsLength: 3,
        filteredItemsLength: 3,
        internalItemsLength: 3
      }

      at src/components/HandyTreeView/HandyTreeView.tsx:496:15

    console.log
      [HandyTreeView] Syncing filtered items to internalItems

      at src/components/HandyTreeView/HandyTreeView.tsx:513:21

    console.log
      [HandyTreeView] useEffect fetch root items {
        hasDataSource: false,
        configEnabled: undefined,
        internalItemsLength: 3,
        itemsLength: 3,
        hasFetched: false
      }

      at src/components/HandyTreeView/HandyTreeView.tsx:549:15

    console.log
      [HandyTreeView] Skipping fetch - no dataSource or not enabled

      at src/components/HandyTreeView/HandyTreeView.tsx:559:17

    console.log
      [HandyTreeView] useEffect updateSelectionItems { internalItemsLength: 3 }

      at src/components/HandyTreeView/HandyTreeView.tsx:658:15

    console.log
      [HandyTreeView] RENDER START #24 {
        hasDataSource: false,
        itemsCount: 3,
        hasLazyLoading: false,
        timestamp: 1769005690951
      }

      at HandyTreeView (src/components/HandyTreeView/HandyTreeView.tsx:232:13)

    console.log
      [HandyTreeView] Calling useLazyLoading {
        hasDataSource: false,
        hasConfig: false,
        dataSourceType: 'none',
        dataSourceKeys: []
      }

      at HandyTreeView (src/components/HandyTreeView/HandyTreeView.tsx:321:13)

    console.log
      [useLazyLoading] HOOK CALLED {
        hasDataSource: true,
        configEnabled: false,
        configKeys: [ 'enabled' ]
      }

      at useLazyLoading (src/hooks/useLazyLoading.ts:195:11)

    console.log
      [HandyTreeView] useLazyLoading returned { hasDataSource: true, isLoading: false, stateCacheSize: 0 }

      at HandyTreeView (src/components/HandyTreeView/HandyTreeView.tsx:338:13)

    console.log
      [HandyTreeView] buildFullItemsMap { itemsCount: 3, mapSize: 0 }

      at src/components/HandyTreeView/HandyTreeView.tsx:451:17

    console.log
      [HandyTreeView] applyFiltering { inputCount: 3, hasFilterItems: false, showHiddenFiles: true }

      at src/components/HandyTreeView/HandyTreeView.tsx:424:17

    console.log
      [HandyTreeView] RENDER END #24 {
        internalItemsLength: 3,
        expandedItemsCount: 0,
        selectedItemsCount: 0,
        hasEmptyState: false
      }

      at HandyTreeView (src/components/HandyTreeView/HandyTreeView.tsx:1429:13)

    console.log
      [HandyTreeView] renderTreeItems [sti1z2b83] { itemsCount: 3, level: 0, renderId: 24 }

      at src/components/HandyTreeView/HandyTreeView.tsx:1236:17

    console.log
      [HandyTreeView] renderTreeItems [sti1z2b83] completed { itemsCount: 3, level: 0, resultCount: 3 }

      at src/components/HandyTreeView/HandyTreeView.tsx:1330:17

    console.log
      [useLazyLoading] useEffect recreate data source { hasRef: true, configEnabled: false }

      at src/hooks/useLazyLoading.ts:222:13

    console.log
      [useLazyLoading] Recreating LazyLoadingDataSource

      at src/hooks/useLazyLoading.ts:228:15

    console.log
      [HandyTreeView] useEffect items sync {
        hasDataSource: false,
        itemsLength: 3,
        filteredItemsLength: 3,
        internalItemsLength: 3
      }

      at src/components/HandyTreeView/HandyTreeView.tsx:496:15

    console.log
      [HandyTreeView] RENDER START #25 {
        hasDataSource: false,
        itemsCount: 3,
        hasLazyLoading: false,
        timestamp: 1769005690962
      }

      at HandyTreeView (src/components/HandyTreeView/HandyTreeView.tsx:232:13)

    console.log
      [HandyTreeView] Calling useLazyLoading {
        hasDataSource: false,
        hasConfig: false,
        dataSourceType: 'none',
        dataSourceKeys: []
      }

      at HandyTreeView (src/components/HandyTreeView/HandyTreeView.tsx:321:13)

    console.log
      [useLazyLoading] HOOK CALLED {
        hasDataSource: true,
        configEnabled: false,
        configKeys: [ 'enabled' ]
      }

      at useLazyLoading (src/hooks/useLazyLoading.ts:195:11)

    console.log
      [HandyTreeView] useLazyLoading returned { hasDataSource: true, isLoading: false, stateCacheSize: 0 }

      at HandyTreeView (src/components/HandyTreeView/HandyTreeView.tsx:338:13)

    console.log
      [HandyTreeView] buildFullItemsMap { itemsCount: 3, mapSize: 0 }

      at src/components/HandyTreeView/HandyTreeView.tsx:451:17

    console.log
      [HandyTreeView] applyFiltering { inputCount: 3, hasFilterItems: false, showHiddenFiles: true }

      at src/components/HandyTreeView/HandyTreeView.tsx:424:17

    console.log
      [HandyTreeView] RENDER END #25 {
        internalItemsLength: 3,
        expandedItemsCount: 0,
        selectedItemsCount: 0,
        hasEmptyState: false
      }

      at HandyTreeView (src/components/HandyTreeView/HandyTreeView.tsx:1429:13)

    console.log
      [HandyTreeView] renderTreeItems [qrq0vat9t] { itemsCount: 3, level: 0, renderId: 25 }

      at src/components/HandyTreeView/HandyTreeView.tsx:1236:17

    console.log
      [HandyTreeView] renderTreeItems [qrq0vat9t] completed { itemsCount: 3, level: 0, resultCount: 3 }

      at src/components/HandyTreeView/HandyTreeView.tsx:1330:17

    console.log
      [HandyTreeView] RENDER START #26 {
        hasDataSource: false,
        itemsCount: 3,
        hasLazyLoading: false,
        timestamp: 1769005690966
      }

      at HandyTreeView (src/components/HandyTreeView/HandyTreeView.tsx:232:13)

    console.log
      [HandyTreeView] Calling useLazyLoading {
        hasDataSource: false,
        hasConfig: false,
        dataSourceType: 'none',
        dataSourceKeys: []
      }

      at HandyTreeView (src/components/HandyTreeView/HandyTreeView.tsx:321:13)

    console.log
      [useLazyLoading] HOOK CALLED {
        hasDataSource: true,
        configEnabled: false,
        configKeys: [ 'enabled' ]
      }

      at useLazyLoading (src/hooks/useLazyLoading.ts:195:11)

    console.log
      [HandyTreeView] useLazyLoading returned { hasDataSource: true, isLoading: false, stateCacheSize: 0 }

      at HandyTreeView (src/components/HandyTreeView/HandyTreeView.tsx:338:13)

    console.log
      [HandyTreeView] buildFullItemsMap { itemsCount: 3, mapSize: 0 }

      at src/components/HandyTreeView/HandyTreeView.tsx:451:17

    console.log
      [HandyTreeView] applyFiltering { inputCount: 3, hasFilterItems: false, showHiddenFiles: true }

      at src/components/HandyTreeView/HandyTreeView.tsx:424:17

    console.log
      [HandyTreeView] RENDER END #26 {
        internalItemsLength: 3,
        expandedItemsCount: 0,
        selectedItemsCount: 0,
        hasEmptyState: false
      }

      at HandyTreeView (src/components/HandyTreeView/HandyTreeView.tsx:1429:13)

    console.log
      [HandyTreeView] renderTreeItems [cvgpho26r] { itemsCount: 3, level: 0, renderId: 26 }

      at src/components/HandyTreeView/HandyTreeView.tsx:1236:17

    console.log
      [HandyTreeView] renderTreeItems [cvgpho26r] completed { itemsCount: 3, level: 0, resultCount: 3 }

      at src/components/HandyTreeView/HandyTreeView.tsx:1330:17

    console.log
      [useLazyLoading] useEffect recreate data source { hasRef: true, configEnabled: false }

      at src/hooks/useLazyLoading.ts:222:13

    console.log
      [useLazyLoading] Recreating LazyLoadingDataSource

      at src/hooks/useLazyLoading.ts:228:15

    console.log
      [HandyTreeView] useEffect items sync {
        hasDataSource: false,
        itemsLength: 3,
        filteredItemsLength: 3,
        internalItemsLength: 3
      }

      at src/components/HandyTreeView/HandyTreeView.tsx:496:15

    console.log
      [HandyTreeView] RENDER START #27 {
        hasDataSource: false,
        itemsCount: 3,
        hasLazyLoading: false,
        timestamp: 1769005690978
      }

      at HandyTreeView (src/components/HandyTreeView/HandyTreeView.tsx:232:13)

    console.log
      [HandyTreeView] Calling useLazyLoading {
        hasDataSource: false,
        hasConfig: false,
        dataSourceType: 'none',
        dataSourceKeys: []
      }

      at HandyTreeView (src/components/HandyTreeView/HandyTreeView.tsx:321:13)

    console.log
      [useLazyLoading] HOOK CALLED {
        hasDataSource: true,
        configEnabled: false,
        configKeys: [ 'enabled' ]
      }

      at useLazyLoading (src/hooks/useLazyLoading.ts:195:11)

    console.log
      [HandyTreeView] useLazyLoading returned { hasDataSource: true, isLoading: false, stateCacheSize: 0 }

      at HandyTreeView (src/components/HandyTreeView/HandyTreeView.tsx:338:13)

    console.log
      [HandyTreeView] buildFullItemsMap { itemsCount: 3, mapSize: 0 }

      at src/components/HandyTreeView/HandyTreeView.tsx:451:17

    console.log
      [HandyTreeView] applyFiltering { inputCount: 3, hasFilterItems: false, showHiddenFiles: true }

      at src/components/HandyTreeView/HandyTreeView.tsx:424:17

    console.log
      [HandyTreeView] RENDER END #27 {
        internalItemsLength: 3,
        expandedItemsCount: 0,
        selectedItemsCount: 0,
        hasEmptyState: false
      }

      at HandyTreeView (src/components/HandyTreeView/HandyTreeView.tsx:1429:13)

    console.log
      [HandyTreeView] renderTreeItems [83tlqjfmh] { itemsCount: 3, level: 0, renderId: 27 }

      at src/components/HandyTreeView/HandyTreeView.tsx:1236:17

    console.log
      [HandyTreeView] renderTreeItems [83tlqjfmh] completed { itemsCount: 3, level: 0, resultCount: 3 }

      at src/components/HandyTreeView/HandyTreeView.tsx:1330:17

    console.log
      [useLazyLoading] useEffect recreate data source { hasRef: true, configEnabled: false }

      at src/hooks/useLazyLoading.ts:222:13

    console.log
      [useLazyLoading] Recreating LazyLoadingDataSource

      at src/hooks/useLazyLoading.ts:228:15

    console.log
      [HandyTreeView] useEffect items sync {
        hasDataSource: false,
        itemsLength: 3,
        filteredItemsLength: 3,
        internalItemsLength: 3
      }

      at src/components/HandyTreeView/HandyTreeView.tsx:496:15

    console.log
      [HandyTreeView] useEffect updateSelectionItems { internalItemsLength: 3 }

      at src/components/HandyTreeView/HandyTreeView.tsx:658:15

    console.log
      [useLazyLoading] Cleaning up polling interval

      at src/hooks/useLazyLoading.ts:293:15
          at Array.forEach (<anonymous>)

    console.log
      [HandyTreeView] RENDER START #28 {
        hasDataSource: false,
        itemsCount: 3,
        hasLazyLoading: false,
        timestamp: 1769005690993
      }

      at HandyTreeView (src/components/HandyTreeView/HandyTreeView.tsx:232:13)

    console.log
      [HandyTreeView] useMemo lazyLoadingConfig { hasDataSource: false, hasLazyLoading: false }

      at src/components/HandyTreeView/HandyTreeView.tsx:306:15

    console.log
      [HandyTreeView] Calling useLazyLoading {
        hasDataSource: false,
        hasConfig: false,
        dataSourceType: 'none',
        dataSourceKeys: []
      }

      at HandyTreeView (src/components/HandyTreeView/HandyTreeView.tsx:321:13)

    console.log
      [useLazyLoading] HOOK CALLED {
        hasDataSource: true,
        configEnabled: false,
        configKeys: [ 'enabled' ]
      }

      at useLazyLoading (src/hooks/useLazyLoading.ts:195:11)

    console.log
      [useLazyLoading] Creating new LazyLoadingDataSource

      at useLazyLoading (src/hooks/useLazyLoading.ts:213:13)

    console.log
      [HandyTreeView] useLazyLoading returned { hasDataSource: true, isLoading: false, stateCacheSize: 0 }

      at HandyTreeView (src/components/HandyTreeView/HandyTreeView.tsx:338:13)

    console.log
      [HandyTreeView] buildFullItemsMap { itemsCount: 3, mapSize: 0 }

      at src/components/HandyTreeView/HandyTreeView.tsx:451:17

    console.log
      [HandyTreeView] applyFiltering { inputCount: 3, hasFilterItems: false, showHiddenFiles: true }

      at src/components/HandyTreeView/HandyTreeView.tsx:424:17

    console.log
      [HandyTreeView] RENDER END #28 {
        internalItemsLength: 3,
        expandedItemsCount: 0,
        selectedItemsCount: 0,
        hasEmptyState: false
      }

      at HandyTreeView (src/components/HandyTreeView/HandyTreeView.tsx:1429:13)

    console.log
      [HandyTreeView] renderTreeItems [agh7c8o52] { itemsCount: 3, level: 0, renderId: 28 }

      at src/components/HandyTreeView/HandyTreeView.tsx:1236:17

    console.log
      [HandyTreeView] renderTreeItems [agh7c8o52] completed { itemsCount: 3, level: 0, resultCount: 3 }

      at src/components/HandyTreeView/HandyTreeView.tsx:1330:17

    console.log
      [useLazyLoading] useEffect recreate data source { hasRef: true, configEnabled: false }

      at src/hooks/useLazyLoading.ts:222:13

    console.log
      [useLazyLoading] Recreating LazyLoadingDataSource

      at src/hooks/useLazyLoading.ts:228:15

    console.log
      [useLazyLoading] Setting up polling interval

      at src/hooks/useLazyLoading.ts:285:13

    console.log
      [HandyTreeView] useEffect items sync {
        hasDataSource: false,
        itemsLength: 3,
        filteredItemsLength: 3,
        internalItemsLength: 3
      }

      at src/components/HandyTreeView/HandyTreeView.tsx:496:15

    console.log
      [HandyTreeView] Syncing filtered items to internalItems

      at src/components/HandyTreeView/HandyTreeView.tsx:513:21

    console.log
      [HandyTreeView] useEffect fetch root items {
        hasDataSource: false,
        configEnabled: undefined,
        internalItemsLength: 3,
        itemsLength: 3,
        hasFetched: false
      }

      at src/components/HandyTreeView/HandyTreeView.tsx:549:15

    console.log
      [HandyTreeView] Skipping fetch - no dataSource or not enabled

      at src/components/HandyTreeView/HandyTreeView.tsx:559:17

    console.log
      [HandyTreeView] useEffect updateSelectionItems { internalItemsLength: 3 }

      at src/components/HandyTreeView/HandyTreeView.tsx:658:15

    console.log
      [HandyTreeView] RENDER START #29 {
        hasDataSource: false,
        itemsCount: 3,
        hasLazyLoading: false,
        timestamp: 1769005691009
      }

      at HandyTreeView (src/components/HandyTreeView/HandyTreeView.tsx:232:13)

    console.log
      [HandyTreeView] Calling useLazyLoading {
        hasDataSource: false,
        hasConfig: false,
        dataSourceType: 'none',
        dataSourceKeys: []
      }

      at HandyTreeView (src/components/HandyTreeView/HandyTreeView.tsx:321:13)

    console.log
      [useLazyLoading] HOOK CALLED {
        hasDataSource: true,
        configEnabled: false,
        configKeys: [ 'enabled' ]
      }

      at useLazyLoading (src/hooks/useLazyLoading.ts:195:11)

    console.log
      [HandyTreeView] useLazyLoading returned { hasDataSource: true, isLoading: false, stateCacheSize: 0 }

      at HandyTreeView (src/components/HandyTreeView/HandyTreeView.tsx:338:13)

    console.log
      [HandyTreeView] buildFullItemsMap { itemsCount: 3, mapSize: 0 }

      at src/components/HandyTreeView/HandyTreeView.tsx:451:17

    console.log
      [HandyTreeView] applyFiltering { inputCount: 3, hasFilterItems: false, showHiddenFiles: true }

      at src/components/HandyTreeView/HandyTreeView.tsx:424:17

    console.log
      [HandyTreeView] RENDER END #29 {
        internalItemsLength: 3,
        expandedItemsCount: 0,
        selectedItemsCount: 0,
        hasEmptyState: false
      }

      at HandyTreeView (src/components/HandyTreeView/HandyTreeView.tsx:1429:13)

    console.log
      [HandyTreeView] renderTreeItems [mh7gtqhh0] { itemsCount: 3, level: 0, renderId: 29 }

      at src/components/HandyTreeView/HandyTreeView.tsx:1236:17

    console.log
      [HandyTreeView] renderTreeItems [mh7gtqhh0] completed { itemsCount: 3, level: 0, resultCount: 3 }

      at src/components/HandyTreeView/HandyTreeView.tsx:1330:17

    console.log
      [useLazyLoading] useEffect recreate data source { hasRef: true, configEnabled: false }

      at src/hooks/useLazyLoading.ts:222:13

    console.log
      [useLazyLoading] Recreating LazyLoadingDataSource

      at src/hooks/useLazyLoading.ts:228:15

    console.log
      [HandyTreeView] useEffect items sync {
        hasDataSource: false,
        itemsLength: 3,
        filteredItemsLength: 3,
        internalItemsLength: 3
      }

      at src/components/HandyTreeView/HandyTreeView.tsx:496:15

    console.log
      [HandyTreeView] RENDER START #30 {
        hasDataSource: false,
        itemsCount: 3,
        hasLazyLoading: false,
        timestamp: 1769005691021
      }

      at HandyTreeView (src/components/HandyTreeView/HandyTreeView.tsx:232:13)

    console.log
      [HandyTreeView] Calling useLazyLoading {
        hasDataSource: false,
        hasConfig: false,
        dataSourceType: 'none',
        dataSourceKeys: []
      }

      at HandyTreeView (src/components/HandyTreeView/HandyTreeView.tsx:321:13)

    console.log
      [useLazyLoading] HOOK CALLED {
        hasDataSource: true,
        configEnabled: false,
        configKeys: [ 'enabled' ]
      }

      at useLazyLoading (src/hooks/useLazyLoading.ts:195:11)

    console.log
      [HandyTreeView] useLazyLoading returned { hasDataSource: true, isLoading: false, stateCacheSize: 0 }

      at HandyTreeView (src/components/HandyTreeView/HandyTreeView.tsx:338:13)

    console.log
      [HandyTreeView] buildFullItemsMap { itemsCount: 3, mapSize: 0 }

      at src/components/HandyTreeView/HandyTreeView.tsx:451:17

    console.log
      [HandyTreeView] applyFiltering { inputCount: 3, hasFilterItems: false, showHiddenFiles: true }

      at src/components/HandyTreeView/HandyTreeView.tsx:424:17

    console.log
      [HandyTreeView] RENDER END #30 {
        internalItemsLength: 3,
        expandedItemsCount: 0,
        selectedItemsCount: 0,
        hasEmptyState: false
      }

      at HandyTreeView (src/components/HandyTreeView/HandyTreeView.tsx:1429:13)

    console.log
      [HandyTreeView] renderTreeItems [5t35mkfgh] { itemsCount: 3, level: 0, renderId: 30 }

      at src/components/HandyTreeView/HandyTreeView.tsx:1236:17

    console.log
      [HandyTreeView] renderTreeItems [5t35mkfgh] completed { itemsCount: 3, level: 0, resultCount: 3 }

      at src/components/HandyTreeView/HandyTreeView.tsx:1330:17

    console.log
      [HandyTreeView] RENDER START #31 {
        hasDataSource: false,
        itemsCount: 3,
        hasLazyLoading: false,
        timestamp: 1769005691026
      }

      at HandyTreeView (src/components/HandyTreeView/HandyTreeView.tsx:232:13)

    console.log
      [HandyTreeView] Calling useLazyLoading {
        hasDataSource: false,
        hasConfig: false,
        dataSourceType: 'none',
        dataSourceKeys: []
      }

      at HandyTreeView (src/components/HandyTreeView/HandyTreeView.tsx:321:13)

    console.log
      [useLazyLoading] HOOK CALLED {
        hasDataSource: true,
        configEnabled: false,
        configKeys: [ 'enabled' ]
      }

      at useLazyLoading (src/hooks/useLazyLoading.ts:195:11)

    console.log
      [HandyTreeView] useLazyLoading returned { hasDataSource: true, isLoading: false, stateCacheSize: 0 }

      at HandyTreeView (src/components/HandyTreeView/HandyTreeView.tsx:338:13)

    console.log
      [HandyTreeView] buildFullItemsMap { itemsCount: 3, mapSize: 0 }

      at src/components/HandyTreeView/HandyTreeView.tsx:451:17

    console.log
      [HandyTreeView] applyFiltering { inputCount: 3, hasFilterItems: false, showHiddenFiles: true }

      at src/components/HandyTreeView/HandyTreeView.tsx:424:17

    console.log
      [HandyTreeView] RENDER END #31 {
        internalItemsLength: 3,
        expandedItemsCount: 0,
        selectedItemsCount: 0,
        hasEmptyState: false
      }

      at HandyTreeView (src/components/HandyTreeView/HandyTreeView.tsx:1429:13)

    console.log
      [HandyTreeView] renderTreeItems [ivu1kkssq] { itemsCount: 3, level: 0, renderId: 31 }

      at src/components/HandyTreeView/HandyTreeView.tsx:1236:17

    console.log
      [HandyTreeView] renderTreeItems [ivu1kkssq] completed { itemsCount: 3, level: 0, resultCount: 3 }

      at src/components/HandyTreeView/HandyTreeView.tsx:1330:17

    console.log
      [useLazyLoading] useEffect recreate data source { hasRef: true, configEnabled: false }

      at src/hooks/useLazyLoading.ts:222:13

    console.log
      [useLazyLoading] Recreating LazyLoadingDataSource

      at src/hooks/useLazyLoading.ts:228:15

    console.log
      [HandyTreeView] useEffect items sync {
        hasDataSource: false,
        itemsLength: 3,
        filteredItemsLength: 3,
        internalItemsLength: 3
      }

      at src/components/HandyTreeView/HandyTreeView.tsx:496:15

    console.log
      [HandyTreeView] RENDER START #32 {
        hasDataSource: false,
        itemsCount: 3,
        hasLazyLoading: false,
        timestamp: 1769005691059
      }

      at HandyTreeView (src/components/HandyTreeView/HandyTreeView.tsx:232:13)

    console.log
      [HandyTreeView] Calling useLazyLoading {
        hasDataSource: false,
        hasConfig: false,
        dataSourceType: 'none',
        dataSourceKeys: []
      }

      at HandyTreeView (src/components/HandyTreeView/HandyTreeView.tsx:321:13)

    console.log
      [useLazyLoading] HOOK CALLED {
        hasDataSource: true,
        configEnabled: false,
        configKeys: [ 'enabled' ]
      }

      at useLazyLoading (src/hooks/useLazyLoading.ts:195:11)

    console.log
      [HandyTreeView] useLazyLoading returned { hasDataSource: true, isLoading: false, stateCacheSize: 0 }

      at HandyTreeView (src/components/HandyTreeView/HandyTreeView.tsx:338:13)

    console.log
      [HandyTreeView] buildFullItemsMap { itemsCount: 3, mapSize: 0 }

      at src/components/HandyTreeView/HandyTreeView.tsx:451:17

    console.log
      [HandyTreeView] applyFiltering { inputCount: 3, hasFilterItems: false, showHiddenFiles: true }

      at src/components/HandyTreeView/HandyTreeView.tsx:424:17

    console.log
      [HandyTreeView] RENDER END #32 {
        internalItemsLength: 3,
        expandedItemsCount: 0,
        selectedItemsCount: 0,
        hasEmptyState: false
      }

      at HandyTreeView (src/components/HandyTreeView/HandyTreeView.tsx:1429:13)

    console.log
      [HandyTreeView] renderTreeItems [vpvv6qsq8] { itemsCount: 3, level: 0, renderId: 32 }

      at src/components/HandyTreeView/HandyTreeView.tsx:1236:17

    console.log
      [HandyTreeView] renderTreeItems [vpvv6qsq8] completed { itemsCount: 3, level: 0, resultCount: 3 }

      at src/components/HandyTreeView/HandyTreeView.tsx:1330:17

    console.log
      [useLazyLoading] useEffect recreate data source { hasRef: true, configEnabled: false }

      at src/hooks/useLazyLoading.ts:222:13

    console.log
      [useLazyLoading] Recreating LazyLoadingDataSource

      at src/hooks/useLazyLoading.ts:228:15

    console.log
      [HandyTreeView] useEffect items sync {
        hasDataSource: false,
        itemsLength: 3,
        filteredItemsLength: 3,
        internalItemsLength: 3
      }

      at src/components/HandyTreeView/HandyTreeView.tsx:496:15

    console.log
      [HandyTreeView] useEffect updateSelectionItems { internalItemsLength: 3 }

      at src/components/HandyTreeView/HandyTreeView.tsx:658:15

    console.log
      [useLazyLoading] Cleaning up polling interval

      at src/hooks/useLazyLoading.ts:293:15
          at Array.forEach (<anonymous>)

PASS __tests__/HandyTreeView.api.test.tsx (21.627 s)
  ΓùÅ Console

    console.log
      [HandyTreeView] RENDER START #1 {
        hasDataSource: false,
        itemsCount: 2,
        hasLazyLoading: false,
        timestamp: 1769005690048
      }

      at HandyTreeView (src/components/HandyTreeView/HandyTreeView.tsx:232:13)

    console.log
      [HandyTreeView] useMemo lazyLoadingConfig { hasDataSource: false, hasLazyLoading: false }

      at src/components/HandyTreeView/HandyTreeView.tsx:306:15

    console.log
      [HandyTreeView] Calling useLazyLoading {
        hasDataSource: false,
        hasConfig: false,
        dataSourceType: 'none',
        dataSourceKeys: []
      }

      at HandyTreeView (src/components/HandyTreeView/HandyTreeView.tsx:321:13)

    console.log
      [useLazyLoading] HOOK CALLED {
        hasDataSource: true,
        configEnabled: false,
        configKeys: [ 'enabled' ]
      }

      at useLazyLoading (src/hooks/useLazyLoading.ts:195:11)

    console.log
      [useLazyLoading] Creating new LazyLoadingDataSource

      at useLazyLoading (src/hooks/useLazyLoading.ts:213:13)

    console.log
      [HandyTreeView] useLazyLoading returned { hasDataSource: true, isLoading: false, stateCacheSize: 0 }

      at HandyTreeView (src/components/HandyTreeView/HandyTreeView.tsx:338:13)

    console.log
      [HandyTreeView] buildFullItemsMap { itemsCount: 2, mapSize: 0 }

      at src/components/HandyTreeView/HandyTreeView.tsx:451:17

    console.log
      [HandyTreeView] buildFullItemsMap { itemsCount: 2, mapSize: 1 }

      at src/components/HandyTreeView/HandyTreeView.tsx:451:17
          at Array.forEach (<anonymous>)

    console.log
      [HandyTreeView] buildFullItemsMap { itemsCount: 2, mapSize: 4 }

      at src/components/HandyTreeView/HandyTreeView.tsx:451:17
          at Array.forEach (<anonymous>)

    console.log
      [HandyTreeView] applyFiltering { inputCount: 2, hasFilterItems: false, showHiddenFiles: true }

      at src/components/HandyTreeView/HandyTreeView.tsx:424:17

    console.log
      [HandyTreeView] RENDER END #1 {
        internalItemsLength: 2,
        expandedItemsCount: 0,
        selectedItemsCount: 0,
        hasEmptyState: false
      }

      at HandyTreeView (src/components/HandyTreeView/HandyTreeView.tsx:1429:13)

    console.log
      [HandyTreeView] renderTreeItems [huot7cdmu] { itemsCount: 2, level: 0, renderId: 1 }

      at src/components/HandyTreeView/HandyTreeView.tsx:1236:17

    console.log
      [HandyTreeView] renderTreeItems [huot7cdmu] completed { itemsCount: 2, level: 0, resultCount: 2 }

      at src/components/HandyTreeView/HandyTreeView.tsx:1330:17

    console.log
      [useLazyLoading] useEffect recreate data source { hasRef: true, configEnabled: false }

      at src/hooks/useLazyLoading.ts:222:13

    console.log
      [useLazyLoading] Recreating LazyLoadingDataSource

      at src/hooks/useLazyLoading.ts:228:15

    console.log
      [useLazyLoading] Setting up polling interval

      at src/hooks/useLazyLoading.ts:285:13

    console.log
      [HandyTreeView] useEffect items sync {
        hasDataSource: false,
        itemsLength: 2,
        filteredItemsLength: 2,
        internalItemsLength: 2
      }

      at src/components/HandyTreeView/HandyTreeView.tsx:496:15

    console.log
      [HandyTreeView] Syncing filtered items to internalItems

      at src/components/HandyTreeView/HandyTreeView.tsx:513:21

    console.log
      [HandyTreeView] useEffect fetch root items {
        hasDataSource: false,
        configEnabled: undefined,
        internalItemsLength: 2,
        itemsLength: 2,
        hasFetched: false
      }

      at src/components/HandyTreeView/HandyTreeView.tsx:549:15

    console.log
      [HandyTreeView] Skipping fetch - no dataSource or not enabled

      at src/components/HandyTreeView/HandyTreeView.tsx:559:17

    console.log
      [HandyTreeView] useEffect updateSelectionItems { internalItemsLength: 2 }

      at src/components/HandyTreeView/HandyTreeView.tsx:658:15

    console.log
      [useLazyLoading] Cleaning up polling interval

      at src/hooks/useLazyLoading.ts:293:15
          at Array.forEach (<anonymous>)

    console.log
      [HandyTreeView] RENDER START #2 {
        hasDataSource: false,
        itemsCount: 2,
        hasLazyLoading: false,
        timestamp: 1769005690205
      }

      at HandyTreeView (src/components/HandyTreeView/HandyTreeView.tsx:232:13)

    console.log
      [HandyTreeView] useMemo lazyLoadingConfig { hasDataSource: false, hasLazyLoading: false }

      at src/components/HandyTreeView/HandyTreeView.tsx:306:15

    console.log
      [HandyTreeView] Calling useLazyLoading {
        hasDataSource: false,
        hasConfig: false,
        dataSourceType: 'none',
        dataSourceKeys: []
      }

      at HandyTreeView (src/components/HandyTreeView/HandyTreeView.tsx:321:13)

    console.log
      [useLazyLoading] HOOK CALLED {
        hasDataSource: true,
        configEnabled: false,
        configKeys: [ 'enabled' ]
      }

      at useLazyLoading (src/hooks/useLazyLoading.ts:195:11)

    console.log
      [useLazyLoading] Creating new LazyLoadingDataSource

      at useLazyLoading (src/hooks/useLazyLoading.ts:213:13)

    console.log
      [HandyTreeView] useLazyLoading returned { hasDataSource: true, isLoading: false, stateCacheSize: 0 }

      at HandyTreeView (src/components/HandyTreeView/HandyTreeView.tsx:338:13)

    console.log
      [HandyTreeView] buildFullItemsMap { itemsCount: 2, mapSize: 0 }

      at src/components/HandyTreeView/HandyTreeView.tsx:451:17

    console.log
      [HandyTreeView] buildFullItemsMap { itemsCount: 2, mapSize: 1 }

      at src/components/HandyTreeView/HandyTreeView.tsx:451:17
          at Array.forEach (<anonymous>)

    console.log
      [HandyTreeView] buildFullItemsMap { itemsCount: 2, mapSize: 4 }

      at src/components/HandyTreeView/HandyTreeView.tsx:451:17
          at Array.forEach (<anonymous>)

    console.log
      [HandyTreeView] applyFiltering { inputCount: 2, hasFilterItems: false, showHiddenFiles: true }

      at src/components/HandyTreeView/HandyTreeView.tsx:424:17

    console.log
      [HandyTreeView] RENDER END #2 {
        internalItemsLength: 2,
        expandedItemsCount: 0,
        selectedItemsCount: 0,
        hasEmptyState: false
      }

      at HandyTreeView (src/components/HandyTreeView/HandyTreeView.tsx:1429:13)

    console.log
      [HandyTreeView] renderTreeItems [inolumqmp] { itemsCount: 2, level: 0, renderId: 2 }

      at src/components/HandyTreeView/HandyTreeView.tsx:1236:17

    console.log
      [HandyTreeView] renderTreeItems [inolumqmp] completed { itemsCount: 2, level: 0, resultCount: 2 }

      at src/components/HandyTreeView/HandyTreeView.tsx:1330:17

    console.log
      [useLazyLoading] useEffect recreate data source { hasRef: true, configEnabled: false }

      at src/hooks/useLazyLoading.ts:222:13

    console.log
      [useLazyLoading] Recreating LazyLoadingDataSource

      at src/hooks/useLazyLoading.ts:228:15

    console.log
      [useLazyLoading] Setting up polling interval

      at src/hooks/useLazyLoading.ts:285:13

    console.log
      [HandyTreeView] useEffect items sync {
        hasDataSource: false,
        itemsLength: 2,
        filteredItemsLength: 2,
        internalItemsLength: 2
      }

      at src/components/HandyTreeView/HandyTreeView.tsx:496:15

    console.log
      [HandyTreeView] Syncing filtered items to internalItems

      at src/components/HandyTreeView/HandyTreeView.tsx:513:21

    console.log
      [HandyTreeView] useEffect fetch root items {
        hasDataSource: false,
        configEnabled: undefined,
        internalItemsLength: 2,
        itemsLength: 2,
        hasFetched: false
      }

      at src/components/HandyTreeView/HandyTreeView.tsx:549:15

    console.log
      [HandyTreeView] Skipping fetch - no dataSource or not enabled

      at src/components/HandyTreeView/HandyTreeView.tsx:559:17

    console.log
      [HandyTreeView] useEffect updateSelectionItems { internalItemsLength: 2 }

      at src/components/HandyTreeView/HandyTreeView.tsx:658:15

    console.error
      An update to HandyTreeView inside a test was not wrapped in act(...).
      
      When testing, code that causes React state updates should be wrapped into act(...):
      
      act(() => {
        /* fire events that update state */
      });
      /* assert on the output */
      
      This ensures that you're testing the behavior the user would see in the browser. Learn more at https://react.dev/link/wrap-tests-with-act

      122 |           element.focus();
      123 |         }
    > 124 |         setFocusedItemId(itemId);
          |         ^
      125 |       },
      126 |
      127 |       getItem: (itemId: TreeViewItemId): TreeViewItem | null => {

      at node_modules/react-dom/cjs/react-dom-client.development.js:18758:19
      at runWithFiberInDEV (node_modules/react-dom/cjs/react-dom-client.development.js:874:13)
      at warnIfUpdatesNotWrappedWithActDEV (node_modules/react-dom/cjs/react-dom-client.development.js:18757:9)
      at scheduleUpdateOnFiber (node_modules/react-dom/cjs/react-dom-client.development.js:16409:11)
      at dispatchSetStateInternal (node_modules/react-dom/cjs/react-dom-client.development.js:9170:13)
      at dispatchSetState (node_modules/react-dom/cjs/react-dom-client.development.js:9127:7)
      at Object.focusItem (src/components/HandyTreeView/hooks/useHandyTreeViewApi.ts:124:9)
      at Object.<anonymous> (__tests__/HandyTreeView.api.test.tsx:55:34)

    console.log
      [useLazyLoading] Cleaning up polling interval

      at src/hooks/useLazyLoading.ts:293:15
          at Array.forEach (<anonymous>)

    console.log
      [HandyTreeView] RENDER START #3 {
        hasDataSource: false,
        itemsCount: 2,
        hasLazyLoading: false,
        timestamp: 1769005690237
      }

      at HandyTreeView (src/components/HandyTreeView/HandyTreeView.tsx:232:13)

    console.log
      [HandyTreeView] useMemo lazyLoadingConfig { hasDataSource: false, hasLazyLoading: false }

      at src/components/HandyTreeView/HandyTreeView.tsx:306:15

    console.log
      [HandyTreeView] Calling useLazyLoading {
        hasDataSource: false,
        hasConfig: false,
        dataSourceType: 'none',
        dataSourceKeys: []
      }

      at HandyTreeView (src/components/HandyTreeView/HandyTreeView.tsx:321:13)

    console.log
      [useLazyLoading] HOOK CALLED {
        hasDataSource: true,
        configEnabled: false,
        configKeys: [ 'enabled' ]
      }

      at useLazyLoading (src/hooks/useLazyLoading.ts:195:11)

    console.log
      [useLazyLoading] Creating new LazyLoadingDataSource

      at useLazyLoading (src/hooks/useLazyLoading.ts:213:13)

    console.log
      [HandyTreeView] useLazyLoading returned { hasDataSource: true, isLoading: false, stateCacheSize: 0 }

      at HandyTreeView (src/components/HandyTreeView/HandyTreeView.tsx:338:13)

    console.log
      [HandyTreeView] buildFullItemsMap { itemsCount: 2, mapSize: 0 }

      at src/components/HandyTreeView/HandyTreeView.tsx:451:17

    console.log
      [HandyTreeView] buildFullItemsMap { itemsCount: 2, mapSize: 1 }

      at src/components/HandyTreeView/HandyTreeView.tsx:451:17
          at Array.forEach (<anonymous>)

    console.log
      [HandyTreeView] buildFullItemsMap { itemsCount: 2, mapSize: 4 }

      at src/components/HandyTreeView/HandyTreeView.tsx:451:17
          at Array.forEach (<anonymous>)

    console.log
      [HandyTreeView] applyFiltering { inputCount: 2, hasFilterItems: false, showHiddenFiles: true }

      at src/components/HandyTreeView/HandyTreeView.tsx:424:17

    console.log
      [HandyTreeView] RENDER END #3 {
        internalItemsLength: 2,
        expandedItemsCount: 0,
        selectedItemsCount: 0,
        hasEmptyState: false
      }

      at HandyTreeView (src/components/HandyTreeView/HandyTreeView.tsx:1429:13)

    console.log
      [HandyTreeView] renderTreeItems [8awcuygbv] { itemsCount: 2, level: 0, renderId: 3 }

      at src/components/HandyTreeView/HandyTreeView.tsx:1236:17

    console.log
      [HandyTreeView] renderTreeItems [8awcuygbv] completed { itemsCount: 2, level: 0, resultCount: 2 }

      at src/components/HandyTreeView/HandyTreeView.tsx:1330:17

    console.log
      [useLazyLoading] useEffect recreate data source { hasRef: true, configEnabled: false }

      at src/hooks/useLazyLoading.ts:222:13

    console.log
      [useLazyLoading] Recreating LazyLoadingDataSource

      at src/hooks/useLazyLoading.ts:228:15

    console.log
      [useLazyLoading] Setting up polling interval

      at src/hooks/useLazyLoading.ts:285:13

    console.log
      [HandyTreeView] useEffect items sync {
        hasDataSource: false,
        itemsLength: 2,
        filteredItemsLength: 2,
        internalItemsLength: 2
      }

      at src/components/HandyTreeView/HandyTreeView.tsx:496:15

    console.log
      [HandyTreeView] Syncing filtered items to internalItems

      at src/components/HandyTreeView/HandyTreeView.tsx:513:21

    console.log
      [HandyTreeView] useEffect fetch root items {
        hasDataSource: false,
        configEnabled: undefined,
        internalItemsLength: 2,
        itemsLength: 2,
        hasFetched: false
      }

      at src/components/HandyTreeView/HandyTreeView.tsx:549:15

    console.log
      [HandyTreeView] Skipping fetch - no dataSource or not enabled

      at src/components/HandyTreeView/HandyTreeView.tsx:559:17

    console.log
      [HandyTreeView] useEffect updateSelectionItems { internalItemsLength: 2 }

      at src/components/HandyTreeView/HandyTreeView.tsx:658:15

    console.log
      [useLazyLoading] Cleaning up polling interval

      at src/hooks/useLazyLoading.ts:293:15
          at Array.forEach (<anonymous>)

    console.log
      [HandyTreeView] RENDER START #4 {
        hasDataSource: false,
        itemsCount: 2,
        hasLazyLoading: false,
        timestamp: 1769005690275
      }

      at HandyTreeView (src/components/HandyTreeView/HandyTreeView.tsx:232:13)

    console.log
      [HandyTreeView] useMemo lazyLoadingConfig { hasDataSource: false, hasLazyLoading: false }

      at src/components/HandyTreeView/HandyTreeView.tsx:306:15

    console.log
      [HandyTreeView] Calling useLazyLoading {
        hasDataSource: false,
        hasConfig: false,
        dataSourceType: 'none',
        dataSourceKeys: []
      }

      at HandyTreeView (src/components/HandyTreeView/HandyTreeView.tsx:321:13)

    console.log
      [useLazyLoading] HOOK CALLED {
        hasDataSource: true,
        configEnabled: false,
        configKeys: [ 'enabled' ]
      }

      at useLazyLoading (src/hooks/useLazyLoading.ts:195:11)

    console.log
      [useLazyLoading] Creating new LazyLoadingDataSource

      at useLazyLoading (src/hooks/useLazyLoading.ts:213:13)

    console.log
      [HandyTreeView] useLazyLoading returned { hasDataSource: true, isLoading: false, stateCacheSize: 0 }

      at HandyTreeView (src/components/HandyTreeView/HandyTreeView.tsx:338:13)

    console.log
      [HandyTreeView] buildFullItemsMap { itemsCount: 2, mapSize: 0 }

      at src/components/HandyTreeView/HandyTreeView.tsx:451:17

    console.log
      [HandyTreeView] buildFullItemsMap { itemsCount: 2, mapSize: 1 }

      at src/components/HandyTreeView/HandyTreeView.tsx:451:17
          at Array.forEach (<anonymous>)

    console.log
      [HandyTreeView] buildFullItemsMap { itemsCount: 2, mapSize: 4 }

      at src/components/HandyTreeView/HandyTreeView.tsx:451:17
          at Array.forEach (<anonymous>)

    console.log
      [HandyTreeView] applyFiltering { inputCount: 2, hasFilterItems: false, showHiddenFiles: true }

      at src/components/HandyTreeView/HandyTreeView.tsx:424:17

    console.log
      [HandyTreeView] RENDER END #4 {
        internalItemsLength: 2,
        expandedItemsCount: 0,
        selectedItemsCount: 0,
        hasEmptyState: false
      }

      at HandyTreeView (src/components/HandyTreeView/HandyTreeView.tsx:1429:13)

    console.log
      [HandyTreeView] renderTreeItems [pc59bh7ry] { itemsCount: 2, level: 0, renderId: 4 }

      at src/components/HandyTreeView/HandyTreeView.tsx:1236:17

    console.log
      [HandyTreeView] renderTreeItems [pc59bh7ry] completed { itemsCount: 2, level: 0, resultCount: 2 }

      at src/components/HandyTreeView/HandyTreeView.tsx:1330:17

    console.log
      [useLazyLoading] useEffect recreate data source { hasRef: true, configEnabled: false }

      at src/hooks/useLazyLoading.ts:222:13

    console.log
      [useLazyLoading] Recreating LazyLoadingDataSource

      at src/hooks/useLazyLoading.ts:228:15

    console.log
      [useLazyLoading] Setting up polling interval

      at src/hooks/useLazyLoading.ts:285:13

    console.log
      [HandyTreeView] useEffect items sync {
        hasDataSource: false,
        itemsLength: 2,
        filteredItemsLength: 2,
        internalItemsLength: 2
      }

      at src/components/HandyTreeView/HandyTreeView.tsx:496:15

    console.log
      [HandyTreeView] Syncing filtered items to internalItems

      at src/components/HandyTreeView/HandyTreeView.tsx:513:21

    console.log
      [HandyTreeView] useEffect fetch root items {
        hasDataSource: false,
        configEnabled: undefined,
        internalItemsLength: 2,
        itemsLength: 2,
        hasFetched: false
      }

      at src/components/HandyTreeView/HandyTreeView.tsx:549:15

    console.log
      [HandyTreeView] Skipping fetch - no dataSource or not enabled

      at src/components/HandyTreeView/HandyTreeView.tsx:559:17

    console.log
      [HandyTreeView] useEffect updateSelectionItems { internalItemsLength: 2 }

      at src/components/HandyTreeView/HandyTreeView.tsx:658:15

    console.error
      An update to HandyTreeView inside a test was not wrapped in act(...).
      
      When testing, code that causes React state updates should be wrapped into act(...):
      
      act(() => {
        /* fire events that update state */
      });
      /* assert on the output */
      
      This ensures that you're testing the behavior the user would see in the browser. Learn more at https://react.dev/link/wrap-tests-with-act

      85 |       } else {
      86 |         // In uncontrolled mode, update internal state
    > 87 |         setInternalExpandedItems((prev) => {
         |         ^
      88 |           const newExpandedItems = expanded
      89 |             ? [...prev, itemId]
      90 |             : prev.filter((id) => id !== itemId);

      at node_modules/react-dom/cjs/react-dom-client.development.js:18758:19
      at runWithFiberInDEV (node_modules/react-dom/cjs/react-dom-client.development.js:874:13)
      at warnIfUpdatesNotWrappedWithActDEV (node_modules/react-dom/cjs/react-dom-client.development.js:18757:9)
      at scheduleUpdateOnFiber (node_modules/react-dom/cjs/react-dom-client.development.js:16409:11)
      at dispatchSetStateInternal (node_modules/react-dom/cjs/react-dom-client.development.js:9170:13)
      at dispatchSetState (node_modules/react-dom/cjs/react-dom-client.development.js:9127:7)
      at src/components/HandyTreeView/hooks/useExpansion.ts:87:9
      at Object.setItemExpansion (src/components/HandyTreeView/hooks/useHandyTreeViewApi.ts:160:9)
      at Object.<anonymous> (__tests__/HandyTreeView.api.test.tsx:79:41)

    console.log
      [HandyTreeView] RENDER START #5 {
        hasDataSource: false,
        itemsCount: 2,
        hasLazyLoading: false,
        timestamp: 1769005690326
      }

      at HandyTreeView (src/components/HandyTreeView/HandyTreeView.tsx:232:13)

    console.log
      [HandyTreeView] Calling useLazyLoading {
        hasDataSource: false,
        hasConfig: false,
        dataSourceType: 'none',
        dataSourceKeys: []
      }

      at HandyTreeView (src/components/HandyTreeView/HandyTreeView.tsx:321:13)

    console.log
      [useLazyLoading] HOOK CALLED {
        hasDataSource: true,
        configEnabled: false,
        configKeys: [ 'enabled' ]
      }

      at useLazyLoading (src/hooks/useLazyLoading.ts:195:11)

    console.log
      [HandyTreeView] useLazyLoading returned { hasDataSource: true, isLoading: false, stateCacheSize: 0 }

      at HandyTreeView (src/components/HandyTreeView/HandyTreeView.tsx:338:13)

    console.log
      [HandyTreeView] buildFullItemsMap { itemsCount: 2, mapSize: 0 }

      at src/components/HandyTreeView/HandyTreeView.tsx:451:17

    console.log
      [HandyTreeView] buildFullItemsMap { itemsCount: 2, mapSize: 1 }

      at src/components/HandyTreeView/HandyTreeView.tsx:451:17
          at Array.forEach (<anonymous>)

    console.log
      [HandyTreeView] buildFullItemsMap { itemsCount: 2, mapSize: 4 }

      at src/components/HandyTreeView/HandyTreeView.tsx:451:17
          at Array.forEach (<anonymous>)

    console.log
      [HandyTreeView] applyFiltering { inputCount: 2, hasFilterItems: false, showHiddenFiles: true }

      at src/components/HandyTreeView/HandyTreeView.tsx:424:17

    console.log
      [HandyTreeView] RENDER END #5 {
        internalItemsLength: 2,
        expandedItemsCount: 1,
        selectedItemsCount: 0,
        hasEmptyState: false
      }

      at HandyTreeView (src/components/HandyTreeView/HandyTreeView.tsx:1429:13)

    console.log
      [HandyTreeView] renderTreeItems [95t796u11] { itemsCount: 2, level: 0, renderId: 5 }

      at src/components/HandyTreeView/HandyTreeView.tsx:1236:17

    console.log
      [HandyTreeView] Rendering children for item 1 { childrenCount: 2, level: 1, renderId: 5 }

      at src/components/HandyTreeView/HandyTreeView.tsx:1318:29
          at Array.map (<anonymous>)

    console.log
      [HandyTreeView] renderTreeItems [xsq2bo7t2] { itemsCount: 2, level: 1, renderId: 5 }

      at src/components/HandyTreeView/HandyTreeView.tsx:1236:17
          at Array.map (<anonymous>)

    console.log
      [HandyTreeView] renderTreeItems [xsq2bo7t2] completed { itemsCount: 2, level: 1, resultCount: 2 }

      at src/components/HandyTreeView/HandyTreeView.tsx:1330:17
          at Array.map (<anonymous>)

    console.log
      [HandyTreeView] renderTreeItems [95t796u11] completed { itemsCount: 2, level: 0, resultCount: 2 }

      at src/components/HandyTreeView/HandyTreeView.tsx:1330:17

    console.log
      [useLazyLoading] useEffect recreate data source { hasRef: true, configEnabled: false }

      at src/hooks/useLazyLoading.ts:222:13

    console.log
      [useLazyLoading] Recreating LazyLoadingDataSource

      at src/hooks/useLazyLoading.ts:228:15

    console.log
      [HandyTreeView] useEffect items sync {
        hasDataSource: false,
        itemsLength: 2,
        filteredItemsLength: 2,
        internalItemsLength: 2
      }

      at src/components/HandyTreeView/HandyTreeView.tsx:496:15

    console.log
      [useLazyLoading] Cleaning up polling interval

      at src/hooks/useLazyLoading.ts:293:15
          at Array.forEach (<anonymous>)

    console.log
      [HandyTreeView] RENDER START #6 {
        hasDataSource: false,
        itemsCount: 2,
        hasLazyLoading: false,
        timestamp: 1769005690380
      }

      at HandyTreeView (src/components/HandyTreeView/HandyTreeView.tsx:232:13)

    console.log
      [HandyTreeView] useMemo lazyLoadingConfig { hasDataSource: false, hasLazyLoading: false }

      at src/components/HandyTreeView/HandyTreeView.tsx:306:15

    console.log
      [HandyTreeView] Calling useLazyLoading {
        hasDataSource: false,
        hasConfig: false,
        dataSourceType: 'none',
        dataSourceKeys: []
      }

      at HandyTreeView (src/components/HandyTreeView/HandyTreeView.tsx:321:13)

    console.log
      [useLazyLoading] HOOK CALLED {
        hasDataSource: true,
        configEnabled: false,
        configKeys: [ 'enabled' ]
      }

      at useLazyLoading (src/hooks/useLazyLoading.ts:195:11)

    console.log
      [useLazyLoading] Creating new LazyLoadingDataSource

      at useLazyLoading (src/hooks/useLazyLoading.ts:213:13)

    console.log
      [HandyTreeView] useLazyLoading returned { hasDataSource: true, isLoading: false, stateCacheSize: 0 }

      at HandyTreeView (src/components/HandyTreeView/HandyTreeView.tsx:338:13)

    console.log
      [HandyTreeView] buildFullItemsMap { itemsCount: 2, mapSize: 0 }

      at src/components/HandyTreeView/HandyTreeView.tsx:451:17

    console.log
      [HandyTreeView] buildFullItemsMap { itemsCount: 2, mapSize: 1 }

      at src/components/HandyTreeView/HandyTreeView.tsx:451:17
          at Array.forEach (<anonymous>)

    console.log
      [HandyTreeView] buildFullItemsMap { itemsCount: 2, mapSize: 4 }

      at src/components/HandyTreeView/HandyTreeView.tsx:451:17
          at Array.forEach (<anonymous>)

    console.log
      [HandyTreeView] applyFiltering { inputCount: 2, hasFilterItems: false, showHiddenFiles: true }

      at src/components/HandyTreeView/HandyTreeView.tsx:424:17

    console.log
      [HandyTreeView] RENDER END #6 {
        internalItemsLength: 2,
        expandedItemsCount: 0,
        selectedItemsCount: 0,
        hasEmptyState: false
      }

      at HandyTreeView (src/components/HandyTreeView/HandyTreeView.tsx:1429:13)

    console.log
      [HandyTreeView] renderTreeItems [yn629z3vx] { itemsCount: 2, level: 0, renderId: 6 }

      at src/components/HandyTreeView/HandyTreeView.tsx:1236:17

    console.log
      [HandyTreeView] renderTreeItems [yn629z3vx] completed { itemsCount: 2, level: 0, resultCount: 2 }

      at src/components/HandyTreeView/HandyTreeView.tsx:1330:17

    console.log
      [useLazyLoading] useEffect recreate data source { hasRef: true, configEnabled: false }

      at src/hooks/useLazyLoading.ts:222:13

    console.log
      [useLazyLoading] Recreating LazyLoadingDataSource

      at src/hooks/useLazyLoading.ts:228:15

    console.log
      [useLazyLoading] Setting up polling interval

      at src/hooks/useLazyLoading.ts:285:13

    console.log
      [HandyTreeView] useEffect items sync {
        hasDataSource: false,
        itemsLength: 2,
        filteredItemsLength: 2,
        internalItemsLength: 2
      }

      at src/components/HandyTreeView/HandyTreeView.tsx:496:15

    console.log
      [HandyTreeView] Syncing filtered items to internalItems

      at src/components/HandyTreeView/HandyTreeView.tsx:513:21

    console.log
      [HandyTreeView] useEffect fetch root items {
        hasDataSource: false,
        configEnabled: undefined,
        internalItemsLength: 2,
        itemsLength: 2,
        hasFetched: false
      }

      at src/components/HandyTreeView/HandyTreeView.tsx:549:15

    console.log
      [HandyTreeView] Skipping fetch - no dataSource or not enabled

      at src/components/HandyTreeView/HandyTreeView.tsx:559:17

    console.log
      [HandyTreeView] useEffect updateSelectionItems { internalItemsLength: 2 }

      at src/components/HandyTreeView/HandyTreeView.tsx:658:15

    console.error
      An update to HandyTreeView inside a test was not wrapped in act(...).
      
      When testing, code that causes React state updates should be wrapped into act(...):
      
      act(() => {
        /* fire events that update state */
      });
      /* assert on the output */
      
      This ensures that you're testing the behavior the user would see in the browser. Learn more at https://react.dev/link/wrap-tests-with-act

      303 |       } else {
      304 |         // In uncontrolled mode, update internal state
    > 305 |         setInternalSelectedItems(newSelectedItems);
          |         ^
      306 |         onSelectedItemsChange?.(event || null, output as TreeViewItemId | TreeViewItemId[]);
      307 |       }
      308 |

      at node_modules/react-dom/cjs/react-dom-client.development.js:18758:19
      at runWithFiberInDEV (node_modules/react-dom/cjs/react-dom-client.development.js:874:13)
      at warnIfUpdatesNotWrappedWithActDEV (node_modules/react-dom/cjs/react-dom-client.development.js:18757:9)
      at scheduleUpdateOnFiber (node_modules/react-dom/cjs/react-dom-client.development.js:16409:11)
      at dispatchSetStateInternal (node_modules/react-dom/cjs/react-dom-client.development.js:9170:13)
      at dispatchSetState (node_modules/react-dom/cjs/react-dom-client.development.js:9127:7)
      at src/components/HandyTreeView/hooks/useSelection.ts:305:9
      at Object.setItemSelection (src/components/HandyTreeView/hooks/useHandyTreeViewApi.ts:164:9)
      at Object.<anonymous> (__tests__/HandyTreeView.api.test.tsx:98:41)

    console.log
      [useLazyLoading] Cleaning up polling interval

      at src/hooks/useLazyLoading.ts:293:15
          at Array.forEach (<anonymous>)

    console.log
      [HandyTreeView] RENDER START #7 {
        hasDataSource: false,
        itemsCount: 2,
        hasLazyLoading: false,
        timestamp: 1769005690457
      }

      at HandyTreeView (src/components/HandyTreeView/HandyTreeView.tsx:232:13)

    console.log
      [HandyTreeView] useMemo lazyLoadingConfig { hasDataSource: false, hasLazyLoading: false }

      at src/components/HandyTreeView/HandyTreeView.tsx:306:15

    console.log
      [HandyTreeView] Calling useLazyLoading {
        hasDataSource: false,
        hasConfig: false,
        dataSourceType: 'none',
        dataSourceKeys: []
      }

      at HandyTreeView (src/components/HandyTreeView/HandyTreeView.tsx:321:13)

    console.log
      [useLazyLoading] HOOK CALLED {
        hasDataSource: true,
        configEnabled: false,
        configKeys: [ 'enabled' ]
      }

      at useLazyLoading (src/hooks/useLazyLoading.ts:195:11)

    console.log
      [useLazyLoading] Creating new LazyLoadingDataSource

      at useLazyLoading (src/hooks/useLazyLoading.ts:213:13)

    console.log
      [HandyTreeView] useLazyLoading returned { hasDataSource: true, isLoading: false, stateCacheSize: 0 }

      at HandyTreeView (src/components/HandyTreeView/HandyTreeView.tsx:338:13)

    console.log
      [HandyTreeView] buildFullItemsMap { itemsCount: 2, mapSize: 0 }

      at src/components/HandyTreeView/HandyTreeView.tsx:451:17

    console.log
      [HandyTreeView] buildFullItemsMap { itemsCount: 2, mapSize: 1 }

      at src/components/HandyTreeView/HandyTreeView.tsx:451:17
          at Array.forEach (<anonymous>)

    console.log
      [HandyTreeView] buildFullItemsMap { itemsCount: 2, mapSize: 4 }

      at src/components/HandyTreeView/HandyTreeView.tsx:451:17
          at Array.forEach (<anonymous>)

    console.log
      [HandyTreeView] applyFiltering { inputCount: 2, hasFilterItems: false, showHiddenFiles: true }

      at src/components/HandyTreeView/HandyTreeView.tsx:424:17

    console.log
      [HandyTreeView] RENDER END #7 {
        internalItemsLength: 2,
        expandedItemsCount: 0,
        selectedItemsCount: 0,
        hasEmptyState: false
      }

      at HandyTreeView (src/components/HandyTreeView/HandyTreeView.tsx:1429:13)

    console.log
      [HandyTreeView] renderTreeItems [e1fqowa2j] { itemsCount: 2, level: 0, renderId: 7 }

      at src/components/HandyTreeView/HandyTreeView.tsx:1236:17

    console.log
      [HandyTreeView] renderTreeItems [e1fqowa2j] completed { itemsCount: 2, level: 0, resultCount: 2 }

      at src/components/HandyTreeView/HandyTreeView.tsx:1330:17

    console.log
      [useLazyLoading] useEffect recreate data source { hasRef: true, configEnabled: false }

      at src/hooks/useLazyLoading.ts:222:13

    console.log
      [useLazyLoading] Recreating LazyLoadingDataSource

      at src/hooks/useLazyLoading.ts:228:15

    console.log
      [useLazyLoading] Setting up polling interval

      at src/hooks/useLazyLoading.ts:285:13

    console.log
      [HandyTreeView] useEffect items sync {
        hasDataSource: false,
        itemsLength: 2,
        filteredItemsLength: 2,
        internalItemsLength: 2
      }

      at src/components/HandyTreeView/HandyTreeView.tsx:496:15

    console.log
      [HandyTreeView] Syncing filtered items to internalItems

      at src/components/HandyTreeView/HandyTreeView.tsx:513:21

    console.log
      [HandyTreeView] useEffect fetch root items {
        hasDataSource: false,
        configEnabled: undefined,
        internalItemsLength: 2,
        itemsLength: 2,
        hasFetched: false
      }

      at src/components/HandyTreeView/HandyTreeView.tsx:549:15

    console.log
      [HandyTreeView] Skipping fetch - no dataSource or not enabled

      at src/components/HandyTreeView/HandyTreeView.tsx:559:17

    console.log
      [HandyTreeView] useEffect updateSelectionItems { internalItemsLength: 2 }

      at src/components/HandyTreeView/HandyTreeView.tsx:658:15

    console.error
      An update to HandyTreeView inside a test was not wrapped in act(...).
      
      When testing, code that causes React state updates should be wrapped into act(...):
      
      act(() => {
        /* fire events that update state */
      });
      /* assert on the output */
      
      This ensures that you're testing the behavior the user would see in the browser. Learn more at https://react.dev/link/wrap-tests-with-act

      687 |     const setIsItemDisabledInternal = useCallback(
      688 |       (itemId: TreeViewItemId, disabled: boolean) => {
    > 689 |         setDisabledItems((prev) => {
          |         ^
      690 |           const next = new Set(prev);
      691 |           if (disabled) {
      692 |             next.add(itemId);

      at node_modules/react-dom/cjs/react-dom-client.development.js:18758:19
      at runWithFiberInDEV (node_modules/react-dom/cjs/react-dom-client.development.js:874:13)
      at warnIfUpdatesNotWrappedWithActDEV (node_modules/react-dom/cjs/react-dom-client.development.js:18757:9)
      at scheduleUpdateOnFiber (node_modules/react-dom/cjs/react-dom-client.development.js:16409:11)
      at dispatchSetStateInternal (node_modules/react-dom/cjs/react-dom-client.development.js:9170:13)
      at dispatchSetState (node_modules/react-dom/cjs/react-dom-client.development.js:9127:7)
      at src/components/HandyTreeView/HandyTreeView.tsx:689:9
      at Object.setIsItemDisabled (src/components/HandyTreeView/hooks/useHandyTreeViewApi.ts:153:11)
      at Object.<anonymous> (__tests__/HandyTreeView.api.test.tsx:118:42)

    console.log
      [HandyTreeView] RENDER START #8 {
        hasDataSource: false,
        itemsCount: 2,
        hasLazyLoading: false,
        timestamp: 1769005690550
      }

      at HandyTreeView (src/components/HandyTreeView/HandyTreeView.tsx:232:13)

    console.log
      [HandyTreeView] Calling useLazyLoading {
        hasDataSource: false,
        hasConfig: false,
        dataSourceType: 'none',
        dataSourceKeys: []
      }

      at HandyTreeView (src/components/HandyTreeView/HandyTreeView.tsx:321:13)

    console.log
      [useLazyLoading] HOOK CALLED {
        hasDataSource: true,
        configEnabled: false,
        configKeys: [ 'enabled' ]
      }

      at useLazyLoading (src/hooks/useLazyLoading.ts:195:11)

    console.log
      [HandyTreeView] useLazyLoading returned { hasDataSource: true, isLoading: false, stateCacheSize: 0 }

      at HandyTreeView (src/components/HandyTreeView/HandyTreeView.tsx:338:13)

    console.log
      [HandyTreeView] buildFullItemsMap { itemsCount: 2, mapSize: 0 }

      at src/components/HandyTreeView/HandyTreeView.tsx:451:17

    console.log
      [HandyTreeView] buildFullItemsMap { itemsCount: 2, mapSize: 1 }

      at src/components/HandyTreeView/HandyTreeView.tsx:451:17
          at Array.forEach (<anonymous>)

    console.log
      [HandyTreeView] buildFullItemsMap { itemsCount: 2, mapSize: 4 }

      at src/components/HandyTreeView/HandyTreeView.tsx:451:17
          at Array.forEach (<anonymous>)

    console.log
      [HandyTreeView] applyFiltering { inputCount: 2, hasFilterItems: false, showHiddenFiles: true }

      at src/components/HandyTreeView/HandyTreeView.tsx:424:17

    console.log
      [HandyTreeView] RENDER END #8 {
        internalItemsLength: 2,
        expandedItemsCount: 0,
        selectedItemsCount: 0,
        hasEmptyState: false
      }

      at HandyTreeView (src/components/HandyTreeView/HandyTreeView.tsx:1429:13)

    console.log
      [HandyTreeView] renderTreeItems [n16qhlem4] { itemsCount: 2, level: 0, renderId: 8 }

      at src/components/HandyTreeView/HandyTreeView.tsx:1236:17

    console.log
      [HandyTreeView] renderTreeItems [n16qhlem4] completed { itemsCount: 2, level: 0, resultCount: 2 }

      at src/components/HandyTreeView/HandyTreeView.tsx:1330:17

    console.log
      [useLazyLoading] useEffect recreate data source { hasRef: true, configEnabled: false }

      at src/hooks/useLazyLoading.ts:222:13

    console.log
      [useLazyLoading] Recreating LazyLoadingDataSource

      at src/hooks/useLazyLoading.ts:228:15

    console.log
      [HandyTreeView] useEffect items sync {
        hasDataSource: false,
        itemsLength: 2,
        filteredItemsLength: 2,
        internalItemsLength: 2
      }

      at src/components/HandyTreeView/HandyTreeView.tsx:496:15

    console.error
      An update to HandyTreeView inside a test was not wrapped in act(...).
      
      When testing, code that causes React state updates should be wrapped into act(...):
      
      act(() => {
        /* fire events that update state */
      });
      /* assert on the output */
      
      This ensures that you're testing the behavior the user would see in the browser. Learn more at https://react.dev/link/wrap-tests-with-act

      687 |     const setIsItemDisabledInternal = useCallback(
      688 |       (itemId: TreeViewItemId, disabled: boolean) => {
    > 689 |         setDisabledItems((prev) => {
          |         ^
      690 |           const next = new Set(prev);
      691 |           if (disabled) {
      692 |             next.add(itemId);

      at node_modules/react-dom/cjs/react-dom-client.development.js:18758:19
      at runWithFiberInDEV (node_modules/react-dom/cjs/react-dom-client.development.js:874:13)
      at warnIfUpdatesNotWrappedWithActDEV (node_modules/react-dom/cjs/react-dom-client.development.js:18757:9)
      at scheduleUpdateOnFiber (node_modules/react-dom/cjs/react-dom-client.development.js:16409:11)
      at dispatchSetStateInternal (node_modules/react-dom/cjs/react-dom-client.development.js:9170:13)
      at dispatchSetState (node_modules/react-dom/cjs/react-dom-client.development.js:9127:7)
      at src/components/HandyTreeView/HandyTreeView.tsx:689:9
      at Object.setIsItemDisabled (src/components/HandyTreeView/hooks/useHandyTreeViewApi.ts:153:11)
      at Object.<anonymous> (__tests__/HandyTreeView.api.test.tsx:126:42)

    console.log
      [HandyTreeView] RENDER START #9 {
        hasDataSource: false,
        itemsCount: 2,
        hasLazyLoading: false,
        timestamp: 1769005690577
      }

      at HandyTreeView (src/components/HandyTreeView/HandyTreeView.tsx:232:13)

    console.log
      [HandyTreeView] Calling useLazyLoading {
        hasDataSource: false,
        hasConfig: false,
        dataSourceType: 'none',
        dataSourceKeys: []
      }

      at HandyTreeView (src/components/HandyTreeView/HandyTreeView.tsx:321:13)

    console.log
      [useLazyLoading] HOOK CALLED {
        hasDataSource: true,
        configEnabled: false,
        configKeys: [ 'enabled' ]
      }

      at useLazyLoading (src/hooks/useLazyLoading.ts:195:11)

    console.log
      [HandyTreeView] useLazyLoading returned { hasDataSource: true, isLoading: false, stateCacheSize: 0 }

      at HandyTreeView (src/components/HandyTreeView/HandyTreeView.tsx:338:13)

    console.log
      [HandyTreeView] buildFullItemsMap { itemsCount: 2, mapSize: 0 }

      at src/components/HandyTreeView/HandyTreeView.tsx:451:17

    console.log
      [HandyTreeView] buildFullItemsMap { itemsCount: 2, mapSize: 1 }

      at src/components/HandyTreeView/HandyTreeView.tsx:451:17
          at Array.forEach (<anonymous>)

    console.log
      [HandyTreeView] buildFullItemsMap { itemsCount: 2, mapSize: 4 }

      at src/components/HandyTreeView/HandyTreeView.tsx:451:17
          at Array.forEach (<anonymous>)

    console.log
      [HandyTreeView] applyFiltering { inputCount: 2, hasFilterItems: false, showHiddenFiles: true }

      at src/components/HandyTreeView/HandyTreeView.tsx:424:17

    console.log
      [HandyTreeView] RENDER END #9 {
        internalItemsLength: 2,
        expandedItemsCount: 0,
        selectedItemsCount: 0,
        hasEmptyState: false
      }

      at HandyTreeView (src/components/HandyTreeView/HandyTreeView.tsx:1429:13)

    console.log
      [HandyTreeView] renderTreeItems [g4t4bog6c] { itemsCount: 2, level: 0, renderId: 9 }

      at src/components/HandyTreeView/HandyTreeView.tsx:1236:17

    console.log
      [HandyTreeView] renderTreeItems [g4t4bog6c] completed { itemsCount: 2, level: 0, resultCount: 2 }

      at src/components/HandyTreeView/HandyTreeView.tsx:1330:17

    console.log
      [useLazyLoading] useEffect recreate data source { hasRef: true, configEnabled: false }

      at src/hooks/useLazyLoading.ts:222:13

    console.log
      [useLazyLoading] Recreating LazyLoadingDataSource

      at src/hooks/useLazyLoading.ts:228:15

    console.log
      [HandyTreeView] useEffect items sync {
        hasDataSource: false,
        itemsLength: 2,
        filteredItemsLength: 2,
        internalItemsLength: 2
      }

      at src/components/HandyTreeView/HandyTreeView.tsx:496:15

    console.log
      [useLazyLoading] Cleaning up polling interval

      at src/hooks/useLazyLoading.ts:293:15
          at Array.forEach (<anonymous>)

    console.log
      [HandyTreeView] RENDER START #10 {
        hasDataSource: false,
        itemsCount: 2,
        hasLazyLoading: false,
        timestamp: 1769005690612
      }

      at HandyTreeView (src/components/HandyTreeView/HandyTreeView.tsx:232:13)

    console.log
      [HandyTreeView] useMemo lazyLoadingConfig { hasDataSource: false, hasLazyLoading: false }

      at src/components/HandyTreeView/HandyTreeView.tsx:306:15

    console.log
      [HandyTreeView] Calling useLazyLoading {
        hasDataSource: false,
        hasConfig: false,
        dataSourceType: 'none',
        dataSourceKeys: []
      }

      at HandyTreeView (src/components/HandyTreeView/HandyTreeView.tsx:321:13)

    console.log
      [useLazyLoading] HOOK CALLED {
        hasDataSource: true,
        configEnabled: false,
        configKeys: [ 'enabled' ]
      }

      at useLazyLoading (src/hooks/useLazyLoading.ts:195:11)

    console.log
      [useLazyLoading] Creating new LazyLoadingDataSource

      at useLazyLoading (src/hooks/useLazyLoading.ts:213:13)

    console.log
      [HandyTreeView] useLazyLoading returned { hasDataSource: true, isLoading: false, stateCacheSize: 0 }

      at HandyTreeView (src/components/HandyTreeView/HandyTreeView.tsx:338:13)

    console.log
      [HandyTreeView] buildFullItemsMap { itemsCount: 2, mapSize: 0 }

      at src/components/HandyTreeView/HandyTreeView.tsx:451:17

    console.log
      [HandyTreeView] buildFullItemsMap { itemsCount: 2, mapSize: 1 }

      at src/components/HandyTreeView/HandyTreeView.tsx:451:17
          at Array.forEach (<anonymous>)

    console.log
      [HandyTreeView] buildFullItemsMap { itemsCount: 2, mapSize: 4 }

      at src/components/HandyTreeView/HandyTreeView.tsx:451:17
          at Array.forEach (<anonymous>)

    console.log
      [HandyTreeView] applyFiltering { inputCount: 2, hasFilterItems: false, showHiddenFiles: true }

      at src/components/HandyTreeView/HandyTreeView.tsx:424:17

    console.log
      [HandyTreeView] RENDER END #10 {
        internalItemsLength: 2,
        expandedItemsCount: 0,
        selectedItemsCount: 0,
        hasEmptyState: false
      }

      at HandyTreeView (src/components/HandyTreeView/HandyTreeView.tsx:1429:13)

    console.log
      [HandyTreeView] renderTreeItems [pa8dsgb2x] { itemsCount: 2, level: 0, renderId: 10 }

      at src/components/HandyTreeView/HandyTreeView.tsx:1236:17

    console.log
      [HandyTreeView] renderTreeItems [pa8dsgb2x] completed { itemsCount: 2, level: 0, resultCount: 2 }

      at src/components/HandyTreeView/HandyTreeView.tsx:1330:17

    console.log
      [useLazyLoading] useEffect recreate data source { hasRef: true, configEnabled: false }

      at src/hooks/useLazyLoading.ts:222:13

    console.log
      [useLazyLoading] Recreating LazyLoadingDataSource

      at src/hooks/useLazyLoading.ts:228:15

    console.log
      [useLazyLoading] Setting up polling interval

      at src/hooks/useLazyLoading.ts:285:13

    console.log
      [HandyTreeView] useEffect items sync {
        hasDataSource: false,
        itemsLength: 2,
        filteredItemsLength: 2,
        internalItemsLength: 2
      }

      at src/components/HandyTreeView/HandyTreeView.tsx:496:15

    console.log
      [HandyTreeView] Syncing filtered items to internalItems

      at src/components/HandyTreeView/HandyTreeView.tsx:513:21

    console.log
      [HandyTreeView] useEffect fetch root items {
        hasDataSource: false,
        configEnabled: undefined,
        internalItemsLength: 2,
        itemsLength: 2,
        hasFetched: false
      }

      at src/components/HandyTreeView/HandyTreeView.tsx:549:15

    console.log
      [HandyTreeView] Skipping fetch - no dataSource or not enabled

      at src/components/HandyTreeView/HandyTreeView.tsx:559:17

    console.log
      [HandyTreeView] useEffect updateSelectionItems { internalItemsLength: 2 }

      at src/components/HandyTreeView/HandyTreeView.tsx:658:15

    console.error
      An update to HandyTreeView inside a test was not wrapped in act(...).
      
      When testing, code that causes React state updates should be wrapped into act(...):
      
      act(() => {
        /* fire events that update state */
      });
      /* assert on the output */
      
      This ensures that you're testing the behavior the user would see in the browser. Learn more at https://react.dev/link/wrap-tests-with-act

      687 |     const setIsItemDisabledInternal = useCallback(
      688 |       (itemId: TreeViewItemId, disabled: boolean) => {
    > 689 |         setDisabledItems((prev) => {
          |         ^
      690 |           const next = new Set(prev);
      691 |           if (disabled) {
      692 |             next.add(itemId);

      at node_modules/react-dom/cjs/react-dom-client.development.js:18758:19
      at runWithFiberInDEV (node_modules/react-dom/cjs/react-dom-client.development.js:874:13)
      at warnIfUpdatesNotWrappedWithActDEV (node_modules/react-dom/cjs/react-dom-client.development.js:18757:9)
      at scheduleUpdateOnFiber (node_modules/react-dom/cjs/react-dom-client.development.js:16409:11)
      at dispatchSetStateInternal (node_modules/react-dom/cjs/react-dom-client.development.js:9170:13)
      at dispatchSetState (node_modules/react-dom/cjs/react-dom-client.development.js:9127:7)
      at src/components/HandyTreeView/HandyTreeView.tsx:689:9
      at Object.setIsItemDisabled (src/components/HandyTreeView/hooks/useHandyTreeViewApi.ts:153:11)
      at Object.<anonymous> (__tests__/HandyTreeView.api.test.tsx:154:42)

    console.log
      [HandyTreeView] RENDER START #11 {
        hasDataSource: false,
        itemsCount: 2,
        hasLazyLoading: false,
        timestamp: 1769005690662
      }

      at HandyTreeView (src/components/HandyTreeView/HandyTreeView.tsx:232:13)

    console.log
      [HandyTreeView] Calling useLazyLoading {
        hasDataSource: false,
        hasConfig: false,
        dataSourceType: 'none',
        dataSourceKeys: []
      }

      at HandyTreeView (src/components/HandyTreeView/HandyTreeView.tsx:321:13)

    console.log
      [useLazyLoading] HOOK CALLED {
        hasDataSource: true,
        configEnabled: false,
        configKeys: [ 'enabled' ]
      }

      at useLazyLoading (src/hooks/useLazyLoading.ts:195:11)

    console.log
      [HandyTreeView] useLazyLoading returned { hasDataSource: true, isLoading: false, stateCacheSize: 0 }

      at HandyTreeView (src/components/HandyTreeView/HandyTreeView.tsx:338:13)

    console.log
      [HandyTreeView] buildFullItemsMap { itemsCount: 2, mapSize: 0 }

      at src/components/HandyTreeView/HandyTreeView.tsx:451:17

    console.log
      [HandyTreeView] buildFullItemsMap { itemsCount: 2, mapSize: 1 }

      at src/components/HandyTreeView/HandyTreeView.tsx:451:17
          at Array.forEach (<anonymous>)

    console.log
      [HandyTreeView] buildFullItemsMap { itemsCount: 2, mapSize: 4 }

      at src/components/HandyTreeView/HandyTreeView.tsx:451:17
          at Array.forEach (<anonymous>)

    console.log
      [HandyTreeView] applyFiltering { inputCount: 2, hasFilterItems: false, showHiddenFiles: true }

      at src/components/HandyTreeView/HandyTreeView.tsx:424:17

    console.log
      [HandyTreeView] RENDER END #11 {
        internalItemsLength: 2,
        expandedItemsCount: 0,
        selectedItemsCount: 0,
        hasEmptyState: false
      }

      at HandyTreeView (src/components/HandyTreeView/HandyTreeView.tsx:1429:13)

    console.log
      [HandyTreeView] renderTreeItems [w1phmuqhn] { itemsCount: 2, level: 0, renderId: 11 }

      at src/components/HandyTreeView/HandyTreeView.tsx:1236:17

    console.log
      [HandyTreeView] renderTreeItems [w1phmuqhn] completed { itemsCount: 2, level: 0, resultCount: 2 }

      at src/components/HandyTreeView/HandyTreeView.tsx:1330:17

    console.log
      [useLazyLoading] useEffect recreate data source { hasRef: true, configEnabled: false }

      at src/hooks/useLazyLoading.ts:222:13

    console.log
      [useLazyLoading] Recreating LazyLoadingDataSource

      at src/hooks/useLazyLoading.ts:228:15

    console.log
      [HandyTreeView] useEffect items sync {
        hasDataSource: false,
        itemsLength: 2,
        filteredItemsLength: 2,
        internalItemsLength: 2
      }

      at src/components/HandyTreeView/HandyTreeView.tsx:496:15

    console.log
      [useLazyLoading] Cleaning up polling interval

      at src/hooks/useLazyLoading.ts:293:15
          at Array.forEach (<anonymous>)

    console.log
      [HandyTreeView] RENDER START #12 {
        hasDataSource: false,
        itemsCount: 2,
        hasLazyLoading: false,
        timestamp: 1769005690683
      }

      at HandyTreeView (src/components/HandyTreeView/HandyTreeView.tsx:232:13)

    console.log
      [HandyTreeView] useMemo lazyLoadingConfig { hasDataSource: false, hasLazyLoading: false }

      at src/components/HandyTreeView/HandyTreeView.tsx:306:15

    console.log
      [HandyTreeView] Calling useLazyLoading {
        hasDataSource: false,
        hasConfig: false,
        dataSourceType: 'none',
        dataSourceKeys: []
      }

      at HandyTreeView (src/components/HandyTreeView/HandyTreeView.tsx:321:13)

    console.log
      [useLazyLoading] HOOK CALLED {
        hasDataSource: true,
        configEnabled: false,
        configKeys: [ 'enabled' ]
      }

      at useLazyLoading (src/hooks/useLazyLoading.ts:195:11)

    console.log
      [useLazyLoading] Creating new LazyLoadingDataSource

      at useLazyLoading (src/hooks/useLazyLoading.ts:213:13)

    console.log
      [HandyTreeView] useLazyLoading returned { hasDataSource: true, isLoading: false, stateCacheSize: 0 }

      at HandyTreeView (src/components/HandyTreeView/HandyTreeView.tsx:338:13)

    console.log
      [HandyTreeView] buildFullItemsMap { itemsCount: 2, mapSize: 0 }

      at src/components/HandyTreeView/HandyTreeView.tsx:451:17

    console.log
      [HandyTreeView] buildFullItemsMap { itemsCount: 2, mapSize: 1 }

      at src/components/HandyTreeView/HandyTreeView.tsx:451:17
          at Array.forEach (<anonymous>)

    console.log
      [HandyTreeView] buildFullItemsMap { itemsCount: 2, mapSize: 4 }

      at src/components/HandyTreeView/HandyTreeView.tsx:451:17
          at Array.forEach (<anonymous>)

    console.log
      [HandyTreeView] applyFiltering { inputCount: 2, hasFilterItems: false, showHiddenFiles: true }

      at src/components/HandyTreeView/HandyTreeView.tsx:424:17

    console.log
      [HandyTreeView] RENDER END #12 {
        internalItemsLength: 2,
        expandedItemsCount: 0,
        selectedItemsCount: 0,
        hasEmptyState: false
      }

      at HandyTreeView (src/components/HandyTreeView/HandyTreeView.tsx:1429:13)

    console.log
      [HandyTreeView] renderTreeItems [3nfrdtr5v] { itemsCount: 2, level: 0, renderId: 12 }

      at src/components/HandyTreeView/HandyTreeView.tsx:1236:17

    console.log
      [HandyTreeView] renderTreeItems [3nfrdtr5v] completed { itemsCount: 2, level: 0, resultCount: 2 }

      at src/components/HandyTreeView/HandyTreeView.tsx:1330:17

    console.log
      [useLazyLoading] useEffect recreate data source { hasRef: true, configEnabled: false }

      at src/hooks/useLazyLoading.ts:222:13

    console.log
      [useLazyLoading] Recreating LazyLoadingDataSource

      at src/hooks/useLazyLoading.ts:228:15

    console.log
      [useLazyLoading] Setting up polling interval

      at src/hooks/useLazyLoading.ts:285:13

    console.log
      [HandyTreeView] useEffect items sync {
        hasDataSource: false,
        itemsLength: 2,
        filteredItemsLength: 2,
        internalItemsLength: 2
      }

      at src/components/HandyTreeView/HandyTreeView.tsx:496:15

    console.log
      [HandyTreeView] Syncing filtered items to internalItems

      at src/components/HandyTreeView/HandyTreeView.tsx:513:21

    console.log
      [HandyTreeView] useEffect fetch root items {
        hasDataSource: false,
        configEnabled: undefined,
        internalItemsLength: 2,
        itemsLength: 2,
        hasFetched: false
      }

      at src/components/HandyTreeView/HandyTreeView.tsx:549:15

    console.log
      [HandyTreeView] Skipping fetch - no dataSource or not enabled

      at src/components/HandyTreeView/HandyTreeView.tsx:559:17

    console.log
      [HandyTreeView] useEffect updateSelectionItems { internalItemsLength: 2 }

      at src/components/HandyTreeView/HandyTreeView.tsx:658:15

    console.error
      An update to HandyTreeView inside a test was not wrapped in act(...).
      
      When testing, code that causes React state updates should be wrapped into act(...):
      
      act(() => {
        /* fire events that update state */
      });
      /* assert on the output */
      
      This ensures that you're testing the behavior the user would see in the browser. Learn more at https://react.dev/link/wrap-tests-with-act

      687 |     const setIsItemDisabledInternal = useCallback(
      688 |       (itemId: TreeViewItemId, disabled: boolean) => {
    > 689 |         setDisabledItems((prev) => {
          |         ^
      690 |           const next = new Set(prev);
      691 |           if (disabled) {
      692 |             next.add(itemId);

      at node_modules/react-dom/cjs/react-dom-client.development.js:18758:19
      at runWithFiberInDEV (node_modules/react-dom/cjs/react-dom-client.development.js:874:13)
      at warnIfUpdatesNotWrappedWithActDEV (node_modules/react-dom/cjs/react-dom-client.development.js:18757:9)
      at scheduleUpdateOnFiber (node_modules/react-dom/cjs/react-dom-client.development.js:16409:11)
      at dispatchSetStateInternal (node_modules/react-dom/cjs/react-dom-client.development.js:9170:13)
      at dispatchSetState (node_modules/react-dom/cjs/react-dom-client.development.js:9127:7)
      at src/components/HandyTreeView/HandyTreeView.tsx:689:9
      at Object.setIsItemDisabled (src/components/HandyTreeView/hooks/useHandyTreeViewApi.ts:153:11)
      at Object.<anonymous> (__tests__/HandyTreeView.api.test.tsx:178:42)

    console.log
      [HandyTreeView] RENDER START #13 {
        hasDataSource: false,
        itemsCount: 2,
        hasLazyLoading: false,
        timestamp: 1769005690712
      }

      at HandyTreeView (src/components/HandyTreeView/HandyTreeView.tsx:232:13)

    console.log
      [HandyTreeView] Calling useLazyLoading {
        hasDataSource: false,
        hasConfig: false,
        dataSourceType: 'none',
        dataSourceKeys: []
      }

      at HandyTreeView (src/components/HandyTreeView/HandyTreeView.tsx:321:13)

    console.log
      [useLazyLoading] HOOK CALLED {
        hasDataSource: true,
        configEnabled: false,
        configKeys: [ 'enabled' ]
      }

      at useLazyLoading (src/hooks/useLazyLoading.ts:195:11)

    console.log
      [HandyTreeView] useLazyLoading returned { hasDataSource: true, isLoading: false, stateCacheSize: 0 }

      at HandyTreeView (src/components/HandyTreeView/HandyTreeView.tsx:338:13)

    console.log
      [HandyTreeView] buildFullItemsMap { itemsCount: 2, mapSize: 0 }

      at src/components/HandyTreeView/HandyTreeView.tsx:451:17

    console.log
      [HandyTreeView] buildFullItemsMap { itemsCount: 2, mapSize: 1 }

      at src/components/HandyTreeView/HandyTreeView.tsx:451:17
          at Array.forEach (<anonymous>)

    console.log
      [HandyTreeView] buildFullItemsMap { itemsCount: 2, mapSize: 4 }

      at src/components/HandyTreeView/HandyTreeView.tsx:451:17
          at Array.forEach (<anonymous>)

    console.log
      [HandyTreeView] applyFiltering { inputCount: 2, hasFilterItems: false, showHiddenFiles: true }

      at src/components/HandyTreeView/HandyTreeView.tsx:424:17

    console.log
      [HandyTreeView] RENDER END #13 {
        internalItemsLength: 2,
        expandedItemsCount: 1,
        selectedItemsCount: 0,
        hasEmptyState: false
      }

      at HandyTreeView (src/components/HandyTreeView/HandyTreeView.tsx:1429:13)

    console.log
      [HandyTreeView] renderTreeItems [0grw44x13] { itemsCount: 2, level: 0, renderId: 13 }

      at src/components/HandyTreeView/HandyTreeView.tsx:1236:17

    console.log
      [HandyTreeView] Rendering children for item 1 { childrenCount: 2, level: 1, renderId: 13 }

      at src/components/HandyTreeView/HandyTreeView.tsx:1318:29
          at Array.map (<anonymous>)

    console.log
      [HandyTreeView] renderTreeItems [ei7cm9vav] { itemsCount: 2, level: 1, renderId: 13 }

      at src/components/HandyTreeView/HandyTreeView.tsx:1236:17
          at Array.map (<anonymous>)

    console.log
      [HandyTreeView] renderTreeItems [ei7cm9vav] completed { itemsCount: 2, level: 1, resultCount: 2 }

      at src/components/HandyTreeView/HandyTreeView.tsx:1330:17
          at Array.map (<anonymous>)

    console.log
      [HandyTreeView] renderTreeItems [0grw44x13] completed { itemsCount: 2, level: 0, resultCount: 2 }

      at src/components/HandyTreeView/HandyTreeView.tsx:1330:17

    console.log
      [useLazyLoading] useEffect recreate data source { hasRef: true, configEnabled: false }

      at src/hooks/useLazyLoading.ts:222:13

    console.log
      [useLazyLoading] Recreating LazyLoadingDataSource

      at src/hooks/useLazyLoading.ts:228:15

    console.log
      [HandyTreeView] useEffect items sync {
        hasDataSource: false,
        itemsLength: 2,
        filteredItemsLength: 2,
        internalItemsLength: 2
      }

      at src/components/HandyTreeView/HandyTreeView.tsx:496:15

    console.log
      [useLazyLoading] Cleaning up polling interval

      at src/hooks/useLazyLoading.ts:293:15
          at Array.forEach (<anonymous>)

    console.log
      [HandyTreeView] RENDER START #14 {
        hasDataSource: false,
        itemsCount: 2,
        hasLazyLoading: false,
        timestamp: 1769005690772
      }

      at HandyTreeView (src/components/HandyTreeView/HandyTreeView.tsx:232:13)

    console.log
      [HandyTreeView] useMemo lazyLoadingConfig { hasDataSource: false, hasLazyLoading: false }

      at src/components/HandyTreeView/HandyTreeView.tsx:306:15

    console.log
      [HandyTreeView] Calling useLazyLoading {
        hasDataSource: false,
        hasConfig: false,
        dataSourceType: 'none',
        dataSourceKeys: []
      }

      at HandyTreeView (src/components/HandyTreeView/HandyTreeView.tsx:321:13)

    console.log
      [useLazyLoading] HOOK CALLED {
        hasDataSource: true,
        configEnabled: false,
        configKeys: [ 'enabled' ]
      }

      at useLazyLoading (src/hooks/useLazyLoading.ts:195:11)

    console.log
      [useLazyLoading] Creating new LazyLoadingDataSource

      at useLazyLoading (src/hooks/useLazyLoading.ts:213:13)

    console.log
      [HandyTreeView] useLazyLoading returned { hasDataSource: true, isLoading: false, stateCacheSize: 0 }

      at HandyTreeView (src/components/HandyTreeView/HandyTreeView.tsx:338:13)

    console.log
      [HandyTreeView] buildFullItemsMap { itemsCount: 2, mapSize: 0 }

      at src/components/HandyTreeView/HandyTreeView.tsx:451:17

    console.log
      [HandyTreeView] buildFullItemsMap { itemsCount: 2, mapSize: 1 }

      at src/components/HandyTreeView/HandyTreeView.tsx:451:17
          at Array.forEach (<anonymous>)

    console.log
      [HandyTreeView] buildFullItemsMap { itemsCount: 2, mapSize: 4 }

      at src/components/HandyTreeView/HandyTreeView.tsx:451:17
          at Array.forEach (<anonymous>)

    console.log
      [HandyTreeView] applyFiltering { inputCount: 2, hasFilterItems: false, showHiddenFiles: true }

      at src/components/HandyTreeView/HandyTreeView.tsx:424:17

    console.log
      [HandyTreeView] RENDER END #14 {
        internalItemsLength: 2,
        expandedItemsCount: 0,
        selectedItemsCount: 0,
        hasEmptyState: false
      }

      at HandyTreeView (src/components/HandyTreeView/HandyTreeView.tsx:1429:13)

    console.log
      [HandyTreeView] renderTreeItems [ofwaj0cai] { itemsCount: 2, level: 0, renderId: 14 }

      at src/components/HandyTreeView/HandyTreeView.tsx:1236:17

    console.log
      [HandyTreeView] renderTreeItems [ofwaj0cai] completed { itemsCount: 2, level: 0, resultCount: 2 }

      at src/components/HandyTreeView/HandyTreeView.tsx:1330:17

    console.log
      [useLazyLoading] useEffect recreate data source { hasRef: true, configEnabled: false }

      at src/hooks/useLazyLoading.ts:222:13

    console.log
      [useLazyLoading] Recreating LazyLoadingDataSource

      at src/hooks/useLazyLoading.ts:228:15

    console.log
      [useLazyLoading] Setting up polling interval

      at src/hooks/useLazyLoading.ts:285:13

    console.log
      [HandyTreeView] useEffect items sync {
        hasDataSource: false,
        itemsLength: 2,
        filteredItemsLength: 2,
        internalItemsLength: 2
      }

      at src/components/HandyTreeView/HandyTreeView.tsx:496:15

    console.log
      [HandyTreeView] Syncing filtered items to internalItems

      at src/components/HandyTreeView/HandyTreeView.tsx:513:21

    console.log
      [HandyTreeView] useEffect fetch root items {
        hasDataSource: false,
        configEnabled: undefined,
        internalItemsLength: 2,
        itemsLength: 2,
        hasFetched: false
      }

      at src/components/HandyTreeView/HandyTreeView.tsx:549:15

    console.log
      [HandyTreeView] Skipping fetch - no dataSource or not enabled

      at src/components/HandyTreeView/HandyTreeView.tsx:559:17

    console.log
      [HandyTreeView] useEffect updateSelectionItems { internalItemsLength: 2 }

      at src/components/HandyTreeView/HandyTreeView.tsx:658:15

    console.log
      [useLazyLoading] Cleaning up polling interval

      at src/hooks/useLazyLoading.ts:293:15
          at Array.forEach (<anonymous>)

    console.log
      [HandyTreeView] RENDER START #15 {
        hasDataSource: false,
        itemsCount: 2,
        hasLazyLoading: false,
        timestamp: 1769005690805
      }

      at HandyTreeView (src/components/HandyTreeView/HandyTreeView.tsx:232:13)

    console.log
      [HandyTreeView] useMemo lazyLoadingConfig { hasDataSource: false, hasLazyLoading: false }

      at src/components/HandyTreeView/HandyTreeView.tsx:306:15

    console.log
      [HandyTreeView] Calling useLazyLoading {
        hasDataSource: false,
        hasConfig: false,
        dataSourceType: 'none',
        dataSourceKeys: []
      }

      at HandyTreeView (src/components/HandyTreeView/HandyTreeView.tsx:321:13)

    console.log
      [useLazyLoading] HOOK CALLED {
        hasDataSource: true,
        configEnabled: false,
        configKeys: [ 'enabled' ]
      }

      at useLazyLoading (src/hooks/useLazyLoading.ts:195:11)

    console.log
      [useLazyLoading] Creating new LazyLoadingDataSource

      at useLazyLoading (src/hooks/useLazyLoading.ts:213:13)

    console.log
      [HandyTreeView] useLazyLoading returned { hasDataSource: true, isLoading: false, stateCacheSize: 0 }

      at HandyTreeView (src/components/HandyTreeView/HandyTreeView.tsx:338:13)

    console.log
      [HandyTreeView] buildFullItemsMap { itemsCount: 2, mapSize: 0 }

      at src/components/HandyTreeView/HandyTreeView.tsx:451:17

    console.log
      [HandyTreeView] buildFullItemsMap { itemsCount: 2, mapSize: 1 }

      at src/components/HandyTreeView/HandyTreeView.tsx:451:17
          at Array.forEach (<anonymous>)

    console.log
      [HandyTreeView] buildFullItemsMap { itemsCount: 2, mapSize: 4 }

      at src/components/HandyTreeView/HandyTreeView.tsx:451:17
          at Array.forEach (<anonymous>)

    console.log
      [HandyTreeView] applyFiltering { inputCount: 2, hasFilterItems: false, showHiddenFiles: true }

      at src/components/HandyTreeView/HandyTreeView.tsx:424:17

    console.log
      [HandyTreeView] RENDER END #15 {
        internalItemsLength: 2,
        expandedItemsCount: 0,
        selectedItemsCount: 0,
        hasEmptyState: false
      }

      at HandyTreeView (src/components/HandyTreeView/HandyTreeView.tsx:1429:13)

    console.log
      [HandyTreeView] renderTreeItems [p3ihsagyj] { itemsCount: 2, level: 0, renderId: 15 }

      at src/components/HandyTreeView/HandyTreeView.tsx:1236:17

    console.log
      [HandyTreeView] renderTreeItems [p3ihsagyj] completed { itemsCount: 2, level: 0, resultCount: 2 }

      at src/components/HandyTreeView/HandyTreeView.tsx:1330:17

    console.log
      [useLazyLoading] useEffect recreate data source { hasRef: true, configEnabled: false }

      at src/hooks/useLazyLoading.ts:222:13

    console.log
      [useLazyLoading] Recreating LazyLoadingDataSource

      at src/hooks/useLazyLoading.ts:228:15

    console.log
      [useLazyLoading] Setting up polling interval

      at src/hooks/useLazyLoading.ts:285:13

    console.log
      [HandyTreeView] useEffect items sync {
        hasDataSource: false,
        itemsLength: 2,
        filteredItemsLength: 2,
        internalItemsLength: 2
      }

      at src/components/HandyTreeView/HandyTreeView.tsx:496:15

    console.log
      [HandyTreeView] Syncing filtered items to internalItems

      at src/components/HandyTreeView/HandyTreeView.tsx:513:21

    console.log
      [HandyTreeView] useEffect fetch root items {
        hasDataSource: false,
        configEnabled: undefined,
        internalItemsLength: 2,
        itemsLength: 2,
        hasFetched: false
      }

      at src/components/HandyTreeView/HandyTreeView.tsx:549:15

    console.log
      [HandyTreeView] Skipping fetch - no dataSource or not enabled

      at src/components/HandyTreeView/HandyTreeView.tsx:559:17

    console.log
      [HandyTreeView] useEffect updateSelectionItems { internalItemsLength: 2 }

      at src/components/HandyTreeView/HandyTreeView.tsx:658:15

    console.log
      [useLazyLoading] Cleaning up polling interval

      at src/hooks/useLazyLoading.ts:293:15
          at Array.forEach (<anonymous>)

    console.log
      [HandyTreeView] RENDER START #16 {
        hasDataSource: false,
        itemsCount: 2,
        hasLazyLoading: false,
        timestamp: 1769005690839
      }

      at HandyTreeView (src/components/HandyTreeView/HandyTreeView.tsx:232:13)

    console.log
      [HandyTreeView] useMemo lazyLoadingConfig { hasDataSource: false, hasLazyLoading: false }

      at src/components/HandyTreeView/HandyTreeView.tsx:306:15

    console.log
      [HandyTreeView] Calling useLazyLoading {
        hasDataSource: false,
        hasConfig: false,
        dataSourceType: 'none',
        dataSourceKeys: []
      }

      at HandyTreeView (src/components/HandyTreeView/HandyTreeView.tsx:321:13)

    console.log
      [useLazyLoading] HOOK CALLED {
        hasDataSource: true,
        configEnabled: false,
        configKeys: [ 'enabled' ]
      }

      at useLazyLoading (src/hooks/useLazyLoading.ts:195:11)

    console.log
      [useLazyLoading] Creating new LazyLoadingDataSource

      at useLazyLoading (src/hooks/useLazyLoading.ts:213:13)

    console.log
      [HandyTreeView] useLazyLoading returned { hasDataSource: true, isLoading: false, stateCacheSize: 0 }

      at HandyTreeView (src/components/HandyTreeView/HandyTreeView.tsx:338:13)

    console.log
      [HandyTreeView] buildFullItemsMap { itemsCount: 2, mapSize: 0 }

      at src/components/HandyTreeView/HandyTreeView.tsx:451:17

    console.log
      [HandyTreeView] applyFiltering { inputCount: 2, hasFilterItems: false, showHiddenFiles: true }

      at src/components/HandyTreeView/HandyTreeView.tsx:424:17

    console.log
      [HandyTreeView] RENDER END #16 {
        internalItemsLength: 2,
        expandedItemsCount: 0,
        selectedItemsCount: 0,
        hasEmptyState: false
      }

      at HandyTreeView (src/components/HandyTreeView/HandyTreeView.tsx:1429:13)

    console.log
      [HandyTreeView] renderTreeItems [gxetobmjk] { itemsCount: 2, level: 0, renderId: 16 }

      at src/components/HandyTreeView/HandyTreeView.tsx:1236:17

    console.log
      [HandyTreeView] renderTreeItems [gxetobmjk] completed { itemsCount: 2, level: 0, resultCount: 2 }

      at src/components/HandyTreeView/HandyTreeView.tsx:1330:17

    console.log
      [useLazyLoading] useEffect recreate data source { hasRef: true, configEnabled: false }

      at src/hooks/useLazyLoading.ts:222:13

    console.log
      [useLazyLoading] Recreating LazyLoadingDataSource

      at src/hooks/useLazyLoading.ts:228:15

    console.log
      [useLazyLoading] Setting up polling interval

      at src/hooks/useLazyLoading.ts:285:13

    console.log
      [HandyTreeView] useEffect items sync {
        hasDataSource: false,
        itemsLength: 2,
        filteredItemsLength: 2,
        internalItemsLength: 2
      }

      at src/components/HandyTreeView/HandyTreeView.tsx:496:15

    console.log
      [HandyTreeView] Syncing filtered items to internalItems

      at src/components/HandyTreeView/HandyTreeView.tsx:513:21

    console.log
      [HandyTreeView] useEffect fetch root items {
        hasDataSource: false,
        configEnabled: undefined,
        internalItemsLength: 2,
        itemsLength: 2,
        hasFetched: false
      }

      at src/components/HandyTreeView/HandyTreeView.tsx:549:15

    console.log
      [HandyTreeView] Skipping fetch - no dataSource or not enabled

      at src/components/HandyTreeView/HandyTreeView.tsx:559:17

    console.log
      [HandyTreeView] useEffect updateSelectionItems { internalItemsLength: 2 }

      at src/components/HandyTreeView/HandyTreeView.tsx:658:15

    console.error
      An update to HandyTreeView inside a test was not wrapped in act(...).
      
      When testing, code that causes React state updates should be wrapped into act(...):
      
      act(() => {
        /* fire events that update state */
      });
      /* assert on the output */
      
      This ensures that you're testing the behavior the user would see in the browser. Learn more at https://react.dev/link/wrap-tests-with-act

      687 |     const setIsItemDisabledInternal = useCallback(
      688 |       (itemId: TreeViewItemId, disabled: boolean) => {
    > 689 |         setDisabledItems((prev) => {
          |         ^
      690 |           const next = new Set(prev);
      691 |           if (disabled) {
      692 |             next.add(itemId);

      at node_modules/react-dom/cjs/react-dom-client.development.js:18758:19
      at runWithFiberInDEV (node_modules/react-dom/cjs/react-dom-client.development.js:874:13)
      at warnIfUpdatesNotWrappedWithActDEV (node_modules/react-dom/cjs/react-dom-client.development.js:18757:9)
      at scheduleUpdateOnFiber (node_modules/react-dom/cjs/react-dom-client.development.js:16409:11)
      at dispatchSetStateInternal (node_modules/react-dom/cjs/react-dom-client.development.js:9170:13)
      at dispatchSetState (node_modules/react-dom/cjs/react-dom-client.development.js:9127:7)
      at src/components/HandyTreeView/HandyTreeView.tsx:689:9
      at Object.setIsItemDisabled (src/components/HandyTreeView/hooks/useHandyTreeViewApi.ts:153:11)
      at Object.<anonymous> (__tests__/HandyTreeView.api.test.tsx:244:42)

    console.log
      [HandyTreeView] RENDER START #17 {
        hasDataSource: false,
        itemsCount: 2,
        hasLazyLoading: false,
        timestamp: 1769005690861
      }

      at HandyTreeView (src/components/HandyTreeView/HandyTreeView.tsx:232:13)

    console.log
      [HandyTreeView] Calling useLazyLoading {
        hasDataSource: false,
        hasConfig: false,
        dataSourceType: 'none',
        dataSourceKeys: []
      }

      at HandyTreeView (src/components/HandyTreeView/HandyTreeView.tsx:321:13)

    console.log
      [useLazyLoading] HOOK CALLED {
        hasDataSource: true,
        configEnabled: false,
        configKeys: [ 'enabled' ]
      }

      at useLazyLoading (src/hooks/useLazyLoading.ts:195:11)

    console.log
      [HandyTreeView] useLazyLoading returned { hasDataSource: true, isLoading: false, stateCacheSize: 0 }

      at HandyTreeView (src/components/HandyTreeView/HandyTreeView.tsx:338:13)

    console.log
      [HandyTreeView] buildFullItemsMap { itemsCount: 2, mapSize: 0 }

      at src/components/HandyTreeView/HandyTreeView.tsx:451:17

    console.log
      [HandyTreeView] applyFiltering { inputCount: 2, hasFilterItems: false, showHiddenFiles: true }

      at src/components/HandyTreeView/HandyTreeView.tsx:424:17

    console.log
      [HandyTreeView] RENDER END #17 {
        internalItemsLength: 2,
        expandedItemsCount: 0,
        selectedItemsCount: 0,
        hasEmptyState: false
      }

      at HandyTreeView (src/components/HandyTreeView/HandyTreeView.tsx:1429:13)

    console.log
      [HandyTreeView] renderTreeItems [api508u7o] { itemsCount: 2, level: 0, renderId: 17 }

      at src/components/HandyTreeView/HandyTreeView.tsx:1236:17

    console.log
      [HandyTreeView] renderTreeItems [api508u7o] completed { itemsCount: 2, level: 0, resultCount: 2 }

      at src/components/HandyTreeView/HandyTreeView.tsx:1330:17

    console.log
      [useLazyLoading] useEffect recreate data source { hasRef: true, configEnabled: false }

      at src/hooks/useLazyLoading.ts:222:13

    console.log
      [useLazyLoading] Recreating LazyLoadingDataSource

      at src/hooks/useLazyLoading.ts:228:15

    console.log
      [HandyTreeView] useEffect items sync {
        hasDataSource: false,
        itemsLength: 2,
        filteredItemsLength: 2,
        internalItemsLength: 2
      }

      at src/components/HandyTreeView/HandyTreeView.tsx:496:15

    console.error
      An update to HandyTreeView inside a test was not wrapped in act(...).
      
      When testing, code that causes React state updates should be wrapped into act(...):
      
      act(() => {
        /* fire events that update state */
      });
      /* assert on the output */
      
      This ensures that you're testing the behavior the user would see in the browser. Learn more at https://react.dev/link/wrap-tests-with-act

      687 |     const setIsItemDisabledInternal = useCallback(
      688 |       (itemId: TreeViewItemId, disabled: boolean) => {
    > 689 |         setDisabledItems((prev) => {
          |         ^
      690 |           const next = new Set(prev);
      691 |           if (disabled) {
      692 |             next.add(itemId);

      at node_modules/react-dom/cjs/react-dom-client.development.js:18758:19
      at runWithFiberInDEV (node_modules/react-dom/cjs/react-dom-client.development.js:874:13)
      at warnIfUpdatesNotWrappedWithActDEV (node_modules/react-dom/cjs/react-dom-client.development.js:18757:9)
      at scheduleUpdateOnFiber (node_modules/react-dom/cjs/react-dom-client.development.js:16409:11)
      at dispatchSetStateInternal (node_modules/react-dom/cjs/react-dom-client.development.js:9170:13)
      at dispatchSetState (node_modules/react-dom/cjs/react-dom-client.development.js:9127:7)
      at src/components/HandyTreeView/HandyTreeView.tsx:689:9
      at Object.setIsItemDisabled (src/components/HandyTreeView/hooks/useHandyTreeViewApi.ts:153:11)
      at Object.<anonymous> (__tests__/HandyTreeView.api.test.tsx:256:42)

    console.log
      [HandyTreeView] RENDER START #18 {
        hasDataSource: false,
        itemsCount: 2,
        hasLazyLoading: false,
        timestamp: 1769005690876
      }

      at HandyTreeView (src/components/HandyTreeView/HandyTreeView.tsx:232:13)

    console.log
      [HandyTreeView] Calling useLazyLoading {
        hasDataSource: false,
        hasConfig: false,
        dataSourceType: 'none',
        dataSourceKeys: []
      }

      at HandyTreeView (src/components/HandyTreeView/HandyTreeView.tsx:321:13)

    console.log
      [useLazyLoading] HOOK CALLED {
        hasDataSource: true,
        configEnabled: false,
        configKeys: [ 'enabled' ]
      }

      at useLazyLoading (src/hooks/useLazyLoading.ts:195:11)

    console.log
      [HandyTreeView] useLazyLoading returned { hasDataSource: true, isLoading: false, stateCacheSize: 0 }

      at HandyTreeView (src/components/HandyTreeView/HandyTreeView.tsx:338:13)

    console.log
      [HandyTreeView] buildFullItemsMap { itemsCount: 2, mapSize: 0 }

      at src/components/HandyTreeView/HandyTreeView.tsx:451:17

    console.log
      [HandyTreeView] applyFiltering { inputCount: 2, hasFilterItems: false, showHiddenFiles: true }

      at src/components/HandyTreeView/HandyTreeView.tsx:424:17

    console.log
      [HandyTreeView] RENDER END #18 {
        internalItemsLength: 2,
        expandedItemsCount: 0,
        selectedItemsCount: 0,
        hasEmptyState: false
      }

      at HandyTreeView (src/components/HandyTreeView/HandyTreeView.tsx:1429:13)

    console.log
      [HandyTreeView] renderTreeItems [fym76rnay] { itemsCount: 2, level: 0, renderId: 18 }

      at src/components/HandyTreeView/HandyTreeView.tsx:1236:17

    console.log
      [HandyTreeView] renderTreeItems [fym76rnay] completed { itemsCount: 2, level: 0, resultCount: 2 }

      at src/components/HandyTreeView/HandyTreeView.tsx:1330:17

    console.log
      [useLazyLoading] useEffect recreate data source { hasRef: true, configEnabled: false }

      at src/hooks/useLazyLoading.ts:222:13

    console.log
      [useLazyLoading] Recreating LazyLoadingDataSource

      at src/hooks/useLazyLoading.ts:228:15

    console.log
      [HandyTreeView] useEffect items sync {
        hasDataSource: false,
        itemsLength: 2,
        filteredItemsLength: 2,
        internalItemsLength: 2
      }

      at src/components/HandyTreeView/HandyTreeView.tsx:496:15

    console.log
      [HandyTreeView] RENDER START #19 {
        hasDataSource: false,
        itemsCount: 2,
        hasLazyLoading: false,
        timestamp: 1769005690885
      }

      at HandyTreeView (src/components/HandyTreeView/HandyTreeView.tsx:232:13)

    console.log
      [HandyTreeView] Calling useLazyLoading {
        hasDataSource: false,
        hasConfig: false,
        dataSourceType: 'none',
        dataSourceKeys: []
      }

      at HandyTreeView (src/components/HandyTreeView/HandyTreeView.tsx:321:13)

    console.log
      [useLazyLoading] HOOK CALLED {
        hasDataSource: true,
        configEnabled: false,
        configKeys: [ 'enabled' ]
      }

      at useLazyLoading (src/hooks/useLazyLoading.ts:195:11)

    console.log
      [HandyTreeView] useLazyLoading returned { hasDataSource: true, isLoading: false, stateCacheSize: 0 }

      at HandyTreeView (src/components/HandyTreeView/HandyTreeView.tsx:338:13)

    console.log
      [HandyTreeView] buildFullItemsMap { itemsCount: 2, mapSize: 0 }

      at src/components/HandyTreeView/HandyTreeView.tsx:451:17

    console.log
      [HandyTreeView] applyFiltering { inputCount: 2, hasFilterItems: false, showHiddenFiles: true }

      at src/components/HandyTreeView/HandyTreeView.tsx:424:17

    console.log
      [HandyTreeView] RENDER END #19 {
        internalItemsLength: 2,
        expandedItemsCount: 0,
        selectedItemsCount: 1,
        hasEmptyState: false
      }

      at HandyTreeView (src/components/HandyTreeView/HandyTreeView.tsx:1429:13)

    console.log
      [HandyTreeView] renderTreeItems [qnq9kb5zi] { itemsCount: 2, level: 0, renderId: 19 }

      at src/components/HandyTreeView/HandyTreeView.tsx:1236:17

    console.log
      [HandyTreeView] renderTreeItems [qnq9kb5zi] completed { itemsCount: 2, level: 0, resultCount: 2 }

      at src/components/HandyTreeView/HandyTreeView.tsx:1330:17

    console.log
      [useLazyLoading] useEffect recreate data source { hasRef: true, configEnabled: false }

      at src/hooks/useLazyLoading.ts:222:13

    console.log
      [useLazyLoading] Recreating LazyLoadingDataSource

      at src/hooks/useLazyLoading.ts:228:15

    console.log
      [HandyTreeView] useEffect items sync {
        hasDataSource: false,
        itemsLength: 2,
        filteredItemsLength: 2,
        internalItemsLength: 2
      }

      at src/components/HandyTreeView/HandyTreeView.tsx:496:15

    console.log
      [useLazyLoading] Polling updateState

      at src/hooks/useLazyLoading.ts:287:15

    console.log
      [HandyTreeView] RENDER START #20 {
        hasDataSource: false,
        itemsCount: 2,
        hasLazyLoading: false,
        timestamp: 1769005691161
      }

      at HandyTreeView (src/components/HandyTreeView/HandyTreeView.tsx:232:13)

    console.log
      [HandyTreeView] Calling useLazyLoading {
        hasDataSource: false,
        hasConfig: false,
        dataSourceType: 'none',
        dataSourceKeys: []
      }

      at HandyTreeView (src/components/HandyTreeView/HandyTreeView.tsx:321:13)

    console.log
      [useLazyLoading] HOOK CALLED {
        hasDataSource: true,
        configEnabled: false,
        configKeys: [ 'enabled' ]
      }

      at useLazyLoading (src/hooks/useLazyLoading.ts:195:11)

    console.log
      [HandyTreeView] useLazyLoading returned { hasDataSource: true, isLoading: false, stateCacheSize: 0 }

      at HandyTreeView (src/components/HandyTreeView/HandyTreeView.tsx:338:13)

    console.log
      [HandyTreeView] buildFullItemsMap { itemsCount: 2, mapSize: 0 }

      at src/components/HandyTreeView/HandyTreeView.tsx:451:17

    console.log
      [HandyTreeView] applyFiltering { inputCount: 2, hasFilterItems: false, showHiddenFiles: true }

      at src/components/HandyTreeView/HandyTreeView.tsx:424:17

    console.log
      [HandyTreeView] RENDER END #20 {
        internalItemsLength: 2,
        expandedItemsCount: 0,
        selectedItemsCount: 1,
        hasEmptyState: false
      }

      at HandyTreeView (src/components/HandyTreeView/HandyTreeView.tsx:1429:13)

    console.log
      [HandyTreeView] renderTreeItems [20pp8ms7g] { itemsCount: 2, level: 0, renderId: 20 }

      at src/components/HandyTreeView/HandyTreeView.tsx:1236:17

    console.log
      [HandyTreeView] renderTreeItems [20pp8ms7g] completed { itemsCount: 2, level: 0, resultCount: 2 }

      at src/components/HandyTreeView/HandyTreeView.tsx:1330:17

    console.log
      [useLazyLoading] Cleaning up polling interval

      at src/hooks/useLazyLoading.ts:293:15
          at Array.forEach (<anonymous>)

    console.log
      [HandyTreeView] RENDER START #21 {
        hasDataSource: false,
        itemsCount: 2,
        hasLazyLoading: false,
        timestamp: 1769005691248
      }

      at HandyTreeView (src/components/HandyTreeView/HandyTreeView.tsx:232:13)

    console.log
      [HandyTreeView] useMemo lazyLoadingConfig { hasDataSource: false, hasLazyLoading: false }

      at src/components/HandyTreeView/HandyTreeView.tsx:306:15

    console.log
      [HandyTreeView] Calling useLazyLoading {
        hasDataSource: false,
        hasConfig: false,
        dataSourceType: 'none',
        dataSourceKeys: []
      }

      at HandyTreeView (src/components/HandyTreeView/HandyTreeView.tsx:321:13)

    console.log
      [useLazyLoading] HOOK CALLED {
        hasDataSource: true,
        configEnabled: false,
        configKeys: [ 'enabled' ]
      }

      at useLazyLoading (src/hooks/useLazyLoading.ts:195:11)

    console.log
      [useLazyLoading] Creating new LazyLoadingDataSource

      at useLazyLoading (src/hooks/useLazyLoading.ts:213:13)

    console.log
      [HandyTreeView] useLazyLoading returned { hasDataSource: true, isLoading: false, stateCacheSize: 0 }

      at HandyTreeView (src/components/HandyTreeView/HandyTreeView.tsx:338:13)

    console.log
      [HandyTreeView] buildFullItemsMap { itemsCount: 2, mapSize: 0 }

      at src/components/HandyTreeView/HandyTreeView.tsx:451:17

    console.log
      [HandyTreeView] buildFullItemsMap { itemsCount: 2, mapSize: 1 }

      at src/components/HandyTreeView/HandyTreeView.tsx:451:17
          at Array.forEach (<anonymous>)

    console.log
      [HandyTreeView] buildFullItemsMap { itemsCount: 2, mapSize: 4 }

      at src/components/HandyTreeView/HandyTreeView.tsx:451:17
          at Array.forEach (<anonymous>)

    console.log
      [HandyTreeView] applyFiltering { inputCount: 2, hasFilterItems: false, showHiddenFiles: true }

      at src/components/HandyTreeView/HandyTreeView.tsx:424:17

    console.log
      [HandyTreeView] RENDER END #21 {
        internalItemsLength: 2,
        expandedItemsCount: 0,
        selectedItemsCount: 0,
        hasEmptyState: false
      }

      at HandyTreeView (src/components/HandyTreeView/HandyTreeView.tsx:1429:13)

    console.log
      [HandyTreeView] renderTreeItems [yhmedaxcl] { itemsCount: 2, level: 0, renderId: 21 }

      at src/components/HandyTreeView/HandyTreeView.tsx:1236:17

    console.log
      [HandyTreeView] renderTreeItems [yhmedaxcl] completed { itemsCount: 2, level: 0, resultCount: 2 }

      at src/components/HandyTreeView/HandyTreeView.tsx:1330:17

    console.log
      [useLazyLoading] useEffect recreate data source { hasRef: true, configEnabled: false }

      at src/hooks/useLazyLoading.ts:222:13

    console.log
      [useLazyLoading] Recreating LazyLoadingDataSource

      at src/hooks/useLazyLoading.ts:228:15

    console.log
      [useLazyLoading] Setting up polling interval

      at src/hooks/useLazyLoading.ts:285:13

    console.log
      [HandyTreeView] useEffect items sync {
        hasDataSource: false,
        itemsLength: 2,
        filteredItemsLength: 2,
        internalItemsLength: 2
      }

      at src/components/HandyTreeView/HandyTreeView.tsx:496:15

    console.log
      [HandyTreeView] Syncing filtered items to internalItems

      at src/components/HandyTreeView/HandyTreeView.tsx:513:21

    console.log
      [HandyTreeView] useEffect fetch root items {
        hasDataSource: false,
        configEnabled: undefined,
        internalItemsLength: 2,
        itemsLength: 2,
        hasFetched: false
      }

      at src/components/HandyTreeView/HandyTreeView.tsx:549:15

    console.log
      [HandyTreeView] Skipping fetch - no dataSource or not enabled

      at src/components/HandyTreeView/HandyTreeView.tsx:559:17

    console.log
      [HandyTreeView] useEffect updateSelectionItems { internalItemsLength: 2 }

      at src/components/HandyTreeView/HandyTreeView.tsx:658:15

    console.log
      [useLazyLoading] Cleaning up polling interval

      at src/hooks/useLazyLoading.ts:293:15
          at Array.forEach (<anonymous>)

    console.log
      [HandyTreeView] RENDER START #22 {
        hasDataSource: false,
        itemsCount: 2,
        hasLazyLoading: false,
        timestamp: 1769005691271
      }

      at HandyTreeView (src/components/HandyTreeView/HandyTreeView.tsx:232:13)

    console.log
      [HandyTreeView] useMemo lazyLoadingConfig { hasDataSource: false, hasLazyLoading: false }

      at src/components/HandyTreeView/HandyTreeView.tsx:306:15

    console.log
      [HandyTreeView] Calling useLazyLoading {
        hasDataSource: false,
        hasConfig: false,
        dataSourceType: 'none',
        dataSourceKeys: []
      }

      at HandyTreeView (src/components/HandyTreeView/HandyTreeView.tsx:321:13)

    console.log
      [useLazyLoading] HOOK CALLED {
        hasDataSource: true,
        configEnabled: false,
        configKeys: [ 'enabled' ]
      }

      at useLazyLoading (src/hooks/useLazyLoading.ts:195:11)

    console.log
      [useLazyLoading] Creating new LazyLoadingDataSource

      at useLazyLoading (src/hooks/useLazyLoading.ts:213:13)

    console.log
      [HandyTreeView] useLazyLoading returned { hasDataSource: true, isLoading: false, stateCacheSize: 0 }

      at HandyTreeView (src/components/HandyTreeView/HandyTreeView.tsx:338:13)

    console.log
      [HandyTreeView] buildFullItemsMap { itemsCount: 2, mapSize: 0 }

      at src/components/HandyTreeView/HandyTreeView.tsx:451:17

    console.log
      [HandyTreeView] applyFiltering { inputCount: 2, hasFilterItems: false, showHiddenFiles: true }

      at src/components/HandyTreeView/HandyTreeView.tsx:424:17

    console.log
      [HandyTreeView] RENDER END #22 {
        internalItemsLength: 2,
        expandedItemsCount: 0,
        selectedItemsCount: 0,
        hasEmptyState: false
      }

      at HandyTreeView (src/components/HandyTreeView/HandyTreeView.tsx:1429:13)

    console.log
      [HandyTreeView] renderTreeItems [m3t0qcyrp] { itemsCount: 2, level: 0, renderId: 22 }

      at src/components/HandyTreeView/HandyTreeView.tsx:1236:17

    console.log
      [HandyTreeView] renderTreeItems [m3t0qcyrp] completed { itemsCount: 2, level: 0, resultCount: 2 }

      at src/components/HandyTreeView/HandyTreeView.tsx:1330:17

    console.log
      [useLazyLoading] useEffect recreate data source { hasRef: true, configEnabled: false }

      at src/hooks/useLazyLoading.ts:222:13

    console.log
      [useLazyLoading] Recreating LazyLoadingDataSource

      at src/hooks/useLazyLoading.ts:228:15

    console.log
      [useLazyLoading] Setting up polling interval

      at src/hooks/useLazyLoading.ts:285:13

    console.log
      [HandyTreeView] useEffect items sync {
        hasDataSource: false,
        itemsLength: 2,
        filteredItemsLength: 2,
        internalItemsLength: 2
      }

      at src/components/HandyTreeView/HandyTreeView.tsx:496:15

    console.log
      [HandyTreeView] Syncing filtered items to internalItems

      at src/components/HandyTreeView/HandyTreeView.tsx:513:21

    console.log
      [HandyTreeView] useEffect fetch root items {
        hasDataSource: false,
        configEnabled: undefined,
        internalItemsLength: 2,
        itemsLength: 2,
        hasFetched: false
      }

      at src/components/HandyTreeView/HandyTreeView.tsx:549:15

    console.log
      [HandyTreeView] Skipping fetch - no dataSource or not enabled

      at src/components/HandyTreeView/HandyTreeView.tsx:559:17

    console.log
      [HandyTreeView] useEffect updateSelectionItems { internalItemsLength: 2 }

      at src/components/HandyTreeView/HandyTreeView.tsx:658:15

    console.log
      [useLazyLoading] Cleaning up polling interval

      at src/hooks/useLazyLoading.ts:293:15
          at Array.forEach (<anonymous>)

PASS __tests__/HandyTreeView.performance.test.tsx (21.864 s)
  ΓùÅ Console

    console.log
      [HandyTreeView] RENDER START #1 {
        hasDataSource: false,
        itemsCount: 10,
        hasLazyLoading: false,
        timestamp: 1769005690055
      }

      at HandyTreeView (src/components/HandyTreeView/HandyTreeView.tsx:232:13)

    console.log
      [HandyTreeView] useMemo lazyLoadingConfig { hasDataSource: false, hasLazyLoading: false }

      at src/components/HandyTreeView/HandyTreeView.tsx:306:15

    console.log
      [HandyTreeView] Calling useLazyLoading {
        hasDataSource: false,
        hasConfig: false,
        dataSourceType: 'none',
        dataSourceKeys: []
      }

      at HandyTreeView (src/components/HandyTreeView/HandyTreeView.tsx:321:13)

    console.log
      [useLazyLoading] HOOK CALLED {
        hasDataSource: true,
        configEnabled: false,
        configKeys: [ 'enabled' ]
      }

      at useLazyLoading (src/hooks/useLazyLoading.ts:195:11)

    console.log
      [useLazyLoading] Creating new LazyLoadingDataSource

      at useLazyLoading (src/hooks/useLazyLoading.ts:213:13)

    console.log
      [HandyTreeView] useLazyLoading returned { hasDataSource: true, isLoading: false, stateCacheSize: 0 }

      at HandyTreeView (src/components/HandyTreeView/HandyTreeView.tsx:338:13)

    console.log
      [HandyTreeView] buildFullItemsMap { itemsCount: 10, mapSize: 0 }

      at src/components/HandyTreeView/HandyTreeView.tsx:451:17

    console.log
      [HandyTreeView] buildFullItemsMap { itemsCount: 1, mapSize: 1 }

      at src/components/HandyTreeView/HandyTreeView.tsx:451:17
          at Array.forEach (<anonymous>)

    console.log
      [HandyTreeView] buildFullItemsMap { itemsCount: 1, mapSize: 3 }

      at src/components/HandyTreeView/HandyTreeView.tsx:451:17
          at Array.forEach (<anonymous>)

    console.log
      [HandyTreeView] buildFullItemsMap { itemsCount: 1, mapSize: 5 }

      at src/components/HandyTreeView/HandyTreeView.tsx:451:17
          at Array.forEach (<anonymous>)

    console.log
      [HandyTreeView] buildFullItemsMap { itemsCount: 1, mapSize: 7 }

      at src/components/HandyTreeView/HandyTreeView.tsx:451:17
          at Array.forEach (<anonymous>)

    console.log
      [HandyTreeView] buildFullItemsMap { itemsCount: 1, mapSize: 9 }

      at src/components/HandyTreeView/HandyTreeView.tsx:451:17
          at Array.forEach (<anonymous>)

    console.log
      [HandyTreeView] buildFullItemsMap { itemsCount: 1, mapSize: 11 }

      at src/components/HandyTreeView/HandyTreeView.tsx:451:17
          at Array.forEach (<anonymous>)

    console.log
      [HandyTreeView] buildFullItemsMap { itemsCount: 1, mapSize: 13 }

      at src/components/HandyTreeView/HandyTreeView.tsx:451:17
          at Array.forEach (<anonymous>)

    console.log
      [HandyTreeView] buildFullItemsMap { itemsCount: 1, mapSize: 15 }

      at src/components/HandyTreeView/HandyTreeView.tsx:451:17
          at Array.forEach (<anonymous>)

    console.log
      [HandyTreeView] buildFullItemsMap { itemsCount: 1, mapSize: 17 }

      at src/components/HandyTreeView/HandyTreeView.tsx:451:17
          at Array.forEach (<anonymous>)

    console.log
      [HandyTreeView] buildFullItemsMap { itemsCount: 1, mapSize: 19 }

      at src/components/HandyTreeView/HandyTreeView.tsx:451:17
          at Array.forEach (<anonymous>)

    console.log
      [HandyTreeView] applyFiltering { inputCount: 10, hasFilterItems: false, showHiddenFiles: true }

      at src/components/HandyTreeView/HandyTreeView.tsx:424:17

    console.log
      [HandyTreeView] RENDER END #1 {
        internalItemsLength: 10,
        expandedItemsCount: 0,
        selectedItemsCount: 0,
        hasEmptyState: false
      }

      at HandyTreeView (src/components/HandyTreeView/HandyTreeView.tsx:1429:13)

    console.log
      [HandyTreeView] renderTreeItems [kn1lqne0v] { itemsCount: 10, level: 0, renderId: 1 }

      at src/components/HandyTreeView/HandyTreeView.tsx:1236:17

    console.log
      [HandyTreeView] renderTreeItems [kn1lqne0v] completed { itemsCount: 10, level: 0, resultCount: 10 }

      at src/components/HandyTreeView/HandyTreeView.tsx:1330:17

    console.log
      [useLazyLoading] useEffect recreate data source { hasRef: true, configEnabled: false }

      at src/hooks/useLazyLoading.ts:222:13

    console.log
      [useLazyLoading] Recreating LazyLoadingDataSource

      at src/hooks/useLazyLoading.ts:228:15

    console.log
      [useLazyLoading] Setting up polling interval

      at src/hooks/useLazyLoading.ts:285:13

    console.log
      [HandyTreeView] useEffect items sync {
        hasDataSource: false,
        itemsLength: 10,
        filteredItemsLength: 10,
        internalItemsLength: 10
      }

      at src/components/HandyTreeView/HandyTreeView.tsx:496:15

    console.log
      [HandyTreeView] Syncing filtered items to internalItems

      at src/components/HandyTreeView/HandyTreeView.tsx:513:21

    console.log
      [HandyTreeView] useEffect fetch root items {
        hasDataSource: false,
        configEnabled: undefined,
        internalItemsLength: 10,
        itemsLength: 10,
        hasFetched: false
      }

      at src/components/HandyTreeView/HandyTreeView.tsx:549:15

    console.log
      [HandyTreeView] Skipping fetch - no dataSource or not enabled

      at src/components/HandyTreeView/HandyTreeView.tsx:559:17

    console.log
      [HandyTreeView] useEffect updateSelectionItems { internalItemsLength: 10 }

      at src/components/HandyTreeView/HandyTreeView.tsx:658:15

    console.log
      [useLazyLoading] Cleaning up polling interval

      at src/hooks/useLazyLoading.ts:293:15
          at Array.forEach (<anonymous>)

    console.log
      [HandyTreeView] RENDER START #2 {
        hasDataSource: false,
        itemsCount: 100,
        hasLazyLoading: false,
        timestamp: 1769005690334
      }

      at HandyTreeView (src/components/HandyTreeView/HandyTreeView.tsx:232:13)

    console.log
      [HandyTreeView] useMemo lazyLoadingConfig { hasDataSource: false, hasLazyLoading: false }

      at src/components/HandyTreeView/HandyTreeView.tsx:306:15

    console.log
      [HandyTreeView] Calling useLazyLoading {
        hasDataSource: false,
        hasConfig: false,
        dataSourceType: 'none',
        dataSourceKeys: []
      }

      at HandyTreeView (src/components/HandyTreeView/HandyTreeView.tsx:321:13)

    console.log
      [useLazyLoading] HOOK CALLED {
        hasDataSource: true,
        configEnabled: false,
        configKeys: [ 'enabled' ]
      }

      at useLazyLoading (src/hooks/useLazyLoading.ts:195:11)

    console.log
      [useLazyLoading] Creating new LazyLoadingDataSource

      at useLazyLoading (src/hooks/useLazyLoading.ts:213:13)

    console.log
      [HandyTreeView] useLazyLoading returned { hasDataSource: true, isLoading: false, stateCacheSize: 0 }

      at HandyTreeView (src/components/HandyTreeView/HandyTreeView.tsx:338:13)

    console.log
      [HandyTreeView] buildFullItemsMap { itemsCount: 100, mapSize: 0 }

      at src/components/HandyTreeView/HandyTreeView.tsx:451:17

    console.log
      [HandyTreeView] buildFullItemsMap { itemsCount: 1, mapSize: 1 }

      at src/components/HandyTreeView/HandyTreeView.tsx:451:17
          at Array.forEach (<anonymous>)

    console.log
      [HandyTreeView] buildFullItemsMap { itemsCount: 1, mapSize: 3 }

      at src/components/HandyTreeView/HandyTreeView.tsx:451:17
          at Array.forEach (<anonymous>)

    console.log
      [HandyTreeView] buildFullItemsMap { itemsCount: 1, mapSize: 5 }

      at src/components/HandyTreeView/HandyTreeView.tsx:451:17
          at Array.forEach (<anonymous>)

    console.log
      [HandyTreeView] buildFullItemsMap { itemsCount: 1, mapSize: 7 }

      at src/components/HandyTreeView/HandyTreeView.tsx:451:17
          at Array.forEach (<anonymous>)

    console.log
      [HandyTreeView] buildFullItemsMap { itemsCount: 1, mapSize: 9 }

      at src/components/HandyTreeView/HandyTreeView.tsx:451:17
          at Array.forEach (<anonymous>)

    console.log
      [HandyTreeView] buildFullItemsMap { itemsCount: 1, mapSize: 11 }

      at src/components/HandyTreeView/HandyTreeView.tsx:451:17
          at Array.forEach (<anonymous>)

    console.log
      [HandyTreeView] buildFullItemsMap { itemsCount: 1, mapSize: 13 }

      at src/components/HandyTreeView/HandyTreeView.tsx:451:17
          at Array.forEach (<anonymous>)

    console.log
      [HandyTreeView] buildFullItemsMap { itemsCount: 1, mapSize: 15 }

      at src/components/HandyTreeView/HandyTreeView.tsx:451:17
          at Array.forEach (<anonymous>)

    console.log
      [HandyTreeView] buildFullItemsMap { itemsCount: 1, mapSize: 17 }

      at src/components/HandyTreeView/HandyTreeView.tsx:451:17
          at Array.forEach (<anonymous>)

    console.log
      [HandyTreeView] buildFullItemsMap { itemsCount: 1, mapSize: 19 }

      at src/components/HandyTreeView/HandyTreeView.tsx:451:17
          at Array.forEach (<anonymous>)

    console.log
      [HandyTreeView] buildFullItemsMap { itemsCount: 1, mapSize: 21 }

      at src/components/HandyTreeView/HandyTreeView.tsx:451:17
          at Array.forEach (<anonymous>)

    console.log
      [HandyTreeView] buildFullItemsMap { itemsCount: 1, mapSize: 23 }

      at src/components/HandyTreeView/HandyTreeView.tsx:451:17
          at Array.forEach (<anonymous>)

    console.log
      [HandyTreeView] buildFullItemsMap { itemsCount: 1, mapSize: 25 }

      at src/components/HandyTreeView/HandyTreeView.tsx:451:17
          at Array.forEach (<anonymous>)

    console.log
      [HandyTreeView] buildFullItemsMap { itemsCount: 1, mapSize: 27 }

      at src/components/HandyTreeView/HandyTreeView.tsx:451:17
          at Array.forEach (<anonymous>)

    console.log
      [HandyTreeView] buildFullItemsMap { itemsCount: 1, mapSize: 29 }

      at src/components/HandyTreeView/HandyTreeView.tsx:451:17
          at Array.forEach (<anonymous>)

    console.log
      [HandyTreeView] buildFullItemsMap { itemsCount: 1, mapSize: 31 }

      at src/components/HandyTreeView/HandyTreeView.tsx:451:17
          at Array.forEach (<anonymous>)

    console.log
      [HandyTreeView] buildFullItemsMap { itemsCount: 1, mapSize: 33 }

      at src/components/HandyTreeView/HandyTreeView.tsx:451:17
          at Array.forEach (<anonymous>)

    console.log
      [HandyTreeView] buildFullItemsMap { itemsCount: 1, mapSize: 35 }

      at src/components/HandyTreeView/HandyTreeView.tsx:451:17
          at Array.forEach (<anonymous>)

    console.log
      [HandyTreeView] buildFullItemsMap { itemsCount: 1, mapSize: 37 }

      at src/components/HandyTreeView/HandyTreeView.tsx:451:17
          at Array.forEach (<anonymous>)

    console.log
      [HandyTreeView] buildFullItemsMap { itemsCount: 1, mapSize: 39 }

      at src/components/HandyTreeView/HandyTreeView.tsx:451:17
          at Array.forEach (<anonymous>)

    console.log
      [HandyTreeView] buildFullItemsMap { itemsCount: 1, mapSize: 41 }

      at src/components/HandyTreeView/HandyTreeView.tsx:451:17
          at Array.forEach (<anonymous>)

    console.log
      [HandyTreeView] buildFullItemsMap { itemsCount: 1, mapSize: 43 }

      at src/components/HandyTreeView/HandyTreeView.tsx:451:17
          at Array.forEach (<anonymous>)

    console.log
      [HandyTreeView] buildFullItemsMap { itemsCount: 1, mapSize: 45 }

      at src/components/HandyTreeView/HandyTreeView.tsx:451:17
          at Array.forEach (<anonymous>)

    console.log
      [HandyTreeView] buildFullItemsMap { itemsCount: 1, mapSize: 47 }

      at src/components/HandyTreeView/HandyTreeView.tsx:451:17
          at Array.forEach (<anonymous>)

    console.log
      [HandyTreeView] buildFullItemsMap { itemsCount: 1, mapSize: 49 }

      at src/components/HandyTreeView/HandyTreeView.tsx:451:17
          at Array.forEach (<anonymous>)

    console.log
      [HandyTreeView] buildFullItemsMap { itemsCount: 1, mapSize: 51 }

      at src/components/HandyTreeView/HandyTreeView.tsx:451:17
          at Array.forEach (<anonymous>)

    console.log
      [HandyTreeView] buildFullItemsMap { itemsCount: 1, mapSize: 53 }

      at src/components/HandyTreeView/HandyTreeView.tsx:451:17
          at Array.forEach (<anonymous>)

    console.log
      [HandyTreeView] buildFullItemsMap { itemsCount: 1, mapSize: 55 }

      at src/components/HandyTreeView/HandyTreeView.tsx:451:17
          at Array.forEach (<anonymous>)

    console.log
      [HandyTreeView] buildFullItemsMap { itemsCount: 1, mapSize: 57 }

      at src/components/HandyTreeView/HandyTreeView.tsx:451:17
          at Array.forEach (<anonymous>)

    console.log
      [HandyTreeView] buildFullItemsMap { itemsCount: 1, mapSize: 59 }

      at src/components/HandyTreeView/HandyTreeView.tsx:451:17
          at Array.forEach (<anonymous>)

    console.log
      [HandyTreeView] buildFullItemsMap { itemsCount: 1, mapSize: 61 }

      at src/components/HandyTreeView/HandyTreeView.tsx:451:17
          at Array.forEach (<anonymous>)

    console.log
      [HandyTreeView] buildFullItemsMap { itemsCount: 1, mapSize: 63 }

      at src/components/HandyTreeView/HandyTreeView.tsx:451:17
          at Array.forEach (<anonymous>)

    console.log
      [HandyTreeView] buildFullItemsMap { itemsCount: 1, mapSize: 65 }

      at src/components/HandyTreeView/HandyTreeView.tsx:451:17
          at Array.forEach (<anonymous>)

    console.log
      [HandyTreeView] buildFullItemsMap { itemsCount: 1, mapSize: 67 }

      at src/components/HandyTreeView/HandyTreeView.tsx:451:17
          at Array.forEach (<anonymous>)

    console.log
      [HandyTreeView] buildFullItemsMap { itemsCount: 1, mapSize: 69 }

      at src/components/HandyTreeView/HandyTreeView.tsx:451:17
          at Array.forEach (<anonymous>)

    console.log
      [HandyTreeView] buildFullItemsMap { itemsCount: 1, mapSize: 71 }

      at src/components/HandyTreeView/HandyTreeView.tsx:451:17
          at Array.forEach (<anonymous>)

    console.log
      [HandyTreeView] buildFullItemsMap { itemsCount: 1, mapSize: 73 }

      at src/components/HandyTreeView/HandyTreeView.tsx:451:17
          at Array.forEach (<anonymous>)

    console.log
      [HandyTreeView] buildFullItemsMap { itemsCount: 1, mapSize: 75 }

      at src/components/HandyTreeView/HandyTreeView.tsx:451:17
          at Array.forEach (<anonymous>)

    console.log
      [HandyTreeView] buildFullItemsMap { itemsCount: 1, mapSize: 77 }

      at src/components/HandyTreeView/HandyTreeView.tsx:451:17
          at Array.forEach (<anonymous>)

    console.log
      [HandyTreeView] buildFullItemsMap { itemsCount: 1, mapSize: 79 }

      at src/components/HandyTreeView/HandyTreeView.tsx:451:17
          at Array.forEach (<anonymous>)

    console.log
      [HandyTreeView] buildFullItemsMap { itemsCount: 1, mapSize: 81 }

      at src/components/HandyTreeView/HandyTreeView.tsx:451:17
          at Array.forEach (<anonymous>)

    console.log
      [HandyTreeView] buildFullItemsMap { itemsCount: 1, mapSize: 83 }

      at src/components/HandyTreeView/HandyTreeView.tsx:451:17
          at Array.forEach (<anonymous>)

    console.log
      [HandyTreeView] buildFullItemsMap { itemsCount: 1, mapSize: 85 }

      at src/components/HandyTreeView/HandyTreeView.tsx:451:17
          at Array.forEach (<anonymous>)

    console.log
      [HandyTreeView] buildFullItemsMap { itemsCount: 1, mapSize: 87 }

      at src/components/HandyTreeView/HandyTreeView.tsx:451:17
          at Array.forEach (<anonymous>)

    console.log
      [HandyTreeView] buildFullItemsMap { itemsCount: 1, mapSize: 89 }

      at src/components/HandyTreeView/HandyTreeView.tsx:451:17
          at Array.forEach (<anonymous>)

    console.log
      [HandyTreeView] buildFullItemsMap { itemsCount: 1, mapSize: 91 }

      at src/components/HandyTreeView/HandyTreeView.tsx:451:17
          at Array.forEach (<anonymous>)

    console.log
      [HandyTreeView] buildFullItemsMap { itemsCount: 1, mapSize: 93 }

      at src/components/HandyTreeView/HandyTreeView.tsx:451:17
          at Array.forEach (<anonymous>)

    console.log
      [HandyTreeView] buildFullItemsMap { itemsCount: 1, mapSize: 95 }

      at src/components/HandyTreeView/HandyTreeView.tsx:451:17
          at Array.forEach (<anonymous>)

    console.log
      [HandyTreeView] buildFullItemsMap { itemsCount: 1, mapSize: 97 }

      at src/components/HandyTreeView/HandyTreeView.tsx:451:17
          at Array.forEach (<anonymous>)

    console.log
      [HandyTreeView] buildFullItemsMap { itemsCount: 1, mapSize: 99 }

      at src/components/HandyTreeView/HandyTreeView.tsx:451:17
          at Array.forEach (<anonymous>)

    console.log
      [HandyTreeView] buildFullItemsMap { itemsCount: 1, mapSize: 101 }

      at src/components/HandyTreeView/HandyTreeView.tsx:451:17
          at Array.forEach (<anonymous>)

    console.log
      [HandyTreeView] buildFullItemsMap { itemsCount: 1, mapSize: 103 }

      at src/components/HandyTreeView/HandyTreeView.tsx:451:17
          at Array.forEach (<anonymous>)

    console.log
      [HandyTreeView] buildFullItemsMap { itemsCount: 1, mapSize: 105 }

      at src/components/HandyTreeView/HandyTreeView.tsx:451:17
          at Array.forEach (<anonymous>)

    console.log
      [HandyTreeView] buildFullItemsMap { itemsCount: 1, mapSize: 107 }

      at src/components/HandyTreeView/HandyTreeView.tsx:451:17
          at Array.forEach (<anonymous>)

    console.log
      [HandyTreeView] buildFullItemsMap { itemsCount: 1, mapSize: 109 }

      at src/components/HandyTreeView/HandyTreeView.tsx:451:17
          at Array.forEach (<anonymous>)

    console.log
      [HandyTreeView] buildFullItemsMap { itemsCount: 1, mapSize: 111 }

      at src/components/HandyTreeView/HandyTreeView.tsx:451:17
          at Array.forEach (<anonymous>)

    console.log
      [HandyTreeView] buildFullItemsMap { itemsCount: 1, mapSize: 113 }

      at src/components/HandyTreeView/HandyTreeView.tsx:451:17
          at Array.forEach (<anonymous>)

    console.log
      [HandyTreeView] buildFullItemsMap { itemsCount: 1, mapSize: 115 }

      at src/components/HandyTreeView/HandyTreeView.tsx:451:17
          at Array.forEach (<anonymous>)

    console.log
      [HandyTreeView] buildFullItemsMap { itemsCount: 1, mapSize: 117 }

      at src/components/HandyTreeView/HandyTreeView.tsx:451:17
          at Array.forEach (<anonymous>)

    console.log
      [HandyTreeView] buildFullItemsMap { itemsCount: 1, mapSize: 119 }

      at src/components/HandyTreeView/HandyTreeView.tsx:451:17
          at Array.forEach (<anonymous>)

    console.log
      [HandyTreeView] buildFullItemsMap { itemsCount: 1, mapSize: 121 }

      at src/components/HandyTreeView/HandyTreeView.tsx:451:17
          at Array.forEach (<anonymous>)

    console.log
      [HandyTreeView] buildFullItemsMap { itemsCount: 1, mapSize: 123 }

      at src/components/HandyTreeView/HandyTreeView.tsx:451:17
          at Array.forEach (<anonymous>)

    console.log
      [HandyTreeView] buildFullItemsMap { itemsCount: 1, mapSize: 125 }

      at src/components/HandyTreeView/HandyTreeView.tsx:451:17
          at Array.forEach (<anonymous>)

    console.log
      [HandyTreeView] buildFullItemsMap { itemsCount: 1, mapSize: 127 }

      at src/components/HandyTreeView/HandyTreeView.tsx:451:17
          at Array.forEach (<anonymous>)

    console.log
      [HandyTreeView] buildFullItemsMap { itemsCount: 1, mapSize: 129 }

      at src/components/HandyTreeView/HandyTreeView.tsx:451:17
          at Array.forEach (<anonymous>)

    console.log
      [HandyTreeView] buildFullItemsMap { itemsCount: 1, mapSize: 131 }

      at src/components/HandyTreeView/HandyTreeView.tsx:451:17
          at Array.forEach (<anonymous>)

    console.log
      [HandyTreeView] buildFullItemsMap { itemsCount: 1, mapSize: 133 }

      at src/components/HandyTreeView/HandyTreeView.tsx:451:17
          at Array.forEach (<anonymous>)

    console.log
      [HandyTreeView] buildFullItemsMap { itemsCount: 1, mapSize: 135 }

      at src/components/HandyTreeView/HandyTreeView.tsx:451:17
          at Array.forEach (<anonymous>)

    console.log
      [HandyTreeView] buildFullItemsMap { itemsCount: 1, mapSize: 137 }

      at src/components/HandyTreeView/HandyTreeView.tsx:451:17
          at Array.forEach (<anonymous>)

    console.log
      [HandyTreeView] buildFullItemsMap { itemsCount: 1, mapSize: 139 }

      at src/components/HandyTreeView/HandyTreeView.tsx:451:17
          at Array.forEach (<anonymous>)

    console.log
      [HandyTreeView] buildFullItemsMap { itemsCount: 1, mapSize: 141 }

      at src/components/HandyTreeView/HandyTreeView.tsx:451:17
          at Array.forEach (<anonymous>)

    console.log
      [HandyTreeView] buildFullItemsMap { itemsCount: 1, mapSize: 143 }

      at src/components/HandyTreeView/HandyTreeView.tsx:451:17
          at Array.forEach (<anonymous>)

    console.log
      [HandyTreeView] buildFullItemsMap { itemsCount: 1, mapSize: 145 }

      at src/components/HandyTreeView/HandyTreeView.tsx:451:17
          at Array.forEach (<anonymous>)

    console.log
      [HandyTreeView] buildFullItemsMap { itemsCount: 1, mapSize: 147 }

      at src/components/HandyTreeView/HandyTreeView.tsx:451:17
          at Array.forEach (<anonymous>)

    console.log
      [HandyTreeView] buildFullItemsMap { itemsCount: 1, mapSize: 149 }

      at src/components/HandyTreeView/HandyTreeView.tsx:451:17
          at Array.forEach (<anonymous>)

    console.log
      [HandyTreeView] buildFullItemsMap { itemsCount: 1, mapSize: 151 }

      at src/components/HandyTreeView/HandyTreeView.tsx:451:17
          at Array.forEach (<anonymous>)

    console.log
      [HandyTreeView] buildFullItemsMap { itemsCount: 1, mapSize: 153 }

      at src/components/HandyTreeView/HandyTreeView.tsx:451:17
          at Array.forEach (<anonymous>)

    console.log
      [HandyTreeView] buildFullItemsMap { itemsCount: 1, mapSize: 155 }

      at src/components/HandyTreeView/HandyTreeView.tsx:451:17
          at Array.forEach (<anonymous>)

    console.log
      [HandyTreeView] buildFullItemsMap { itemsCount: 1, mapSize: 157 }

      at src/components/HandyTreeView/HandyTreeView.tsx:451:17
          at Array.forEach (<anonymous>)

    console.log
      [HandyTreeView] buildFullItemsMap { itemsCount: 1, mapSize: 159 }

      at src/components/HandyTreeView/HandyTreeView.tsx:451:17
          at Array.forEach (<anonymous>)

    console.log
      [HandyTreeView] buildFullItemsMap { itemsCount: 1, mapSize: 161 }

      at src/components/HandyTreeView/HandyTreeView.tsx:451:17
          at Array.forEach (<anonymous>)

    console.log
      [HandyTreeView] buildFullItemsMap { itemsCount: 1, mapSize: 163 }

      at src/components/HandyTreeView/HandyTreeView.tsx:451:17
          at Array.forEach (<anonymous>)

    console.log
      [HandyTreeView] buildFullItemsMap { itemsCount: 1, mapSize: 165 }

      at src/components/HandyTreeView/HandyTreeView.tsx:451:17
          at Array.forEach (<anonymous>)

    console.log
      [HandyTreeView] buildFullItemsMap { itemsCount: 1, mapSize: 167 }

      at src/components/HandyTreeView/HandyTreeView.tsx:451:17
          at Array.forEach (<anonymous>)

    console.log
      [HandyTreeView] buildFullItemsMap { itemsCount: 1, mapSize: 169 }

      at src/components/HandyTreeView/HandyTreeView.tsx:451:17
          at Array.forEach (<anonymous>)

    console.log
      [HandyTreeView] buildFullItemsMap { itemsCount: 1, mapSize: 171 }

      at src/components/HandyTreeView/HandyTreeView.tsx:451:17
          at Array.forEach (<anonymous>)

    console.log
      [HandyTreeView] buildFullItemsMap { itemsCount: 1, mapSize: 173 }

      at src/components/HandyTreeView/HandyTreeView.tsx:451:17
          at Array.forEach (<anonymous>)

    console.log
      [HandyTreeView] buildFullItemsMap { itemsCount: 1, mapSize: 175 }

      at src/components/HandyTreeView/HandyTreeView.tsx:451:17
          at Array.forEach (<anonymous>)

    console.log
      [HandyTreeView] buildFullItemsMap { itemsCount: 1, mapSize: 177 }

      at src/components/HandyTreeView/HandyTreeView.tsx:451:17
          at Array.forEach (<anonymous>)

    console.log
      [HandyTreeView] buildFullItemsMap { itemsCount: 1, mapSize: 179 }

      at src/components/HandyTreeView/HandyTreeView.tsx:451:17
          at Array.forEach (<anonymous>)

    console.log
      [HandyTreeView] buildFullItemsMap { itemsCount: 1, mapSize: 181 }

      at src/components/HandyTreeView/HandyTreeView.tsx:451:17
          at Array.forEach (<anonymous>)

    console.log
      [HandyTreeView] buildFullItemsMap { itemsCount: 1, mapSize: 183 }

      at src/components/HandyTreeView/HandyTreeView.tsx:451:17
          at Array.forEach (<anonymous>)

    console.log
      [HandyTreeView] buildFullItemsMap { itemsCount: 1, mapSize: 185 }

      at src/components/HandyTreeView/HandyTreeView.tsx:451:17
          at Array.forEach (<anonymous>)

    console.log
      [HandyTreeView] buildFullItemsMap { itemsCount: 1, mapSize: 187 }

      at src/components/HandyTreeView/HandyTreeView.tsx:451:17
          at Array.forEach (<anonymous>)

    console.log
      [HandyTreeView] buildFullItemsMap { itemsCount: 1, mapSize: 189 }

      at src/components/HandyTreeView/HandyTreeView.tsx:451:17
          at Array.forEach (<anonymous>)

    console.log
      [HandyTreeView] buildFullItemsMap { itemsCount: 1, mapSize: 191 }

      at src/components/HandyTreeView/HandyTreeView.tsx:451:17
          at Array.forEach (<anonymous>)

    console.log
      [HandyTreeView] buildFullItemsMap { itemsCount: 1, mapSize: 193 }

      at src/components/HandyTreeView/HandyTreeView.tsx:451:17
          at Array.forEach (<anonymous>)

    console.log
      [HandyTreeView] buildFullItemsMap { itemsCount: 1, mapSize: 195 }

      at src/components/HandyTreeView/HandyTreeView.tsx:451:17
          at Array.forEach (<anonymous>)

    console.log
      [HandyTreeView] buildFullItemsMap { itemsCount: 1, mapSize: 197 }

      at src/components/HandyTreeView/HandyTreeView.tsx:451:17
          at Array.forEach (<anonymous>)

    console.log
      [HandyTreeView] buildFullItemsMap { itemsCount: 1, mapSize: 199 }

      at src/components/HandyTreeView/HandyTreeView.tsx:451:17
          at Array.forEach (<anonymous>)

    console.log
      [HandyTreeView] applyFiltering { inputCount: 100, hasFilterItems: false, showHiddenFiles: true }

      at src/components/HandyTreeView/HandyTreeView.tsx:424:17

    console.log
      [HandyTreeView] RENDER END #2 {
        internalItemsLength: 100,
        expandedItemsCount: 0,
        selectedItemsCount: 0,
        hasEmptyState: false
      }

      at HandyTreeView (src/components/HandyTreeView/HandyTreeView.tsx:1429:13)

    console.log
      [HandyTreeView] renderTreeItems [cghrw7wpf] { itemsCount: 100, level: 0, renderId: 2 }

      at src/components/HandyTreeView/HandyTreeView.tsx:1236:17

    console.log
      [HandyTreeView] renderTreeItems [cghrw7wpf] completed { itemsCount: 100, level: 0, resultCount: 100 }

      at src/components/HandyTreeView/HandyTreeView.tsx:1330:17

    console.log
      [useLazyLoading] useEffect recreate data source { hasRef: true, configEnabled: false }

      at src/hooks/useLazyLoading.ts:222:13

    console.log
      [useLazyLoading] Recreating LazyLoadingDataSource

      at src/hooks/useLazyLoading.ts:228:15

    console.log
      [useLazyLoading] Setting up polling interval

      at src/hooks/useLazyLoading.ts:285:13

    console.log
      [HandyTreeView] useEffect items sync {
        hasDataSource: false,
        itemsLength: 100,
        filteredItemsLength: 100,
        internalItemsLength: 100
      }

      at src/components/HandyTreeView/HandyTreeView.tsx:496:15

    console.log
      [HandyTreeView] Syncing filtered items to internalItems

      at src/components/HandyTreeView/HandyTreeView.tsx:513:21

    console.log
      [HandyTreeView] useEffect fetch root items {
        hasDataSource: false,
        configEnabled: undefined,
        internalItemsLength: 100,
        itemsLength: 100,
        hasFetched: false
      }

      at src/components/HandyTreeView/HandyTreeView.tsx:549:15

    console.log
      [HandyTreeView] Skipping fetch - no dataSource or not enabled

      at src/components/HandyTreeView/HandyTreeView.tsx:559:17

    console.log
      [HandyTreeView] useEffect updateSelectionItems { internalItemsLength: 100 }

      at src/components/HandyTreeView/HandyTreeView.tsx:658:15

    console.log
      [useLazyLoading] Cleaning up polling interval

      at src/hooks/useLazyLoading.ts:293:15
          at Array.forEach (<anonymous>)

    console.log
      [HandyTreeView] RENDER START #3 {
        hasDataSource: false,
        itemsCount: 50,
        hasLazyLoading: false,
        timestamp: 1769005690991
      }

      at HandyTreeView (src/components/HandyTreeView/HandyTreeView.tsx:232:13)

    console.log
      [HandyTreeView] useMemo lazyLoadingConfig { hasDataSource: false, hasLazyLoading: false }

      at src/components/HandyTreeView/HandyTreeView.tsx:306:15

    console.log
      [HandyTreeView] Calling useLazyLoading {
        hasDataSource: false,
        hasConfig: false,
        dataSourceType: 'none',
        dataSourceKeys: []
      }

      at HandyTreeView (src/components/HandyTreeView/HandyTreeView.tsx:321:13)

    console.log
      [useLazyLoading] HOOK CALLED {
        hasDataSource: true,
        configEnabled: false,
        configKeys: [ 'enabled' ]
      }

      at useLazyLoading (src/hooks/useLazyLoading.ts:195:11)

    console.log
      [useLazyLoading] Creating new LazyLoadingDataSource

      at useLazyLoading (src/hooks/useLazyLoading.ts:213:13)

    console.log
      [HandyTreeView] useLazyLoading returned { hasDataSource: true, isLoading: false, stateCacheSize: 0 }

      at HandyTreeView (src/components/HandyTreeView/HandyTreeView.tsx:338:13)

    console.log
      [HandyTreeView] buildFullItemsMap { itemsCount: 50, mapSize: 0 }

      at src/components/HandyTreeView/HandyTreeView.tsx:451:17

    console.log
      [HandyTreeView] buildFullItemsMap { itemsCount: 1, mapSize: 1 }

      at src/components/HandyTreeView/HandyTreeView.tsx:451:17
          at Array.forEach (<anonymous>)

    console.log
      [HandyTreeView] buildFullItemsMap { itemsCount: 1, mapSize: 3 }

      at src/components/HandyTreeView/HandyTreeView.tsx:451:17
          at Array.forEach (<anonymous>)

    console.log
      [HandyTreeView] buildFullItemsMap { itemsCount: 1, mapSize: 5 }

      at src/components/HandyTreeView/HandyTreeView.tsx:451:17
          at Array.forEach (<anonymous>)

    console.log
      [HandyTreeView] buildFullItemsMap { itemsCount: 1, mapSize: 7 }

      at src/components/HandyTreeView/HandyTreeView.tsx:451:17
          at Array.forEach (<anonymous>)

    console.log
      [HandyTreeView] buildFullItemsMap { itemsCount: 1, mapSize: 9 }

      at src/components/HandyTreeView/HandyTreeView.tsx:451:17
          at Array.forEach (<anonymous>)

    console.log
      [HandyTreeView] buildFullItemsMap { itemsCount: 1, mapSize: 11 }

      at src/components/HandyTreeView/HandyTreeView.tsx:451:17
          at Array.forEach (<anonymous>)

    console.log
      [HandyTreeView] buildFullItemsMap { itemsCount: 1, mapSize: 13 }

      at src/components/HandyTreeView/HandyTreeView.tsx:451:17
          at Array.forEach (<anonymous>)

    console.log
      [HandyTreeView] buildFullItemsMap { itemsCount: 1, mapSize: 15 }

      at src/components/HandyTreeView/HandyTreeView.tsx:451:17
          at Array.forEach (<anonymous>)

    console.log
      [HandyTreeView] buildFullItemsMap { itemsCount: 1, mapSize: 17 }

      at src/components/HandyTreeView/HandyTreeView.tsx:451:17
          at Array.forEach (<anonymous>)

    console.log
      [HandyTreeView] buildFullItemsMap { itemsCount: 1, mapSize: 19 }

      at src/components/HandyTreeView/HandyTreeView.tsx:451:17
          at Array.forEach (<anonymous>)

    console.log
      [HandyTreeView] buildFullItemsMap { itemsCount: 1, mapSize: 21 }

      at src/components/HandyTreeView/HandyTreeView.tsx:451:17
          at Array.forEach (<anonymous>)

    console.log
      [HandyTreeView] buildFullItemsMap { itemsCount: 1, mapSize: 23 }

      at src/components/HandyTreeView/HandyTreeView.tsx:451:17
          at Array.forEach (<anonymous>)

    console.log
      [HandyTreeView] buildFullItemsMap { itemsCount: 1, mapSize: 25 }

      at src/components/HandyTreeView/HandyTreeView.tsx:451:17
          at Array.forEach (<anonymous>)

    console.log
      [HandyTreeView] buildFullItemsMap { itemsCount: 1, mapSize: 27 }

      at src/components/HandyTreeView/HandyTreeView.tsx:451:17
          at Array.forEach (<anonymous>)

    console.log
      [HandyTreeView] buildFullItemsMap { itemsCount: 1, mapSize: 29 }

      at src/components/HandyTreeView/HandyTreeView.tsx:451:17
          at Array.forEach (<anonymous>)

    console.log
      [HandyTreeView] buildFullItemsMap { itemsCount: 1, mapSize: 31 }

      at src/components/HandyTreeView/HandyTreeView.tsx:451:17
          at Array.forEach (<anonymous>)

    console.log
      [HandyTreeView] buildFullItemsMap { itemsCount: 1, mapSize: 33 }

      at src/components/HandyTreeView/HandyTreeView.tsx:451:17
          at Array.forEach (<anonymous>)

    console.log
      [HandyTreeView] buildFullItemsMap { itemsCount: 1, mapSize: 35 }

      at src/components/HandyTreeView/HandyTreeView.tsx:451:17
          at Array.forEach (<anonymous>)

    console.log
      [HandyTreeView] buildFullItemsMap { itemsCount: 1, mapSize: 37 }

      at src/components/HandyTreeView/HandyTreeView.tsx:451:17
          at Array.forEach (<anonymous>)

    console.log
      [HandyTreeView] buildFullItemsMap { itemsCount: 1, mapSize: 39 }

      at src/components/HandyTreeView/HandyTreeView.tsx:451:17
          at Array.forEach (<anonymous>)

    console.log
      [HandyTreeView] buildFullItemsMap { itemsCount: 1, mapSize: 41 }

      at src/components/HandyTreeView/HandyTreeView.tsx:451:17
          at Array.forEach (<anonymous>)

    console.log
      [HandyTreeView] buildFullItemsMap { itemsCount: 1, mapSize: 43 }

      at src/components/HandyTreeView/HandyTreeView.tsx:451:17
          at Array.forEach (<anonymous>)

    console.log
      [HandyTreeView] buildFullItemsMap { itemsCount: 1, mapSize: 45 }

      at src/components/HandyTreeView/HandyTreeView.tsx:451:17
          at Array.forEach (<anonymous>)

    console.log
      [HandyTreeView] buildFullItemsMap { itemsCount: 1, mapSize: 47 }

      at src/components/HandyTreeView/HandyTreeView.tsx:451:17
          at Array.forEach (<anonymous>)

    console.log
      [HandyTreeView] buildFullItemsMap { itemsCount: 1, mapSize: 49 }

      at src/components/HandyTreeView/HandyTreeView.tsx:451:17
          at Array.forEach (<anonymous>)

    console.log
      [HandyTreeView] buildFullItemsMap { itemsCount: 1, mapSize: 51 }

      at src/components/HandyTreeView/HandyTreeView.tsx:451:17
          at Array.forEach (<anonymous>)

    console.log
      [HandyTreeView] buildFullItemsMap { itemsCount: 1, mapSize: 53 }

      at src/components/HandyTreeView/HandyTreeView.tsx:451:17
          at Array.forEach (<anonymous>)

    console.log
      [HandyTreeView] buildFullItemsMap { itemsCount: 1, mapSize: 55 }

      at src/components/HandyTreeView/HandyTreeView.tsx:451:17
          at Array.forEach (<anonymous>)

    console.log
      [HandyTreeView] buildFullItemsMap { itemsCount: 1, mapSize: 57 }

      at src/components/HandyTreeView/HandyTreeView.tsx:451:17
          at Array.forEach (<anonymous>)

    console.log
      [HandyTreeView] buildFullItemsMap { itemsCount: 1, mapSize: 59 }

      at src/components/HandyTreeView/HandyTreeView.tsx:451:17
          at Array.forEach (<anonymous>)

    console.log
      [HandyTreeView] buildFullItemsMap { itemsCount: 1, mapSize: 61 }

      at src/components/HandyTreeView/HandyTreeView.tsx:451:17
          at Array.forEach (<anonymous>)

    console.log
      [HandyTreeView] buildFullItemsMap { itemsCount: 1, mapSize: 63 }

      at src/components/HandyTreeView/HandyTreeView.tsx:451:17
          at Array.forEach (<anonymous>)

    console.log
      [HandyTreeView] buildFullItemsMap { itemsCount: 1, mapSize: 65 }

      at src/components/HandyTreeView/HandyTreeView.tsx:451:17
          at Array.forEach (<anonymous>)

    console.log
      [HandyTreeView] buildFullItemsMap { itemsCount: 1, mapSize: 67 }

      at src/components/HandyTreeView/HandyTreeView.tsx:451:17
          at Array.forEach (<anonymous>)

    console.log
      [HandyTreeView] buildFullItemsMap { itemsCount: 1, mapSize: 69 }

      at src/components/HandyTreeView/HandyTreeView.tsx:451:17
          at Array.forEach (<anonymous>)

    console.log
      [HandyTreeView] buildFullItemsMap { itemsCount: 1, mapSize: 71 }

      at src/components/HandyTreeView/HandyTreeView.tsx:451:17
          at Array.forEach (<anonymous>)

    console.log
      [HandyTreeView] buildFullItemsMap { itemsCount: 1, mapSize: 73 }

      at src/components/HandyTreeView/HandyTreeView.tsx:451:17
          at Array.forEach (<anonymous>)

    console.log
      [HandyTreeView] buildFullItemsMap { itemsCount: 1, mapSize: 75 }

      at src/components/HandyTreeView/HandyTreeView.tsx:451:17
          at Array.forEach (<anonymous>)

    console.log
      [HandyTreeView] buildFullItemsMap { itemsCount: 1, mapSize: 77 }

      at src/components/HandyTreeView/HandyTreeView.tsx:451:17
          at Array.forEach (<anonymous>)

    console.log
      [HandyTreeView] buildFullItemsMap { itemsCount: 1, mapSize: 79 }

      at src/components/HandyTreeView/HandyTreeView.tsx:451:17
          at Array.forEach (<anonymous>)

    console.log
      [HandyTreeView] buildFullItemsMap { itemsCount: 1, mapSize: 81 }

      at src/components/HandyTreeView/HandyTreeView.tsx:451:17
          at Array.forEach (<anonymous>)

    console.log
      [HandyTreeView] buildFullItemsMap { itemsCount: 1, mapSize: 83 }

      at src/components/HandyTreeView/HandyTreeView.tsx:451:17
          at Array.forEach (<anonymous>)

    console.log
      [HandyTreeView] buildFullItemsMap { itemsCount: 1, mapSize: 85 }

      at src/components/HandyTreeView/HandyTreeView.tsx:451:17
          at Array.forEach (<anonymous>)

    console.log
      [HandyTreeView] buildFullItemsMap { itemsCount: 1, mapSize: 87 }

      at src/components/HandyTreeView/HandyTreeView.tsx:451:17
          at Array.forEach (<anonymous>)

    console.log
      [HandyTreeView] buildFullItemsMap { itemsCount: 1, mapSize: 89 }

      at src/components/HandyTreeView/HandyTreeView.tsx:451:17
          at Array.forEach (<anonymous>)

    console.log
      [HandyTreeView] buildFullItemsMap { itemsCount: 1, mapSize: 91 }

      at src/components/HandyTreeView/HandyTreeView.tsx:451:17
          at Array.forEach (<anonymous>)

    console.log
      [HandyTreeView] buildFullItemsMap { itemsCount: 1, mapSize: 93 }

      at src/components/HandyTreeView/HandyTreeView.tsx:451:17
          at Array.forEach (<anonymous>)

    console.log
      [HandyTreeView] buildFullItemsMap { itemsCount: 1, mapSize: 95 }

      at src/components/HandyTreeView/HandyTreeView.tsx:451:17
          at Array.forEach (<anonymous>)

    console.log
      [HandyTreeView] buildFullItemsMap { itemsCount: 1, mapSize: 97 }

      at src/components/HandyTreeView/HandyTreeView.tsx:451:17
          at Array.forEach (<anonymous>)

    console.log
      [HandyTreeView] buildFullItemsMap { itemsCount: 1, mapSize: 99 }

      at src/components/HandyTreeView/HandyTreeView.tsx:451:17
          at Array.forEach (<anonymous>)

    console.log
      [HandyTreeView] applyFiltering { inputCount: 50, hasFilterItems: false, showHiddenFiles: true }

      at src/components/HandyTreeView/HandyTreeView.tsx:424:17

    console.log
      [HandyTreeView] RENDER END #3 {
        internalItemsLength: 50,
        expandedItemsCount: 0,
        selectedItemsCount: 0,
        hasEmptyState: false
      }

      at HandyTreeView (src/components/HandyTreeView/HandyTreeView.tsx:1429:13)

    console.log
      [HandyTreeView] renderTreeItems [lywgju038] { itemsCount: 50, level: 0, renderId: 3 }

      at src/components/HandyTreeView/HandyTreeView.tsx:1236:17

    console.log
      [HandyTreeView] renderTreeItems [lywgju038] completed { itemsCount: 50, level: 0, resultCount: 50 }

      at src/components/HandyTreeView/HandyTreeView.tsx:1330:17

    console.log
      [useLazyLoading] useEffect recreate data source { hasRef: true, configEnabled: false }

      at src/hooks/useLazyLoading.ts:222:13

    console.log
      [useLazyLoading] Recreating LazyLoadingDataSource

      at src/hooks/useLazyLoading.ts:228:15

    console.log
      [useLazyLoading] Setting up polling interval

      at src/hooks/useLazyLoading.ts:285:13

    console.log
      [HandyTreeView] useEffect items sync {
        hasDataSource: false,
        itemsLength: 50,
        filteredItemsLength: 50,
        internalItemsLength: 50
      }

      at src/components/HandyTreeView/HandyTreeView.tsx:496:15

    console.log
      [HandyTreeView] Syncing filtered items to internalItems

      at src/components/HandyTreeView/HandyTreeView.tsx:513:21

    console.log
      [HandyTreeView] useEffect fetch root items {
        hasDataSource: false,
        configEnabled: undefined,
        internalItemsLength: 50,
        itemsLength: 50,
        hasFetched: false
      }

      at src/components/HandyTreeView/HandyTreeView.tsx:549:15

    console.log
      [HandyTreeView] Skipping fetch - no dataSource or not enabled

      at src/components/HandyTreeView/HandyTreeView.tsx:559:17

    console.log
      [HandyTreeView] useEffect updateSelectionItems { internalItemsLength: 50 }

      at src/components/HandyTreeView/HandyTreeView.tsx:658:15

    console.log
      [useLazyLoading] Cleaning up polling interval

      at src/hooks/useLazyLoading.ts:293:15
          at Array.forEach (<anonymous>)

    console.log
      [HandyTreeView] RENDER START #4 {
        hasDataSource: false,
        itemsCount: 100,
        hasLazyLoading: false,
        timestamp: 1769005691178
      }

      at HandyTreeView (src/components/HandyTreeView/HandyTreeView.tsx:232:13)

    console.log
      [HandyTreeView] useMemo lazyLoadingConfig { hasDataSource: false, hasLazyLoading: false }

      at src/components/HandyTreeView/HandyTreeView.tsx:306:15

    console.log
      [HandyTreeView] Calling useLazyLoading {
        hasDataSource: false,
        hasConfig: false,
        dataSourceType: 'none',
        dataSourceKeys: []
      }

      at HandyTreeView (src/components/HandyTreeView/HandyTreeView.tsx:321:13)

    console.log
      [useLazyLoading] HOOK CALLED {
        hasDataSource: true,
        configEnabled: false,
        configKeys: [ 'enabled' ]
      }

      at useLazyLoading (src/hooks/useLazyLoading.ts:195:11)

    console.log
      [useLazyLoading] Creating new LazyLoadingDataSource

      at useLazyLoading (src/hooks/useLazyLoading.ts:213:13)

    console.log
      [HandyTreeView] useLazyLoading returned { hasDataSource: true, isLoading: false, stateCacheSize: 0 }

      at HandyTreeView (src/components/HandyTreeView/HandyTreeView.tsx:338:13)

    console.log
      [HandyTreeView] buildFullItemsMap { itemsCount: 100, mapSize: 0 }

      at src/components/HandyTreeView/HandyTreeView.tsx:451:17

    console.log
      [HandyTreeView] buildFullItemsMap { itemsCount: 1, mapSize: 1 }

      at src/components/HandyTreeView/HandyTreeView.tsx:451:17
          at Array.forEach (<anonymous>)

    console.log
      [HandyTreeView] buildFullItemsMap { itemsCount: 1, mapSize: 3 }

      at src/components/HandyTreeView/HandyTreeView.tsx:451:17
          at Array.forEach (<anonymous>)

    console.log
      [HandyTreeView] buildFullItemsMap { itemsCount: 1, mapSize: 5 }

      at src/components/HandyTreeView/HandyTreeView.tsx:451:17
          at Array.forEach (<anonymous>)

    console.log
      [HandyTreeView] buildFullItemsMap { itemsCount: 1, mapSize: 7 }

      at src/components/HandyTreeView/HandyTreeView.tsx:451:17
          at Array.forEach (<anonymous>)

    console.log
      [HandyTreeView] buildFullItemsMap { itemsCount: 1, mapSize: 9 }

      at src/components/HandyTreeView/HandyTreeView.tsx:451:17
          at Array.forEach (<anonymous>)

    console.log
      [HandyTreeView] buildFullItemsMap { itemsCount: 1, mapSize: 11 }

      at src/components/HandyTreeView/HandyTreeView.tsx:451:17
          at Array.forEach (<anonymous>)

    console.log
      [HandyTreeView] buildFullItemsMap { itemsCount: 1, mapSize: 13 }

      at src/components/HandyTreeView/HandyTreeView.tsx:451:17
          at Array.forEach (<anonymous>)

    console.log
      [HandyTreeView] buildFullItemsMap { itemsCount: 1, mapSize: 15 }

      at src/components/HandyTreeView/HandyTreeView.tsx:451:17
          at Array.forEach (<anonymous>)

    console.log
      [HandyTreeView] buildFullItemsMap { itemsCount: 1, mapSize: 17 }

      at src/components/HandyTreeView/HandyTreeView.tsx:451:17
          at Array.forEach (<anonymous>)

    console.log
      [HandyTreeView] buildFullItemsMap { itemsCount: 1, mapSize: 19 }

      at src/components/HandyTreeView/HandyTreeView.tsx:451:17
          at Array.forEach (<anonymous>)

    console.log
      [HandyTreeView] buildFullItemsMap { itemsCount: 1, mapSize: 21 }

      at src/components/HandyTreeView/HandyTreeView.tsx:451:17
          at Array.forEach (<anonymous>)

    console.log
      [HandyTreeView] buildFullItemsMap { itemsCount: 1, mapSize: 23 }

      at src/components/HandyTreeView/HandyTreeView.tsx:451:17
          at Array.forEach (<anonymous>)

    console.log
      [HandyTreeView] buildFullItemsMap { itemsCount: 1, mapSize: 25 }

      at src/components/HandyTreeView/HandyTreeView.tsx:451:17
          at Array.forEach (<anonymous>)

    console.log
      [HandyTreeView] buildFullItemsMap { itemsCount: 1, mapSize: 27 }

      at src/components/HandyTreeView/HandyTreeView.tsx:451:17
          at Array.forEach (<anonymous>)

    console.log
      [HandyTreeView] buildFullItemsMap { itemsCount: 1, mapSize: 29 }

      at src/components/HandyTreeView/HandyTreeView.tsx:451:17
          at Array.forEach (<anonymous>)

    console.log
      [HandyTreeView] buildFullItemsMap { itemsCount: 1, mapSize: 31 }

      at src/components/HandyTreeView/HandyTreeView.tsx:451:17
          at Array.forEach (<anonymous>)

    console.log
      [HandyTreeView] buildFullItemsMap { itemsCount: 1, mapSize: 33 }

      at src/components/HandyTreeView/HandyTreeView.tsx:451:17
          at Array.forEach (<anonymous>)

    console.log
      [HandyTreeView] buildFullItemsMap { itemsCount: 1, mapSize: 35 }

      at src/components/HandyTreeView/HandyTreeView.tsx:451:17
          at Array.forEach (<anonymous>)

    console.log
      [HandyTreeView] buildFullItemsMap { itemsCount: 1, mapSize: 37 }

      at src/components/HandyTreeView/HandyTreeView.tsx:451:17
          at Array.forEach (<anonymous>)

    console.log
      [HandyTreeView] buildFullItemsMap { itemsCount: 1, mapSize: 39 }

      at src/components/HandyTreeView/HandyTreeView.tsx:451:17
          at Array.forEach (<anonymous>)

    console.log
      [HandyTreeView] buildFullItemsMap { itemsCount: 1, mapSize: 41 }

      at src/components/HandyTreeView/HandyTreeView.tsx:451:17
          at Array.forEach (<anonymous>)

    console.log
      [HandyTreeView] buildFullItemsMap { itemsCount: 1, mapSize: 43 }

      at src/components/HandyTreeView/HandyTreeView.tsx:451:17
          at Array.forEach (<anonymous>)

    console.log
      [HandyTreeView] buildFullItemsMap { itemsCount: 1, mapSize: 45 }

      at src/components/HandyTreeView/HandyTreeView.tsx:451:17
          at Array.forEach (<anonymous>)

    console.log
      [HandyTreeView] buildFullItemsMap { itemsCount: 1, mapSize: 47 }

      at src/components/HandyTreeView/HandyTreeView.tsx:451:17
          at Array.forEach (<anonymous>)

    console.log
      [HandyTreeView] buildFullItemsMap { itemsCount: 1, mapSize: 49 }

      at src/components/HandyTreeView/HandyTreeView.tsx:451:17
          at Array.forEach (<anonymous>)

    console.log
      [HandyTreeView] buildFullItemsMap { itemsCount: 1, mapSize: 51 }

      at src/components/HandyTreeView/HandyTreeView.tsx:451:17
          at Array.forEach (<anonymous>)

    console.log
      [HandyTreeView] buildFullItemsMap { itemsCount: 1, mapSize: 53 }

      at src/components/HandyTreeView/HandyTreeView.tsx:451:17
          at Array.forEach (<anonymous>)

    console.log
      [HandyTreeView] buildFullItemsMap { itemsCount: 1, mapSize: 55 }

      at src/components/HandyTreeView/HandyTreeView.tsx:451:17
          at Array.forEach (<anonymous>)

    console.log
      [HandyTreeView] buildFullItemsMap { itemsCount: 1, mapSize: 57 }

      at src/components/HandyTreeView/HandyTreeView.tsx:451:17
          at Array.forEach (<anonymous>)

    console.log
      [HandyTreeView] buildFullItemsMap { itemsCount: 1, mapSize: 59 }

      at src/components/HandyTreeView/HandyTreeView.tsx:451:17
          at Array.forEach (<anonymous>)

    console.log
      [HandyTreeView] buildFullItemsMap { itemsCount: 1, mapSize: 61 }

      at src/components/HandyTreeView/HandyTreeView.tsx:451:17
          at Array.forEach (<anonymous>)

    console.log
      [HandyTreeView] buildFullItemsMap { itemsCount: 1, mapSize: 63 }

      at src/components/HandyTreeView/HandyTreeView.tsx:451:17
          at Array.forEach (<anonymous>)

    console.log
      [HandyTreeView] buildFullItemsMap { itemsCount: 1, mapSize: 65 }

      at src/components/HandyTreeView/HandyTreeView.tsx:451:17
          at Array.forEach (<anonymous>)

    console.log
      [HandyTreeView] buildFullItemsMap { itemsCount: 1, mapSize: 67 }

      at src/components/HandyTreeView/HandyTreeView.tsx:451:17
          at Array.forEach (<anonymous>)

    console.log
      [HandyTreeView] buildFullItemsMap { itemsCount: 1, mapSize: 69 }

      at src/components/HandyTreeView/HandyTreeView.tsx:451:17
          at Array.forEach (<anonymous>)

    console.log
      [HandyTreeView] buildFullItemsMap { itemsCount: 1, mapSize: 71 }

      at src/components/HandyTreeView/HandyTreeView.tsx:451:17
          at Array.forEach (<anonymous>)

    console.log
      [HandyTreeView] buildFullItemsMap { itemsCount: 1, mapSize: 73 }

      at src/components/HandyTreeView/HandyTreeView.tsx:451:17
          at Array.forEach (<anonymous>)

    console.log
      [HandyTreeView] buildFullItemsMap { itemsCount: 1, mapSize: 75 }

      at src/components/HandyTreeView/HandyTreeView.tsx:451:17
          at Array.forEach (<anonymous>)

    console.log
      [HandyTreeView] buildFullItemsMap { itemsCount: 1, mapSize: 77 }

      at src/components/HandyTreeView/HandyTreeView.tsx:451:17
          at Array.forEach (<anonymous>)

    console.log
      [HandyTreeView] buildFullItemsMap { itemsCount: 1, mapSize: 79 }

      at src/components/HandyTreeView/HandyTreeView.tsx:451:17
          at Array.forEach (<anonymous>)

    console.log
      [HandyTreeView] buildFullItemsMap { itemsCount: 1, mapSize: 81 }

      at src/components/HandyTreeView/HandyTreeView.tsx:451:17
          at Array.forEach (<anonymous>)

    console.log
      [HandyTreeView] buildFullItemsMap { itemsCount: 1, mapSize: 83 }

      at src/components/HandyTreeView/HandyTreeView.tsx:451:17
          at Array.forEach (<anonymous>)

    console.log
      [HandyTreeView] buildFullItemsMap { itemsCount: 1, mapSize: 85 }

      at src/components/HandyTreeView/HandyTreeView.tsx:451:17
          at Array.forEach (<anonymous>)

    console.log
      [HandyTreeView] buildFullItemsMap { itemsCount: 1, mapSize: 87 }

      at src/components/HandyTreeView/HandyTreeView.tsx:451:17
          at Array.forEach (<anonymous>)

    console.log
      [HandyTreeView] buildFullItemsMap { itemsCount: 1, mapSize: 89 }

      at src/components/HandyTreeView/HandyTreeView.tsx:451:17
          at Array.forEach (<anonymous>)

    console.log
      [HandyTreeView] buildFullItemsMap { itemsCount: 1, mapSize: 91 }

      at src/components/HandyTreeView/HandyTreeView.tsx:451:17
          at Array.forEach (<anonymous>)

    console.log
      [HandyTreeView] buildFullItemsMap { itemsCount: 1, mapSize: 93 }

      at src/components/HandyTreeView/HandyTreeView.tsx:451:17
          at Array.forEach (<anonymous>)

    console.log
      [HandyTreeView] buildFullItemsMap { itemsCount: 1, mapSize: 95 }

      at src/components/HandyTreeView/HandyTreeView.tsx:451:17
          at Array.forEach (<anonymous>)

    console.log
      [HandyTreeView] buildFullItemsMap { itemsCount: 1, mapSize: 97 }

      at src/components/HandyTreeView/HandyTreeView.tsx:451:17
          at Array.forEach (<anonymous>)

    console.log
      [HandyTreeView] buildFullItemsMap { itemsCount: 1, mapSize: 99 }

      at src/components/HandyTreeView/HandyTreeView.tsx:451:17
          at Array.forEach (<anonymous>)

    console.log
      [HandyTreeView] buildFullItemsMap { itemsCount: 1, mapSize: 101 }

      at src/components/HandyTreeView/HandyTreeView.tsx:451:17
          at Array.forEach (<anonymous>)

    console.log
      [HandyTreeView] buildFullItemsMap { itemsCount: 1, mapSize: 103 }

      at src/components/HandyTreeView/HandyTreeView.tsx:451:17
          at Array.forEach (<anonymous>)

    console.log
      [HandyTreeView] buildFullItemsMap { itemsCount: 1, mapSize: 105 }

      at src/components/HandyTreeView/HandyTreeView.tsx:451:17
          at Array.forEach (<anonymous>)

    console.log
      [HandyTreeView] buildFullItemsMap { itemsCount: 1, mapSize: 107 }

      at src/components/HandyTreeView/HandyTreeView.tsx:451:17
          at Array.forEach (<anonymous>)

    console.log
      [HandyTreeView] buildFullItemsMap { itemsCount: 1, mapSize: 109 }

      at src/components/HandyTreeView/HandyTreeView.tsx:451:17
          at Array.forEach (<anonymous>)

    console.log
      [HandyTreeView] buildFullItemsMap { itemsCount: 1, mapSize: 111 }

      at src/components/HandyTreeView/HandyTreeView.tsx:451:17
          at Array.forEach (<anonymous>)

    console.log
      [HandyTreeView] buildFullItemsMap { itemsCount: 1, mapSize: 113 }

      at src/components/HandyTreeView/HandyTreeView.tsx:451:17
          at Array.forEach (<anonymous>)

    console.log
      [HandyTreeView] buildFullItemsMap { itemsCount: 1, mapSize: 115 }

      at src/components/HandyTreeView/HandyTreeView.tsx:451:17
          at Array.forEach (<anonymous>)

    console.log
      [HandyTreeView] buildFullItemsMap { itemsCount: 1, mapSize: 117 }

      at src/components/HandyTreeView/HandyTreeView.tsx:451:17
          at Array.forEach (<anonymous>)

    console.log
      [HandyTreeView] buildFullItemsMap { itemsCount: 1, mapSize: 119 }

      at src/components/HandyTreeView/HandyTreeView.tsx:451:17
          at Array.forEach (<anonymous>)

    console.log
      [HandyTreeView] buildFullItemsMap { itemsCount: 1, mapSize: 121 }

      at src/components/HandyTreeView/HandyTreeView.tsx:451:17
          at Array.forEach (<anonymous>)

    console.log
      [HandyTreeView] buildFullItemsMap { itemsCount: 1, mapSize: 123 }

      at src/components/HandyTreeView/HandyTreeView.tsx:451:17
          at Array.forEach (<anonymous>)

    console.log
      [HandyTreeView] buildFullItemsMap { itemsCount: 1, mapSize: 125 }

      at src/components/HandyTreeView/HandyTreeView.tsx:451:17
          at Array.forEach (<anonymous>)

    console.log
      [HandyTreeView] buildFullItemsMap { itemsCount: 1, mapSize: 127 }

      at src/components/HandyTreeView/HandyTreeView.tsx:451:17
          at Array.forEach (<anonymous>)

    console.log
      [HandyTreeView] buildFullItemsMap { itemsCount: 1, mapSize: 129 }

      at src/components/HandyTreeView/HandyTreeView.tsx:451:17
          at Array.forEach (<anonymous>)

    console.log
      [HandyTreeView] buildFullItemsMap { itemsCount: 1, mapSize: 131 }

      at src/components/HandyTreeView/HandyTreeView.tsx:451:17
          at Array.forEach (<anonymous>)

    console.log
      [HandyTreeView] buildFullItemsMap { itemsCount: 1, mapSize: 133 }

      at src/components/HandyTreeView/HandyTreeView.tsx:451:17
          at Array.forEach (<anonymous>)

    console.log
      [HandyTreeView] buildFullItemsMap { itemsCount: 1, mapSize: 135 }

      at src/components/HandyTreeView/HandyTreeView.tsx:451:17
          at Array.forEach (<anonymous>)

    console.log
      [HandyTreeView] buildFullItemsMap { itemsCount: 1, mapSize: 137 }

      at src/components/HandyTreeView/HandyTreeView.tsx:451:17
          at Array.forEach (<anonymous>)

    console.log
      [HandyTreeView] buildFullItemsMap { itemsCount: 1, mapSize: 139 }

      at src/components/HandyTreeView/HandyTreeView.tsx:451:17
          at Array.forEach (<anonymous>)

    console.log
      [HandyTreeView] buildFullItemsMap { itemsCount: 1, mapSize: 141 }

      at src/components/HandyTreeView/HandyTreeView.tsx:451:17
          at Array.forEach (<anonymous>)

    console.log
      [HandyTreeView] buildFullItemsMap { itemsCount: 1, mapSize: 143 }

      at src/components/HandyTreeView/HandyTreeView.tsx:451:17
          at Array.forEach (<anonymous>)

    console.log
      [HandyTreeView] buildFullItemsMap { itemsCount: 1, mapSize: 145 }

      at src/components/HandyTreeView/HandyTreeView.tsx:451:17
          at Array.forEach (<anonymous>)

    console.log
      [HandyTreeView] buildFullItemsMap { itemsCount: 1, mapSize: 147 }

      at src/components/HandyTreeView/HandyTreeView.tsx:451:17
          at Array.forEach (<anonymous>)

    console.log
      [HandyTreeView] buildFullItemsMap { itemsCount: 1, mapSize: 149 }

      at src/components/HandyTreeView/HandyTreeView.tsx:451:17
          at Array.forEach (<anonymous>)

    console.log
      [HandyTreeView] buildFullItemsMap { itemsCount: 1, mapSize: 151 }

      at src/components/HandyTreeView/HandyTreeView.tsx:451:17
          at Array.forEach (<anonymous>)

    console.log
      [HandyTreeView] buildFullItemsMap { itemsCount: 1, mapSize: 153 }

      at src/components/HandyTreeView/HandyTreeView.tsx:451:17
          at Array.forEach (<anonymous>)

    console.log
      [HandyTreeView] buildFullItemsMap { itemsCount: 1, mapSize: 155 }

      at src/components/HandyTreeView/HandyTreeView.tsx:451:17
          at Array.forEach (<anonymous>)

    console.log
      [HandyTreeView] buildFullItemsMap { itemsCount: 1, mapSize: 157 }

      at src/components/HandyTreeView/HandyTreeView.tsx:451:17
          at Array.forEach (<anonymous>)

    console.log
      [HandyTreeView] buildFullItemsMap { itemsCount: 1, mapSize: 159 }

      at src/components/HandyTreeView/HandyTreeView.tsx:451:17
          at Array.forEach (<anonymous>)

    console.log
      [HandyTreeView] buildFullItemsMap { itemsCount: 1, mapSize: 161 }

      at src/components/HandyTreeView/HandyTreeView.tsx:451:17
          at Array.forEach (<anonymous>)

    console.log
      [HandyTreeView] buildFullItemsMap { itemsCount: 1, mapSize: 163 }

      at src/components/HandyTreeView/HandyTreeView.tsx:451:17
          at Array.forEach (<anonymous>)

    console.log
      [HandyTreeView] buildFullItemsMap { itemsCount: 1, mapSize: 165 }

      at src/components/HandyTreeView/HandyTreeView.tsx:451:17
          at Array.forEach (<anonymous>)

    console.log
      [HandyTreeView] buildFullItemsMap { itemsCount: 1, mapSize: 167 }

      at src/components/HandyTreeView/HandyTreeView.tsx:451:17
          at Array.forEach (<anonymous>)

    console.log
      [HandyTreeView] buildFullItemsMap { itemsCount: 1, mapSize: 169 }

      at src/components/HandyTreeView/HandyTreeView.tsx:451:17
          at Array.forEach (<anonymous>)

    console.log
      [HandyTreeView] buildFullItemsMap { itemsCount: 1, mapSize: 171 }

      at src/components/HandyTreeView/HandyTreeView.tsx:451:17
          at Array.forEach (<anonymous>)

    console.log
      [HandyTreeView] buildFullItemsMap { itemsCount: 1, mapSize: 173 }

      at src/components/HandyTreeView/HandyTreeView.tsx:451:17
          at Array.forEach (<anonymous>)

    console.log
      [HandyTreeView] buildFullItemsMap { itemsCount: 1, mapSize: 175 }

      at src/components/HandyTreeView/HandyTreeView.tsx:451:17
          at Array.forEach (<anonymous>)

    console.log
      [HandyTreeView] buildFullItemsMap { itemsCount: 1, mapSize: 177 }

      at src/components/HandyTreeView/HandyTreeView.tsx:451:17
          at Array.forEach (<anonymous>)

    console.log
      [HandyTreeView] buildFullItemsMap { itemsCount: 1, mapSize: 179 }

      at src/components/HandyTreeView/HandyTreeView.tsx:451:17
          at Array.forEach (<anonymous>)

    console.log
      [HandyTreeView] buildFullItemsMap { itemsCount: 1, mapSize: 181 }

      at src/components/HandyTreeView/HandyTreeView.tsx:451:17
          at Array.forEach (<anonymous>)

    console.log
      [HandyTreeView] buildFullItemsMap { itemsCount: 1, mapSize: 183 }

      at src/components/HandyTreeView/HandyTreeView.tsx:451:17
          at Array.forEach (<anonymous>)

    console.log
      [HandyTreeView] buildFullItemsMap { itemsCount: 1, mapSize: 185 }

      at src/components/HandyTreeView/HandyTreeView.tsx:451:17
          at Array.forEach (<anonymous>)

    console.log
      [HandyTreeView] buildFullItemsMap { itemsCount: 1, mapSize: 187 }

      at src/components/HandyTreeView/HandyTreeView.tsx:451:17
          at Array.forEach (<anonymous>)

    console.log
      [HandyTreeView] buildFullItemsMap { itemsCount: 1, mapSize: 189 }

      at src/components/HandyTreeView/HandyTreeView.tsx:451:17
          at Array.forEach (<anonymous>)

    console.log
      [HandyTreeView] buildFullItemsMap { itemsCount: 1, mapSize: 191 }

      at src/components/HandyTreeView/HandyTreeView.tsx:451:17
          at Array.forEach (<anonymous>)

    console.log
      [HandyTreeView] buildFullItemsMap { itemsCount: 1, mapSize: 193 }

      at src/components/HandyTreeView/HandyTreeView.tsx:451:17
          at Array.forEach (<anonymous>)

    console.log
      [HandyTreeView] buildFullItemsMap { itemsCount: 1, mapSize: 195 }

      at src/components/HandyTreeView/HandyTreeView.tsx:451:17
          at Array.forEach (<anonymous>)

    console.log
      [HandyTreeView] buildFullItemsMap { itemsCount: 1, mapSize: 197 }

      at src/components/HandyTreeView/HandyTreeView.tsx:451:17
          at Array.forEach (<anonymous>)

    console.log
      [HandyTreeView] buildFullItemsMap { itemsCount: 1, mapSize: 199 }

      at src/components/HandyTreeView/HandyTreeView.tsx:451:17
          at Array.forEach (<anonymous>)

    console.log
      [HandyTreeView] applyFiltering { inputCount: 100, hasFilterItems: false, showHiddenFiles: true }

      at src/components/HandyTreeView/HandyTreeView.tsx:424:17

    console.log
      [HandyTreeView] RENDER END #4 {
        internalItemsLength: 100,
        expandedItemsCount: 0,
        selectedItemsCount: 0,
        hasEmptyState: false
      }

      at HandyTreeView (src/components/HandyTreeView/HandyTreeView.tsx:1429:13)

    console.log
      [HandyTreeView] renderTreeItems [hsjcfqhz7] { itemsCount: 100, level: 0, renderId: 4 }

      at src/components/HandyTreeView/HandyTreeView.tsx:1236:17

    console.log
      [HandyTreeView] renderTreeItems [hsjcfqhz7] completed { itemsCount: 100, level: 0, resultCount: 100 }

      at src/components/HandyTreeView/HandyTreeView.tsx:1330:17

    console.log
      [useLazyLoading] useEffect recreate data source { hasRef: true, configEnabled: false }

      at src/hooks/useLazyLoading.ts:222:13

    console.log
      [useLazyLoading] Recreating LazyLoadingDataSource

      at src/hooks/useLazyLoading.ts:228:15

    console.log
      [useLazyLoading] Setting up polling interval

      at src/hooks/useLazyLoading.ts:285:13

    console.log
      [HandyTreeView] useEffect items sync {
        hasDataSource: false,
        itemsLength: 100,
        filteredItemsLength: 100,
        internalItemsLength: 100
      }

      at src/components/HandyTreeView/HandyTreeView.tsx:496:15

    console.log
      [HandyTreeView] Syncing filtered items to internalItems

      at src/components/HandyTreeView/HandyTreeView.tsx:513:21

    console.log
      [HandyTreeView] useEffect fetch root items {
        hasDataSource: false,
        configEnabled: undefined,
        internalItemsLength: 100,
        itemsLength: 100,
        hasFetched: false
      }

      at src/components/HandyTreeView/HandyTreeView.tsx:549:15

    console.log
      [HandyTreeView] Skipping fetch - no dataSource or not enabled

      at src/components/HandyTreeView/HandyTreeView.tsx:559:17

    console.log
      [HandyTreeView] useEffect updateSelectionItems { internalItemsLength: 100 }

      at src/components/HandyTreeView/HandyTreeView.tsx:658:15

    console.log
      [useLazyLoading] Cleaning up polling interval

      at src/hooks/useLazyLoading.ts:293:15
          at Array.forEach (<anonymous>)

PASS __tests__/HandyTreeView.interactions.test.tsx (21.748 s)
  ΓùÅ Console

    console.log
      [HandyTreeView] RENDER START #1 {
        hasDataSource: false,
        itemsCount: 2,
        hasLazyLoading: false,
        timestamp: 1769005690077
      }

      at HandyTreeView (src/components/HandyTreeView/HandyTreeView.tsx:232:13)

    console.log
      [HandyTreeView] useMemo lazyLoadingConfig { hasDataSource: false, hasLazyLoading: false }

      at src/components/HandyTreeView/HandyTreeView.tsx:306:15

    console.log
      [HandyTreeView] Calling useLazyLoading {
        hasDataSource: false,
        hasConfig: false,
        dataSourceType: 'none',
        dataSourceKeys: []
      }

      at HandyTreeView (src/components/HandyTreeView/HandyTreeView.tsx:321:13)

    console.log
      [useLazyLoading] HOOK CALLED {
        hasDataSource: true,
        configEnabled: false,
        configKeys: [ 'enabled' ]
      }

      at useLazyLoading (src/hooks/useLazyLoading.ts:195:11)

    console.log
      [useLazyLoading] Creating new LazyLoadingDataSource

      at useLazyLoading (src/hooks/useLazyLoading.ts:213:13)

    console.log
      [HandyTreeView] useLazyLoading returned { hasDataSource: true, isLoading: false, stateCacheSize: 0 }

      at HandyTreeView (src/components/HandyTreeView/HandyTreeView.tsx:338:13)

    console.log
      [HandyTreeView] buildFullItemsMap { itemsCount: 2, mapSize: 0 }

      at src/components/HandyTreeView/HandyTreeView.tsx:451:17

    console.log
      [HandyTreeView] buildFullItemsMap { itemsCount: 2, mapSize: 1 }

      at src/components/HandyTreeView/HandyTreeView.tsx:451:17
          at Array.forEach (<anonymous>)

    console.log
      [HandyTreeView] buildFullItemsMap { itemsCount: 2, mapSize: 4 }

      at src/components/HandyTreeView/HandyTreeView.tsx:451:17
          at Array.forEach (<anonymous>)

    console.log
      [HandyTreeView] applyFiltering { inputCount: 2, hasFilterItems: false, showHiddenFiles: true }

      at src/components/HandyTreeView/HandyTreeView.tsx:424:17

    console.log
      [HandyTreeView] RENDER END #1 {
        internalItemsLength: 2,
        expandedItemsCount: 0,
        selectedItemsCount: 0,
        hasEmptyState: false
      }

      at HandyTreeView (src/components/HandyTreeView/HandyTreeView.tsx:1429:13)

    console.log
      [HandyTreeView] renderTreeItems [it5pzgc22] { itemsCount: 2, level: 0, renderId: 1 }

      at src/components/HandyTreeView/HandyTreeView.tsx:1236:17

    console.log
      [HandyTreeView] renderTreeItems [it5pzgc22] completed { itemsCount: 2, level: 0, resultCount: 2 }

      at src/components/HandyTreeView/HandyTreeView.tsx:1330:17

    console.log
      [useLazyLoading] useEffect recreate data source { hasRef: true, configEnabled: false }

      at src/hooks/useLazyLoading.ts:222:13

    console.log
      [useLazyLoading] Recreating LazyLoadingDataSource

      at src/hooks/useLazyLoading.ts:228:15

    console.log
      [useLazyLoading] Setting up polling interval

      at src/hooks/useLazyLoading.ts:285:13

    console.log
      [HandyTreeView] useEffect items sync {
        hasDataSource: false,
        itemsLength: 2,
        filteredItemsLength: 2,
        internalItemsLength: 2
      }

      at src/components/HandyTreeView/HandyTreeView.tsx:496:15

    console.log
      [HandyTreeView] Syncing filtered items to internalItems

      at src/components/HandyTreeView/HandyTreeView.tsx:513:21

    console.log
      [HandyTreeView] useEffect fetch root items {
        hasDataSource: false,
        configEnabled: undefined,
        internalItemsLength: 2,
        itemsLength: 2,
        hasFetched: false
      }

      at src/components/HandyTreeView/HandyTreeView.tsx:549:15

    console.log
      [HandyTreeView] Skipping fetch - no dataSource or not enabled

      at src/components/HandyTreeView/HandyTreeView.tsx:559:17

    console.log
      [HandyTreeView] useEffect updateSelectionItems { internalItemsLength: 2 }

      at src/components/HandyTreeView/HandyTreeView.tsx:658:15

    console.log
      [HandyTreeView] RENDER START #2 {
        hasDataSource: false,
        itemsCount: 2,
        hasLazyLoading: false,
        timestamp: 1769005690286
      }

      at HandyTreeView (src/components/HandyTreeView/HandyTreeView.tsx:232:13)

    console.log
      [HandyTreeView] Calling useLazyLoading {
        hasDataSource: false,
        hasConfig: false,
        dataSourceType: 'none',
        dataSourceKeys: []
      }

      at HandyTreeView (src/components/HandyTreeView/HandyTreeView.tsx:321:13)

    console.log
      [useLazyLoading] HOOK CALLED {
        hasDataSource: true,
        configEnabled: false,
        configKeys: [ 'enabled' ]
      }

      at useLazyLoading (src/hooks/useLazyLoading.ts:195:11)

    console.log
      [HandyTreeView] useLazyLoading returned { hasDataSource: true, isLoading: false, stateCacheSize: 0 }

      at HandyTreeView (src/components/HandyTreeView/HandyTreeView.tsx:338:13)

    console.log
      [HandyTreeView] buildFullItemsMap { itemsCount: 2, mapSize: 0 }

      at src/components/HandyTreeView/HandyTreeView.tsx:451:17

    console.log
      [HandyTreeView] buildFullItemsMap { itemsCount: 2, mapSize: 1 }

      at src/components/HandyTreeView/HandyTreeView.tsx:451:17
          at Array.forEach (<anonymous>)

    console.log
      [HandyTreeView] buildFullItemsMap { itemsCount: 2, mapSize: 4 }

      at src/components/HandyTreeView/HandyTreeView.tsx:451:17
          at Array.forEach (<anonymous>)

    console.log
      [HandyTreeView] applyFiltering { inputCount: 2, hasFilterItems: false, showHiddenFiles: true }

      at src/components/HandyTreeView/HandyTreeView.tsx:424:17

    console.log
      [HandyTreeView] RENDER END #2 {
        internalItemsLength: 2,
        expandedItemsCount: 0,
        selectedItemsCount: 0,
        hasEmptyState: false
      }

      at HandyTreeView (src/components/HandyTreeView/HandyTreeView.tsx:1429:13)

    console.log
      [HandyTreeView] renderTreeItems [hu7rsvnyy] { itemsCount: 2, level: 0, renderId: 2 }

      at src/components/HandyTreeView/HandyTreeView.tsx:1236:17

    console.log
      [HandyTreeView] renderTreeItems [hu7rsvnyy] completed { itemsCount: 2, level: 0, resultCount: 2 }

      at src/components/HandyTreeView/HandyTreeView.tsx:1330:17

    console.log
      [useLazyLoading] useEffect recreate data source { hasRef: true, configEnabled: false }

      at src/hooks/useLazyLoading.ts:222:13

    console.log
      [useLazyLoading] Recreating LazyLoadingDataSource

      at src/hooks/useLazyLoading.ts:228:15

    console.log
      [HandyTreeView] useEffect items sync {
        hasDataSource: false,
        itemsLength: 2,
        filteredItemsLength: 2,
        internalItemsLength: 2
      }

      at src/components/HandyTreeView/HandyTreeView.tsx:496:15

    console.log
      [HandyTreeView] RENDER START #3 {
        hasDataSource: false,
        itemsCount: 2,
        hasLazyLoading: false,
        timestamp: 1769005690311
      }

      at HandyTreeView (src/components/HandyTreeView/HandyTreeView.tsx:232:13)

    console.log
      [HandyTreeView] Calling useLazyLoading {
        hasDataSource: false,
        hasConfig: false,
        dataSourceType: 'none',
        dataSourceKeys: []
      }

      at HandyTreeView (src/components/HandyTreeView/HandyTreeView.tsx:321:13)

    console.log
      [useLazyLoading] HOOK CALLED {
        hasDataSource: true,
        configEnabled: false,
        configKeys: [ 'enabled' ]
      }

      at useLazyLoading (src/hooks/useLazyLoading.ts:195:11)

    console.log
      [HandyTreeView] useLazyLoading returned { hasDataSource: true, isLoading: false, stateCacheSize: 0 }

      at HandyTreeView (src/components/HandyTreeView/HandyTreeView.tsx:338:13)

    console.log
      [HandyTreeView] buildFullItemsMap { itemsCount: 2, mapSize: 0 }

      at src/components/HandyTreeView/HandyTreeView.tsx:451:17

    console.log
      [HandyTreeView] buildFullItemsMap { itemsCount: 2, mapSize: 1 }

      at src/components/HandyTreeView/HandyTreeView.tsx:451:17
          at Array.forEach (<anonymous>)

    console.log
      [HandyTreeView] buildFullItemsMap { itemsCount: 2, mapSize: 4 }

      at src/components/HandyTreeView/HandyTreeView.tsx:451:17
          at Array.forEach (<anonymous>)

    console.log
      [HandyTreeView] applyFiltering { inputCount: 2, hasFilterItems: false, showHiddenFiles: true }

      at src/components/HandyTreeView/HandyTreeView.tsx:424:17

    console.log
      [HandyTreeView] RENDER END #3 {
        internalItemsLength: 2,
        expandedItemsCount: 0,
        selectedItemsCount: 0,
        hasEmptyState: false
      }

      at HandyTreeView (src/components/HandyTreeView/HandyTreeView.tsx:1429:13)

    console.log
      [HandyTreeView] renderTreeItems [ybvrjar35] { itemsCount: 2, level: 0, renderId: 3 }

      at src/components/HandyTreeView/HandyTreeView.tsx:1236:17

    console.log
      [HandyTreeView] renderTreeItems [ybvrjar35] completed { itemsCount: 2, level: 0, resultCount: 2 }

      at src/components/HandyTreeView/HandyTreeView.tsx:1330:17

    console.log
      [HandyTreeView] RENDER START #4 {
        hasDataSource: false,
        itemsCount: 2,
        hasLazyLoading: false,
        timestamp: 1769005690328
      }

      at HandyTreeView (src/components/HandyTreeView/HandyTreeView.tsx:232:13)

    console.log
      [HandyTreeView] Calling useLazyLoading {
        hasDataSource: false,
        hasConfig: false,
        dataSourceType: 'none',
        dataSourceKeys: []
      }

      at HandyTreeView (src/components/HandyTreeView/HandyTreeView.tsx:321:13)

    console.log
      [useLazyLoading] HOOK CALLED {
        hasDataSource: true,
        configEnabled: false,
        configKeys: [ 'enabled' ]
      }

      at useLazyLoading (src/hooks/useLazyLoading.ts:195:11)

    console.log
      [HandyTreeView] useLazyLoading returned { hasDataSource: true, isLoading: false, stateCacheSize: 0 }

      at HandyTreeView (src/components/HandyTreeView/HandyTreeView.tsx:338:13)

    console.log
      [HandyTreeView] buildFullItemsMap { itemsCount: 2, mapSize: 0 }

      at src/components/HandyTreeView/HandyTreeView.tsx:451:17

    console.log
      [HandyTreeView] buildFullItemsMap { itemsCount: 2, mapSize: 1 }

      at src/components/HandyTreeView/HandyTreeView.tsx:451:17
          at Array.forEach (<anonymous>)

    console.log
      [HandyTreeView] buildFullItemsMap { itemsCount: 2, mapSize: 4 }

      at src/components/HandyTreeView/HandyTreeView.tsx:451:17
          at Array.forEach (<anonymous>)

    console.log
      [HandyTreeView] applyFiltering { inputCount: 2, hasFilterItems: false, showHiddenFiles: true }

      at src/components/HandyTreeView/HandyTreeView.tsx:424:17

    console.log
      [HandyTreeView] RENDER END #4 {
        internalItemsLength: 2,
        expandedItemsCount: 0,
        selectedItemsCount: 0,
        hasEmptyState: false
      }

      at HandyTreeView (src/components/HandyTreeView/HandyTreeView.tsx:1429:13)

    console.log
      [HandyTreeView] renderTreeItems [b4esna323] { itemsCount: 2, level: 0, renderId: 4 }

      at src/components/HandyTreeView/HandyTreeView.tsx:1236:17

    console.log
      [HandyTreeView] renderTreeItems [b4esna323] completed { itemsCount: 2, level: 0, resultCount: 2 }

      at src/components/HandyTreeView/HandyTreeView.tsx:1330:17

    console.log
      [useLazyLoading] useEffect recreate data source { hasRef: true, configEnabled: false }

      at src/hooks/useLazyLoading.ts:222:13

    console.log
      [useLazyLoading] Recreating LazyLoadingDataSource

      at src/hooks/useLazyLoading.ts:228:15

    console.log
      [HandyTreeView] useEffect items sync {
        hasDataSource: false,
        itemsLength: 2,
        filteredItemsLength: 2,
        internalItemsLength: 2
      }

      at src/components/HandyTreeView/HandyTreeView.tsx:496:15

    console.log
      [useLazyLoading] Cleaning up polling interval

      at src/hooks/useLazyLoading.ts:293:15
          at Array.forEach (<anonymous>)

    console.log
      [HandyTreeView] RENDER START #5 {
        hasDataSource: false,
        itemsCount: 2,
        hasLazyLoading: false,
        timestamp: 1769005690357
      }

      at HandyTreeView (src/components/HandyTreeView/HandyTreeView.tsx:232:13)

    console.log
      [HandyTreeView] useMemo lazyLoadingConfig { hasDataSource: false, hasLazyLoading: false }

      at src/components/HandyTreeView/HandyTreeView.tsx:306:15

    console.log
      [HandyTreeView] Calling useLazyLoading {
        hasDataSource: false,
        hasConfig: false,
        dataSourceType: 'none',
        dataSourceKeys: []
      }

      at HandyTreeView (src/components/HandyTreeView/HandyTreeView.tsx:321:13)

    console.log
      [useLazyLoading] HOOK CALLED {
        hasDataSource: true,
        configEnabled: false,
        configKeys: [ 'enabled' ]
      }

      at useLazyLoading (src/hooks/useLazyLoading.ts:195:11)

    console.log
      [useLazyLoading] Creating new LazyLoadingDataSource

      at useLazyLoading (src/hooks/useLazyLoading.ts:213:13)

    console.log
      [HandyTreeView] useLazyLoading returned { hasDataSource: true, isLoading: false, stateCacheSize: 0 }

      at HandyTreeView (src/components/HandyTreeView/HandyTreeView.tsx:338:13)

    console.log
      [HandyTreeView] buildFullItemsMap { itemsCount: 2, mapSize: 0 }

      at src/components/HandyTreeView/HandyTreeView.tsx:451:17

    console.log
      [HandyTreeView] buildFullItemsMap { itemsCount: 2, mapSize: 1 }

      at src/components/HandyTreeView/HandyTreeView.tsx:451:17
          at Array.forEach (<anonymous>)

    console.log
      [HandyTreeView] buildFullItemsMap { itemsCount: 2, mapSize: 4 }

      at src/components/HandyTreeView/HandyTreeView.tsx:451:17
          at Array.forEach (<anonymous>)

    console.log
      [HandyTreeView] applyFiltering { inputCount: 2, hasFilterItems: false, showHiddenFiles: true }

      at src/components/HandyTreeView/HandyTreeView.tsx:424:17

    console.log
      [HandyTreeView] RENDER END #5 {
        internalItemsLength: 2,
        expandedItemsCount: 0,
        selectedItemsCount: 0,
        hasEmptyState: false
      }

      at HandyTreeView (src/components/HandyTreeView/HandyTreeView.tsx:1429:13)

    console.log
      [HandyTreeView] renderTreeItems [iuq85x6ce] { itemsCount: 2, level: 0, renderId: 5 }

      at src/components/HandyTreeView/HandyTreeView.tsx:1236:17

    console.log
      [HandyTreeView] renderTreeItems [iuq85x6ce] completed { itemsCount: 2, level: 0, resultCount: 2 }

      at src/components/HandyTreeView/HandyTreeView.tsx:1330:17

    console.log
      [useLazyLoading] useEffect recreate data source { hasRef: true, configEnabled: false }

      at src/hooks/useLazyLoading.ts:222:13

    console.log
      [useLazyLoading] Recreating LazyLoadingDataSource

      at src/hooks/useLazyLoading.ts:228:15

    console.log
      [useLazyLoading] Setting up polling interval

      at src/hooks/useLazyLoading.ts:285:13

    console.log
      [HandyTreeView] useEffect items sync {
        hasDataSource: false,
        itemsLength: 2,
        filteredItemsLength: 2,
        internalItemsLength: 2
      }

      at src/components/HandyTreeView/HandyTreeView.tsx:496:15

    console.log
      [HandyTreeView] Syncing filtered items to internalItems

      at src/components/HandyTreeView/HandyTreeView.tsx:513:21

    console.log
      [HandyTreeView] useEffect fetch root items {
        hasDataSource: false,
        configEnabled: undefined,
        internalItemsLength: 2,
        itemsLength: 2,
        hasFetched: false
      }

      at src/components/HandyTreeView/HandyTreeView.tsx:549:15

    console.log
      [HandyTreeView] Skipping fetch - no dataSource or not enabled

      at src/components/HandyTreeView/HandyTreeView.tsx:559:17

    console.log
      [HandyTreeView] useEffect updateSelectionItems { internalItemsLength: 2 }

      at src/components/HandyTreeView/HandyTreeView.tsx:658:15

    console.log
      [HandyTreeView] RENDER START #6 {
        hasDataSource: false,
        itemsCount: 2,
        hasLazyLoading: false,
        timestamp: 1769005690405
      }

      at HandyTreeView (src/components/HandyTreeView/HandyTreeView.tsx:232:13)

    console.log
      [HandyTreeView] Calling useLazyLoading {
        hasDataSource: false,
        hasConfig: false,
        dataSourceType: 'none',
        dataSourceKeys: []
      }

      at HandyTreeView (src/components/HandyTreeView/HandyTreeView.tsx:321:13)

    console.log
      [useLazyLoading] HOOK CALLED {
        hasDataSource: true,
        configEnabled: false,
        configKeys: [ 'enabled' ]
      }

      at useLazyLoading (src/hooks/useLazyLoading.ts:195:11)

    console.log
      [HandyTreeView] useLazyLoading returned { hasDataSource: true, isLoading: false, stateCacheSize: 0 }

      at HandyTreeView (src/components/HandyTreeView/HandyTreeView.tsx:338:13)

    console.log
      [HandyTreeView] buildFullItemsMap { itemsCount: 2, mapSize: 0 }

      at src/components/HandyTreeView/HandyTreeView.tsx:451:17

    console.log
      [HandyTreeView] buildFullItemsMap { itemsCount: 2, mapSize: 1 }

      at src/components/HandyTreeView/HandyTreeView.tsx:451:17
          at Array.forEach (<anonymous>)

    console.log
      [HandyTreeView] buildFullItemsMap { itemsCount: 2, mapSize: 4 }

      at src/components/HandyTreeView/HandyTreeView.tsx:451:17
          at Array.forEach (<anonymous>)

    console.log
      [HandyTreeView] applyFiltering { inputCount: 2, hasFilterItems: false, showHiddenFiles: true }

      at src/components/HandyTreeView/HandyTreeView.tsx:424:17

    console.log
      [HandyTreeView] RENDER END #6 {
        internalItemsLength: 2,
        expandedItemsCount: 0,
        selectedItemsCount: 0,
        hasEmptyState: false
      }

      at HandyTreeView (src/components/HandyTreeView/HandyTreeView.tsx:1429:13)

    console.log
      [HandyTreeView] renderTreeItems [2sogqjfi1] { itemsCount: 2, level: 0, renderId: 6 }

      at src/components/HandyTreeView/HandyTreeView.tsx:1236:17

    console.log
      [HandyTreeView] renderTreeItems [2sogqjfi1] completed { itemsCount: 2, level: 0, resultCount: 2 }

      at src/components/HandyTreeView/HandyTreeView.tsx:1330:17

    console.log
      [useLazyLoading] useEffect recreate data source { hasRef: true, configEnabled: false }

      at src/hooks/useLazyLoading.ts:222:13

    console.log
      [useLazyLoading] Recreating LazyLoadingDataSource

      at src/hooks/useLazyLoading.ts:228:15

    console.log
      [HandyTreeView] useEffect items sync {
        hasDataSource: false,
        itemsLength: 2,
        filteredItemsLength: 2,
        internalItemsLength: 2
      }

      at src/components/HandyTreeView/HandyTreeView.tsx:496:15

    console.log
      [HandyTreeView] RENDER START #7 {
        hasDataSource: false,
        itemsCount: 2,
        hasLazyLoading: false,
        timestamp: 1769005690438
      }

      at HandyTreeView (src/components/HandyTreeView/HandyTreeView.tsx:232:13)

    console.log
      [HandyTreeView] Calling useLazyLoading {
        hasDataSource: false,
        hasConfig: false,
        dataSourceType: 'none',
        dataSourceKeys: []
      }

      at HandyTreeView (src/components/HandyTreeView/HandyTreeView.tsx:321:13)

    console.log
      [useLazyLoading] HOOK CALLED {
        hasDataSource: true,
        configEnabled: false,
        configKeys: [ 'enabled' ]
      }

      at useLazyLoading (src/hooks/useLazyLoading.ts:195:11)

    console.log
      [HandyTreeView] useLazyLoading returned { hasDataSource: true, isLoading: false, stateCacheSize: 0 }

      at HandyTreeView (src/components/HandyTreeView/HandyTreeView.tsx:338:13)

    console.log
      [HandyTreeView] buildFullItemsMap { itemsCount: 2, mapSize: 0 }

      at src/components/HandyTreeView/HandyTreeView.tsx:451:17

    console.log
      [HandyTreeView] buildFullItemsMap { itemsCount: 2, mapSize: 1 }

      at src/components/HandyTreeView/HandyTreeView.tsx:451:17
          at Array.forEach (<anonymous>)

    console.log
      [HandyTreeView] buildFullItemsMap { itemsCount: 2, mapSize: 4 }

      at src/components/HandyTreeView/HandyTreeView.tsx:451:17
          at Array.forEach (<anonymous>)

    console.log
      [HandyTreeView] applyFiltering { inputCount: 2, hasFilterItems: false, showHiddenFiles: true }

      at src/components/HandyTreeView/HandyTreeView.tsx:424:17

    console.log
      [HandyTreeView] RENDER END #7 {
        internalItemsLength: 2,
        expandedItemsCount: 0,
        selectedItemsCount: 0,
        hasEmptyState: false
      }

      at HandyTreeView (src/components/HandyTreeView/HandyTreeView.tsx:1429:13)

    console.log
      [HandyTreeView] renderTreeItems [fs1qif863] { itemsCount: 2, level: 0, renderId: 7 }

      at src/components/HandyTreeView/HandyTreeView.tsx:1236:17

    console.log
      [HandyTreeView] renderTreeItems [fs1qif863] completed { itemsCount: 2, level: 0, resultCount: 2 }

      at src/components/HandyTreeView/HandyTreeView.tsx:1330:17

    console.log
      [HandyTreeView] RENDER START #8 {
        hasDataSource: false,
        itemsCount: 2,
        hasLazyLoading: false,
        timestamp: 1769005690450
      }

      at HandyTreeView (src/components/HandyTreeView/HandyTreeView.tsx:232:13)

    console.log
      [HandyTreeView] Calling useLazyLoading {
        hasDataSource: false,
        hasConfig: false,
        dataSourceType: 'none',
        dataSourceKeys: []
      }

      at HandyTreeView (src/components/HandyTreeView/HandyTreeView.tsx:321:13)

    console.log
      [useLazyLoading] HOOK CALLED {
        hasDataSource: true,
        configEnabled: false,
        configKeys: [ 'enabled' ]
      }

      at useLazyLoading (src/hooks/useLazyLoading.ts:195:11)

    console.log
      [HandyTreeView] useLazyLoading returned { hasDataSource: true, isLoading: false, stateCacheSize: 0 }

      at HandyTreeView (src/components/HandyTreeView/HandyTreeView.tsx:338:13)

    console.log
      [HandyTreeView] buildFullItemsMap { itemsCount: 2, mapSize: 0 }

      at src/components/HandyTreeView/HandyTreeView.tsx:451:17

    console.log
      [HandyTreeView] buildFullItemsMap { itemsCount: 2, mapSize: 1 }

      at src/components/HandyTreeView/HandyTreeView.tsx:451:17
          at Array.forEach (<anonymous>)

    console.log
      [HandyTreeView] buildFullItemsMap { itemsCount: 2, mapSize: 4 }

      at src/components/HandyTreeView/HandyTreeView.tsx:451:17
          at Array.forEach (<anonymous>)

    console.log
      [HandyTreeView] applyFiltering { inputCount: 2, hasFilterItems: false, showHiddenFiles: true }

      at src/components/HandyTreeView/HandyTreeView.tsx:424:17

    console.log
      [HandyTreeView] RENDER END #8 {
        internalItemsLength: 2,
        expandedItemsCount: 1,
        selectedItemsCount: 0,
        hasEmptyState: false
      }

      at HandyTreeView (src/components/HandyTreeView/HandyTreeView.tsx:1429:13)

    console.log
      [HandyTreeView] renderTreeItems [lyxxccdw9] { itemsCount: 2, level: 0, renderId: 8 }

      at src/components/HandyTreeView/HandyTreeView.tsx:1236:17

    console.log
      [HandyTreeView] Rendering children for item 1 { childrenCount: 2, level: 1, renderId: 8 }

      at src/components/HandyTreeView/HandyTreeView.tsx:1318:29
          at Array.map (<anonymous>)

    console.log
      [HandyTreeView] renderTreeItems [wgztk8031] { itemsCount: 2, level: 1, renderId: 8 }

      at src/components/HandyTreeView/HandyTreeView.tsx:1236:17
          at Array.map (<anonymous>)

    console.log
      [HandyTreeView] renderTreeItems [wgztk8031] completed { itemsCount: 2, level: 1, resultCount: 2 }

      at src/components/HandyTreeView/HandyTreeView.tsx:1330:17
          at Array.map (<anonymous>)

    console.log
      [HandyTreeView] renderTreeItems [lyxxccdw9] completed { itemsCount: 2, level: 0, resultCount: 2 }

      at src/components/HandyTreeView/HandyTreeView.tsx:1330:17

    console.log
      [useLazyLoading] useEffect recreate data source { hasRef: true, configEnabled: false }

      at src/hooks/useLazyLoading.ts:222:13

    console.log
      [useLazyLoading] Recreating LazyLoadingDataSource

      at src/hooks/useLazyLoading.ts:228:15

    console.log
      [HandyTreeView] useEffect items sync {
        hasDataSource: false,
        itemsLength: 2,
        filteredItemsLength: 2,
        internalItemsLength: 2
      }

      at src/components/HandyTreeView/HandyTreeView.tsx:496:15

    console.log
      [useLazyLoading] Cleaning up polling interval

      at src/hooks/useLazyLoading.ts:293:15
          at Array.forEach (<anonymous>)

    console.log
      [HandyTreeView] RENDER START #9 {
        hasDataSource: false,
        itemsCount: 2,
        hasLazyLoading: false,
        timestamp: 1769005690510
      }

      at HandyTreeView (src/components/HandyTreeView/HandyTreeView.tsx:232:13)

    console.log
      [HandyTreeView] useMemo lazyLoadingConfig { hasDataSource: false, hasLazyLoading: false }

      at src/components/HandyTreeView/HandyTreeView.tsx:306:15

    console.log
      [HandyTreeView] Calling useLazyLoading {
        hasDataSource: false,
        hasConfig: false,
        dataSourceType: 'none',
        dataSourceKeys: []
      }

      at HandyTreeView (src/components/HandyTreeView/HandyTreeView.tsx:321:13)

    console.log
      [useLazyLoading] HOOK CALLED {
        hasDataSource: true,
        configEnabled: false,
        configKeys: [ 'enabled' ]
      }

      at useLazyLoading (src/hooks/useLazyLoading.ts:195:11)

    console.log
      [useLazyLoading] Creating new LazyLoadingDataSource

      at useLazyLoading (src/hooks/useLazyLoading.ts:213:13)

    console.log
      [HandyTreeView] useLazyLoading returned { hasDataSource: true, isLoading: false, stateCacheSize: 0 }

      at HandyTreeView (src/components/HandyTreeView/HandyTreeView.tsx:338:13)

    console.log
      [HandyTreeView] buildFullItemsMap { itemsCount: 2, mapSize: 0 }

      at src/components/HandyTreeView/HandyTreeView.tsx:451:17

    console.log
      [HandyTreeView] buildFullItemsMap { itemsCount: 2, mapSize: 1 }

      at src/components/HandyTreeView/HandyTreeView.tsx:451:17
          at Array.forEach (<anonymous>)

    console.log
      [HandyTreeView] buildFullItemsMap { itemsCount: 2, mapSize: 4 }

      at src/components/HandyTreeView/HandyTreeView.tsx:451:17
          at Array.forEach (<anonymous>)

    console.log
      [HandyTreeView] applyFiltering { inputCount: 2, hasFilterItems: false, showHiddenFiles: true }

      at src/components/HandyTreeView/HandyTreeView.tsx:424:17

    console.log
      [HandyTreeView] RENDER END #9 {
        internalItemsLength: 2,
        expandedItemsCount: 1,
        selectedItemsCount: 0,
        hasEmptyState: false
      }

      at HandyTreeView (src/components/HandyTreeView/HandyTreeView.tsx:1429:13)

    console.log
      [HandyTreeView] renderTreeItems [7l4a35di9] { itemsCount: 2, level: 0, renderId: 9 }

      at src/components/HandyTreeView/HandyTreeView.tsx:1236:17

    console.log
      [HandyTreeView] Rendering children for item 1 { childrenCount: 2, level: 1, renderId: 9 }

      at src/components/HandyTreeView/HandyTreeView.tsx:1318:29
          at Array.map (<anonymous>)

    console.log
      [HandyTreeView] renderTreeItems [zzo5yd5px] { itemsCount: 2, level: 1, renderId: 9 }

      at src/components/HandyTreeView/HandyTreeView.tsx:1236:17
          at Array.map (<anonymous>)

    console.log
      [HandyTreeView] renderTreeItems [zzo5yd5px] completed { itemsCount: 2, level: 1, resultCount: 2 }

      at src/components/HandyTreeView/HandyTreeView.tsx:1330:17
          at Array.map (<anonymous>)

    console.log
      [HandyTreeView] renderTreeItems [7l4a35di9] completed { itemsCount: 2, level: 0, resultCount: 2 }

      at src/components/HandyTreeView/HandyTreeView.tsx:1330:17

    console.log
      [useLazyLoading] useEffect recreate data source { hasRef: true, configEnabled: false }

      at src/hooks/useLazyLoading.ts:222:13

    console.log
      [useLazyLoading] Recreating LazyLoadingDataSource

      at src/hooks/useLazyLoading.ts:228:15

    console.log
      [useLazyLoading] Setting up polling interval

      at src/hooks/useLazyLoading.ts:285:13

    console.log
      [HandyTreeView] useEffect items sync {
        hasDataSource: false,
        itemsLength: 2,
        filteredItemsLength: 2,
        internalItemsLength: 2
      }

      at src/components/HandyTreeView/HandyTreeView.tsx:496:15

    console.log
      [HandyTreeView] Syncing filtered items to internalItems

      at src/components/HandyTreeView/HandyTreeView.tsx:513:21

    console.log
      [HandyTreeView] useEffect fetch root items {
        hasDataSource: false,
        configEnabled: undefined,
        internalItemsLength: 2,
        itemsLength: 2,
        hasFetched: false
      }

      at src/components/HandyTreeView/HandyTreeView.tsx:549:15

    console.log
      [HandyTreeView] Skipping fetch - no dataSource or not enabled

      at src/components/HandyTreeView/HandyTreeView.tsx:559:17

    console.log
      [HandyTreeView] useEffect updateSelectionItems { internalItemsLength: 2 }

      at src/components/HandyTreeView/HandyTreeView.tsx:658:15

    console.log
      [HandyTreeView] RENDER START #10 {
        hasDataSource: false,
        itemsCount: 2,
        hasLazyLoading: false,
        timestamp: 1769005690609
      }

      at HandyTreeView (src/components/HandyTreeView/HandyTreeView.tsx:232:13)

    console.log
      [HandyTreeView] Calling useLazyLoading {
        hasDataSource: false,
        hasConfig: false,
        dataSourceType: 'none',
        dataSourceKeys: []
      }

      at HandyTreeView (src/components/HandyTreeView/HandyTreeView.tsx:321:13)

    console.log
      [useLazyLoading] HOOK CALLED {
        hasDataSource: true,
        configEnabled: false,
        configKeys: [ 'enabled' ]
      }

      at useLazyLoading (src/hooks/useLazyLoading.ts:195:11)

    console.log
      [HandyTreeView] useLazyLoading returned { hasDataSource: true, isLoading: false, stateCacheSize: 0 }

      at HandyTreeView (src/components/HandyTreeView/HandyTreeView.tsx:338:13)

    console.log
      [HandyTreeView] buildFullItemsMap { itemsCount: 2, mapSize: 0 }

      at src/components/HandyTreeView/HandyTreeView.tsx:451:17

    console.log
      [HandyTreeView] buildFullItemsMap { itemsCount: 2, mapSize: 1 }

      at src/components/HandyTreeView/HandyTreeView.tsx:451:17
          at Array.forEach (<anonymous>)

    console.log
      [HandyTreeView] buildFullItemsMap { itemsCount: 2, mapSize: 4 }

      at src/components/HandyTreeView/HandyTreeView.tsx:451:17
          at Array.forEach (<anonymous>)

    console.log
      [HandyTreeView] applyFiltering { inputCount: 2, hasFilterItems: false, showHiddenFiles: true }

      at src/components/HandyTreeView/HandyTreeView.tsx:424:17

    console.log
      [HandyTreeView] RENDER END #10 {
        internalItemsLength: 2,
        expandedItemsCount: 1,
        selectedItemsCount: 0,
        hasEmptyState: false
      }

      at HandyTreeView (src/components/HandyTreeView/HandyTreeView.tsx:1429:13)

    console.log
      [HandyTreeView] renderTreeItems [9q7r14uok] { itemsCount: 2, level: 0, renderId: 10 }

      at src/components/HandyTreeView/HandyTreeView.tsx:1236:17

    console.log
      [HandyTreeView] Rendering children for item 1 { childrenCount: 2, level: 1, renderId: 10 }

      at src/components/HandyTreeView/HandyTreeView.tsx:1318:29
          at Array.map (<anonymous>)

    console.log
      [HandyTreeView] renderTreeItems [zg1fog0u8] { itemsCount: 2, level: 1, renderId: 10 }

      at src/components/HandyTreeView/HandyTreeView.tsx:1236:17
          at Array.map (<anonymous>)

    console.log
      [HandyTreeView] renderTreeItems [zg1fog0u8] completed { itemsCount: 2, level: 1, resultCount: 2 }

      at src/components/HandyTreeView/HandyTreeView.tsx:1330:17
          at Array.map (<anonymous>)

    console.log
      [HandyTreeView] renderTreeItems [9q7r14uok] completed { itemsCount: 2, level: 0, resultCount: 2 }

      at src/components/HandyTreeView/HandyTreeView.tsx:1330:17

    console.log
      [useLazyLoading] useEffect recreate data source { hasRef: true, configEnabled: false }

      at src/hooks/useLazyLoading.ts:222:13

    console.log
      [useLazyLoading] Recreating LazyLoadingDataSource

      at src/hooks/useLazyLoading.ts:228:15

    console.log
      [HandyTreeView] useEffect items sync {
        hasDataSource: false,
        itemsLength: 2,
        filteredItemsLength: 2,
        internalItemsLength: 2
      }

      at src/components/HandyTreeView/HandyTreeView.tsx:496:15

    console.log
      [HandyTreeView] RENDER START #11 {
        hasDataSource: false,
        itemsCount: 2,
        hasLazyLoading: false,
        timestamp: 1769005690643
      }

      at HandyTreeView (src/components/HandyTreeView/HandyTreeView.tsx:232:13)

    console.log
      [HandyTreeView] Calling useLazyLoading {
        hasDataSource: false,
        hasConfig: false,
        dataSourceType: 'none',
        dataSourceKeys: []
      }

      at HandyTreeView (src/components/HandyTreeView/HandyTreeView.tsx:321:13)

    console.log
      [useLazyLoading] HOOK CALLED {
        hasDataSource: true,
        configEnabled: false,
        configKeys: [ 'enabled' ]
      }

      at useLazyLoading (src/hooks/useLazyLoading.ts:195:11)

    console.log
      [HandyTreeView] useLazyLoading returned { hasDataSource: true, isLoading: false, stateCacheSize: 0 }

      at HandyTreeView (src/components/HandyTreeView/HandyTreeView.tsx:338:13)

    console.log
      [HandyTreeView] buildFullItemsMap { itemsCount: 2, mapSize: 0 }

      at src/components/HandyTreeView/HandyTreeView.tsx:451:17

    console.log
      [HandyTreeView] buildFullItemsMap { itemsCount: 2, mapSize: 1 }

      at src/components/HandyTreeView/HandyTreeView.tsx:451:17
          at Array.forEach (<anonymous>)

    console.log
      [HandyTreeView] buildFullItemsMap { itemsCount: 2, mapSize: 4 }

      at src/components/HandyTreeView/HandyTreeView.tsx:451:17
          at Array.forEach (<anonymous>)

    console.log
      [HandyTreeView] applyFiltering { inputCount: 2, hasFilterItems: false, showHiddenFiles: true }

      at src/components/HandyTreeView/HandyTreeView.tsx:424:17

    console.log
      [HandyTreeView] RENDER END #11 {
        internalItemsLength: 2,
        expandedItemsCount: 1,
        selectedItemsCount: 0,
        hasEmptyState: false
      }

      at HandyTreeView (src/components/HandyTreeView/HandyTreeView.tsx:1429:13)

    console.log
      [HandyTreeView] renderTreeItems [68rbgb30b] { itemsCount: 2, level: 0, renderId: 11 }

      at src/components/HandyTreeView/HandyTreeView.tsx:1236:17

    console.log
      [HandyTreeView] Rendering children for item 1 { childrenCount: 2, level: 1, renderId: 11 }

      at src/components/HandyTreeView/HandyTreeView.tsx:1318:29
          at Array.map (<anonymous>)

    console.log
      [HandyTreeView] renderTreeItems [67z3zkp79] { itemsCount: 2, level: 1, renderId: 11 }

      at src/components/HandyTreeView/HandyTreeView.tsx:1236:17
          at Array.map (<anonymous>)

    console.log
      [HandyTreeView] renderTreeItems [67z3zkp79] completed { itemsCount: 2, level: 1, resultCount: 2 }

      at src/components/HandyTreeView/HandyTreeView.tsx:1330:17
          at Array.map (<anonymous>)

    console.log
      [HandyTreeView] renderTreeItems [68rbgb30b] completed { itemsCount: 2, level: 0, resultCount: 2 }

      at src/components/HandyTreeView/HandyTreeView.tsx:1330:17

    console.log
      [HandyTreeView] RENDER START #12 {
        hasDataSource: false,
        itemsCount: 2,
        hasLazyLoading: false,
        timestamp: 1769005690657
      }

      at HandyTreeView (src/components/HandyTreeView/HandyTreeView.tsx:232:13)

    console.log
      [HandyTreeView] Calling useLazyLoading {
        hasDataSource: false,
        hasConfig: false,
        dataSourceType: 'none',
        dataSourceKeys: []
      }

      at HandyTreeView (src/components/HandyTreeView/HandyTreeView.tsx:321:13)

    console.log
      [useLazyLoading] HOOK CALLED {
        hasDataSource: true,
        configEnabled: false,
        configKeys: [ 'enabled' ]
      }

      at useLazyLoading (src/hooks/useLazyLoading.ts:195:11)

    console.log
      [HandyTreeView] useLazyLoading returned { hasDataSource: true, isLoading: false, stateCacheSize: 0 }

      at HandyTreeView (src/components/HandyTreeView/HandyTreeView.tsx:338:13)

    console.log
      [HandyTreeView] buildFullItemsMap { itemsCount: 2, mapSize: 0 }

      at src/components/HandyTreeView/HandyTreeView.tsx:451:17

    console.log
      [HandyTreeView] buildFullItemsMap { itemsCount: 2, mapSize: 1 }

      at src/components/HandyTreeView/HandyTreeView.tsx:451:17
          at Array.forEach (<anonymous>)

    console.log
      [HandyTreeView] buildFullItemsMap { itemsCount: 2, mapSize: 4 }

      at src/components/HandyTreeView/HandyTreeView.tsx:451:17
          at Array.forEach (<anonymous>)

    console.log
      [HandyTreeView] applyFiltering { inputCount: 2, hasFilterItems: false, showHiddenFiles: true }

      at src/components/HandyTreeView/HandyTreeView.tsx:424:17

    console.log
      [HandyTreeView] RENDER END #12 {
        internalItemsLength: 2,
        expandedItemsCount: 0,
        selectedItemsCount: 0,
        hasEmptyState: false
      }

      at HandyTreeView (src/components/HandyTreeView/HandyTreeView.tsx:1429:13)

    console.log
      [HandyTreeView] renderTreeItems [qox5ycecs] { itemsCount: 2, level: 0, renderId: 12 }

      at src/components/HandyTreeView/HandyTreeView.tsx:1236:17

    console.log
      [HandyTreeView] renderTreeItems [qox5ycecs] completed { itemsCount: 2, level: 0, resultCount: 2 }

      at src/components/HandyTreeView/HandyTreeView.tsx:1330:17

    console.log
      [useLazyLoading] useEffect recreate data source { hasRef: true, configEnabled: false }

      at src/hooks/useLazyLoading.ts:222:13

    console.log
      [useLazyLoading] Recreating LazyLoadingDataSource

      at src/hooks/useLazyLoading.ts:228:15

    console.log
      [HandyTreeView] useEffect items sync {
        hasDataSource: false,
        itemsLength: 2,
        filteredItemsLength: 2,
        internalItemsLength: 2
      }

      at src/components/HandyTreeView/HandyTreeView.tsx:496:15

    console.log
      [useLazyLoading] Cleaning up polling interval

      at src/hooks/useLazyLoading.ts:293:15
          at Array.forEach (<anonymous>)

    console.log
      [HandyTreeView] RENDER START #13 {
        hasDataSource: false,
        itemsCount: 2,
        hasLazyLoading: false,
        timestamp: 1769005690679
      }

      at HandyTreeView (src/components/HandyTreeView/HandyTreeView.tsx:232:13)

    console.log
      [HandyTreeView] useMemo lazyLoadingConfig { hasDataSource: false, hasLazyLoading: false }

      at src/components/HandyTreeView/HandyTreeView.tsx:306:15

    console.log
      [HandyTreeView] Calling useLazyLoading {
        hasDataSource: false,
        hasConfig: false,
        dataSourceType: 'none',
        dataSourceKeys: []
      }

      at HandyTreeView (src/components/HandyTreeView/HandyTreeView.tsx:321:13)

    console.log
      [useLazyLoading] HOOK CALLED {
        hasDataSource: true,
        configEnabled: false,
        configKeys: [ 'enabled' ]
      }

      at useLazyLoading (src/hooks/useLazyLoading.ts:195:11)

    console.log
      [useLazyLoading] Creating new LazyLoadingDataSource

      at useLazyLoading (src/hooks/useLazyLoading.ts:213:13)

    console.log
      [HandyTreeView] useLazyLoading returned { hasDataSource: true, isLoading: false, stateCacheSize: 0 }

      at HandyTreeView (src/components/HandyTreeView/HandyTreeView.tsx:338:13)

    console.log
      [HandyTreeView] buildFullItemsMap { itemsCount: 2, mapSize: 0 }

      at src/components/HandyTreeView/HandyTreeView.tsx:451:17

    console.log
      [HandyTreeView] applyFiltering { inputCount: 2, hasFilterItems: false, showHiddenFiles: true }

      at src/components/HandyTreeView/HandyTreeView.tsx:424:17

    console.log
      [HandyTreeView] RENDER END #13 {
        internalItemsLength: 2,
        expandedItemsCount: 0,
        selectedItemsCount: 0,
        hasEmptyState: false
      }

      at HandyTreeView (src/components/HandyTreeView/HandyTreeView.tsx:1429:13)

    console.log
      [HandyTreeView] renderTreeItems [muoql2ou4] { itemsCount: 2, level: 0, renderId: 13 }

      at src/components/HandyTreeView/HandyTreeView.tsx:1236:17

    console.log
      [HandyTreeView] renderTreeItems [muoql2ou4] completed { itemsCount: 2, level: 0, resultCount: 2 }

      at src/components/HandyTreeView/HandyTreeView.tsx:1330:17

    console.log
      [useLazyLoading] useEffect recreate data source { hasRef: true, configEnabled: false }

      at src/hooks/useLazyLoading.ts:222:13

    console.log
      [useLazyLoading] Recreating LazyLoadingDataSource

      at src/hooks/useLazyLoading.ts:228:15

    console.log
      [useLazyLoading] Setting up polling interval

      at src/hooks/useLazyLoading.ts:285:13

    console.log
      [HandyTreeView] useEffect items sync {
        hasDataSource: false,
        itemsLength: 2,
        filteredItemsLength: 2,
        internalItemsLength: 2
      }

      at src/components/HandyTreeView/HandyTreeView.tsx:496:15

    console.log
      [HandyTreeView] Syncing filtered items to internalItems

      at src/components/HandyTreeView/HandyTreeView.tsx:513:21

    console.log
      [HandyTreeView] useEffect fetch root items {
        hasDataSource: false,
        configEnabled: undefined,
        internalItemsLength: 2,
        itemsLength: 2,
        hasFetched: false
      }

      at src/components/HandyTreeView/HandyTreeView.tsx:549:15

    console.log
      [HandyTreeView] Skipping fetch - no dataSource or not enabled

      at src/components/HandyTreeView/HandyTreeView.tsx:559:17

    console.log
      [HandyTreeView] useEffect updateSelectionItems { internalItemsLength: 2 }

      at src/components/HandyTreeView/HandyTreeView.tsx:658:15

    console.log
      [HandyTreeView] RENDER START #14 {
        hasDataSource: false,
        itemsCount: 2,
        hasLazyLoading: false,
        timestamp: 1769005690707
      }

      at HandyTreeView (src/components/HandyTreeView/HandyTreeView.tsx:232:13)

    console.log
      [HandyTreeView] Calling useLazyLoading {
        hasDataSource: false,
        hasConfig: false,
        dataSourceType: 'none',
        dataSourceKeys: []
      }

      at HandyTreeView (src/components/HandyTreeView/HandyTreeView.tsx:321:13)

    console.log
      [useLazyLoading] HOOK CALLED {
        hasDataSource: true,
        configEnabled: false,
        configKeys: [ 'enabled' ]
      }

      at useLazyLoading (src/hooks/useLazyLoading.ts:195:11)

    console.log
      [HandyTreeView] useLazyLoading returned { hasDataSource: true, isLoading: false, stateCacheSize: 0 }

      at HandyTreeView (src/components/HandyTreeView/HandyTreeView.tsx:338:13)

    console.log
      [HandyTreeView] buildFullItemsMap { itemsCount: 2, mapSize: 0 }

      at src/components/HandyTreeView/HandyTreeView.tsx:451:17

    console.log
      [HandyTreeView] applyFiltering { inputCount: 2, hasFilterItems: false, showHiddenFiles: true }

      at src/components/HandyTreeView/HandyTreeView.tsx:424:17

    console.log
      [HandyTreeView] RENDER END #14 {
        internalItemsLength: 2,
        expandedItemsCount: 0,
        selectedItemsCount: 0,
        hasEmptyState: false
      }

      at HandyTreeView (src/components/HandyTreeView/HandyTreeView.tsx:1429:13)

    console.log
      [HandyTreeView] renderTreeItems [rvi9fardd] { itemsCount: 2, level: 0, renderId: 14 }

      at src/components/HandyTreeView/HandyTreeView.tsx:1236:17

    console.log
      [HandyTreeView] renderTreeItems [rvi9fardd] completed { itemsCount: 2, level: 0, resultCount: 2 }

      at src/components/HandyTreeView/HandyTreeView.tsx:1330:17

    console.log
      [useLazyLoading] useEffect recreate data source { hasRef: true, configEnabled: false }

      at src/hooks/useLazyLoading.ts:222:13

    console.log
      [useLazyLoading] Recreating LazyLoadingDataSource

      at src/hooks/useLazyLoading.ts:228:15

    console.log
      [HandyTreeView] useEffect items sync {
        hasDataSource: false,
        itemsLength: 2,
        filteredItemsLength: 2,
        internalItemsLength: 2
      }

      at src/components/HandyTreeView/HandyTreeView.tsx:496:15

    console.log
      [HandyTreeView] RENDER START #15 {
        hasDataSource: false,
        itemsCount: 2,
        hasLazyLoading: false,
        timestamp: 1769005690719
      }

      at HandyTreeView (src/components/HandyTreeView/HandyTreeView.tsx:232:13)

    console.log
      [HandyTreeView] Calling useLazyLoading {
        hasDataSource: false,
        hasConfig: false,
        dataSourceType: 'none',
        dataSourceKeys: []
      }

      at HandyTreeView (src/components/HandyTreeView/HandyTreeView.tsx:321:13)

    console.log
      [useLazyLoading] HOOK CALLED {
        hasDataSource: true,
        configEnabled: false,
        configKeys: [ 'enabled' ]
      }

      at useLazyLoading (src/hooks/useLazyLoading.ts:195:11)

    console.log
      [HandyTreeView] useLazyLoading returned { hasDataSource: true, isLoading: false, stateCacheSize: 0 }

      at HandyTreeView (src/components/HandyTreeView/HandyTreeView.tsx:338:13)

    console.log
      [HandyTreeView] buildFullItemsMap { itemsCount: 2, mapSize: 0 }

      at src/components/HandyTreeView/HandyTreeView.tsx:451:17

    console.log
      [HandyTreeView] applyFiltering { inputCount: 2, hasFilterItems: false, showHiddenFiles: true }

      at src/components/HandyTreeView/HandyTreeView.tsx:424:17

    console.log
      [HandyTreeView] RENDER END #15 {
        internalItemsLength: 2,
        expandedItemsCount: 0,
        selectedItemsCount: 0,
        hasEmptyState: false
      }

      at HandyTreeView (src/components/HandyTreeView/HandyTreeView.tsx:1429:13)

    console.log
      [HandyTreeView] renderTreeItems [2v5rhac37] { itemsCount: 2, level: 0, renderId: 15 }

      at src/components/HandyTreeView/HandyTreeView.tsx:1236:17

    console.log
      [HandyTreeView] renderTreeItems [2v5rhac37] completed { itemsCount: 2, level: 0, resultCount: 2 }

      at src/components/HandyTreeView/HandyTreeView.tsx:1330:17

    console.log
      [HandyTreeView] RENDER START #16 {
        hasDataSource: false,
        itemsCount: 2,
        hasLazyLoading: false,
        timestamp: 1769005690733
      }

      at HandyTreeView (src/components/HandyTreeView/HandyTreeView.tsx:232:13)

    console.log
      [HandyTreeView] Calling useLazyLoading {
        hasDataSource: false,
        hasConfig: false,
        dataSourceType: 'none',
        dataSourceKeys: []
      }

      at HandyTreeView (src/components/HandyTreeView/HandyTreeView.tsx:321:13)

    console.log
      [useLazyLoading] HOOK CALLED {
        hasDataSource: true,
        configEnabled: false,
        configKeys: [ 'enabled' ]
      }

      at useLazyLoading (src/hooks/useLazyLoading.ts:195:11)

    console.log
      [HandyTreeView] useLazyLoading returned { hasDataSource: true, isLoading: false, stateCacheSize: 0 }

      at HandyTreeView (src/components/HandyTreeView/HandyTreeView.tsx:338:13)

    console.log
      [HandyTreeView] buildFullItemsMap { itemsCount: 2, mapSize: 0 }

      at src/components/HandyTreeView/HandyTreeView.tsx:451:17

    console.log
      [HandyTreeView] applyFiltering { inputCount: 2, hasFilterItems: false, showHiddenFiles: true }

      at src/components/HandyTreeView/HandyTreeView.tsx:424:17

    console.log
      [HandyTreeView] RENDER END #16 {
        internalItemsLength: 2,
        expandedItemsCount: 0,
        selectedItemsCount: 1,
        hasEmptyState: false
      }

      at HandyTreeView (src/components/HandyTreeView/HandyTreeView.tsx:1429:13)

    console.log
      [HandyTreeView] renderTreeItems [xi5bi9l12] { itemsCount: 2, level: 0, renderId: 16 }

      at src/components/HandyTreeView/HandyTreeView.tsx:1236:17

    console.log
      [HandyTreeView] renderTreeItems [xi5bi9l12] completed { itemsCount: 2, level: 0, resultCount: 2 }

      at src/components/HandyTreeView/HandyTreeView.tsx:1330:17

    console.log
      [useLazyLoading] useEffect recreate data source { hasRef: true, configEnabled: false }

      at src/hooks/useLazyLoading.ts:222:13

    console.log
      [useLazyLoading] Recreating LazyLoadingDataSource

      at src/hooks/useLazyLoading.ts:228:15

    console.log
      [HandyTreeView] useEffect items sync {
        hasDataSource: false,
        itemsLength: 2,
        filteredItemsLength: 2,
        internalItemsLength: 2
      }

      at src/components/HandyTreeView/HandyTreeView.tsx:496:15

    console.log
      [useLazyLoading] Cleaning up polling interval

      at src/hooks/useLazyLoading.ts:293:15
          at Array.forEach (<anonymous>)

    console.log
      [HandyTreeView] RENDER START #17 {
        hasDataSource: false,
        itemsCount: 2,
        hasLazyLoading: false,
        timestamp: 1769005690763
      }

      at HandyTreeView (src/components/HandyTreeView/HandyTreeView.tsx:232:13)

    console.log
      [HandyTreeView] useMemo lazyLoadingConfig { hasDataSource: false, hasLazyLoading: false }

      at src/components/HandyTreeView/HandyTreeView.tsx:306:15

    console.log
      [HandyTreeView] Calling useLazyLoading {
        hasDataSource: false,
        hasConfig: false,
        dataSourceType: 'none',
        dataSourceKeys: []
      }

      at HandyTreeView (src/components/HandyTreeView/HandyTreeView.tsx:321:13)

    console.log
      [useLazyLoading] HOOK CALLED {
        hasDataSource: true,
        configEnabled: false,
        configKeys: [ 'enabled' ]
      }

      at useLazyLoading (src/hooks/useLazyLoading.ts:195:11)

    console.log
      [useLazyLoading] Creating new LazyLoadingDataSource

      at useLazyLoading (src/hooks/useLazyLoading.ts:213:13)

    console.log
      [HandyTreeView] useLazyLoading returned { hasDataSource: true, isLoading: false, stateCacheSize: 0 }

      at HandyTreeView (src/components/HandyTreeView/HandyTreeView.tsx:338:13)

    console.log
      [HandyTreeView] buildFullItemsMap { itemsCount: 2, mapSize: 0 }

      at src/components/HandyTreeView/HandyTreeView.tsx:451:17

    console.log
      [HandyTreeView] buildFullItemsMap { itemsCount: 2, mapSize: 1 }

      at src/components/HandyTreeView/HandyTreeView.tsx:451:17
          at Array.forEach (<anonymous>)

    console.log
      [HandyTreeView] buildFullItemsMap { itemsCount: 2, mapSize: 4 }

      at src/components/HandyTreeView/HandyTreeView.tsx:451:17
          at Array.forEach (<anonymous>)

    console.log
      [HandyTreeView] applyFiltering { inputCount: 2, hasFilterItems: false, showHiddenFiles: true }

      at src/components/HandyTreeView/HandyTreeView.tsx:424:17

    console.log
      [HandyTreeView] RENDER END #17 {
        internalItemsLength: 2,
        expandedItemsCount: 0,
        selectedItemsCount: 0,
        hasEmptyState: false
      }

      at HandyTreeView (src/components/HandyTreeView/HandyTreeView.tsx:1429:13)

    console.log
      [HandyTreeView] renderTreeItems [04p3nu1md] { itemsCount: 2, level: 0, renderId: 17 }

      at src/components/HandyTreeView/HandyTreeView.tsx:1236:17

    console.log
      [HandyTreeView] renderTreeItems [04p3nu1md] completed { itemsCount: 2, level: 0, resultCount: 2 }

      at src/components/HandyTreeView/HandyTreeView.tsx:1330:17

    console.log
      [useLazyLoading] useEffect recreate data source { hasRef: true, configEnabled: false }

      at src/hooks/useLazyLoading.ts:222:13

    console.log
      [useLazyLoading] Recreating LazyLoadingDataSource

      at src/hooks/useLazyLoading.ts:228:15

    console.log
      [useLazyLoading] Setting up polling interval

      at src/hooks/useLazyLoading.ts:285:13

    console.log
      [HandyTreeView] useEffect items sync {
        hasDataSource: false,
        itemsLength: 2,
        filteredItemsLength: 2,
        internalItemsLength: 2
      }

      at src/components/HandyTreeView/HandyTreeView.tsx:496:15

    console.log
      [HandyTreeView] Syncing filtered items to internalItems

      at src/components/HandyTreeView/HandyTreeView.tsx:513:21

    console.log
      [HandyTreeView] useEffect fetch root items {
        hasDataSource: false,
        configEnabled: undefined,
        internalItemsLength: 2,
        itemsLength: 2,
        hasFetched: false
      }

      at src/components/HandyTreeView/HandyTreeView.tsx:549:15

    console.log
      [HandyTreeView] Skipping fetch - no dataSource or not enabled

      at src/components/HandyTreeView/HandyTreeView.tsx:559:17

    console.log
      [HandyTreeView] useEffect updateSelectionItems { internalItemsLength: 2 }

      at src/components/HandyTreeView/HandyTreeView.tsx:658:15

    console.log
      [useLazyLoading] Cleaning up polling interval

      at src/hooks/useLazyLoading.ts:293:15
          at Array.forEach (<anonymous>)

    console.log
      [HandyTreeView] RENDER START #18 {
        hasDataSource: false,
        itemsCount: 2,
        hasLazyLoading: false,
        timestamp: 1769005690797
      }

      at HandyTreeView (src/components/HandyTreeView/HandyTreeView.tsx:232:13)

    console.log
      [HandyTreeView] useMemo lazyLoadingConfig { hasDataSource: false, hasLazyLoading: false }

      at src/components/HandyTreeView/HandyTreeView.tsx:306:15

    console.log
      [HandyTreeView] Calling useLazyLoading {
        hasDataSource: false,
        hasConfig: false,
        dataSourceType: 'none',
        dataSourceKeys: []
      }

      at HandyTreeView (src/components/HandyTreeView/HandyTreeView.tsx:321:13)

    console.log
      [useLazyLoading] HOOK CALLED {
        hasDataSource: true,
        configEnabled: false,
        configKeys: [ 'enabled' ]
      }

      at useLazyLoading (src/hooks/useLazyLoading.ts:195:11)

    console.log
      [useLazyLoading] Creating new LazyLoadingDataSource

      at useLazyLoading (src/hooks/useLazyLoading.ts:213:13)

    console.log
      [HandyTreeView] useLazyLoading returned { hasDataSource: true, isLoading: false, stateCacheSize: 0 }

      at HandyTreeView (src/components/HandyTreeView/HandyTreeView.tsx:338:13)

    console.log
      [HandyTreeView] buildFullItemsMap { itemsCount: 2, mapSize: 0 }

      at src/components/HandyTreeView/HandyTreeView.tsx:451:17

    console.log
      [HandyTreeView] buildFullItemsMap { itemsCount: 2, mapSize: 1 }

      at src/components/HandyTreeView/HandyTreeView.tsx:451:17
          at Array.forEach (<anonymous>)

    console.log
      [HandyTreeView] buildFullItemsMap { itemsCount: 2, mapSize: 4 }

      at src/components/HandyTreeView/HandyTreeView.tsx:451:17
          at Array.forEach (<anonymous>)

    console.log
      [HandyTreeView] applyFiltering { inputCount: 2, hasFilterItems: false, showHiddenFiles: true }

      at src/components/HandyTreeView/HandyTreeView.tsx:424:17

    console.log
      [HandyTreeView] RENDER END #18 {
        internalItemsLength: 2,
        expandedItemsCount: 0,
        selectedItemsCount: 0,
        hasEmptyState: false
      }

      at HandyTreeView (src/components/HandyTreeView/HandyTreeView.tsx:1429:13)

    console.log
      [HandyTreeView] renderTreeItems [pnw2jorlt] { itemsCount: 2, level: 0, renderId: 18 }

      at src/components/HandyTreeView/HandyTreeView.tsx:1236:17

    console.log
      [HandyTreeView] renderTreeItems [pnw2jorlt] completed { itemsCount: 2, level: 0, resultCount: 2 }

      at src/components/HandyTreeView/HandyTreeView.tsx:1330:17

    console.log
      [useLazyLoading] useEffect recreate data source { hasRef: true, configEnabled: false }

      at src/hooks/useLazyLoading.ts:222:13

    console.log
      [useLazyLoading] Recreating LazyLoadingDataSource

      at src/hooks/useLazyLoading.ts:228:15

    console.log
      [useLazyLoading] Setting up polling interval

      at src/hooks/useLazyLoading.ts:285:13

    console.log
      [HandyTreeView] useEffect items sync {
        hasDataSource: false,
        itemsLength: 2,
        filteredItemsLength: 2,
        internalItemsLength: 2
      }

      at src/components/HandyTreeView/HandyTreeView.tsx:496:15

    console.log
      [HandyTreeView] Syncing filtered items to internalItems

      at src/components/HandyTreeView/HandyTreeView.tsx:513:21

    console.log
      [HandyTreeView] useEffect fetch root items {
        hasDataSource: false,
        configEnabled: undefined,
        internalItemsLength: 2,
        itemsLength: 2,
        hasFetched: false
      }

      at src/components/HandyTreeView/HandyTreeView.tsx:549:15

    console.log
      [HandyTreeView] Skipping fetch - no dataSource or not enabled

      at src/components/HandyTreeView/HandyTreeView.tsx:559:17

    console.log
      [HandyTreeView] useEffect updateSelectionItems { internalItemsLength: 2 }

      at src/components/HandyTreeView/HandyTreeView.tsx:658:15

    console.log
      [useLazyLoading] Cleaning up polling interval

      at src/hooks/useLazyLoading.ts:293:15
          at Array.forEach (<anonymous>)

    console.log
      [HandyTreeView] RENDER START #19 {
        hasDataSource: false,
        itemsCount: 2,
        hasLazyLoading: false,
        timestamp: 1769005690830
      }

      at HandyTreeView (src/components/HandyTreeView/HandyTreeView.tsx:232:13)

    console.log
      [HandyTreeView] useMemo lazyLoadingConfig { hasDataSource: false, hasLazyLoading: false }

      at src/components/HandyTreeView/HandyTreeView.tsx:306:15

    console.log
      [HandyTreeView] Calling useLazyLoading {
        hasDataSource: false,
        hasConfig: false,
        dataSourceType: 'none',
        dataSourceKeys: []
      }

      at HandyTreeView (src/components/HandyTreeView/HandyTreeView.tsx:321:13)

    console.log
      [useLazyLoading] HOOK CALLED {
        hasDataSource: true,
        configEnabled: false,
        configKeys: [ 'enabled' ]
      }

      at useLazyLoading (src/hooks/useLazyLoading.ts:195:11)

    console.log
      [useLazyLoading] Creating new LazyLoadingDataSource

      at useLazyLoading (src/hooks/useLazyLoading.ts:213:13)

    console.log
      [HandyTreeView] useLazyLoading returned { hasDataSource: true, isLoading: false, stateCacheSize: 0 }

      at HandyTreeView (src/components/HandyTreeView/HandyTreeView.tsx:338:13)

    console.log
      [HandyTreeView] buildFullItemsMap { itemsCount: 2, mapSize: 0 }

      at src/components/HandyTreeView/HandyTreeView.tsx:451:17

    console.log
      [HandyTreeView] buildFullItemsMap { itemsCount: 2, mapSize: 1 }

      at src/components/HandyTreeView/HandyTreeView.tsx:451:17
          at Array.forEach (<anonymous>)

    console.log
      [HandyTreeView] buildFullItemsMap { itemsCount: 2, mapSize: 4 }

      at src/components/HandyTreeView/HandyTreeView.tsx:451:17
          at Array.forEach (<anonymous>)

    console.log
      [HandyTreeView] applyFiltering { inputCount: 2, hasFilterItems: false, showHiddenFiles: true }

      at src/components/HandyTreeView/HandyTreeView.tsx:424:17

    console.log
      [HandyTreeView] RENDER END #19 {
        internalItemsLength: 2,
        expandedItemsCount: 0,
        selectedItemsCount: 0,
        hasEmptyState: false
      }

      at HandyTreeView (src/components/HandyTreeView/HandyTreeView.tsx:1429:13)

    console.log
      [HandyTreeView] renderTreeItems [4nwmya9zt] { itemsCount: 2, level: 0, renderId: 19 }

      at src/components/HandyTreeView/HandyTreeView.tsx:1236:17

    console.log
      [HandyTreeView] renderTreeItems [4nwmya9zt] completed { itemsCount: 2, level: 0, resultCount: 2 }

      at src/components/HandyTreeView/HandyTreeView.tsx:1330:17

    console.log
      [useLazyLoading] useEffect recreate data source { hasRef: true, configEnabled: false }

      at src/hooks/useLazyLoading.ts:222:13

    console.log
      [useLazyLoading] Recreating LazyLoadingDataSource

      at src/hooks/useLazyLoading.ts:228:15

    console.log
      [useLazyLoading] Setting up polling interval

      at src/hooks/useLazyLoading.ts:285:13

    console.log
      [HandyTreeView] useEffect items sync {
        hasDataSource: false,
        itemsLength: 2,
        filteredItemsLength: 2,
        internalItemsLength: 2
      }

      at src/components/HandyTreeView/HandyTreeView.tsx:496:15

    console.log
      [HandyTreeView] Syncing filtered items to internalItems

      at src/components/HandyTreeView/HandyTreeView.tsx:513:21

    console.log
      [HandyTreeView] useEffect fetch root items {
        hasDataSource: false,
        configEnabled: undefined,
        internalItemsLength: 2,
        itemsLength: 2,
        hasFetched: false
      }

      at src/components/HandyTreeView/HandyTreeView.tsx:549:15

    console.log
      [HandyTreeView] Skipping fetch - no dataSource or not enabled

      at src/components/HandyTreeView/HandyTreeView.tsx:559:17

    console.log
      [HandyTreeView] useEffect updateSelectionItems { internalItemsLength: 2 }

      at src/components/HandyTreeView/HandyTreeView.tsx:658:15

    console.log
      [HandyTreeView] RENDER START #20 {
        hasDataSource: false,
        itemsCount: 2,
        hasLazyLoading: false,
        timestamp: 1769005690855
      }

      at HandyTreeView (src/components/HandyTreeView/HandyTreeView.tsx:232:13)

    console.log
      [HandyTreeView] Calling useLazyLoading {
        hasDataSource: false,
        hasConfig: false,
        dataSourceType: 'none',
        dataSourceKeys: []
      }

      at HandyTreeView (src/components/HandyTreeView/HandyTreeView.tsx:321:13)

    console.log
      [useLazyLoading] HOOK CALLED {
        hasDataSource: true,
        configEnabled: false,
        configKeys: [ 'enabled' ]
      }

      at useLazyLoading (src/hooks/useLazyLoading.ts:195:11)

    console.log
      [HandyTreeView] useLazyLoading returned { hasDataSource: true, isLoading: false, stateCacheSize: 0 }

      at HandyTreeView (src/components/HandyTreeView/HandyTreeView.tsx:338:13)

    console.log
      [HandyTreeView] buildFullItemsMap { itemsCount: 2, mapSize: 0 }

      at src/components/HandyTreeView/HandyTreeView.tsx:451:17

    console.log
      [HandyTreeView] buildFullItemsMap { itemsCount: 2, mapSize: 1 }

      at src/components/HandyTreeView/HandyTreeView.tsx:451:17
          at Array.forEach (<anonymous>)

    console.log
      [HandyTreeView] buildFullItemsMap { itemsCount: 2, mapSize: 4 }

      at src/components/HandyTreeView/HandyTreeView.tsx:451:17
          at Array.forEach (<anonymous>)

    console.log
      [HandyTreeView] applyFiltering { inputCount: 2, hasFilterItems: false, showHiddenFiles: true }

      at src/components/HandyTreeView/HandyTreeView.tsx:424:17

    console.log
      [HandyTreeView] RENDER END #20 {
        internalItemsLength: 2,
        expandedItemsCount: 0,
        selectedItemsCount: 0,
        hasEmptyState: false
      }

      at HandyTreeView (src/components/HandyTreeView/HandyTreeView.tsx:1429:13)

    console.log
      [HandyTreeView] renderTreeItems [9zyv4zzg4] { itemsCount: 2, level: 0, renderId: 20 }

      at src/components/HandyTreeView/HandyTreeView.tsx:1236:17

    console.log
      [HandyTreeView] renderTreeItems [9zyv4zzg4] completed { itemsCount: 2, level: 0, resultCount: 2 }

      at src/components/HandyTreeView/HandyTreeView.tsx:1330:17

    console.log
      [useLazyLoading] useEffect recreate data source { hasRef: true, configEnabled: false }

      at src/hooks/useLazyLoading.ts:222:13

    console.log
      [useLazyLoading] Recreating LazyLoadingDataSource

      at src/hooks/useLazyLoading.ts:228:15

    console.log
      [HandyTreeView] useEffect items sync {
        hasDataSource: false,
        itemsLength: 2,
        filteredItemsLength: 2,
        internalItemsLength: 2
      }

      at src/components/HandyTreeView/HandyTreeView.tsx:496:15

    console.log
      [HandyTreeView] RENDER START #21 {
        hasDataSource: false,
        itemsCount: 2,
        hasLazyLoading: false,
        timestamp: 1769005690868
      }

      at HandyTreeView (src/components/HandyTreeView/HandyTreeView.tsx:232:13)

    console.log
      [HandyTreeView] Calling useLazyLoading {
        hasDataSource: false,
        hasConfig: false,
        dataSourceType: 'none',
        dataSourceKeys: []
      }

      at HandyTreeView (src/components/HandyTreeView/HandyTreeView.tsx:321:13)

    console.log
      [useLazyLoading] HOOK CALLED {
        hasDataSource: true,
        configEnabled: false,
        configKeys: [ 'enabled' ]
      }

      at useLazyLoading (src/hooks/useLazyLoading.ts:195:11)

    console.log
      [HandyTreeView] useLazyLoading returned { hasDataSource: true, isLoading: false, stateCacheSize: 0 }

      at HandyTreeView (src/components/HandyTreeView/HandyTreeView.tsx:338:13)

    console.log
      [HandyTreeView] buildFullItemsMap { itemsCount: 2, mapSize: 0 }

      at src/components/HandyTreeView/HandyTreeView.tsx:451:17

    console.log
      [HandyTreeView] buildFullItemsMap { itemsCount: 2, mapSize: 1 }

      at src/components/HandyTreeView/HandyTreeView.tsx:451:17
          at Array.forEach (<anonymous>)

    console.log
      [HandyTreeView] buildFullItemsMap { itemsCount: 2, mapSize: 4 }

      at src/components/HandyTreeView/HandyTreeView.tsx:451:17
          at Array.forEach (<anonymous>)

    console.log
      [HandyTreeView] applyFiltering { inputCount: 2, hasFilterItems: false, showHiddenFiles: true }

      at src/components/HandyTreeView/HandyTreeView.tsx:424:17

    console.log
      [HandyTreeView] RENDER END #21 {
        internalItemsLength: 2,
        expandedItemsCount: 0,
        selectedItemsCount: 0,
        hasEmptyState: false
      }

      at HandyTreeView (src/components/HandyTreeView/HandyTreeView.tsx:1429:13)

    console.log
      [HandyTreeView] renderTreeItems [pudqj1uvg] { itemsCount: 2, level: 0, renderId: 21 }

      at src/components/HandyTreeView/HandyTreeView.tsx:1236:17

    console.log
      [HandyTreeView] renderTreeItems [pudqj1uvg] completed { itemsCount: 2, level: 0, resultCount: 2 }

      at src/components/HandyTreeView/HandyTreeView.tsx:1330:17

    console.log
      [HandyTreeView] RENDER START #22 {
        hasDataSource: false,
        itemsCount: 2,
        hasLazyLoading: false,
        timestamp: 1769005690873
      }

      at HandyTreeView (src/components/HandyTreeView/HandyTreeView.tsx:232:13)

    console.log
      [HandyTreeView] Calling useLazyLoading {
        hasDataSource: false,
        hasConfig: false,
        dataSourceType: 'none',
        dataSourceKeys: []
      }

      at HandyTreeView (src/components/HandyTreeView/HandyTreeView.tsx:321:13)

    console.log
      [useLazyLoading] HOOK CALLED {
        hasDataSource: true,
        configEnabled: false,
        configKeys: [ 'enabled' ]
      }

      at useLazyLoading (src/hooks/useLazyLoading.ts:195:11)

    console.log
      [HandyTreeView] useLazyLoading returned { hasDataSource: true, isLoading: false, stateCacheSize: 0 }

      at HandyTreeView (src/components/HandyTreeView/HandyTreeView.tsx:338:13)

    console.log
      [HandyTreeView] buildFullItemsMap { itemsCount: 2, mapSize: 0 }

      at src/components/HandyTreeView/HandyTreeView.tsx:451:17

    console.log
      [HandyTreeView] buildFullItemsMap { itemsCount: 2, mapSize: 1 }

      at src/components/HandyTreeView/HandyTreeView.tsx:451:17
          at Array.forEach (<anonymous>)

    console.log
      [HandyTreeView] buildFullItemsMap { itemsCount: 2, mapSize: 4 }

      at src/components/HandyTreeView/HandyTreeView.tsx:451:17
          at Array.forEach (<anonymous>)

    console.log
      [HandyTreeView] applyFiltering { inputCount: 2, hasFilterItems: false, showHiddenFiles: true }

      at src/components/HandyTreeView/HandyTreeView.tsx:424:17

    console.log
      [HandyTreeView] RENDER END #22 {
        internalItemsLength: 2,
        expandedItemsCount: 0,
        selectedItemsCount: 0,
        hasEmptyState: false
      }

      at HandyTreeView (src/components/HandyTreeView/HandyTreeView.tsx:1429:13)

    console.log
      [HandyTreeView] renderTreeItems [3umfevp7l] { itemsCount: 2, level: 0, renderId: 22 }

      at src/components/HandyTreeView/HandyTreeView.tsx:1236:17

    console.log
      [HandyTreeView] renderTreeItems [3umfevp7l] completed { itemsCount: 2, level: 0, resultCount: 2 }

      at src/components/HandyTreeView/HandyTreeView.tsx:1330:17

    console.log
      [useLazyLoading] useEffect recreate data source { hasRef: true, configEnabled: false }

      at src/hooks/useLazyLoading.ts:222:13

    console.log
      [useLazyLoading] Recreating LazyLoadingDataSource

      at src/hooks/useLazyLoading.ts:228:15

    console.log
      [HandyTreeView] useEffect items sync {
        hasDataSource: false,
        itemsLength: 2,
        filteredItemsLength: 2,
        internalItemsLength: 2
      }

      at src/components/HandyTreeView/HandyTreeView.tsx:496:15

    console.log
      [useLazyLoading] Cleaning up polling interval

      at src/hooks/useLazyLoading.ts:293:15
          at Array.forEach (<anonymous>)

    console.log
      [HandyTreeView] RENDER START #23 {
        hasDataSource: false,
        itemsCount: 2,
        hasLazyLoading: false,
        timestamp: 1769005690889
      }

      at HandyTreeView (src/components/HandyTreeView/HandyTreeView.tsx:232:13)

    console.log
      [HandyTreeView] useMemo lazyLoadingConfig { hasDataSource: false, hasLazyLoading: false }

      at src/components/HandyTreeView/HandyTreeView.tsx:306:15

    console.log
      [HandyTreeView] Calling useLazyLoading {
        hasDataSource: false,
        hasConfig: false,
        dataSourceType: 'none',
        dataSourceKeys: []
      }

      at HandyTreeView (src/components/HandyTreeView/HandyTreeView.tsx:321:13)

    console.log
      [useLazyLoading] HOOK CALLED {
        hasDataSource: true,
        configEnabled: false,
        configKeys: [ 'enabled' ]
      }

      at useLazyLoading (src/hooks/useLazyLoading.ts:195:11)

    console.log
      [useLazyLoading] Creating new LazyLoadingDataSource

      at useLazyLoading (src/hooks/useLazyLoading.ts:213:13)

    console.log
      [HandyTreeView] useLazyLoading returned { hasDataSource: true, isLoading: false, stateCacheSize: 0 }

      at HandyTreeView (src/components/HandyTreeView/HandyTreeView.tsx:338:13)

    console.log
      [HandyTreeView] buildFullItemsMap { itemsCount: 2, mapSize: 0 }

      at src/components/HandyTreeView/HandyTreeView.tsx:451:17

    console.log
      [HandyTreeView] buildFullItemsMap { itemsCount: 2, mapSize: 1 }

      at src/components/HandyTreeView/HandyTreeView.tsx:451:17
          at Array.forEach (<anonymous>)

    console.log
      [HandyTreeView] buildFullItemsMap { itemsCount: 2, mapSize: 4 }

      at src/components/HandyTreeView/HandyTreeView.tsx:451:17
          at Array.forEach (<anonymous>)

    console.log
      [HandyTreeView] applyFiltering { inputCount: 2, hasFilterItems: false, showHiddenFiles: true }

      at src/components/HandyTreeView/HandyTreeView.tsx:424:17

    console.log
      [HandyTreeView] RENDER END #23 {
        internalItemsLength: 2,
        expandedItemsCount: 0,
        selectedItemsCount: 0,
        hasEmptyState: false
      }

      at HandyTreeView (src/components/HandyTreeView/HandyTreeView.tsx:1429:13)

    console.log
      [HandyTreeView] renderTreeItems [qs3wh97pi] { itemsCount: 2, level: 0, renderId: 23 }

      at src/components/HandyTreeView/HandyTreeView.tsx:1236:17

    console.log
      [HandyTreeView] renderTreeItems [qs3wh97pi] completed { itemsCount: 2, level: 0, resultCount: 2 }

      at src/components/HandyTreeView/HandyTreeView.tsx:1330:17

    console.log
      [useLazyLoading] useEffect recreate data source { hasRef: true, configEnabled: false }

      at src/hooks/useLazyLoading.ts:222:13

    console.log
      [useLazyLoading] Recreating LazyLoadingDataSource

      at src/hooks/useLazyLoading.ts:228:15

    console.log
      [useLazyLoading] Setting up polling interval

      at src/hooks/useLazyLoading.ts:285:13

    console.log
      [HandyTreeView] useEffect items sync {
        hasDataSource: false,
        itemsLength: 2,
        filteredItemsLength: 2,
        internalItemsLength: 2
      }

      at src/components/HandyTreeView/HandyTreeView.tsx:496:15

    console.log
      [HandyTreeView] Syncing filtered items to internalItems

      at src/components/HandyTreeView/HandyTreeView.tsx:513:21

    console.log
      [HandyTreeView] useEffect fetch root items {
        hasDataSource: false,
        configEnabled: undefined,
        internalItemsLength: 2,
        itemsLength: 2,
        hasFetched: false
      }

      at src/components/HandyTreeView/HandyTreeView.tsx:549:15

    console.log
      [HandyTreeView] Skipping fetch - no dataSource or not enabled

      at src/components/HandyTreeView/HandyTreeView.tsx:559:17

    console.log
      [HandyTreeView] useEffect updateSelectionItems { internalItemsLength: 2 }

      at src/components/HandyTreeView/HandyTreeView.tsx:658:15

    console.log
      [HandyTreeView] RENDER START #24 {
        hasDataSource: false,
        itemsCount: 2,
        hasLazyLoading: false,
        timestamp: 1769005690911
      }

      at HandyTreeView (src/components/HandyTreeView/HandyTreeView.tsx:232:13)

    console.log
      [HandyTreeView] Calling useLazyLoading {
        hasDataSource: false,
        hasConfig: false,
        dataSourceType: 'none',
        dataSourceKeys: []
      }

      at HandyTreeView (src/components/HandyTreeView/HandyTreeView.tsx:321:13)

    console.log
      [useLazyLoading] HOOK CALLED {
        hasDataSource: true,
        configEnabled: false,
        configKeys: [ 'enabled' ]
      }

      at useLazyLoading (src/hooks/useLazyLoading.ts:195:11)

    console.log
      [HandyTreeView] useLazyLoading returned { hasDataSource: true, isLoading: false, stateCacheSize: 0 }

      at HandyTreeView (src/components/HandyTreeView/HandyTreeView.tsx:338:13)

    console.log
      [HandyTreeView] buildFullItemsMap { itemsCount: 2, mapSize: 0 }

      at src/components/HandyTreeView/HandyTreeView.tsx:451:17

    console.log
      [HandyTreeView] buildFullItemsMap { itemsCount: 2, mapSize: 1 }

      at src/components/HandyTreeView/HandyTreeView.tsx:451:17
          at Array.forEach (<anonymous>)

    console.log
      [HandyTreeView] buildFullItemsMap { itemsCount: 2, mapSize: 4 }

      at src/components/HandyTreeView/HandyTreeView.tsx:451:17
          at Array.forEach (<anonymous>)

    console.log
      [HandyTreeView] applyFiltering { inputCount: 2, hasFilterItems: false, showHiddenFiles: true }

      at src/components/HandyTreeView/HandyTreeView.tsx:424:17

    console.log
      [HandyTreeView] RENDER END #24 {
        internalItemsLength: 2,
        expandedItemsCount: 1,
        selectedItemsCount: 0,
        hasEmptyState: false
      }

      at HandyTreeView (src/components/HandyTreeView/HandyTreeView.tsx:1429:13)

    console.log
      [HandyTreeView] renderTreeItems [h8ve4cu1k] { itemsCount: 2, level: 0, renderId: 24 }

      at src/components/HandyTreeView/HandyTreeView.tsx:1236:17

    console.log
      [HandyTreeView] Rendering children for item 1 { childrenCount: 2, level: 1, renderId: 24 }

      at src/components/HandyTreeView/HandyTreeView.tsx:1318:29
          at Array.map (<anonymous>)

    console.log
      [HandyTreeView] renderTreeItems [liaj9zpdk] { itemsCount: 2, level: 1, renderId: 24 }

      at src/components/HandyTreeView/HandyTreeView.tsx:1236:17
          at Array.map (<anonymous>)

    console.log
      [HandyTreeView] renderTreeItems [liaj9zpdk] completed { itemsCount: 2, level: 1, resultCount: 2 }

      at src/components/HandyTreeView/HandyTreeView.tsx:1330:17
          at Array.map (<anonymous>)

    console.log
      [HandyTreeView] renderTreeItems [h8ve4cu1k] completed { itemsCount: 2, level: 0, resultCount: 2 }

      at src/components/HandyTreeView/HandyTreeView.tsx:1330:17

    console.log
      [useLazyLoading] useEffect recreate data source { hasRef: true, configEnabled: false }

      at src/hooks/useLazyLoading.ts:222:13

    console.log
      [useLazyLoading] Recreating LazyLoadingDataSource

      at src/hooks/useLazyLoading.ts:228:15

    console.log
      [HandyTreeView] useEffect items sync {
        hasDataSource: false,
        itemsLength: 2,
        filteredItemsLength: 2,
        internalItemsLength: 2
      }

      at src/components/HandyTreeView/HandyTreeView.tsx:496:15

    console.log
      [HandyTreeView] RENDER START #25 {
        hasDataSource: false,
        itemsCount: 2,
        hasLazyLoading: false,
        timestamp: 1769005690934
      }

      at HandyTreeView (src/components/HandyTreeView/HandyTreeView.tsx:232:13)

    console.log
      [HandyTreeView] Calling useLazyLoading {
        hasDataSource: false,
        hasConfig: false,
        dataSourceType: 'none',
        dataSourceKeys: []
      }

      at HandyTreeView (src/components/HandyTreeView/HandyTreeView.tsx:321:13)

    console.log
      [useLazyLoading] HOOK CALLED {
        hasDataSource: true,
        configEnabled: false,
        configKeys: [ 'enabled' ]
      }

      at useLazyLoading (src/hooks/useLazyLoading.ts:195:11)

    console.log
      [HandyTreeView] useLazyLoading returned { hasDataSource: true, isLoading: false, stateCacheSize: 0 }

      at HandyTreeView (src/components/HandyTreeView/HandyTreeView.tsx:338:13)

    console.log
      [HandyTreeView] buildFullItemsMap { itemsCount: 2, mapSize: 0 }

      at src/components/HandyTreeView/HandyTreeView.tsx:451:17

    console.log
      [HandyTreeView] buildFullItemsMap { itemsCount: 2, mapSize: 1 }

      at src/components/HandyTreeView/HandyTreeView.tsx:451:17
          at Array.forEach (<anonymous>)

    console.log
      [HandyTreeView] buildFullItemsMap { itemsCount: 2, mapSize: 4 }

      at src/components/HandyTreeView/HandyTreeView.tsx:451:17
          at Array.forEach (<anonymous>)

    console.log
      [HandyTreeView] applyFiltering { inputCount: 2, hasFilterItems: false, showHiddenFiles: true }

      at src/components/HandyTreeView/HandyTreeView.tsx:424:17

    console.log
      [HandyTreeView] RENDER END #25 {
        internalItemsLength: 2,
        expandedItemsCount: 1,
        selectedItemsCount: 0,
        hasEmptyState: false
      }

      at HandyTreeView (src/components/HandyTreeView/HandyTreeView.tsx:1429:13)

    console.log
      [HandyTreeView] renderTreeItems [tb8qbf0zl] { itemsCount: 2, level: 0, renderId: 25 }

      at src/components/HandyTreeView/HandyTreeView.tsx:1236:17

    console.log
      [HandyTreeView] Rendering children for item 1 { childrenCount: 2, level: 1, renderId: 25 }

      at src/components/HandyTreeView/HandyTreeView.tsx:1318:29
          at Array.map (<anonymous>)

    console.log
      [HandyTreeView] renderTreeItems [tvothkyw6] { itemsCount: 2, level: 1, renderId: 25 }

      at src/components/HandyTreeView/HandyTreeView.tsx:1236:17
          at Array.map (<anonymous>)

    console.log
      [HandyTreeView] renderTreeItems [tvothkyw6] completed { itemsCount: 2, level: 1, resultCount: 2 }

      at src/components/HandyTreeView/HandyTreeView.tsx:1330:17
          at Array.map (<anonymous>)

    console.log
      [HandyTreeView] renderTreeItems [tb8qbf0zl] completed { itemsCount: 2, level: 0, resultCount: 2 }

      at src/components/HandyTreeView/HandyTreeView.tsx:1330:17

    console.log
      [HandyTreeView] RENDER START #26 {
        hasDataSource: false,
        itemsCount: 2,
        hasLazyLoading: false,
        timestamp: 1769005691045
      }

      at HandyTreeView (src/components/HandyTreeView/HandyTreeView.tsx:232:13)

    console.log
      [HandyTreeView] Calling useLazyLoading {
        hasDataSource: false,
        hasConfig: false,
        dataSourceType: 'none',
        dataSourceKeys: []
      }

      at HandyTreeView (src/components/HandyTreeView/HandyTreeView.tsx:321:13)

    console.log
      [useLazyLoading] HOOK CALLED {
        hasDataSource: true,
        configEnabled: false,
        configKeys: [ 'enabled' ]
      }

      at useLazyLoading (src/hooks/useLazyLoading.ts:195:11)

    console.log
      [HandyTreeView] useLazyLoading returned { hasDataSource: true, isLoading: false, stateCacheSize: 0 }

      at HandyTreeView (src/components/HandyTreeView/HandyTreeView.tsx:338:13)

    console.log
      [HandyTreeView] buildFullItemsMap { itemsCount: 2, mapSize: 0 }

      at src/components/HandyTreeView/HandyTreeView.tsx:451:17

    console.log
      [HandyTreeView] buildFullItemsMap { itemsCount: 2, mapSize: 1 }

      at src/components/HandyTreeView/HandyTreeView.tsx:451:17
          at Array.forEach (<anonymous>)

    console.log
      [HandyTreeView] buildFullItemsMap { itemsCount: 2, mapSize: 4 }

      at src/components/HandyTreeView/HandyTreeView.tsx:451:17
          at Array.forEach (<anonymous>)

    console.log
      [HandyTreeView] applyFiltering { inputCount: 2, hasFilterItems: false, showHiddenFiles: true }

      at src/components/HandyTreeView/HandyTreeView.tsx:424:17

    console.log
      [HandyTreeView] RENDER END #26 {
        internalItemsLength: 2,
        expandedItemsCount: 0,
        selectedItemsCount: 0,
        hasEmptyState: false
      }

      at HandyTreeView (src/components/HandyTreeView/HandyTreeView.tsx:1429:13)

    console.log
      [HandyTreeView] renderTreeItems [ad4vvtes2] { itemsCount: 2, level: 0, renderId: 26 }

      at src/components/HandyTreeView/HandyTreeView.tsx:1236:17

    console.log
      [HandyTreeView] renderTreeItems [ad4vvtes2] completed { itemsCount: 2, level: 0, resultCount: 2 }

      at src/components/HandyTreeView/HandyTreeView.tsx:1330:17

    console.log
      [useLazyLoading] useEffect recreate data source { hasRef: true, configEnabled: false }

      at src/hooks/useLazyLoading.ts:222:13

    console.log
      [useLazyLoading] Recreating LazyLoadingDataSource

      at src/hooks/useLazyLoading.ts:228:15

    console.log
      [HandyTreeView] useEffect items sync {
        hasDataSource: false,
        itemsLength: 2,
        filteredItemsLength: 2,
        internalItemsLength: 2
      }

      at src/components/HandyTreeView/HandyTreeView.tsx:496:15

    console.log
      [useLazyLoading] Cleaning up polling interval

      at src/hooks/useLazyLoading.ts:293:15
          at Array.forEach (<anonymous>)

    console.log
      [HandyTreeView] RENDER START #27 {
        hasDataSource: false,
        itemsCount: 2,
        hasLazyLoading: false,
        timestamp: 1769005691072
      }

      at HandyTreeView (src/components/HandyTreeView/HandyTreeView.tsx:232:13)

    console.log
      [HandyTreeView] useMemo lazyLoadingConfig { hasDataSource: false, hasLazyLoading: false }

      at src/components/HandyTreeView/HandyTreeView.tsx:306:15

    console.log
      [HandyTreeView] Calling useLazyLoading {
        hasDataSource: false,
        hasConfig: false,
        dataSourceType: 'none',
        dataSourceKeys: []
      }

      at HandyTreeView (src/components/HandyTreeView/HandyTreeView.tsx:321:13)

    console.log
      [useLazyLoading] HOOK CALLED {
        hasDataSource: true,
        configEnabled: false,
        configKeys: [ 'enabled' ]
      }

      at useLazyLoading (src/hooks/useLazyLoading.ts:195:11)

    console.log
      [useLazyLoading] Creating new LazyLoadingDataSource

      at useLazyLoading (src/hooks/useLazyLoading.ts:213:13)

    console.log
      [HandyTreeView] useLazyLoading returned { hasDataSource: true, isLoading: false, stateCacheSize: 0 }

      at HandyTreeView (src/components/HandyTreeView/HandyTreeView.tsx:338:13)

    console.log
      [HandyTreeView] buildFullItemsMap { itemsCount: 2, mapSize: 0 }

      at src/components/HandyTreeView/HandyTreeView.tsx:451:17

    console.log
      [HandyTreeView] buildFullItemsMap { itemsCount: 2, mapSize: 1 }

      at src/components/HandyTreeView/HandyTreeView.tsx:451:17
          at Array.forEach (<anonymous>)

    console.log
      [HandyTreeView] buildFullItemsMap { itemsCount: 2, mapSize: 4 }

      at src/components/HandyTreeView/HandyTreeView.tsx:451:17
          at Array.forEach (<anonymous>)

    console.log
      [HandyTreeView] applyFiltering { inputCount: 2, hasFilterItems: false, showHiddenFiles: true }

      at src/components/HandyTreeView/HandyTreeView.tsx:424:17

    console.log
      [HandyTreeView] RENDER END #27 {
        internalItemsLength: 2,
        expandedItemsCount: 0,
        selectedItemsCount: 0,
        hasEmptyState: false
      }

      at HandyTreeView (src/components/HandyTreeView/HandyTreeView.tsx:1429:13)

    console.log
      [HandyTreeView] renderTreeItems [x1f2wf3s8] { itemsCount: 2, level: 0, renderId: 27 }

      at src/components/HandyTreeView/HandyTreeView.tsx:1236:17

    console.log
      [HandyTreeView] renderTreeItems [x1f2wf3s8] completed { itemsCount: 2, level: 0, resultCount: 2 }

      at src/components/HandyTreeView/HandyTreeView.tsx:1330:17

    console.log
      [useLazyLoading] useEffect recreate data source { hasRef: true, configEnabled: false }

      at src/hooks/useLazyLoading.ts:222:13

    console.log
      [useLazyLoading] Recreating LazyLoadingDataSource

      at src/hooks/useLazyLoading.ts:228:15

    console.log
      [useLazyLoading] Setting up polling interval

      at src/hooks/useLazyLoading.ts:285:13

    console.log
      [HandyTreeView] useEffect items sync {
        hasDataSource: false,
        itemsLength: 2,
        filteredItemsLength: 2,
        internalItemsLength: 2
      }

      at src/components/HandyTreeView/HandyTreeView.tsx:496:15

    console.log
      [HandyTreeView] Syncing filtered items to internalItems

      at src/components/HandyTreeView/HandyTreeView.tsx:513:21

    console.log
      [HandyTreeView] useEffect fetch root items {
        hasDataSource: false,
        configEnabled: undefined,
        internalItemsLength: 2,
        itemsLength: 2,
        hasFetched: false
      }

      at src/components/HandyTreeView/HandyTreeView.tsx:549:15

    console.log
      [HandyTreeView] Skipping fetch - no dataSource or not enabled

      at src/components/HandyTreeView/HandyTreeView.tsx:559:17

    console.log
      [HandyTreeView] useEffect updateSelectionItems { internalItemsLength: 2 }

      at src/components/HandyTreeView/HandyTreeView.tsx:658:15

    console.log
      [useLazyLoading] Cleaning up polling interval

      at src/hooks/useLazyLoading.ts:293:15
          at Array.forEach (<anonymous>)

    console.log
      [HandyTreeView] RENDER START #28 {
        hasDataSource: false,
        itemsCount: 2,
        hasLazyLoading: false,
        timestamp: 1769005691099
      }

      at HandyTreeView (src/components/HandyTreeView/HandyTreeView.tsx:232:13)

    console.log
      [HandyTreeView] useMemo lazyLoadingConfig { hasDataSource: false, hasLazyLoading: false }

      at src/components/HandyTreeView/HandyTreeView.tsx:306:15

    console.log
      [HandyTreeView] Calling useLazyLoading {
        hasDataSource: false,
        hasConfig: false,
        dataSourceType: 'none',
        dataSourceKeys: []
      }

      at HandyTreeView (src/components/HandyTreeView/HandyTreeView.tsx:321:13)

    console.log
      [useLazyLoading] HOOK CALLED {
        hasDataSource: true,
        configEnabled: false,
        configKeys: [ 'enabled' ]
      }

      at useLazyLoading (src/hooks/useLazyLoading.ts:195:11)

    console.log
      [useLazyLoading] Creating new LazyLoadingDataSource

      at useLazyLoading (src/hooks/useLazyLoading.ts:213:13)

    console.log
      [HandyTreeView] useLazyLoading returned { hasDataSource: true, isLoading: false, stateCacheSize: 0 }

      at HandyTreeView (src/components/HandyTreeView/HandyTreeView.tsx:338:13)

    console.log
      [HandyTreeView] buildFullItemsMap { itemsCount: 2, mapSize: 0 }

      at src/components/HandyTreeView/HandyTreeView.tsx:451:17

    console.log
      [HandyTreeView] buildFullItemsMap { itemsCount: 2, mapSize: 1 }

      at src/components/HandyTreeView/HandyTreeView.tsx:451:17
          at Array.forEach (<anonymous>)

    console.log
      [HandyTreeView] buildFullItemsMap { itemsCount: 2, mapSize: 4 }

      at src/components/HandyTreeView/HandyTreeView.tsx:451:17
          at Array.forEach (<anonymous>)

    console.log
      [HandyTreeView] applyFiltering { inputCount: 2, hasFilterItems: false, showHiddenFiles: true }

      at src/components/HandyTreeView/HandyTreeView.tsx:424:17

    console.log
      [HandyTreeView] RENDER END #28 {
        internalItemsLength: 2,
        expandedItemsCount: 0,
        selectedItemsCount: 0,
        hasEmptyState: false
      }

      at HandyTreeView (src/components/HandyTreeView/HandyTreeView.tsx:1429:13)

    console.log
      [HandyTreeView] renderTreeItems [9jr0n8dkk] { itemsCount: 2, level: 0, renderId: 28 }

      at src/components/HandyTreeView/HandyTreeView.tsx:1236:17

    console.log
      [HandyTreeView] renderTreeItems [9jr0n8dkk] completed { itemsCount: 2, level: 0, resultCount: 2 }

      at src/components/HandyTreeView/HandyTreeView.tsx:1330:17

    console.log
      [useLazyLoading] useEffect recreate data source { hasRef: true, configEnabled: false }

      at src/hooks/useLazyLoading.ts:222:13

    console.log
      [useLazyLoading] Recreating LazyLoadingDataSource

      at src/hooks/useLazyLoading.ts:228:15

    console.log
      [useLazyLoading] Setting up polling interval

      at src/hooks/useLazyLoading.ts:285:13

    console.log
      [HandyTreeView] useEffect items sync {
        hasDataSource: false,
        itemsLength: 2,
        filteredItemsLength: 2,
        internalItemsLength: 2
      }

      at src/components/HandyTreeView/HandyTreeView.tsx:496:15

    console.log
      [HandyTreeView] Syncing filtered items to internalItems

      at src/components/HandyTreeView/HandyTreeView.tsx:513:21

    console.log
      [HandyTreeView] useEffect fetch root items {
        hasDataSource: false,
        configEnabled: undefined,
        internalItemsLength: 2,
        itemsLength: 2,
        hasFetched: false
      }

      at src/components/HandyTreeView/HandyTreeView.tsx:549:15

    console.log
      [HandyTreeView] Skipping fetch - no dataSource or not enabled

      at src/components/HandyTreeView/HandyTreeView.tsx:559:17

    console.log
      [HandyTreeView] useEffect updateSelectionItems { internalItemsLength: 2 }

      at src/components/HandyTreeView/HandyTreeView.tsx:658:15

    console.log
      [useLazyLoading] Cleaning up polling interval

      at src/hooks/useLazyLoading.ts:293:15
          at Array.forEach (<anonymous>)

    console.log
      [HandyTreeView] RENDER START #29 {
        hasDataSource: false,
        itemsCount: 2,
        hasLazyLoading: false,
        timestamp: 1769005691127
      }

      at HandyTreeView (src/components/HandyTreeView/HandyTreeView.tsx:232:13)

    console.log
      [HandyTreeView] useMemo lazyLoadingConfig { hasDataSource: false, hasLazyLoading: false }

      at src/components/HandyTreeView/HandyTreeView.tsx:306:15

    console.log
      [HandyTreeView] Calling useLazyLoading {
        hasDataSource: false,
        hasConfig: false,
        dataSourceType: 'none',
        dataSourceKeys: []
      }

      at HandyTreeView (src/components/HandyTreeView/HandyTreeView.tsx:321:13)

    console.log
      [useLazyLoading] HOOK CALLED {
        hasDataSource: true,
        configEnabled: false,
        configKeys: [ 'enabled' ]
      }

      at useLazyLoading (src/hooks/useLazyLoading.ts:195:11)

    console.log
      [useLazyLoading] Creating new LazyLoadingDataSource

      at useLazyLoading (src/hooks/useLazyLoading.ts:213:13)

    console.log
      [HandyTreeView] useLazyLoading returned { hasDataSource: true, isLoading: false, stateCacheSize: 0 }

      at HandyTreeView (src/components/HandyTreeView/HandyTreeView.tsx:338:13)

    console.log
      [HandyTreeView] buildFullItemsMap { itemsCount: 2, mapSize: 0 }

      at src/components/HandyTreeView/HandyTreeView.tsx:451:17

    console.log
      [HandyTreeView] buildFullItemsMap { itemsCount: 2, mapSize: 1 }

      at src/components/HandyTreeView/HandyTreeView.tsx:451:17
          at Array.forEach (<anonymous>)

    console.log
      [HandyTreeView] buildFullItemsMap { itemsCount: 2, mapSize: 4 }

      at src/components/HandyTreeView/HandyTreeView.tsx:451:17
          at Array.forEach (<anonymous>)

    console.log
      [HandyTreeView] applyFiltering { inputCount: 2, hasFilterItems: false, showHiddenFiles: true }

      at src/components/HandyTreeView/HandyTreeView.tsx:424:17

    console.log
      [HandyTreeView] RENDER END #29 {
        internalItemsLength: 2,
        expandedItemsCount: 0,
        selectedItemsCount: 0,
        hasEmptyState: false
      }

      at HandyTreeView (src/components/HandyTreeView/HandyTreeView.tsx:1429:13)

    console.log
      [HandyTreeView] renderTreeItems [u2bey8q6a] { itemsCount: 2, level: 0, renderId: 29 }

      at src/components/HandyTreeView/HandyTreeView.tsx:1236:17

    console.log
      [HandyTreeView] renderTreeItems [u2bey8q6a] completed { itemsCount: 2, level: 0, resultCount: 2 }

      at src/components/HandyTreeView/HandyTreeView.tsx:1330:17

    console.log
      [useLazyLoading] useEffect recreate data source { hasRef: true, configEnabled: false }

      at src/hooks/useLazyLoading.ts:222:13

    console.log
      [useLazyLoading] Recreating LazyLoadingDataSource

      at src/hooks/useLazyLoading.ts:228:15

    console.log
      [useLazyLoading] Setting up polling interval

      at src/hooks/useLazyLoading.ts:285:13

    console.log
      [HandyTreeView] useEffect items sync {
        hasDataSource: false,
        itemsLength: 2,
        filteredItemsLength: 2,
        internalItemsLength: 2
      }

      at src/components/HandyTreeView/HandyTreeView.tsx:496:15

    console.log
      [HandyTreeView] Syncing filtered items to internalItems

      at src/components/HandyTreeView/HandyTreeView.tsx:513:21

    console.log
      [HandyTreeView] useEffect fetch root items {
        hasDataSource: false,
        configEnabled: undefined,
        internalItemsLength: 2,
        itemsLength: 2,
        hasFetched: false
      }

      at src/components/HandyTreeView/HandyTreeView.tsx:549:15

    console.log
      [HandyTreeView] Skipping fetch - no dataSource or not enabled

      at src/components/HandyTreeView/HandyTreeView.tsx:559:17

    console.log
      [HandyTreeView] useEffect updateSelectionItems { internalItemsLength: 2 }

      at src/components/HandyTreeView/HandyTreeView.tsx:658:15

    console.log
      [useLazyLoading] Cleaning up polling interval

      at src/hooks/useLazyLoading.ts:293:15
          at Array.forEach (<anonymous>)

    console.log
      [HandyTreeView] RENDER START #30 {
        hasDataSource: false,
        itemsCount: 2,
        hasLazyLoading: false,
        timestamp: 1769005691152
      }

      at HandyTreeView (src/components/HandyTreeView/HandyTreeView.tsx:232:13)

    console.log
      [HandyTreeView] useMemo lazyLoadingConfig { hasDataSource: false, hasLazyLoading: false }

      at src/components/HandyTreeView/HandyTreeView.tsx:306:15

    console.log
      [HandyTreeView] Calling useLazyLoading {
        hasDataSource: false,
        hasConfig: false,
        dataSourceType: 'none',
        dataSourceKeys: []
      }

      at HandyTreeView (src/components/HandyTreeView/HandyTreeView.tsx:321:13)

    console.log
      [useLazyLoading] HOOK CALLED {
        hasDataSource: true,
        configEnabled: false,
        configKeys: [ 'enabled' ]
      }

      at useLazyLoading (src/hooks/useLazyLoading.ts:195:11)

    console.log
      [useLazyLoading] Creating new LazyLoadingDataSource

      at useLazyLoading (src/hooks/useLazyLoading.ts:213:13)

    console.log
      [HandyTreeView] useLazyLoading returned { hasDataSource: true, isLoading: false, stateCacheSize: 0 }

      at HandyTreeView (src/components/HandyTreeView/HandyTreeView.tsx:338:13)

    console.log
      [HandyTreeView] buildFullItemsMap { itemsCount: 2, mapSize: 0 }

      at src/components/HandyTreeView/HandyTreeView.tsx:451:17

    console.log
      [HandyTreeView] buildFullItemsMap { itemsCount: 2, mapSize: 1 }

      at src/components/HandyTreeView/HandyTreeView.tsx:451:17
          at Array.forEach (<anonymous>)

    console.log
      [HandyTreeView] buildFullItemsMap { itemsCount: 2, mapSize: 4 }

      at src/components/HandyTreeView/HandyTreeView.tsx:451:17
          at Array.forEach (<anonymous>)

    console.log
      [HandyTreeView] applyFiltering { inputCount: 2, hasFilterItems: false, showHiddenFiles: true }

      at src/components/HandyTreeView/HandyTreeView.tsx:424:17

    console.log
      [HandyTreeView] RENDER END #30 {
        internalItemsLength: 2,
        expandedItemsCount: 0,
        selectedItemsCount: 1,
        hasEmptyState: false
      }

      at HandyTreeView (src/components/HandyTreeView/HandyTreeView.tsx:1429:13)

    console.log
      [HandyTreeView] renderTreeItems [bjjv6do98] { itemsCount: 2, level: 0, renderId: 30 }

      at src/components/HandyTreeView/HandyTreeView.tsx:1236:17

    console.log
      [HandyTreeView] renderTreeItems [bjjv6do98] completed { itemsCount: 2, level: 0, resultCount: 2 }

      at src/components/HandyTreeView/HandyTreeView.tsx:1330:17

    console.log
      [useLazyLoading] useEffect recreate data source { hasRef: true, configEnabled: false }

      at src/hooks/useLazyLoading.ts:222:13

    console.log
      [useLazyLoading] Recreating LazyLoadingDataSource

      at src/hooks/useLazyLoading.ts:228:15

    console.log
      [useLazyLoading] Setting up polling interval

      at src/hooks/useLazyLoading.ts:285:13

    console.log
      [HandyTreeView] useEffect items sync {
        hasDataSource: false,
        itemsLength: 2,
        filteredItemsLength: 2,
        internalItemsLength: 2
      }

      at src/components/HandyTreeView/HandyTreeView.tsx:496:15

    console.log
      [HandyTreeView] Syncing filtered items to internalItems

      at src/components/HandyTreeView/HandyTreeView.tsx:513:21

    console.log
      [HandyTreeView] useEffect fetch root items {
        hasDataSource: false,
        configEnabled: undefined,
        internalItemsLength: 2,
        itemsLength: 2,
        hasFetched: false
      }

      at src/components/HandyTreeView/HandyTreeView.tsx:549:15

    console.log
      [HandyTreeView] Skipping fetch - no dataSource or not enabled

      at src/components/HandyTreeView/HandyTreeView.tsx:559:17

    console.log
      [HandyTreeView] useEffect updateSelectionItems { internalItemsLength: 2 }

      at src/components/HandyTreeView/HandyTreeView.tsx:658:15

    console.log
      [useLazyLoading] Cleaning up polling interval

      at src/hooks/useLazyLoading.ts:293:15
          at Array.forEach (<anonymous>)

    console.log
      [HandyTreeView] RENDER START #31 {
        hasDataSource: false,
        itemsCount: 2,
        hasLazyLoading: false,
        timestamp: 1769005691171
      }

      at HandyTreeView (src/components/HandyTreeView/HandyTreeView.tsx:232:13)

    console.log
      [HandyTreeView] useMemo lazyLoadingConfig { hasDataSource: false, hasLazyLoading: false }

      at src/components/HandyTreeView/HandyTreeView.tsx:306:15

    console.log
      [HandyTreeView] Calling useLazyLoading {
        hasDataSource: false,
        hasConfig: false,
        dataSourceType: 'none',
        dataSourceKeys: []
      }

      at HandyTreeView (src/components/HandyTreeView/HandyTreeView.tsx:321:13)

    console.log
      [useLazyLoading] HOOK CALLED {
        hasDataSource: true,
        configEnabled: false,
        configKeys: [ 'enabled' ]
      }

      at useLazyLoading (src/hooks/useLazyLoading.ts:195:11)

    console.log
      [useLazyLoading] Creating new LazyLoadingDataSource

      at useLazyLoading (src/hooks/useLazyLoading.ts:213:13)

    console.log
      [HandyTreeView] useLazyLoading returned { hasDataSource: true, isLoading: false, stateCacheSize: 0 }

      at HandyTreeView (src/components/HandyTreeView/HandyTreeView.tsx:338:13)

    console.log
      [HandyTreeView] buildFullItemsMap { itemsCount: 2, mapSize: 0 }

      at src/components/HandyTreeView/HandyTreeView.tsx:451:17

    console.log
      [HandyTreeView] buildFullItemsMap { itemsCount: 2, mapSize: 1 }

      at src/components/HandyTreeView/HandyTreeView.tsx:451:17
          at Array.forEach (<anonymous>)

    console.log
      [HandyTreeView] buildFullItemsMap { itemsCount: 2, mapSize: 4 }

      at src/components/HandyTreeView/HandyTreeView.tsx:451:17
          at Array.forEach (<anonymous>)

    console.log
      [HandyTreeView] applyFiltering { inputCount: 2, hasFilterItems: false, showHiddenFiles: true }

      at src/components/HandyTreeView/HandyTreeView.tsx:424:17

    console.log
      [HandyTreeView] RENDER END #31 {
        internalItemsLength: 2,
        expandedItemsCount: 0,
        selectedItemsCount: 0,
        hasEmptyState: false
      }

      at HandyTreeView (src/components/HandyTreeView/HandyTreeView.tsx:1429:13)

    console.log
      [HandyTreeView] renderTreeItems [nw5p5jh0g] { itemsCount: 2, level: 0, renderId: 31 }

      at src/components/HandyTreeView/HandyTreeView.tsx:1236:17

    console.log
      [HandyTreeView] renderTreeItems [nw5p5jh0g] completed { itemsCount: 2, level: 0, resultCount: 2 }

      at src/components/HandyTreeView/HandyTreeView.tsx:1330:17

    console.log
      [useLazyLoading] useEffect recreate data source { hasRef: true, configEnabled: false }

      at src/hooks/useLazyLoading.ts:222:13

    console.log
      [useLazyLoading] Recreating LazyLoadingDataSource

      at src/hooks/useLazyLoading.ts:228:15

    console.log
      [useLazyLoading] Setting up polling interval

      at src/hooks/useLazyLoading.ts:285:13

    console.log
      [HandyTreeView] useEffect items sync {
        hasDataSource: false,
        itemsLength: 2,
        filteredItemsLength: 2,
        internalItemsLength: 2
      }

      at src/components/HandyTreeView/HandyTreeView.tsx:496:15

    console.log
      [HandyTreeView] Syncing filtered items to internalItems

      at src/components/HandyTreeView/HandyTreeView.tsx:513:21

    console.log
      [HandyTreeView] useEffect fetch root items {
        hasDataSource: false,
        configEnabled: undefined,
        internalItemsLength: 2,
        itemsLength: 2,
        hasFetched: false
      }

      at src/components/HandyTreeView/HandyTreeView.tsx:549:15

    console.log
      [HandyTreeView] Skipping fetch - no dataSource or not enabled

      at src/components/HandyTreeView/HandyTreeView.tsx:559:17

    console.log
      [HandyTreeView] useEffect updateSelectionItems { internalItemsLength: 2 }

      at src/components/HandyTreeView/HandyTreeView.tsx:658:15

    console.log
      [HandyTreeView] RENDER START #32 {
        hasDataSource: false,
        itemsCount: 2,
        hasLazyLoading: false,
        timestamp: 1769005691187
      }

      at HandyTreeView (src/components/HandyTreeView/HandyTreeView.tsx:232:13)

    console.log
      [HandyTreeView] Calling useLazyLoading {
        hasDataSource: false,
        hasConfig: false,
        dataSourceType: 'none',
        dataSourceKeys: []
      }

      at HandyTreeView (src/components/HandyTreeView/HandyTreeView.tsx:321:13)

    console.log
      [useLazyLoading] HOOK CALLED {
        hasDataSource: true,
        configEnabled: false,
        configKeys: [ 'enabled' ]
      }

      at useLazyLoading (src/hooks/useLazyLoading.ts:195:11)

    console.log
      [HandyTreeView] useLazyLoading returned { hasDataSource: true, isLoading: false, stateCacheSize: 0 }

      at HandyTreeView (src/components/HandyTreeView/HandyTreeView.tsx:338:13)

    console.log
      [HandyTreeView] buildFullItemsMap { itemsCount: 2, mapSize: 0 }

      at src/components/HandyTreeView/HandyTreeView.tsx:451:17

    console.log
      [HandyTreeView] buildFullItemsMap { itemsCount: 2, mapSize: 1 }

      at src/components/HandyTreeView/HandyTreeView.tsx:451:17
          at Array.forEach (<anonymous>)

    console.log
      [HandyTreeView] buildFullItemsMap { itemsCount: 2, mapSize: 4 }

      at src/components/HandyTreeView/HandyTreeView.tsx:451:17
          at Array.forEach (<anonymous>)

    console.log
      [HandyTreeView] applyFiltering { inputCount: 2, hasFilterItems: false, showHiddenFiles: true }

      at src/components/HandyTreeView/HandyTreeView.tsx:424:17

    console.log
      [HandyTreeView] RENDER END #32 {
        internalItemsLength: 2,
        expandedItemsCount: 0,
        selectedItemsCount: 0,
        hasEmptyState: false
      }

      at HandyTreeView (src/components/HandyTreeView/HandyTreeView.tsx:1429:13)

    console.log
      [HandyTreeView] renderTreeItems [5qrtlzgvy] { itemsCount: 2, level: 0, renderId: 32 }

      at src/components/HandyTreeView/HandyTreeView.tsx:1236:17

    console.log
      [HandyTreeView] renderTreeItems [5qrtlzgvy] completed { itemsCount: 2, level: 0, resultCount: 2 }

      at src/components/HandyTreeView/HandyTreeView.tsx:1330:17

    console.log
      [useLazyLoading] useEffect recreate data source { hasRef: true, configEnabled: false }

      at src/hooks/useLazyLoading.ts:222:13

    console.log
      [useLazyLoading] Recreating LazyLoadingDataSource

      at src/hooks/useLazyLoading.ts:228:15

    console.log
      [HandyTreeView] useEffect items sync {
        hasDataSource: false,
        itemsLength: 2,
        filteredItemsLength: 2,
        internalItemsLength: 2
      }

      at src/components/HandyTreeView/HandyTreeView.tsx:496:15

    console.log
      [HandyTreeView] RENDER START #33 {
        hasDataSource: false,
        itemsCount: 2,
        hasLazyLoading: false,
        timestamp: 1769005691195
      }

      at HandyTreeView (src/components/HandyTreeView/HandyTreeView.tsx:232:13)

    console.log
      [HandyTreeView] Calling useLazyLoading {
        hasDataSource: false,
        hasConfig: false,
        dataSourceType: 'none',
        dataSourceKeys: []
      }

      at HandyTreeView (src/components/HandyTreeView/HandyTreeView.tsx:321:13)

    console.log
      [useLazyLoading] HOOK CALLED {
        hasDataSource: true,
        configEnabled: false,
        configKeys: [ 'enabled' ]
      }

      at useLazyLoading (src/hooks/useLazyLoading.ts:195:11)

    console.log
      [HandyTreeView] useLazyLoading returned { hasDataSource: true, isLoading: false, stateCacheSize: 0 }

      at HandyTreeView (src/components/HandyTreeView/HandyTreeView.tsx:338:13)

    console.log
      [HandyTreeView] buildFullItemsMap { itemsCount: 2, mapSize: 0 }

      at src/components/HandyTreeView/HandyTreeView.tsx:451:17

    console.log
      [HandyTreeView] buildFullItemsMap { itemsCount: 2, mapSize: 1 }

      at src/components/HandyTreeView/HandyTreeView.tsx:451:17
          at Array.forEach (<anonymous>)

    console.log
      [HandyTreeView] buildFullItemsMap { itemsCount: 2, mapSize: 4 }

      at src/components/HandyTreeView/HandyTreeView.tsx:451:17
          at Array.forEach (<anonymous>)

    console.log
      [HandyTreeView] applyFiltering { inputCount: 2, hasFilterItems: false, showHiddenFiles: true }

      at src/components/HandyTreeView/HandyTreeView.tsx:424:17

    console.log
      [HandyTreeView] RENDER END #33 {
        internalItemsLength: 2,
        expandedItemsCount: 0,
        selectedItemsCount: 0,
        hasEmptyState: false
      }

      at HandyTreeView (src/components/HandyTreeView/HandyTreeView.tsx:1429:13)

    console.log
      [HandyTreeView] renderTreeItems [l5vww0kc6] { itemsCount: 2, level: 0, renderId: 33 }

      at src/components/HandyTreeView/HandyTreeView.tsx:1236:17

    console.log
      [HandyTreeView] renderTreeItems [l5vww0kc6] completed { itemsCount: 2, level: 0, resultCount: 2 }

      at src/components/HandyTreeView/HandyTreeView.tsx:1330:17

    console.log
      [useLazyLoading] Cleaning up polling interval

      at src/hooks/useLazyLoading.ts:293:15
          at Array.forEach (<anonymous>)

    console.log
      [HandyTreeView] RENDER START #34 {
        hasDataSource: false,
        itemsCount: 2,
        hasLazyLoading: false,
        timestamp: 1769005691204
      }

      at HandyTreeView (src/components/HandyTreeView/HandyTreeView.tsx:232:13)

    console.log
      [HandyTreeView] useMemo lazyLoadingConfig { hasDataSource: false, hasLazyLoading: false }

      at src/components/HandyTreeView/HandyTreeView.tsx:306:15

    console.log
      [HandyTreeView] Calling useLazyLoading {
        hasDataSource: false,
        hasConfig: false,
        dataSourceType: 'none',
        dataSourceKeys: []
      }

      at HandyTreeView (src/components/HandyTreeView/HandyTreeView.tsx:321:13)

    console.log
      [useLazyLoading] HOOK CALLED {
        hasDataSource: true,
        configEnabled: false,
        configKeys: [ 'enabled' ]
      }

      at useLazyLoading (src/hooks/useLazyLoading.ts:195:11)

    console.log
      [useLazyLoading] Creating new LazyLoadingDataSource

      at useLazyLoading (src/hooks/useLazyLoading.ts:213:13)

    console.log
      [HandyTreeView] useLazyLoading returned { hasDataSource: true, isLoading: false, stateCacheSize: 0 }

      at HandyTreeView (src/components/HandyTreeView/HandyTreeView.tsx:338:13)

    console.log
      [HandyTreeView] buildFullItemsMap { itemsCount: 2, mapSize: 0 }

      at src/components/HandyTreeView/HandyTreeView.tsx:451:17

    console.log
      [HandyTreeView] buildFullItemsMap { itemsCount: 2, mapSize: 1 }

      at src/components/HandyTreeView/HandyTreeView.tsx:451:17
          at Array.forEach (<anonymous>)

    console.log
      [HandyTreeView] buildFullItemsMap { itemsCount: 2, mapSize: 4 }

      at src/components/HandyTreeView/HandyTreeView.tsx:451:17
          at Array.forEach (<anonymous>)

    console.log
      [HandyTreeView] applyFiltering { inputCount: 2, hasFilterItems: false, showHiddenFiles: true }

      at src/components/HandyTreeView/HandyTreeView.tsx:424:17

    console.log
      [HandyTreeView] RENDER END #34 {
        internalItemsLength: 2,
        expandedItemsCount: 0,
        selectedItemsCount: 0,
        hasEmptyState: false
      }

      at HandyTreeView (src/components/HandyTreeView/HandyTreeView.tsx:1429:13)

    console.log
      [HandyTreeView] renderTreeItems [fkksdhfl2] { itemsCount: 2, level: 0, renderId: 34 }

      at src/components/HandyTreeView/HandyTreeView.tsx:1236:17

    console.log
      [HandyTreeView] renderTreeItems [fkksdhfl2] completed { itemsCount: 2, level: 0, resultCount: 2 }

      at src/components/HandyTreeView/HandyTreeView.tsx:1330:17

    console.log
      [useLazyLoading] useEffect recreate data source { hasRef: true, configEnabled: false }

      at src/hooks/useLazyLoading.ts:222:13

    console.log
      [useLazyLoading] Recreating LazyLoadingDataSource

      at src/hooks/useLazyLoading.ts:228:15

    console.log
      [useLazyLoading] Setting up polling interval

      at src/hooks/useLazyLoading.ts:285:13

    console.log
      [HandyTreeView] useEffect items sync {
        hasDataSource: false,
        itemsLength: 2,
        filteredItemsLength: 2,
        internalItemsLength: 2
      }

      at src/components/HandyTreeView/HandyTreeView.tsx:496:15

    console.log
      [HandyTreeView] Syncing filtered items to internalItems

      at src/components/HandyTreeView/HandyTreeView.tsx:513:21

    console.log
      [HandyTreeView] useEffect fetch root items {
        hasDataSource: false,
        configEnabled: undefined,
        internalItemsLength: 2,
        itemsLength: 2,
        hasFetched: false
      }

      at src/components/HandyTreeView/HandyTreeView.tsx:549:15

    console.log
      [HandyTreeView] Skipping fetch - no dataSource or not enabled

      at src/components/HandyTreeView/HandyTreeView.tsx:559:17

    console.log
      [HandyTreeView] useEffect updateSelectionItems { internalItemsLength: 2 }

      at src/components/HandyTreeView/HandyTreeView.tsx:658:15

    console.log
      [HandyTreeView] RENDER START #35 {
        hasDataSource: false,
        itemsCount: 2,
        hasLazyLoading: false,
        timestamp: 1769005691228
      }

      at HandyTreeView (src/components/HandyTreeView/HandyTreeView.tsx:232:13)

    console.log
      [HandyTreeView] Calling useLazyLoading {
        hasDataSource: false,
        hasConfig: false,
        dataSourceType: 'none',
        dataSourceKeys: []
      }

      at HandyTreeView (src/components/HandyTreeView/HandyTreeView.tsx:321:13)

    console.log
      [useLazyLoading] HOOK CALLED {
        hasDataSource: true,
        configEnabled: false,
        configKeys: [ 'enabled' ]
      }

      at useLazyLoading (src/hooks/useLazyLoading.ts:195:11)

    console.log
      [HandyTreeView] useLazyLoading returned { hasDataSource: true, isLoading: false, stateCacheSize: 0 }

      at HandyTreeView (src/components/HandyTreeView/HandyTreeView.tsx:338:13)

    console.log
      [HandyTreeView] buildFullItemsMap { itemsCount: 2, mapSize: 0 }

      at src/components/HandyTreeView/HandyTreeView.tsx:451:17

    console.log
      [HandyTreeView] buildFullItemsMap { itemsCount: 2, mapSize: 1 }

      at src/components/HandyTreeView/HandyTreeView.tsx:451:17
          at Array.forEach (<anonymous>)

    console.log
      [HandyTreeView] buildFullItemsMap { itemsCount: 2, mapSize: 4 }

      at src/components/HandyTreeView/HandyTreeView.tsx:451:17
          at Array.forEach (<anonymous>)

    console.log
      [HandyTreeView] applyFiltering { inputCount: 2, hasFilterItems: false, showHiddenFiles: true }

      at src/components/HandyTreeView/HandyTreeView.tsx:424:17

    console.log
      [HandyTreeView] RENDER END #35 {
        internalItemsLength: 2,
        expandedItemsCount: 1,
        selectedItemsCount: 0,
        hasEmptyState: false
      }

      at HandyTreeView (src/components/HandyTreeView/HandyTreeView.tsx:1429:13)

    console.log
      [HandyTreeView] renderTreeItems [frqylnqxs] { itemsCount: 2, level: 0, renderId: 35 }

      at src/components/HandyTreeView/HandyTreeView.tsx:1236:17

    console.log
      [HandyTreeView] Rendering children for item 1 { childrenCount: 2, level: 1, renderId: 35 }

      at src/components/HandyTreeView/HandyTreeView.tsx:1318:29
          at Array.map (<anonymous>)

    console.log
      [HandyTreeView] renderTreeItems [kjirae6rw] { itemsCount: 2, level: 1, renderId: 35 }

      at src/components/HandyTreeView/HandyTreeView.tsx:1236:17
          at Array.map (<anonymous>)

    console.log
      [HandyTreeView] renderTreeItems [kjirae6rw] completed { itemsCount: 2, level: 1, resultCount: 2 }

      at src/components/HandyTreeView/HandyTreeView.tsx:1330:17
          at Array.map (<anonymous>)

    console.log
      [HandyTreeView] renderTreeItems [frqylnqxs] completed { itemsCount: 2, level: 0, resultCount: 2 }

      at src/components/HandyTreeView/HandyTreeView.tsx:1330:17

    console.log
      [useLazyLoading] useEffect recreate data source { hasRef: true, configEnabled: false }

      at src/hooks/useLazyLoading.ts:222:13

    console.log
      [useLazyLoading] Recreating LazyLoadingDataSource

      at src/hooks/useLazyLoading.ts:228:15

    console.log
      [HandyTreeView] useEffect items sync {
        hasDataSource: false,
        itemsLength: 2,
        filteredItemsLength: 2,
        internalItemsLength: 2
      }

      at src/components/HandyTreeView/HandyTreeView.tsx:496:15

    console.log
      [HandyTreeView] useEffect autoExpandOnNavigation { focusedItemId: '1' }

      at src/components/HandyTreeView/HandyTreeView.tsx:736:17

    console.log
      [HandyTreeView] RENDER START #36 {
        hasDataSource: false,
        itemsCount: 2,
        hasLazyLoading: false,
        timestamp: 1769005691255
      }

      at HandyTreeView (src/components/HandyTreeView/HandyTreeView.tsx:232:13)

    console.log
      [HandyTreeView] Calling useLazyLoading {
        hasDataSource: false,
        hasConfig: false,
        dataSourceType: 'none',
        dataSourceKeys: []
      }

      at HandyTreeView (src/components/HandyTreeView/HandyTreeView.tsx:321:13)

    console.log
      [useLazyLoading] HOOK CALLED {
        hasDataSource: true,
        configEnabled: false,
        configKeys: [ 'enabled' ]
      }

      at useLazyLoading (src/hooks/useLazyLoading.ts:195:11)

    console.log
      [HandyTreeView] useLazyLoading returned { hasDataSource: true, isLoading: false, stateCacheSize: 0 }

      at HandyTreeView (src/components/HandyTreeView/HandyTreeView.tsx:338:13)

    console.log
      [HandyTreeView] buildFullItemsMap { itemsCount: 2, mapSize: 0 }

      at src/components/HandyTreeView/HandyTreeView.tsx:451:17

    console.log
      [HandyTreeView] buildFullItemsMap { itemsCount: 2, mapSize: 1 }

      at src/components/HandyTreeView/HandyTreeView.tsx:451:17
          at Array.forEach (<anonymous>)

    console.log
      [HandyTreeView] buildFullItemsMap { itemsCount: 2, mapSize: 4 }

      at src/components/HandyTreeView/HandyTreeView.tsx:451:17
          at Array.forEach (<anonymous>)

    console.log
      [HandyTreeView] applyFiltering { inputCount: 2, hasFilterItems: false, showHiddenFiles: true }

      at src/components/HandyTreeView/HandyTreeView.tsx:424:17

    console.log
      [HandyTreeView] RENDER END #36 {
        internalItemsLength: 2,
        expandedItemsCount: 1,
        selectedItemsCount: 0,
        hasEmptyState: false
      }

      at HandyTreeView (src/components/HandyTreeView/HandyTreeView.tsx:1429:13)

    console.log
      [HandyTreeView] renderTreeItems [lbx3dq1ui] { itemsCount: 2, level: 0, renderId: 36 }

      at src/components/HandyTreeView/HandyTreeView.tsx:1236:17

    console.log
      [HandyTreeView] Rendering children for item 1 { childrenCount: 2, level: 1, renderId: 36 }

      at src/components/HandyTreeView/HandyTreeView.tsx:1318:29
          at Array.map (<anonymous>)

    console.log
      [HandyTreeView] renderTreeItems [nbsoh9vva] { itemsCount: 2, level: 1, renderId: 36 }

      at src/components/HandyTreeView/HandyTreeView.tsx:1236:17
          at Array.map (<anonymous>)

    console.log
      [HandyTreeView] renderTreeItems [nbsoh9vva] completed { itemsCount: 2, level: 1, resultCount: 2 }

      at src/components/HandyTreeView/HandyTreeView.tsx:1330:17
          at Array.map (<anonymous>)

    console.log
      [HandyTreeView] renderTreeItems [lbx3dq1ui] completed { itemsCount: 2, level: 0, resultCount: 2 }

      at src/components/HandyTreeView/HandyTreeView.tsx:1330:17

    console.log
      [useLazyLoading] Cleaning up polling interval

      at src/hooks/useLazyLoading.ts:293:15
          at Array.forEach (<anonymous>)

    console.log
      [HandyTreeView] RENDER START #37 {
        hasDataSource: false,
        itemsCount: 2,
        hasLazyLoading: false,
        timestamp: 1769005691272
      }

      at HandyTreeView (src/components/HandyTreeView/HandyTreeView.tsx:232:13)

    console.log
      [HandyTreeView] useMemo lazyLoadingConfig { hasDataSource: false, hasLazyLoading: false }

      at src/components/HandyTreeView/HandyTreeView.tsx:306:15

    console.log
      [HandyTreeView] Calling useLazyLoading {
        hasDataSource: false,
        hasConfig: false,
        dataSourceType: 'none',
        dataSourceKeys: []
      }

      at HandyTreeView (src/components/HandyTreeView/HandyTreeView.tsx:321:13)

    console.log
      [useLazyLoading] HOOK CALLED {
        hasDataSource: true,
        configEnabled: false,
        configKeys: [ 'enabled' ]
      }

      at useLazyLoading (src/hooks/useLazyLoading.ts:195:11)

    console.log
      [useLazyLoading] Creating new LazyLoadingDataSource

      at useLazyLoading (src/hooks/useLazyLoading.ts:213:13)

    console.log
      [HandyTreeView] useLazyLoading returned { hasDataSource: true, isLoading: false, stateCacheSize: 0 }

      at HandyTreeView (src/components/HandyTreeView/HandyTreeView.tsx:338:13)

    console.log
      [HandyTreeView] buildFullItemsMap { itemsCount: 2, mapSize: 0 }

      at src/components/HandyTreeView/HandyTreeView.tsx:451:17

    console.log
      [HandyTreeView] buildFullItemsMap { itemsCount: 2, mapSize: 1 }

      at src/components/HandyTreeView/HandyTreeView.tsx:451:17
          at Array.forEach (<anonymous>)

    console.log
      [HandyTreeView] buildFullItemsMap { itemsCount: 2, mapSize: 4 }

      at src/components/HandyTreeView/HandyTreeView.tsx:451:17
          at Array.forEach (<anonymous>)

    console.log
      [HandyTreeView] applyFiltering { inputCount: 2, hasFilterItems: false, showHiddenFiles: true }

      at src/components/HandyTreeView/HandyTreeView.tsx:424:17

    console.log
      [HandyTreeView] RENDER END #37 {
        internalItemsLength: 2,
        expandedItemsCount: 0,
        selectedItemsCount: 0,
        hasEmptyState: false
      }

      at HandyTreeView (src/components/HandyTreeView/HandyTreeView.tsx:1429:13)

    console.log
      [HandyTreeView] renderTreeItems [ss2o23dm3] { itemsCount: 2, level: 0, renderId: 37 }

      at src/components/HandyTreeView/HandyTreeView.tsx:1236:17

    console.log
      [HandyTreeView] renderTreeItems [ss2o23dm3] completed { itemsCount: 2, level: 0, resultCount: 2 }

      at src/components/HandyTreeView/HandyTreeView.tsx:1330:17

    console.log
      [useLazyLoading] useEffect recreate data source { hasRef: true, configEnabled: false }

      at src/hooks/useLazyLoading.ts:222:13

    console.log
      [useLazyLoading] Recreating LazyLoadingDataSource

      at src/hooks/useLazyLoading.ts:228:15

    console.log
      [useLazyLoading] Setting up polling interval

      at src/hooks/useLazyLoading.ts:285:13

    console.log
      [HandyTreeView] useEffect items sync {
        hasDataSource: false,
        itemsLength: 2,
        filteredItemsLength: 2,
        internalItemsLength: 2
      }

      at src/components/HandyTreeView/HandyTreeView.tsx:496:15

    console.log
      [HandyTreeView] Syncing filtered items to internalItems

      at src/components/HandyTreeView/HandyTreeView.tsx:513:21

    console.log
      [HandyTreeView] useEffect fetch root items {
        hasDataSource: false,
        configEnabled: undefined,
        internalItemsLength: 2,
        itemsLength: 2,
        hasFetched: false
      }

      at src/components/HandyTreeView/HandyTreeView.tsx:549:15

    console.log
      [HandyTreeView] Skipping fetch - no dataSource or not enabled

      at src/components/HandyTreeView/HandyTreeView.tsx:559:17

    console.log
      [HandyTreeView] useEffect updateSelectionItems { internalItemsLength: 2 }

      at src/components/HandyTreeView/HandyTreeView.tsx:658:15

    console.log
      [useLazyLoading] Cleaning up polling interval

      at src/hooks/useLazyLoading.ts:293:15
          at Array.forEach (<anonymous>)

    console.log
      [HandyTreeView] RENDER START #38 {
        hasDataSource: false,
        itemsCount: 2,
        hasLazyLoading: false,
        timestamp: 1769005691305
      }

      at HandyTreeView (src/components/HandyTreeView/HandyTreeView.tsx:232:13)

    console.log
      [HandyTreeView] useMemo lazyLoadingConfig { hasDataSource: false, hasLazyLoading: false }

      at src/components/HandyTreeView/HandyTreeView.tsx:306:15

    console.log
      [HandyTreeView] Calling useLazyLoading {
        hasDataSource: false,
        hasConfig: false,
        dataSourceType: 'none',
        dataSourceKeys: []
      }

      at HandyTreeView (src/components/HandyTreeView/HandyTreeView.tsx:321:13)

    console.log
      [useLazyLoading] HOOK CALLED {
        hasDataSource: true,
        configEnabled: false,
        configKeys: [ 'enabled' ]
      }

      at useLazyLoading (src/hooks/useLazyLoading.ts:195:11)

    console.log
      [useLazyLoading] Creating new LazyLoadingDataSource

      at useLazyLoading (src/hooks/useLazyLoading.ts:213:13)

    console.log
      [HandyTreeView] useLazyLoading returned { hasDataSource: true, isLoading: false, stateCacheSize: 0 }

      at HandyTreeView (src/components/HandyTreeView/HandyTreeView.tsx:338:13)

    console.log
      [HandyTreeView] buildFullItemsMap { itemsCount: 2, mapSize: 0 }

      at src/components/HandyTreeView/HandyTreeView.tsx:451:17

    console.log
      [HandyTreeView] applyFiltering { inputCount: 2, hasFilterItems: false, showHiddenFiles: true }

      at src/components/HandyTreeView/HandyTreeView.tsx:424:17

    console.log
      [HandyTreeView] RENDER END #38 {
        internalItemsLength: 2,
        expandedItemsCount: 0,
        selectedItemsCount: 0,
        hasEmptyState: false
      }

      at HandyTreeView (src/components/HandyTreeView/HandyTreeView.tsx:1429:13)

    console.log
      [HandyTreeView] renderTreeItems [xli02e89e] { itemsCount: 2, level: 0, renderId: 38 }

      at src/components/HandyTreeView/HandyTreeView.tsx:1236:17

    console.log
      [HandyTreeView] renderTreeItems [xli02e89e] completed { itemsCount: 2, level: 0, resultCount: 2 }

      at src/components/HandyTreeView/HandyTreeView.tsx:1330:17

    console.log
      [useLazyLoading] useEffect recreate data source { hasRef: true, configEnabled: false }

      at src/hooks/useLazyLoading.ts:222:13

    console.log
      [useLazyLoading] Recreating LazyLoadingDataSource

      at src/hooks/useLazyLoading.ts:228:15

    console.log
      [useLazyLoading] Setting up polling interval

      at src/hooks/useLazyLoading.ts:285:13

    console.log
      [HandyTreeView] useEffect items sync {
        hasDataSource: false,
        itemsLength: 2,
        filteredItemsLength: 2,
        internalItemsLength: 2
      }

      at src/components/HandyTreeView/HandyTreeView.tsx:496:15

    console.log
      [HandyTreeView] Syncing filtered items to internalItems

      at src/components/HandyTreeView/HandyTreeView.tsx:513:21

    console.log
      [HandyTreeView] useEffect fetch root items {
        hasDataSource: false,
        configEnabled: undefined,
        internalItemsLength: 2,
        itemsLength: 2,
        hasFetched: false
      }

      at src/components/HandyTreeView/HandyTreeView.tsx:549:15

    console.log
      [HandyTreeView] Skipping fetch - no dataSource or not enabled

      at src/components/HandyTreeView/HandyTreeView.tsx:559:17

    console.log
      [HandyTreeView] useEffect updateSelectionItems { internalItemsLength: 2 }

      at src/components/HandyTreeView/HandyTreeView.tsx:658:15

    console.log
      [HandyTreeView] RENDER START #39 {
        hasDataSource: false,
        itemsCount: 2,
        hasLazyLoading: false,
        timestamp: 1769005691316
      }

      at HandyTreeView (src/components/HandyTreeView/HandyTreeView.tsx:232:13)

    console.log
      [HandyTreeView] Calling useLazyLoading {
        hasDataSource: false,
        hasConfig: false,
        dataSourceType: 'none',
        dataSourceKeys: []
      }

      at HandyTreeView (src/components/HandyTreeView/HandyTreeView.tsx:321:13)

    console.log
      [useLazyLoading] HOOK CALLED {
        hasDataSource: true,
        configEnabled: false,
        configKeys: [ 'enabled' ]
      }

      at useLazyLoading (src/hooks/useLazyLoading.ts:195:11)

    console.log
      [HandyTreeView] useLazyLoading returned { hasDataSource: true, isLoading: false, stateCacheSize: 0 }

      at HandyTreeView (src/components/HandyTreeView/HandyTreeView.tsx:338:13)

    console.log
      [HandyTreeView] buildFullItemsMap { itemsCount: 2, mapSize: 0 }

      at src/components/HandyTreeView/HandyTreeView.tsx:451:17

    console.log
      [HandyTreeView] applyFiltering { inputCount: 2, hasFilterItems: false, showHiddenFiles: true }

      at src/components/HandyTreeView/HandyTreeView.tsx:424:17

    console.log
      [HandyTreeView] RENDER END #39 {
        internalItemsLength: 2,
        expandedItemsCount: 0,
        selectedItemsCount: 0,
        hasEmptyState: false
      }

      at HandyTreeView (src/components/HandyTreeView/HandyTreeView.tsx:1429:13)

    console.log
      [HandyTreeView] renderTreeItems [r0b10vvlw] { itemsCount: 2, level: 0, renderId: 39 }

      at src/components/HandyTreeView/HandyTreeView.tsx:1236:17

    console.log
      [HandyTreeView] renderTreeItems [r0b10vvlw] completed { itemsCount: 2, level: 0, resultCount: 2 }

      at src/components/HandyTreeView/HandyTreeView.tsx:1330:17

    console.log
      [useLazyLoading] useEffect recreate data source { hasRef: true, configEnabled: false }

      at src/hooks/useLazyLoading.ts:222:13

    console.log
      [useLazyLoading] Recreating LazyLoadingDataSource

      at src/hooks/useLazyLoading.ts:228:15

    console.log
      [HandyTreeView] useEffect items sync {
        hasDataSource: false,
        itemsLength: 2,
        filteredItemsLength: 2,
        internalItemsLength: 2
      }

      at src/components/HandyTreeView/HandyTreeView.tsx:496:15

    console.log
      [HandyTreeView] useEffect autoExpandOnNavigation { focusedItemId: '1' }

      at src/components/HandyTreeView/HandyTreeView.tsx:736:17

    console.log
      [HandyTreeView] RENDER START #40 {
        hasDataSource: false,
        itemsCount: 2,
        hasLazyLoading: false,
        timestamp: 1769005691324
      }

      at HandyTreeView (src/components/HandyTreeView/HandyTreeView.tsx:232:13)

    console.log
      [HandyTreeView] Calling useLazyLoading {
        hasDataSource: false,
        hasConfig: false,
        dataSourceType: 'none',
        dataSourceKeys: []
      }

      at HandyTreeView (src/components/HandyTreeView/HandyTreeView.tsx:321:13)

    console.log
      [useLazyLoading] HOOK CALLED {
        hasDataSource: true,
        configEnabled: false,
        configKeys: [ 'enabled' ]
      }

      at useLazyLoading (src/hooks/useLazyLoading.ts:195:11)

    console.log
      [HandyTreeView] useLazyLoading returned { hasDataSource: true, isLoading: false, stateCacheSize: 0 }

      at HandyTreeView (src/components/HandyTreeView/HandyTreeView.tsx:338:13)

    console.log
      [HandyTreeView] buildFullItemsMap { itemsCount: 2, mapSize: 0 }

      at src/components/HandyTreeView/HandyTreeView.tsx:451:17

    console.log
      [HandyTreeView] applyFiltering { inputCount: 2, hasFilterItems: false, showHiddenFiles: true }

      at src/components/HandyTreeView/HandyTreeView.tsx:424:17

    console.log
      [HandyTreeView] RENDER END #40 {
        internalItemsLength: 2,
        expandedItemsCount: 0,
        selectedItemsCount: 0,
        hasEmptyState: false
      }

      at HandyTreeView (src/components/HandyTreeView/HandyTreeView.tsx:1429:13)

    console.log
      [HandyTreeView] renderTreeItems [mqz48c395] { itemsCount: 2, level: 0, renderId: 40 }

      at src/components/HandyTreeView/HandyTreeView.tsx:1236:17

    console.log
      [HandyTreeView] renderTreeItems [mqz48c395] completed { itemsCount: 2, level: 0, resultCount: 2 }

      at src/components/HandyTreeView/HandyTreeView.tsx:1330:17

    console.log
      [useLazyLoading] Cleaning up polling interval

      at src/hooks/useLazyLoading.ts:293:15
          at Array.forEach (<anonymous>)

    console.log
      [HandyTreeView] RENDER START #41 {
        hasDataSource: false,
        itemsCount: 2,
        hasLazyLoading: false,
        timestamp: 1769005691340
      }

      at HandyTreeView (src/components/HandyTreeView/HandyTreeView.tsx:232:13)

    console.log
      [HandyTreeView] useMemo lazyLoadingConfig { hasDataSource: false, hasLazyLoading: false }

      at src/components/HandyTreeView/HandyTreeView.tsx:306:15

    console.log
      [HandyTreeView] Calling useLazyLoading {
        hasDataSource: false,
        hasConfig: false,
        dataSourceType: 'none',
        dataSourceKeys: []
      }

      at HandyTreeView (src/components/HandyTreeView/HandyTreeView.tsx:321:13)

    console.log
      [useLazyLoading] HOOK CALLED {
        hasDataSource: true,
        configEnabled: false,
        configKeys: [ 'enabled' ]
      }

      at useLazyLoading (src/hooks/useLazyLoading.ts:195:11)

    console.log
      [useLazyLoading] Creating new LazyLoadingDataSource

      at useLazyLoading (src/hooks/useLazyLoading.ts:213:13)

    console.log
      [HandyTreeView] useLazyLoading returned { hasDataSource: true, isLoading: false, stateCacheSize: 0 }

      at HandyTreeView (src/components/HandyTreeView/HandyTreeView.tsx:338:13)

    console.log
      [HandyTreeView] buildFullItemsMap { itemsCount: 2, mapSize: 0 }

      at src/components/HandyTreeView/HandyTreeView.tsx:451:17

    console.log
      [HandyTreeView] buildFullItemsMap { itemsCount: 2, mapSize: 1 }

      at src/components/HandyTreeView/HandyTreeView.tsx:451:17
          at Array.forEach (<anonymous>)

    console.log
      [HandyTreeView] buildFullItemsMap { itemsCount: 2, mapSize: 4 }

      at src/components/HandyTreeView/HandyTreeView.tsx:451:17
          at Array.forEach (<anonymous>)

    console.log
      [HandyTreeView] applyFiltering { inputCount: 2, hasFilterItems: false, showHiddenFiles: true }

      at src/components/HandyTreeView/HandyTreeView.tsx:424:17

    console.log
      [HandyTreeView] RENDER END #41 {
        internalItemsLength: 2,
        expandedItemsCount: 1,
        selectedItemsCount: 0,
        hasEmptyState: false
      }

      at HandyTreeView (src/components/HandyTreeView/HandyTreeView.tsx:1429:13)

    console.log
      [HandyTreeView] renderTreeItems [883rhux8t] { itemsCount: 2, level: 0, renderId: 41 }

      at src/components/HandyTreeView/HandyTreeView.tsx:1236:17

    console.log
      [HandyTreeView] Rendering children for item 1 { childrenCount: 2, level: 1, renderId: 41 }

      at src/components/HandyTreeView/HandyTreeView.tsx:1318:29
          at Array.map (<anonymous>)

    console.log
      [HandyTreeView] renderTreeItems [xpvpgdngp] { itemsCount: 2, level: 1, renderId: 41 }

      at src/components/HandyTreeView/HandyTreeView.tsx:1236:17
          at Array.map (<anonymous>)

    console.log
      [HandyTreeView] renderTreeItems [xpvpgdngp] completed { itemsCount: 2, level: 1, resultCount: 2 }

      at src/components/HandyTreeView/HandyTreeView.tsx:1330:17
          at Array.map (<anonymous>)

    console.log
      [HandyTreeView] renderTreeItems [883rhux8t] completed { itemsCount: 2, level: 0, resultCount: 2 }

      at src/components/HandyTreeView/HandyTreeView.tsx:1330:17

    console.log
      [useLazyLoading] useEffect recreate data source { hasRef: true, configEnabled: false }

      at src/hooks/useLazyLoading.ts:222:13

    console.log
      [useLazyLoading] Recreating LazyLoadingDataSource

      at src/hooks/useLazyLoading.ts:228:15

    console.log
      [useLazyLoading] Setting up polling interval

      at src/hooks/useLazyLoading.ts:285:13

    console.log
      [HandyTreeView] useEffect items sync {
        hasDataSource: false,
        itemsLength: 2,
        filteredItemsLength: 2,
        internalItemsLength: 2
      }

      at src/components/HandyTreeView/HandyTreeView.tsx:496:15

    console.log
      [HandyTreeView] Syncing filtered items to internalItems

      at src/components/HandyTreeView/HandyTreeView.tsx:513:21

    console.log
      [HandyTreeView] useEffect fetch root items {
        hasDataSource: false,
        configEnabled: undefined,
        internalItemsLength: 2,
        itemsLength: 2,
        hasFetched: false
      }

      at src/components/HandyTreeView/HandyTreeView.tsx:549:15

    console.log
      [HandyTreeView] Skipping fetch - no dataSource or not enabled

      at src/components/HandyTreeView/HandyTreeView.tsx:559:17

    console.log
      [HandyTreeView] useEffect updateSelectionItems { internalItemsLength: 2 }

      at src/components/HandyTreeView/HandyTreeView.tsx:658:15

    console.log
      [HandyTreeView] RENDER START #42 {
        hasDataSource: false,
        itemsCount: 2,
        hasLazyLoading: false,
        timestamp: 1769005691374
      }

      at HandyTreeView (src/components/HandyTreeView/HandyTreeView.tsx:232:13)

    console.log
      [HandyTreeView] Calling useLazyLoading {
        hasDataSource: false,
        hasConfig: false,
        dataSourceType: 'none',
        dataSourceKeys: []
      }

      at HandyTreeView (src/components/HandyTreeView/HandyTreeView.tsx:321:13)

    console.log
      [useLazyLoading] HOOK CALLED {
        hasDataSource: true,
        configEnabled: false,
        configKeys: [ 'enabled' ]
      }

      at useLazyLoading (src/hooks/useLazyLoading.ts:195:11)

    console.log
      [HandyTreeView] useLazyLoading returned { hasDataSource: true, isLoading: false, stateCacheSize: 0 }

      at HandyTreeView (src/components/HandyTreeView/HandyTreeView.tsx:338:13)

    console.log
      [HandyTreeView] buildFullItemsMap { itemsCount: 2, mapSize: 0 }

      at src/components/HandyTreeView/HandyTreeView.tsx:451:17

    console.log
      [HandyTreeView] buildFullItemsMap { itemsCount: 2, mapSize: 1 }

      at src/components/HandyTreeView/HandyTreeView.tsx:451:17
          at Array.forEach (<anonymous>)

    console.log
      [HandyTreeView] buildFullItemsMap { itemsCount: 2, mapSize: 4 }

      at src/components/HandyTreeView/HandyTreeView.tsx:451:17
          at Array.forEach (<anonymous>)

    console.log
      [HandyTreeView] applyFiltering { inputCount: 2, hasFilterItems: false, showHiddenFiles: true }

      at src/components/HandyTreeView/HandyTreeView.tsx:424:17

    console.log
      [HandyTreeView] RENDER END #42 {
        internalItemsLength: 2,
        expandedItemsCount: 1,
        selectedItemsCount: 0,
        hasEmptyState: false
      }

      at HandyTreeView (src/components/HandyTreeView/HandyTreeView.tsx:1429:13)

    console.log
      [HandyTreeView] renderTreeItems [tvyk5u8qy] { itemsCount: 2, level: 0, renderId: 42 }

      at src/components/HandyTreeView/HandyTreeView.tsx:1236:17

    console.log
      [HandyTreeView] Rendering children for item 1 { childrenCount: 2, level: 1, renderId: 42 }

      at src/components/HandyTreeView/HandyTreeView.tsx:1318:29
          at Array.map (<anonymous>)

    console.log
      [HandyTreeView] renderTreeItems [4ynlkbqzo] { itemsCount: 2, level: 1, renderId: 42 }

      at src/components/HandyTreeView/HandyTreeView.tsx:1236:17
          at Array.map (<anonymous>)

    console.log
      [HandyTreeView] renderTreeItems [4ynlkbqzo] completed { itemsCount: 2, level: 1, resultCount: 2 }

      at src/components/HandyTreeView/HandyTreeView.tsx:1330:17
          at Array.map (<anonymous>)

    console.log
      [HandyTreeView] renderTreeItems [tvyk5u8qy] completed { itemsCount: 2, level: 0, resultCount: 2 }

      at src/components/HandyTreeView/HandyTreeView.tsx:1330:17

    console.log
      [useLazyLoading] useEffect recreate data source { hasRef: true, configEnabled: false }

      at src/hooks/useLazyLoading.ts:222:13

    console.log
      [useLazyLoading] Recreating LazyLoadingDataSource

      at src/hooks/useLazyLoading.ts:228:15

    console.log
      [HandyTreeView] useEffect items sync {
        hasDataSource: false,
        itemsLength: 2,
        filteredItemsLength: 2,
        internalItemsLength: 2
      }

      at src/components/HandyTreeView/HandyTreeView.tsx:496:15

    console.log
      [HandyTreeView] useEffect autoExpandOnNavigation { focusedItemId: '1' }

      at src/components/HandyTreeView/HandyTreeView.tsx:736:17

    console.log
      [HandyTreeView] RENDER START #43 {
        hasDataSource: false,
        itemsCount: 2,
        hasLazyLoading: false,
        timestamp: 1769005691393
      }

      at HandyTreeView (src/components/HandyTreeView/HandyTreeView.tsx:232:13)

    console.log
      [HandyTreeView] Calling useLazyLoading {
        hasDataSource: false,
        hasConfig: false,
        dataSourceType: 'none',
        dataSourceKeys: []
      }

      at HandyTreeView (src/components/HandyTreeView/HandyTreeView.tsx:321:13)

    console.log
      [useLazyLoading] HOOK CALLED {
        hasDataSource: true,
        configEnabled: false,
        configKeys: [ 'enabled' ]
      }

      at useLazyLoading (src/hooks/useLazyLoading.ts:195:11)

    console.log
      [HandyTreeView] useLazyLoading returned { hasDataSource: true, isLoading: false, stateCacheSize: 0 }

      at HandyTreeView (src/components/HandyTreeView/HandyTreeView.tsx:338:13)

    console.log
      [HandyTreeView] buildFullItemsMap { itemsCount: 2, mapSize: 0 }

      at src/components/HandyTreeView/HandyTreeView.tsx:451:17

    console.log
      [HandyTreeView] buildFullItemsMap { itemsCount: 2, mapSize: 1 }

      at src/components/HandyTreeView/HandyTreeView.tsx:451:17
          at Array.forEach (<anonymous>)

    console.log
      [HandyTreeView] buildFullItemsMap { itemsCount: 2, mapSize: 4 }

      at src/components/HandyTreeView/HandyTreeView.tsx:451:17
          at Array.forEach (<anonymous>)

    console.log
      [HandyTreeView] applyFiltering { inputCount: 2, hasFilterItems: false, showHiddenFiles: true }

      at src/components/HandyTreeView/HandyTreeView.tsx:424:17

    console.log
      [HandyTreeView] RENDER END #43 {
        internalItemsLength: 2,
        expandedItemsCount: 1,
        selectedItemsCount: 0,
        hasEmptyState: false
      }

      at HandyTreeView (src/components/HandyTreeView/HandyTreeView.tsx:1429:13)

    console.log
      [HandyTreeView] renderTreeItems [9jemi9jqf] { itemsCount: 2, level: 0, renderId: 43 }

      at src/components/HandyTreeView/HandyTreeView.tsx:1236:17

    console.log
      [HandyTreeView] Rendering children for item 1 { childrenCount: 2, level: 1, renderId: 43 }

      at src/components/HandyTreeView/HandyTreeView.tsx:1318:29
          at Array.map (<anonymous>)

    console.log
      [HandyTreeView] renderTreeItems [nlljfr9sx] { itemsCount: 2, level: 1, renderId: 43 }

      at src/components/HandyTreeView/HandyTreeView.tsx:1236:17
          at Array.map (<anonymous>)

    console.log
      [HandyTreeView] renderTreeItems [nlljfr9sx] completed { itemsCount: 2, level: 1, resultCount: 2 }

      at src/components/HandyTreeView/HandyTreeView.tsx:1330:17
          at Array.map (<anonymous>)

    console.log
      [HandyTreeView] renderTreeItems [9jemi9jqf] completed { itemsCount: 2, level: 0, resultCount: 2 }

      at src/components/HandyTreeView/HandyTreeView.tsx:1330:17

    console.log
      [useLazyLoading] Cleaning up polling interval

      at src/hooks/useLazyLoading.ts:293:15
          at Array.forEach (<anonymous>)

PASS __tests__/HandyTreeView.accessibility.test.tsx (22.583 s)
  ΓùÅ Console

    console.log
      [HandyTreeView] RENDER START #1 {
        hasDataSource: false,
        itemsCount: 2,
        hasLazyLoading: false,
        timestamp: 1769005690082
      }

      at HandyTreeView (src/components/HandyTreeView/HandyTreeView.tsx:232:13)

    console.log
      [HandyTreeView] useMemo lazyLoadingConfig { hasDataSource: false, hasLazyLoading: false }

      at src/components/HandyTreeView/HandyTreeView.tsx:306:15

    console.log
      [HandyTreeView] Calling useLazyLoading {
        hasDataSource: false,
        hasConfig: false,
        dataSourceType: 'none',
        dataSourceKeys: []
      }

      at HandyTreeView (src/components/HandyTreeView/HandyTreeView.tsx:321:13)

    console.log
      [useLazyLoading] HOOK CALLED {
        hasDataSource: true,
        configEnabled: false,
        configKeys: [ 'enabled' ]
      }

      at useLazyLoading (src/hooks/useLazyLoading.ts:195:11)

    console.log
      [useLazyLoading] Creating new LazyLoadingDataSource

      at useLazyLoading (src/hooks/useLazyLoading.ts:213:13)

    console.log
      [HandyTreeView] useLazyLoading returned { hasDataSource: true, isLoading: false, stateCacheSize: 0 }

      at HandyTreeView (src/components/HandyTreeView/HandyTreeView.tsx:338:13)

    console.log
      [HandyTreeView] buildFullItemsMap { itemsCount: 2, mapSize: 0 }

      at src/components/HandyTreeView/HandyTreeView.tsx:451:17

    console.log
      [HandyTreeView] buildFullItemsMap { itemsCount: 2, mapSize: 1 }

      at src/components/HandyTreeView/HandyTreeView.tsx:451:17
          at Array.forEach (<anonymous>)

    console.log
      [HandyTreeView] buildFullItemsMap { itemsCount: 2, mapSize: 4 }

      at src/components/HandyTreeView/HandyTreeView.tsx:451:17
          at Array.forEach (<anonymous>)

    console.log
      [HandyTreeView] applyFiltering { inputCount: 2, hasFilterItems: false, showHiddenFiles: true }

      at src/components/HandyTreeView/HandyTreeView.tsx:424:17

    console.log
      [HandyTreeView] RENDER END #1 {
        internalItemsLength: 2,
        expandedItemsCount: 0,
        selectedItemsCount: 0,
        hasEmptyState: false
      }

      at HandyTreeView (src/components/HandyTreeView/HandyTreeView.tsx:1429:13)

    console.log
      [HandyTreeView] renderTreeItems [io6zwd997] { itemsCount: 2, level: 0, renderId: 1 }

      at src/components/HandyTreeView/HandyTreeView.tsx:1236:17

    console.log
      [HandyTreeView] renderTreeItems [io6zwd997] completed { itemsCount: 2, level: 0, resultCount: 2 }

      at src/components/HandyTreeView/HandyTreeView.tsx:1330:17

    console.log
      [useLazyLoading] useEffect recreate data source { hasRef: true, configEnabled: false }

      at src/hooks/useLazyLoading.ts:222:13

    console.log
      [useLazyLoading] Recreating LazyLoadingDataSource

      at src/hooks/useLazyLoading.ts:228:15

    console.log
      [useLazyLoading] Setting up polling interval

      at src/hooks/useLazyLoading.ts:285:13

    console.log
      [HandyTreeView] useEffect items sync {
        hasDataSource: false,
        itemsLength: 2,
        filteredItemsLength: 2,
        internalItemsLength: 2
      }

      at src/components/HandyTreeView/HandyTreeView.tsx:496:15

    console.log
      [HandyTreeView] Syncing filtered items to internalItems

      at src/components/HandyTreeView/HandyTreeView.tsx:513:21

    console.log
      [HandyTreeView] useEffect fetch root items {
        hasDataSource: false,
        configEnabled: undefined,
        internalItemsLength: 2,
        itemsLength: 2,
        hasFetched: false
      }

      at src/components/HandyTreeView/HandyTreeView.tsx:549:15

    console.log
      [HandyTreeView] Skipping fetch - no dataSource or not enabled

      at src/components/HandyTreeView/HandyTreeView.tsx:559:17

    console.log
      [HandyTreeView] useEffect updateSelectionItems { internalItemsLength: 2 }

      at src/components/HandyTreeView/HandyTreeView.tsx:658:15

    console.log
      [useLazyLoading] Cleaning up polling interval

      at src/hooks/useLazyLoading.ts:293:15
          at Array.forEach (<anonymous>)

    console.log
      [HandyTreeView] RENDER START #2 {
        hasDataSource: false,
        itemsCount: 2,
        hasLazyLoading: false,
        timestamp: 1769005690306
      }

      at HandyTreeView (src/components/HandyTreeView/HandyTreeView.tsx:232:13)

    console.log
      [HandyTreeView] useMemo lazyLoadingConfig { hasDataSource: false, hasLazyLoading: false }

      at src/components/HandyTreeView/HandyTreeView.tsx:306:15

    console.log
      [HandyTreeView] Calling useLazyLoading {
        hasDataSource: false,
        hasConfig: false,
        dataSourceType: 'none',
        dataSourceKeys: []
      }

      at HandyTreeView (src/components/HandyTreeView/HandyTreeView.tsx:321:13)

    console.log
      [useLazyLoading] HOOK CALLED {
        hasDataSource: true,
        configEnabled: false,
        configKeys: [ 'enabled' ]
      }

      at useLazyLoading (src/hooks/useLazyLoading.ts:195:11)

    console.log
      [useLazyLoading] Creating new LazyLoadingDataSource

      at useLazyLoading (src/hooks/useLazyLoading.ts:213:13)

    console.log
      [HandyTreeView] useLazyLoading returned { hasDataSource: true, isLoading: false, stateCacheSize: 0 }

      at HandyTreeView (src/components/HandyTreeView/HandyTreeView.tsx:338:13)

    console.log
      [HandyTreeView] buildFullItemsMap { itemsCount: 2, mapSize: 0 }

      at src/components/HandyTreeView/HandyTreeView.tsx:451:17

    console.log
      [HandyTreeView] buildFullItemsMap { itemsCount: 2, mapSize: 1 }

      at src/components/HandyTreeView/HandyTreeView.tsx:451:17
          at Array.forEach (<anonymous>)

    console.log
      [HandyTreeView] buildFullItemsMap { itemsCount: 2, mapSize: 4 }

      at src/components/HandyTreeView/HandyTreeView.tsx:451:17
          at Array.forEach (<anonymous>)

    console.log
      [HandyTreeView] applyFiltering { inputCount: 2, hasFilterItems: false, showHiddenFiles: true }

      at src/components/HandyTreeView/HandyTreeView.tsx:424:17

    console.log
      [HandyTreeView] RENDER END #2 {
        internalItemsLength: 2,
        expandedItemsCount: 0,
        selectedItemsCount: 0,
        hasEmptyState: false
      }

      at HandyTreeView (src/components/HandyTreeView/HandyTreeView.tsx:1429:13)

    console.log
      [HandyTreeView] renderTreeItems [mk9mq3slw] { itemsCount: 2, level: 0, renderId: 2 }

      at src/components/HandyTreeView/HandyTreeView.tsx:1236:17

    console.log
      [HandyTreeView] renderTreeItems [mk9mq3slw] completed { itemsCount: 2, level: 0, resultCount: 2 }

      at src/components/HandyTreeView/HandyTreeView.tsx:1330:17

    console.log
      [useLazyLoading] useEffect recreate data source { hasRef: true, configEnabled: false }

      at src/hooks/useLazyLoading.ts:222:13

    console.log
      [useLazyLoading] Recreating LazyLoadingDataSource

      at src/hooks/useLazyLoading.ts:228:15

    console.log
      [useLazyLoading] Setting up polling interval

      at src/hooks/useLazyLoading.ts:285:13

    console.log
      [HandyTreeView] useEffect items sync {
        hasDataSource: false,
        itemsLength: 2,
        filteredItemsLength: 2,
        internalItemsLength: 2
      }

      at src/components/HandyTreeView/HandyTreeView.tsx:496:15

    console.log
      [HandyTreeView] Syncing filtered items to internalItems

      at src/components/HandyTreeView/HandyTreeView.tsx:513:21

    console.log
      [HandyTreeView] useEffect fetch root items {
        hasDataSource: false,
        configEnabled: undefined,
        internalItemsLength: 2,
        itemsLength: 2,
        hasFetched: false
      }

      at src/components/HandyTreeView/HandyTreeView.tsx:549:15

    console.log
      [HandyTreeView] Skipping fetch - no dataSource or not enabled

      at src/components/HandyTreeView/HandyTreeView.tsx:559:17

    console.log
      [HandyTreeView] useEffect updateSelectionItems { internalItemsLength: 2 }

      at src/components/HandyTreeView/HandyTreeView.tsx:658:15

    console.log
      [useLazyLoading] Cleaning up polling interval

      at src/hooks/useLazyLoading.ts:293:15
          at Array.forEach (<anonymous>)

    console.log
      [HandyTreeView] RENDER START #3 {
        hasDataSource: false,
        itemsCount: 2,
        hasLazyLoading: false,
        timestamp: 1769005690363
      }

      at HandyTreeView (src/components/HandyTreeView/HandyTreeView.tsx:232:13)

    console.log
      [HandyTreeView] useMemo lazyLoadingConfig { hasDataSource: false, hasLazyLoading: false }

      at src/components/HandyTreeView/HandyTreeView.tsx:306:15

    console.log
      [HandyTreeView] Calling useLazyLoading {
        hasDataSource: false,
        hasConfig: false,
        dataSourceType: 'none',
        dataSourceKeys: []
      }

      at HandyTreeView (src/components/HandyTreeView/HandyTreeView.tsx:321:13)

    console.log
      [useLazyLoading] HOOK CALLED {
        hasDataSource: true,
        configEnabled: false,
        configKeys: [ 'enabled' ]
      }

      at useLazyLoading (src/hooks/useLazyLoading.ts:195:11)

    console.log
      [useLazyLoading] Creating new LazyLoadingDataSource

      at useLazyLoading (src/hooks/useLazyLoading.ts:213:13)

    console.log
      [HandyTreeView] useLazyLoading returned { hasDataSource: true, isLoading: false, stateCacheSize: 0 }

      at HandyTreeView (src/components/HandyTreeView/HandyTreeView.tsx:338:13)

    console.log
      [HandyTreeView] buildFullItemsMap { itemsCount: 2, mapSize: 0 }

      at src/components/HandyTreeView/HandyTreeView.tsx:451:17

    console.log
      [HandyTreeView] buildFullItemsMap { itemsCount: 2, mapSize: 1 }

      at src/components/HandyTreeView/HandyTreeView.tsx:451:17
          at Array.forEach (<anonymous>)

    console.log
      [HandyTreeView] buildFullItemsMap { itemsCount: 2, mapSize: 4 }

      at src/components/HandyTreeView/HandyTreeView.tsx:451:17
          at Array.forEach (<anonymous>)

    console.log
      [HandyTreeView] applyFiltering { inputCount: 2, hasFilterItems: false, showHiddenFiles: true }

      at src/components/HandyTreeView/HandyTreeView.tsx:424:17

    console.log
      [HandyTreeView] RENDER END #3 {
        internalItemsLength: 2,
        expandedItemsCount: 0,
        selectedItemsCount: 0,
        hasEmptyState: false
      }

      at HandyTreeView (src/components/HandyTreeView/HandyTreeView.tsx:1429:13)

    console.log
      [HandyTreeView] renderTreeItems [n7p4gq5is] { itemsCount: 2, level: 0, renderId: 3 }

      at src/components/HandyTreeView/HandyTreeView.tsx:1236:17

    console.log
      [HandyTreeView] renderTreeItems [n7p4gq5is] completed { itemsCount: 2, level: 0, resultCount: 2 }

      at src/components/HandyTreeView/HandyTreeView.tsx:1330:17

    console.log
      [useLazyLoading] useEffect recreate data source { hasRef: true, configEnabled: false }

      at src/hooks/useLazyLoading.ts:222:13

    console.log
      [useLazyLoading] Recreating LazyLoadingDataSource

      at src/hooks/useLazyLoading.ts:228:15

    console.log
      [useLazyLoading] Setting up polling interval

      at src/hooks/useLazyLoading.ts:285:13

    console.log
      [HandyTreeView] useEffect items sync {
        hasDataSource: false,
        itemsLength: 2,
        filteredItemsLength: 2,
        internalItemsLength: 2
      }

      at src/components/HandyTreeView/HandyTreeView.tsx:496:15

    console.log
      [HandyTreeView] Syncing filtered items to internalItems

      at src/components/HandyTreeView/HandyTreeView.tsx:513:21

    console.log
      [HandyTreeView] useEffect fetch root items {
        hasDataSource: false,
        configEnabled: undefined,
        internalItemsLength: 2,
        itemsLength: 2,
        hasFetched: false
      }

      at src/components/HandyTreeView/HandyTreeView.tsx:549:15

    console.log
      [HandyTreeView] Skipping fetch - no dataSource or not enabled

      at src/components/HandyTreeView/HandyTreeView.tsx:559:17

    console.log
      [HandyTreeView] useEffect updateSelectionItems { internalItemsLength: 2 }

      at src/components/HandyTreeView/HandyTreeView.tsx:658:15

    console.log
      [useLazyLoading] Cleaning up polling interval

      at src/hooks/useLazyLoading.ts:293:15
          at Array.forEach (<anonymous>)

    console.log
      [HandyTreeView] RENDER START #4 {
        hasDataSource: false,
        itemsCount: 2,
        hasLazyLoading: false,
        timestamp: 1769005690403
      }

      at HandyTreeView (src/components/HandyTreeView/HandyTreeView.tsx:232:13)

    console.log
      [HandyTreeView] useMemo lazyLoadingConfig { hasDataSource: false, hasLazyLoading: false }

      at src/components/HandyTreeView/HandyTreeView.tsx:306:15

    console.log
      [HandyTreeView] Calling useLazyLoading {
        hasDataSource: false,
        hasConfig: false,
        dataSourceType: 'none',
        dataSourceKeys: []
      }

      at HandyTreeView (src/components/HandyTreeView/HandyTreeView.tsx:321:13)

    console.log
      [useLazyLoading] HOOK CALLED {
        hasDataSource: true,
        configEnabled: false,
        configKeys: [ 'enabled' ]
      }

      at useLazyLoading (src/hooks/useLazyLoading.ts:195:11)

    console.log
      [useLazyLoading] Creating new LazyLoadingDataSource

      at useLazyLoading (src/hooks/useLazyLoading.ts:213:13)

    console.log
      [HandyTreeView] useLazyLoading returned { hasDataSource: true, isLoading: false, stateCacheSize: 0 }

      at HandyTreeView (src/components/HandyTreeView/HandyTreeView.tsx:338:13)

    console.log
      [HandyTreeView] buildFullItemsMap { itemsCount: 2, mapSize: 0 }

      at src/components/HandyTreeView/HandyTreeView.tsx:451:17

    console.log
      [HandyTreeView] buildFullItemsMap { itemsCount: 2, mapSize: 1 }

      at src/components/HandyTreeView/HandyTreeView.tsx:451:17
          at Array.forEach (<anonymous>)

    console.log
      [HandyTreeView] buildFullItemsMap { itemsCount: 2, mapSize: 4 }

      at src/components/HandyTreeView/HandyTreeView.tsx:451:17
          at Array.forEach (<anonymous>)

    console.log
      [HandyTreeView] applyFiltering { inputCount: 2, hasFilterItems: false, showHiddenFiles: true }

      at src/components/HandyTreeView/HandyTreeView.tsx:424:17

    console.log
      [HandyTreeView] RENDER END #4 {
        internalItemsLength: 2,
        expandedItemsCount: 0,
        selectedItemsCount: 1,
        hasEmptyState: false
      }

      at HandyTreeView (src/components/HandyTreeView/HandyTreeView.tsx:1429:13)

    console.log
      [HandyTreeView] renderTreeItems [1dt1m3og8] { itemsCount: 2, level: 0, renderId: 4 }

      at src/components/HandyTreeView/HandyTreeView.tsx:1236:17

    console.log
      [HandyTreeView] renderTreeItems [1dt1m3og8] completed { itemsCount: 2, level: 0, resultCount: 2 }

      at src/components/HandyTreeView/HandyTreeView.tsx:1330:17

    console.log
      [useLazyLoading] useEffect recreate data source { hasRef: true, configEnabled: false }

      at src/hooks/useLazyLoading.ts:222:13

    console.log
      [useLazyLoading] Recreating LazyLoadingDataSource

      at src/hooks/useLazyLoading.ts:228:15

    console.log
      [useLazyLoading] Setting up polling interval

      at src/hooks/useLazyLoading.ts:285:13

    console.log
      [HandyTreeView] useEffect items sync {
        hasDataSource: false,
        itemsLength: 2,
        filteredItemsLength: 2,
        internalItemsLength: 2
      }

      at src/components/HandyTreeView/HandyTreeView.tsx:496:15

    console.log
      [HandyTreeView] Syncing filtered items to internalItems

      at src/components/HandyTreeView/HandyTreeView.tsx:513:21

    console.log
      [HandyTreeView] useEffect fetch root items {
        hasDataSource: false,
        configEnabled: undefined,
        internalItemsLength: 2,
        itemsLength: 2,
        hasFetched: false
      }

      at src/components/HandyTreeView/HandyTreeView.tsx:549:15

    console.log
      [HandyTreeView] Skipping fetch - no dataSource or not enabled

      at src/components/HandyTreeView/HandyTreeView.tsx:559:17

    console.log
      [HandyTreeView] useEffect updateSelectionItems { internalItemsLength: 2 }

      at src/components/HandyTreeView/HandyTreeView.tsx:658:15

    console.log
      [useLazyLoading] Cleaning up polling interval

      at src/hooks/useLazyLoading.ts:293:15
          at Array.forEach (<anonymous>)

    console.log
      [HandyTreeView] RENDER START #5 {
        hasDataSource: false,
        itemsCount: 2,
        hasLazyLoading: false,
        timestamp: 1769005690444
      }

      at HandyTreeView (src/components/HandyTreeView/HandyTreeView.tsx:232:13)

    console.log
      [HandyTreeView] useMemo lazyLoadingConfig { hasDataSource: false, hasLazyLoading: false }

      at src/components/HandyTreeView/HandyTreeView.tsx:306:15

    console.log
      [HandyTreeView] Calling useLazyLoading {
        hasDataSource: false,
        hasConfig: false,
        dataSourceType: 'none',
        dataSourceKeys: []
      }

      at HandyTreeView (src/components/HandyTreeView/HandyTreeView.tsx:321:13)

    console.log
      [useLazyLoading] HOOK CALLED {
        hasDataSource: true,
        configEnabled: false,
        configKeys: [ 'enabled' ]
      }

      at useLazyLoading (src/hooks/useLazyLoading.ts:195:11)

    console.log
      [useLazyLoading] Creating new LazyLoadingDataSource

      at useLazyLoading (src/hooks/useLazyLoading.ts:213:13)

    console.log
      [HandyTreeView] useLazyLoading returned { hasDataSource: true, isLoading: false, stateCacheSize: 0 }

      at HandyTreeView (src/components/HandyTreeView/HandyTreeView.tsx:338:13)

    console.log
      [HandyTreeView] buildFullItemsMap { itemsCount: 2, mapSize: 0 }

      at src/components/HandyTreeView/HandyTreeView.tsx:451:17

    console.log
      [HandyTreeView] buildFullItemsMap { itemsCount: 2, mapSize: 1 }

      at src/components/HandyTreeView/HandyTreeView.tsx:451:17
          at Array.forEach (<anonymous>)

    console.log
      [HandyTreeView] buildFullItemsMap { itemsCount: 2, mapSize: 4 }

      at src/components/HandyTreeView/HandyTreeView.tsx:451:17
          at Array.forEach (<anonymous>)

    console.log
      [HandyTreeView] applyFiltering { inputCount: 2, hasFilterItems: false, showHiddenFiles: true }

      at src/components/HandyTreeView/HandyTreeView.tsx:424:17

    console.log
      [HandyTreeView] RENDER END #5 {
        internalItemsLength: 2,
        expandedItemsCount: 0,
        selectedItemsCount: 0,
        hasEmptyState: false
      }

      at HandyTreeView (src/components/HandyTreeView/HandyTreeView.tsx:1429:13)

    console.log
      [HandyTreeView] renderTreeItems [kh6e01icz] { itemsCount: 2, level: 0, renderId: 5 }

      at src/components/HandyTreeView/HandyTreeView.tsx:1236:17

    console.log
      [HandyTreeView] renderTreeItems [kh6e01icz] completed { itemsCount: 2, level: 0, resultCount: 2 }

      at src/components/HandyTreeView/HandyTreeView.tsx:1330:17

    console.log
      [useLazyLoading] useEffect recreate data source { hasRef: true, configEnabled: false }

      at src/hooks/useLazyLoading.ts:222:13

    console.log
      [useLazyLoading] Recreating LazyLoadingDataSource

      at src/hooks/useLazyLoading.ts:228:15

    console.log
      [useLazyLoading] Setting up polling interval

      at src/hooks/useLazyLoading.ts:285:13

    console.log
      [HandyTreeView] useEffect items sync {
        hasDataSource: false,
        itemsLength: 2,
        filteredItemsLength: 2,
        internalItemsLength: 2
      }

      at src/components/HandyTreeView/HandyTreeView.tsx:496:15

    console.log
      [HandyTreeView] Syncing filtered items to internalItems

      at src/components/HandyTreeView/HandyTreeView.tsx:513:21

    console.log
      [HandyTreeView] useEffect fetch root items {
        hasDataSource: false,
        configEnabled: undefined,
        internalItemsLength: 2,
        itemsLength: 2,
        hasFetched: false
      }

      at src/components/HandyTreeView/HandyTreeView.tsx:549:15

    console.log
      [HandyTreeView] Skipping fetch - no dataSource or not enabled

      at src/components/HandyTreeView/HandyTreeView.tsx:559:17

    console.log
      [HandyTreeView] useEffect updateSelectionItems { internalItemsLength: 2 }

      at src/components/HandyTreeView/HandyTreeView.tsx:658:15

    console.log
      [useLazyLoading] Cleaning up polling interval

      at src/hooks/useLazyLoading.ts:293:15
          at Array.forEach (<anonymous>)

    console.log
      [HandyTreeView] RENDER START #6 {
        hasDataSource: false,
        itemsCount: 2,
        hasLazyLoading: false,
        timestamp: 1769005690489
      }

      at HandyTreeView (src/components/HandyTreeView/HandyTreeView.tsx:232:13)

    console.log
      [HandyTreeView] useMemo lazyLoadingConfig { hasDataSource: false, hasLazyLoading: false }

      at src/components/HandyTreeView/HandyTreeView.tsx:306:15

    console.log
      [HandyTreeView] Calling useLazyLoading {
        hasDataSource: false,
        hasConfig: false,
        dataSourceType: 'none',
        dataSourceKeys: []
      }

      at HandyTreeView (src/components/HandyTreeView/HandyTreeView.tsx:321:13)

    console.log
      [useLazyLoading] HOOK CALLED {
        hasDataSource: true,
        configEnabled: false,
        configKeys: [ 'enabled' ]
      }

      at useLazyLoading (src/hooks/useLazyLoading.ts:195:11)

    console.log
      [useLazyLoading] Creating new LazyLoadingDataSource

      at useLazyLoading (src/hooks/useLazyLoading.ts:213:13)

    console.log
      [HandyTreeView] useLazyLoading returned { hasDataSource: true, isLoading: false, stateCacheSize: 0 }

      at HandyTreeView (src/components/HandyTreeView/HandyTreeView.tsx:338:13)

    console.log
      [HandyTreeView] buildFullItemsMap { itemsCount: 2, mapSize: 0 }

      at src/components/HandyTreeView/HandyTreeView.tsx:451:17

    console.log
      [HandyTreeView] buildFullItemsMap { itemsCount: 2, mapSize: 1 }

      at src/components/HandyTreeView/HandyTreeView.tsx:451:17
          at Array.forEach (<anonymous>)

    console.log
      [HandyTreeView] buildFullItemsMap { itemsCount: 2, mapSize: 4 }

      at src/components/HandyTreeView/HandyTreeView.tsx:451:17
          at Array.forEach (<anonymous>)

    console.log
      [HandyTreeView] applyFiltering { inputCount: 2, hasFilterItems: false, showHiddenFiles: true }

      at src/components/HandyTreeView/HandyTreeView.tsx:424:17

    console.log
      [HandyTreeView] RENDER END #6 {
        internalItemsLength: 2,
        expandedItemsCount: 0,
        selectedItemsCount: 0,
        hasEmptyState: false
      }

      at HandyTreeView (src/components/HandyTreeView/HandyTreeView.tsx:1429:13)

    console.log
      [HandyTreeView] renderTreeItems [vxsg6dxyd] { itemsCount: 2, level: 0, renderId: 6 }

      at src/components/HandyTreeView/HandyTreeView.tsx:1236:17

    console.log
      [HandyTreeView] renderTreeItems [vxsg6dxyd] completed { itemsCount: 2, level: 0, resultCount: 2 }

      at src/components/HandyTreeView/HandyTreeView.tsx:1330:17

    console.log
      [useLazyLoading] useEffect recreate data source { hasRef: true, configEnabled: false }

      at src/hooks/useLazyLoading.ts:222:13

    console.log
      [useLazyLoading] Recreating LazyLoadingDataSource

      at src/hooks/useLazyLoading.ts:228:15

    console.log
      [useLazyLoading] Setting up polling interval

      at src/hooks/useLazyLoading.ts:285:13

    console.log
      [HandyTreeView] useEffect items sync {
        hasDataSource: false,
        itemsLength: 2,
        filteredItemsLength: 2,
        internalItemsLength: 2
      }

      at src/components/HandyTreeView/HandyTreeView.tsx:496:15

    console.log
      [HandyTreeView] Syncing filtered items to internalItems

      at src/components/HandyTreeView/HandyTreeView.tsx:513:21

    console.log
      [HandyTreeView] useEffect fetch root items {
        hasDataSource: false,
        configEnabled: undefined,
        internalItemsLength: 2,
        itemsLength: 2,
        hasFetched: false
      }

      at src/components/HandyTreeView/HandyTreeView.tsx:549:15

    console.log
      [HandyTreeView] Skipping fetch - no dataSource or not enabled

      at src/components/HandyTreeView/HandyTreeView.tsx:559:17

    console.log
      [HandyTreeView] useEffect updateSelectionItems { internalItemsLength: 2 }

      at src/components/HandyTreeView/HandyTreeView.tsx:658:15

    console.log
      [useLazyLoading] Cleaning up polling interval

      at src/hooks/useLazyLoading.ts:293:15
          at Array.forEach (<anonymous>)

    console.log
      [HandyTreeView] RENDER START #7 {
        hasDataSource: false,
        itemsCount: 2,
        hasLazyLoading: false,
        timestamp: 1769005690558
      }

      at HandyTreeView (src/components/HandyTreeView/HandyTreeView.tsx:232:13)

    console.log
      [HandyTreeView] useMemo lazyLoadingConfig { hasDataSource: false, hasLazyLoading: false }

      at src/components/HandyTreeView/HandyTreeView.tsx:306:15

    console.log
      [HandyTreeView] Calling useLazyLoading {
        hasDataSource: false,
        hasConfig: false,
        dataSourceType: 'none',
        dataSourceKeys: []
      }

      at HandyTreeView (src/components/HandyTreeView/HandyTreeView.tsx:321:13)

    console.log
      [useLazyLoading] HOOK CALLED {
        hasDataSource: true,
        configEnabled: false,
        configKeys: [ 'enabled' ]
      }

      at useLazyLoading (src/hooks/useLazyLoading.ts:195:11)

    console.log
      [useLazyLoading] Creating new LazyLoadingDataSource

      at useLazyLoading (src/hooks/useLazyLoading.ts:213:13)

    console.log
      [HandyTreeView] useLazyLoading returned { hasDataSource: true, isLoading: false, stateCacheSize: 0 }

      at HandyTreeView (src/components/HandyTreeView/HandyTreeView.tsx:338:13)

    console.log
      [HandyTreeView] buildFullItemsMap { itemsCount: 2, mapSize: 0 }

      at src/components/HandyTreeView/HandyTreeView.tsx:451:17

    console.log
      [HandyTreeView] buildFullItemsMap { itemsCount: 2, mapSize: 1 }

      at src/components/HandyTreeView/HandyTreeView.tsx:451:17
          at Array.forEach (<anonymous>)

    console.log
      [HandyTreeView] buildFullItemsMap { itemsCount: 2, mapSize: 4 }

      at src/components/HandyTreeView/HandyTreeView.tsx:451:17
          at Array.forEach (<anonymous>)

    console.log
      [HandyTreeView] applyFiltering { inputCount: 2, hasFilterItems: false, showHiddenFiles: true }

      at src/components/HandyTreeView/HandyTreeView.tsx:424:17

    console.log
      [HandyTreeView] RENDER END #7 {
        internalItemsLength: 2,
        expandedItemsCount: 0,
        selectedItemsCount: 0,
        hasEmptyState: false
      }

      at HandyTreeView (src/components/HandyTreeView/HandyTreeView.tsx:1429:13)

    console.log
      [HandyTreeView] renderTreeItems [ajoi8fkud] { itemsCount: 2, level: 0, renderId: 7 }

      at src/components/HandyTreeView/HandyTreeView.tsx:1236:17

    console.log
      [HandyTreeView] renderTreeItems [ajoi8fkud] completed { itemsCount: 2, level: 0, resultCount: 2 }

      at src/components/HandyTreeView/HandyTreeView.tsx:1330:17

    console.log
      [useLazyLoading] useEffect recreate data source { hasRef: true, configEnabled: false }

      at src/hooks/useLazyLoading.ts:222:13

    console.log
      [useLazyLoading] Recreating LazyLoadingDataSource

      at src/hooks/useLazyLoading.ts:228:15

    console.log
      [useLazyLoading] Setting up polling interval

      at src/hooks/useLazyLoading.ts:285:13

    console.log
      [HandyTreeView] useEffect items sync {
        hasDataSource: false,
        itemsLength: 2,
        filteredItemsLength: 2,
        internalItemsLength: 2
      }

      at src/components/HandyTreeView/HandyTreeView.tsx:496:15

    console.log
      [HandyTreeView] Syncing filtered items to internalItems

      at src/components/HandyTreeView/HandyTreeView.tsx:513:21

    console.log
      [HandyTreeView] useEffect fetch root items {
        hasDataSource: false,
        configEnabled: undefined,
        internalItemsLength: 2,
        itemsLength: 2,
        hasFetched: false
      }

      at src/components/HandyTreeView/HandyTreeView.tsx:549:15

    console.log
      [HandyTreeView] Skipping fetch - no dataSource or not enabled

      at src/components/HandyTreeView/HandyTreeView.tsx:559:17

    console.log
      [HandyTreeView] useEffect updateSelectionItems { internalItemsLength: 2 }

      at src/components/HandyTreeView/HandyTreeView.tsx:658:15

    console.log
      [useLazyLoading] Cleaning up polling interval

      at src/hooks/useLazyLoading.ts:293:15
          at Array.forEach (<anonymous>)

    console.log
      [HandyTreeView] RENDER START #8 {
        hasDataSource: false,
        itemsCount: 2,
        hasLazyLoading: false,
        timestamp: 1769005690607
      }

      at HandyTreeView (src/components/HandyTreeView/HandyTreeView.tsx:232:13)

    console.log
      [HandyTreeView] useMemo lazyLoadingConfig { hasDataSource: false, hasLazyLoading: false }

      at src/components/HandyTreeView/HandyTreeView.tsx:306:15

    console.log
      [HandyTreeView] Calling useLazyLoading {
        hasDataSource: false,
        hasConfig: false,
        dataSourceType: 'none',
        dataSourceKeys: []
      }

      at HandyTreeView (src/components/HandyTreeView/HandyTreeView.tsx:321:13)

    console.log
      [useLazyLoading] HOOK CALLED {
        hasDataSource: true,
        configEnabled: false,
        configKeys: [ 'enabled' ]
      }

      at useLazyLoading (src/hooks/useLazyLoading.ts:195:11)

    console.log
      [useLazyLoading] Creating new LazyLoadingDataSource

      at useLazyLoading (src/hooks/useLazyLoading.ts:213:13)

    console.log
      [HandyTreeView] useLazyLoading returned { hasDataSource: true, isLoading: false, stateCacheSize: 0 }

      at HandyTreeView (src/components/HandyTreeView/HandyTreeView.tsx:338:13)

    console.log
      [HandyTreeView] buildFullItemsMap { itemsCount: 2, mapSize: 0 }

      at src/components/HandyTreeView/HandyTreeView.tsx:451:17

    console.log
      [HandyTreeView] buildFullItemsMap { itemsCount: 2, mapSize: 1 }

      at src/components/HandyTreeView/HandyTreeView.tsx:451:17
          at Array.forEach (<anonymous>)

    console.log
      [HandyTreeView] buildFullItemsMap { itemsCount: 2, mapSize: 4 }

      at src/components/HandyTreeView/HandyTreeView.tsx:451:17
          at Array.forEach (<anonymous>)

    console.log
      [HandyTreeView] applyFiltering { inputCount: 2, hasFilterItems: false, showHiddenFiles: true }

      at src/components/HandyTreeView/HandyTreeView.tsx:424:17

    console.log
      [HandyTreeView] RENDER END #8 {
        internalItemsLength: 2,
        expandedItemsCount: 0,
        selectedItemsCount: 0,
        hasEmptyState: false
      }

      at HandyTreeView (src/components/HandyTreeView/HandyTreeView.tsx:1429:13)

    console.log
      [HandyTreeView] renderTreeItems [2gv88sgul] { itemsCount: 2, level: 0, renderId: 8 }

      at src/components/HandyTreeView/HandyTreeView.tsx:1236:17

    console.log
      [HandyTreeView] renderTreeItems [2gv88sgul] completed { itemsCount: 2, level: 0, resultCount: 2 }

      at src/components/HandyTreeView/HandyTreeView.tsx:1330:17

    console.log
      [useLazyLoading] useEffect recreate data source { hasRef: true, configEnabled: false }

      at src/hooks/useLazyLoading.ts:222:13

    console.log
      [useLazyLoading] Recreating LazyLoadingDataSource

      at src/hooks/useLazyLoading.ts:228:15

    console.log
      [useLazyLoading] Setting up polling interval

      at src/hooks/useLazyLoading.ts:285:13

    console.log
      [HandyTreeView] useEffect items sync {
        hasDataSource: false,
        itemsLength: 2,
        filteredItemsLength: 2,
        internalItemsLength: 2
      }

      at src/components/HandyTreeView/HandyTreeView.tsx:496:15

    console.log
      [HandyTreeView] Syncing filtered items to internalItems

      at src/components/HandyTreeView/HandyTreeView.tsx:513:21

    console.log
      [HandyTreeView] useEffect fetch root items {
        hasDataSource: false,
        configEnabled: undefined,
        internalItemsLength: 2,
        itemsLength: 2,
        hasFetched: false
      }

      at src/components/HandyTreeView/HandyTreeView.tsx:549:15

    console.log
      [HandyTreeView] Skipping fetch - no dataSource or not enabled

      at src/components/HandyTreeView/HandyTreeView.tsx:559:17

    console.log
      [HandyTreeView] useEffect updateSelectionItems { internalItemsLength: 2 }

      at src/components/HandyTreeView/HandyTreeView.tsx:658:15

    console.log
      [HandyTreeView] RENDER START #9 {
        hasDataSource: false,
        itemsCount: 2,
        hasLazyLoading: false,
        timestamp: 1769005690651
      }

      at HandyTreeView (src/components/HandyTreeView/HandyTreeView.tsx:232:13)

    console.log
      [HandyTreeView] Calling useLazyLoading {
        hasDataSource: false,
        hasConfig: false,
        dataSourceType: 'none',
        dataSourceKeys: []
      }

      at HandyTreeView (src/components/HandyTreeView/HandyTreeView.tsx:321:13)

    console.log
      [useLazyLoading] HOOK CALLED {
        hasDataSource: true,
        configEnabled: false,
        configKeys: [ 'enabled' ]
      }

      at useLazyLoading (src/hooks/useLazyLoading.ts:195:11)

    console.log
      [HandyTreeView] useLazyLoading returned { hasDataSource: true, isLoading: false, stateCacheSize: 0 }

      at HandyTreeView (src/components/HandyTreeView/HandyTreeView.tsx:338:13)

    console.log
      [HandyTreeView] buildFullItemsMap { itemsCount: 2, mapSize: 0 }

      at src/components/HandyTreeView/HandyTreeView.tsx:451:17

    console.log
      [HandyTreeView] buildFullItemsMap { itemsCount: 2, mapSize: 1 }

      at src/components/HandyTreeView/HandyTreeView.tsx:451:17
          at Array.forEach (<anonymous>)

    console.log
      [HandyTreeView] buildFullItemsMap { itemsCount: 2, mapSize: 4 }

      at src/components/HandyTreeView/HandyTreeView.tsx:451:17
          at Array.forEach (<anonymous>)

    console.log
      [HandyTreeView] applyFiltering { inputCount: 2, hasFilterItems: false, showHiddenFiles: true }

      at src/components/HandyTreeView/HandyTreeView.tsx:424:17

    console.log
      [HandyTreeView] RENDER END #9 {
        internalItemsLength: 2,
        expandedItemsCount: 0,
        selectedItemsCount: 0,
        hasEmptyState: false
      }

      at HandyTreeView (src/components/HandyTreeView/HandyTreeView.tsx:1429:13)

    console.log
      [HandyTreeView] renderTreeItems [l8wzuyhzd] { itemsCount: 2, level: 0, renderId: 9 }

      at src/components/HandyTreeView/HandyTreeView.tsx:1236:17

    console.log
      [HandyTreeView] renderTreeItems [l8wzuyhzd] completed { itemsCount: 2, level: 0, resultCount: 2 }

      at src/components/HandyTreeView/HandyTreeView.tsx:1330:17

    console.log
      [useLazyLoading] useEffect recreate data source { hasRef: true, configEnabled: false }

      at src/hooks/useLazyLoading.ts:222:13

    console.log
      [useLazyLoading] Recreating LazyLoadingDataSource

      at src/hooks/useLazyLoading.ts:228:15

    console.log
      [HandyTreeView] useEffect items sync {
        hasDataSource: false,
        itemsLength: 2,
        filteredItemsLength: 2,
        internalItemsLength: 2
      }

      at src/components/HandyTreeView/HandyTreeView.tsx:496:15

    console.log
      [HandyTreeView] RENDER START #10 {
        hasDataSource: false,
        itemsCount: 2,
        hasLazyLoading: false,
        timestamp: 1769005690671
      }

      at HandyTreeView (src/components/HandyTreeView/HandyTreeView.tsx:232:13)

    console.log
      [HandyTreeView] Calling useLazyLoading {
        hasDataSource: false,
        hasConfig: false,
        dataSourceType: 'none',
        dataSourceKeys: []
      }

      at HandyTreeView (src/components/HandyTreeView/HandyTreeView.tsx:321:13)

    console.log
      [useLazyLoading] HOOK CALLED {
        hasDataSource: true,
        configEnabled: false,
        configKeys: [ 'enabled' ]
      }

      at useLazyLoading (src/hooks/useLazyLoading.ts:195:11)

    console.log
      [HandyTreeView] useLazyLoading returned { hasDataSource: true, isLoading: false, stateCacheSize: 0 }

      at HandyTreeView (src/components/HandyTreeView/HandyTreeView.tsx:338:13)

    console.log
      [HandyTreeView] buildFullItemsMap { itemsCount: 2, mapSize: 0 }

      at src/components/HandyTreeView/HandyTreeView.tsx:451:17

    console.log
      [HandyTreeView] buildFullItemsMap { itemsCount: 2, mapSize: 1 }

      at src/components/HandyTreeView/HandyTreeView.tsx:451:17
          at Array.forEach (<anonymous>)

    console.log
      [HandyTreeView] buildFullItemsMap { itemsCount: 2, mapSize: 4 }

      at src/components/HandyTreeView/HandyTreeView.tsx:451:17
          at Array.forEach (<anonymous>)

    console.log
      [HandyTreeView] applyFiltering { inputCount: 2, hasFilterItems: false, showHiddenFiles: true }

      at src/components/HandyTreeView/HandyTreeView.tsx:424:17

    console.log
      [HandyTreeView] RENDER END #10 {
        internalItemsLength: 2,
        expandedItemsCount: 0,
        selectedItemsCount: 0,
        hasEmptyState: false
      }

      at HandyTreeView (src/components/HandyTreeView/HandyTreeView.tsx:1429:13)

    console.log
      [HandyTreeView] renderTreeItems [5kppik1zb] { itemsCount: 2, level: 0, renderId: 10 }

      at src/components/HandyTreeView/HandyTreeView.tsx:1236:17

    console.log
      [HandyTreeView] renderTreeItems [5kppik1zb] completed { itemsCount: 2, level: 0, resultCount: 2 }

      at src/components/HandyTreeView/HandyTreeView.tsx:1330:17

    console.log
      [useLazyLoading] Cleaning up polling interval

      at src/hooks/useLazyLoading.ts:293:15
          at Array.forEach (<anonymous>)

    console.log
      [HandyTreeView] RENDER START #11 {
        hasDataSource: false,
        itemsCount: 2,
        hasLazyLoading: false,
        timestamp: 1769005690684
      }

      at HandyTreeView (src/components/HandyTreeView/HandyTreeView.tsx:232:13)

    console.log
      [HandyTreeView] useMemo lazyLoadingConfig { hasDataSource: false, hasLazyLoading: false }

      at src/components/HandyTreeView/HandyTreeView.tsx:306:15

    console.log
      [HandyTreeView] Calling useLazyLoading {
        hasDataSource: false,
        hasConfig: false,
        dataSourceType: 'none',
        dataSourceKeys: []
      }

      at HandyTreeView (src/components/HandyTreeView/HandyTreeView.tsx:321:13)

    console.log
      [useLazyLoading] HOOK CALLED {
        hasDataSource: true,
        configEnabled: false,
        configKeys: [ 'enabled' ]
      }

      at useLazyLoading (src/hooks/useLazyLoading.ts:195:11)

    console.log
      [useLazyLoading] Creating new LazyLoadingDataSource

      at useLazyLoading (src/hooks/useLazyLoading.ts:213:13)

    console.log
      [HandyTreeView] useLazyLoading returned { hasDataSource: true, isLoading: false, stateCacheSize: 0 }

      at HandyTreeView (src/components/HandyTreeView/HandyTreeView.tsx:338:13)

    console.log
      [HandyTreeView] buildFullItemsMap { itemsCount: 2, mapSize: 0 }

      at src/components/HandyTreeView/HandyTreeView.tsx:451:17

    console.log
      [HandyTreeView] buildFullItemsMap { itemsCount: 2, mapSize: 1 }

      at src/components/HandyTreeView/HandyTreeView.tsx:451:17
          at Array.forEach (<anonymous>)

    console.log
      [HandyTreeView] buildFullItemsMap { itemsCount: 2, mapSize: 4 }

      at src/components/HandyTreeView/HandyTreeView.tsx:451:17
          at Array.forEach (<anonymous>)

    console.log
      [HandyTreeView] applyFiltering { inputCount: 2, hasFilterItems: false, showHiddenFiles: true }

      at src/components/HandyTreeView/HandyTreeView.tsx:424:17

    console.log
      [HandyTreeView] RENDER END #11 {
        internalItemsLength: 2,
        expandedItemsCount: 0,
        selectedItemsCount: 0,
        hasEmptyState: false
      }

      at HandyTreeView (src/components/HandyTreeView/HandyTreeView.tsx:1429:13)

    console.log
      [HandyTreeView] renderTreeItems [n59pfgroo] { itemsCount: 2, level: 0, renderId: 11 }

      at src/components/HandyTreeView/HandyTreeView.tsx:1236:17

    console.log
      [HandyTreeView] renderTreeItems [n59pfgroo] completed { itemsCount: 2, level: 0, resultCount: 2 }

      at src/components/HandyTreeView/HandyTreeView.tsx:1330:17

    console.log
      [useLazyLoading] useEffect recreate data source { hasRef: true, configEnabled: false }

      at src/hooks/useLazyLoading.ts:222:13

    console.log
      [useLazyLoading] Recreating LazyLoadingDataSource

      at src/hooks/useLazyLoading.ts:228:15

    console.log
      [useLazyLoading] Setting up polling interval

      at src/hooks/useLazyLoading.ts:285:13

    console.log
      [HandyTreeView] useEffect items sync {
        hasDataSource: false,
        itemsLength: 2,
        filteredItemsLength: 2,
        internalItemsLength: 2
      }

      at src/components/HandyTreeView/HandyTreeView.tsx:496:15

    console.log
      [HandyTreeView] Syncing filtered items to internalItems

      at src/components/HandyTreeView/HandyTreeView.tsx:513:21

    console.log
      [HandyTreeView] useEffect fetch root items {
        hasDataSource: false,
        configEnabled: undefined,
        internalItemsLength: 2,
        itemsLength: 2,
        hasFetched: false
      }

      at src/components/HandyTreeView/HandyTreeView.tsx:549:15

    console.log
      [HandyTreeView] Skipping fetch - no dataSource or not enabled

      at src/components/HandyTreeView/HandyTreeView.tsx:559:17

    console.log
      [HandyTreeView] useEffect updateSelectionItems { internalItemsLength: 2 }

      at src/components/HandyTreeView/HandyTreeView.tsx:658:15

    console.log
      [useLazyLoading] Cleaning up polling interval

      at src/hooks/useLazyLoading.ts:293:15
          at Array.forEach (<anonymous>)

    console.log
      [HandyTreeView] RENDER START #12 {
        hasDataSource: false,
        itemsCount: 2,
        hasLazyLoading: false,
        timestamp: 1769005690719
      }

      at HandyTreeView (src/components/HandyTreeView/HandyTreeView.tsx:232:13)

    console.log
      [HandyTreeView] useMemo lazyLoadingConfig { hasDataSource: false, hasLazyLoading: false }

      at src/components/HandyTreeView/HandyTreeView.tsx:306:15

    console.log
      [HandyTreeView] Calling useLazyLoading {
        hasDataSource: false,
        hasConfig: false,
        dataSourceType: 'none',
        dataSourceKeys: []
      }

      at HandyTreeView (src/components/HandyTreeView/HandyTreeView.tsx:321:13)

    console.log
      [useLazyLoading] HOOK CALLED {
        hasDataSource: true,
        configEnabled: false,
        configKeys: [ 'enabled' ]
      }

      at useLazyLoading (src/hooks/useLazyLoading.ts:195:11)

    console.log
      [useLazyLoading] Creating new LazyLoadingDataSource

      at useLazyLoading (src/hooks/useLazyLoading.ts:213:13)

    console.log
      [HandyTreeView] useLazyLoading returned { hasDataSource: true, isLoading: false, stateCacheSize: 0 }

      at HandyTreeView (src/components/HandyTreeView/HandyTreeView.tsx:338:13)

    console.log
      [HandyTreeView] buildFullItemsMap { itemsCount: 2, mapSize: 0 }

      at src/components/HandyTreeView/HandyTreeView.tsx:451:17

    console.log
      [HandyTreeView] buildFullItemsMap { itemsCount: 2, mapSize: 1 }

      at src/components/HandyTreeView/HandyTreeView.tsx:451:17
          at Array.forEach (<anonymous>)

    console.log
      [HandyTreeView] buildFullItemsMap { itemsCount: 2, mapSize: 4 }

      at src/components/HandyTreeView/HandyTreeView.tsx:451:17
          at Array.forEach (<anonymous>)

    console.log
      [HandyTreeView] applyFiltering { inputCount: 2, hasFilterItems: false, showHiddenFiles: true }

      at src/components/HandyTreeView/HandyTreeView.tsx:424:17

    console.log
      [HandyTreeView] RENDER END #12 {
        internalItemsLength: 2,
        expandedItemsCount: 0,
        selectedItemsCount: 0,
        hasEmptyState: false
      }

      at HandyTreeView (src/components/HandyTreeView/HandyTreeView.tsx:1429:13)

    console.log
      [HandyTreeView] renderTreeItems [ahni6lupm] { itemsCount: 2, level: 0, renderId: 12 }

      at src/components/HandyTreeView/HandyTreeView.tsx:1236:17

    console.log
      [HandyTreeView] renderTreeItems [ahni6lupm] completed { itemsCount: 2, level: 0, resultCount: 2 }

      at src/components/HandyTreeView/HandyTreeView.tsx:1330:17

    console.log
      [useLazyLoading] useEffect recreate data source { hasRef: true, configEnabled: false }

      at src/hooks/useLazyLoading.ts:222:13

    console.log
      [useLazyLoading] Recreating LazyLoadingDataSource

      at src/hooks/useLazyLoading.ts:228:15

    console.log
      [useLazyLoading] Setting up polling interval

      at src/hooks/useLazyLoading.ts:285:13

    console.log
      [HandyTreeView] useEffect items sync {
        hasDataSource: false,
        itemsLength: 2,
        filteredItemsLength: 2,
        internalItemsLength: 2
      }

      at src/components/HandyTreeView/HandyTreeView.tsx:496:15

    console.log
      [HandyTreeView] Syncing filtered items to internalItems

      at src/components/HandyTreeView/HandyTreeView.tsx:513:21

    console.log
      [HandyTreeView] useEffect fetch root items {
        hasDataSource: false,
        configEnabled: undefined,
        internalItemsLength: 2,
        itemsLength: 2,
        hasFetched: false
      }

      at src/components/HandyTreeView/HandyTreeView.tsx:549:15

    console.log
      [HandyTreeView] Skipping fetch - no dataSource or not enabled

      at src/components/HandyTreeView/HandyTreeView.tsx:559:17

    console.log
      [HandyTreeView] useEffect updateSelectionItems { internalItemsLength: 2 }

      at src/components/HandyTreeView/HandyTreeView.tsx:658:15

    console.log
      [useLazyLoading] Cleaning up polling interval

      at src/hooks/useLazyLoading.ts:293:15
          at Array.forEach (<anonymous>)

    console.log
      [HandyTreeView] RENDER START #13 {
        hasDataSource: false,
        itemsCount: 2,
        hasLazyLoading: false,
        timestamp: 1769005690763
      }

      at HandyTreeView (src/components/HandyTreeView/HandyTreeView.tsx:232:13)

    console.log
      [HandyTreeView] useMemo lazyLoadingConfig { hasDataSource: false, hasLazyLoading: false }

      at src/components/HandyTreeView/HandyTreeView.tsx:306:15

    console.log
      [HandyTreeView] Calling useLazyLoading {
        hasDataSource: false,
        hasConfig: false,
        dataSourceType: 'none',
        dataSourceKeys: []
      }

      at HandyTreeView (src/components/HandyTreeView/HandyTreeView.tsx:321:13)

    console.log
      [useLazyLoading] HOOK CALLED {
        hasDataSource: true,
        configEnabled: false,
        configKeys: [ 'enabled' ]
      }

      at useLazyLoading (src/hooks/useLazyLoading.ts:195:11)

    console.log
      [useLazyLoading] Creating new LazyLoadingDataSource

      at useLazyLoading (src/hooks/useLazyLoading.ts:213:13)

    console.log
      [HandyTreeView] useLazyLoading returned { hasDataSource: true, isLoading: false, stateCacheSize: 0 }

      at HandyTreeView (src/components/HandyTreeView/HandyTreeView.tsx:338:13)

    console.log
      [HandyTreeView] buildFullItemsMap { itemsCount: 2, mapSize: 0 }

      at src/components/HandyTreeView/HandyTreeView.tsx:451:17

    console.log
      [HandyTreeView] buildFullItemsMap { itemsCount: 2, mapSize: 1 }

      at src/components/HandyTreeView/HandyTreeView.tsx:451:17
          at Array.forEach (<anonymous>)

    console.log
      [HandyTreeView] buildFullItemsMap { itemsCount: 2, mapSize: 4 }

      at src/components/HandyTreeView/HandyTreeView.tsx:451:17
          at Array.forEach (<anonymous>)

    console.log
      [HandyTreeView] applyFiltering { inputCount: 2, hasFilterItems: false, showHiddenFiles: true }

      at src/components/HandyTreeView/HandyTreeView.tsx:424:17

    console.log
      [HandyTreeView] RENDER END #13 {
        internalItemsLength: 2,
        expandedItemsCount: 0,
        selectedItemsCount: 0,
        hasEmptyState: false
      }

      at HandyTreeView (src/components/HandyTreeView/HandyTreeView.tsx:1429:13)

    console.log
      [HandyTreeView] renderTreeItems [qva5keu6c] { itemsCount: 2, level: 0, renderId: 13 }

      at src/components/HandyTreeView/HandyTreeView.tsx:1236:17

    console.log
      [HandyTreeView] renderTreeItems [qva5keu6c] completed { itemsCount: 2, level: 0, resultCount: 2 }

      at src/components/HandyTreeView/HandyTreeView.tsx:1330:17

    console.log
      [useLazyLoading] useEffect recreate data source { hasRef: true, configEnabled: false }

      at src/hooks/useLazyLoading.ts:222:13

    console.log
      [useLazyLoading] Recreating LazyLoadingDataSource

      at src/hooks/useLazyLoading.ts:228:15

    console.log
      [useLazyLoading] Setting up polling interval

      at src/hooks/useLazyLoading.ts:285:13

    console.log
      [HandyTreeView] useEffect items sync {
        hasDataSource: false,
        itemsLength: 2,
        filteredItemsLength: 2,
        internalItemsLength: 2
      }

      at src/components/HandyTreeView/HandyTreeView.tsx:496:15

    console.log
      [HandyTreeView] Syncing filtered items to internalItems

      at src/components/HandyTreeView/HandyTreeView.tsx:513:21

    console.log
      [HandyTreeView] useEffect fetch root items {
        hasDataSource: false,
        configEnabled: undefined,
        internalItemsLength: 2,
        itemsLength: 2,
        hasFetched: false
      }

      at src/components/HandyTreeView/HandyTreeView.tsx:549:15

    console.log
      [HandyTreeView] Skipping fetch - no dataSource or not enabled

      at src/components/HandyTreeView/HandyTreeView.tsx:559:17

    console.log
      [HandyTreeView] useEffect updateSelectionItems { internalItemsLength: 2 }

      at src/components/HandyTreeView/HandyTreeView.tsx:658:15

    console.log
      [useLazyLoading] Cleaning up polling interval

      at src/hooks/useLazyLoading.ts:293:15
          at Array.forEach (<anonymous>)

    console.log
      [HandyTreeView] RENDER START #14 {
        hasDataSource: false,
        itemsCount: 2,
        hasLazyLoading: false,
        timestamp: 1769005690796
      }

      at HandyTreeView (src/components/HandyTreeView/HandyTreeView.tsx:232:13)

    console.log
      [HandyTreeView] useMemo lazyLoadingConfig { hasDataSource: false, hasLazyLoading: false }

      at src/components/HandyTreeView/HandyTreeView.tsx:306:15

    console.log
      [HandyTreeView] Calling useLazyLoading {
        hasDataSource: false,
        hasConfig: false,
        dataSourceType: 'none',
        dataSourceKeys: []
      }

      at HandyTreeView (src/components/HandyTreeView/HandyTreeView.tsx:321:13)

    console.log
      [useLazyLoading] HOOK CALLED {
        hasDataSource: true,
        configEnabled: false,
        configKeys: [ 'enabled' ]
      }

      at useLazyLoading (src/hooks/useLazyLoading.ts:195:11)

    console.log
      [useLazyLoading] Creating new LazyLoadingDataSource

      at useLazyLoading (src/hooks/useLazyLoading.ts:213:13)

    console.log
      [HandyTreeView] useLazyLoading returned { hasDataSource: true, isLoading: false, stateCacheSize: 0 }

      at HandyTreeView (src/components/HandyTreeView/HandyTreeView.tsx:338:13)

    console.log
      [HandyTreeView] buildFullItemsMap { itemsCount: 2, mapSize: 0 }

      at src/components/HandyTreeView/HandyTreeView.tsx:451:17

    console.log
      [HandyTreeView] buildFullItemsMap { itemsCount: 2, mapSize: 1 }

      at src/components/HandyTreeView/HandyTreeView.tsx:451:17
          at Array.forEach (<anonymous>)

    console.log
      [HandyTreeView] buildFullItemsMap { itemsCount: 2, mapSize: 4 }

      at src/components/HandyTreeView/HandyTreeView.tsx:451:17
          at Array.forEach (<anonymous>)

    console.log
      [HandyTreeView] applyFiltering { inputCount: 2, hasFilterItems: false, showHiddenFiles: true }

      at src/components/HandyTreeView/HandyTreeView.tsx:424:17

    console.log
      [HandyTreeView] RENDER END #14 {
        internalItemsLength: 2,
        expandedItemsCount: 0,
        selectedItemsCount: 0,
        hasEmptyState: false
      }

      at HandyTreeView (src/components/HandyTreeView/HandyTreeView.tsx:1429:13)

    console.log
      [HandyTreeView] renderTreeItems [58cfo84c7] { itemsCount: 2, level: 0, renderId: 14 }

      at src/components/HandyTreeView/HandyTreeView.tsx:1236:17

    console.log
      [HandyTreeView] renderTreeItems [58cfo84c7] completed { itemsCount: 2, level: 0, resultCount: 2 }

      at src/components/HandyTreeView/HandyTreeView.tsx:1330:17

    console.log
      [useLazyLoading] useEffect recreate data source { hasRef: true, configEnabled: false }

      at src/hooks/useLazyLoading.ts:222:13

    console.log
      [useLazyLoading] Recreating LazyLoadingDataSource

      at src/hooks/useLazyLoading.ts:228:15

    console.log
      [useLazyLoading] Setting up polling interval

      at src/hooks/useLazyLoading.ts:285:13

    console.log
      [HandyTreeView] useEffect items sync {
        hasDataSource: false,
        itemsLength: 2,
        filteredItemsLength: 2,
        internalItemsLength: 2
      }

      at src/components/HandyTreeView/HandyTreeView.tsx:496:15

    console.log
      [HandyTreeView] Syncing filtered items to internalItems

      at src/components/HandyTreeView/HandyTreeView.tsx:513:21

    console.log
      [HandyTreeView] useEffect fetch root items {
        hasDataSource: false,
        configEnabled: undefined,
        internalItemsLength: 2,
        itemsLength: 2,
        hasFetched: false
      }

      at src/components/HandyTreeView/HandyTreeView.tsx:549:15

    console.log
      [HandyTreeView] Skipping fetch - no dataSource or not enabled

      at src/components/HandyTreeView/HandyTreeView.tsx:559:17

    console.log
      [HandyTreeView] useEffect updateSelectionItems { internalItemsLength: 2 }

      at src/components/HandyTreeView/HandyTreeView.tsx:658:15

    console.log
      [useLazyLoading] Cleaning up polling interval

      at src/hooks/useLazyLoading.ts:293:15
          at Array.forEach (<anonymous>)

    console.log
      [HandyTreeView] RENDER START #15 {
        hasDataSource: false,
        itemsCount: 2,
        hasLazyLoading: false,
        timestamp: 1769005690830
      }

      at HandyTreeView (src/components/HandyTreeView/HandyTreeView.tsx:232:13)

    console.log
      [HandyTreeView] useMemo lazyLoadingConfig { hasDataSource: false, hasLazyLoading: false }

      at src/components/HandyTreeView/HandyTreeView.tsx:306:15

    console.log
      [HandyTreeView] Calling useLazyLoading {
        hasDataSource: false,
        hasConfig: false,
        dataSourceType: 'none',
        dataSourceKeys: []
      }

      at HandyTreeView (src/components/HandyTreeView/HandyTreeView.tsx:321:13)

    console.log
      [useLazyLoading] HOOK CALLED {
        hasDataSource: true,
        configEnabled: false,
        configKeys: [ 'enabled' ]
      }

      at useLazyLoading (src/hooks/useLazyLoading.ts:195:11)

    console.log
      [useLazyLoading] Creating new LazyLoadingDataSource

      at useLazyLoading (src/hooks/useLazyLoading.ts:213:13)

    console.log
      [HandyTreeView] useLazyLoading returned { hasDataSource: true, isLoading: false, stateCacheSize: 0 }

      at HandyTreeView (src/components/HandyTreeView/HandyTreeView.tsx:338:13)

    console.log
      [HandyTreeView] buildFullItemsMap { itemsCount: 2, mapSize: 0 }

      at src/components/HandyTreeView/HandyTreeView.tsx:451:17

    console.log
      [HandyTreeView] buildFullItemsMap { itemsCount: 2, mapSize: 1 }

      at src/components/HandyTreeView/HandyTreeView.tsx:451:17
          at Array.forEach (<anonymous>)

    console.log
      [HandyTreeView] buildFullItemsMap { itemsCount: 2, mapSize: 4 }

      at src/components/HandyTreeView/HandyTreeView.tsx:451:17
          at Array.forEach (<anonymous>)

    console.log
      [HandyTreeView] applyFiltering { inputCount: 2, hasFilterItems: false, showHiddenFiles: true }

      at src/components/HandyTreeView/HandyTreeView.tsx:424:17

    console.log
      [HandyTreeView] RENDER END #15 {
        internalItemsLength: 2,
        expandedItemsCount: 0,
        selectedItemsCount: 0,
        hasEmptyState: false
      }

      at HandyTreeView (src/components/HandyTreeView/HandyTreeView.tsx:1429:13)

    console.log
      [HandyTreeView] renderTreeItems [0zii8g64c] { itemsCount: 2, level: 0, renderId: 15 }

      at src/components/HandyTreeView/HandyTreeView.tsx:1236:17

    console.log
      [HandyTreeView] renderTreeItems [0zii8g64c] completed { itemsCount: 2, level: 0, resultCount: 2 }

      at src/components/HandyTreeView/HandyTreeView.tsx:1330:17

    console.log
      [useLazyLoading] useEffect recreate data source { hasRef: true, configEnabled: false }

      at src/hooks/useLazyLoading.ts:222:13

    console.log
      [useLazyLoading] Recreating LazyLoadingDataSource

      at src/hooks/useLazyLoading.ts:228:15

    console.log
      [useLazyLoading] Setting up polling interval

      at src/hooks/useLazyLoading.ts:285:13

    console.log
      [HandyTreeView] useEffect items sync {
        hasDataSource: false,
        itemsLength: 2,
        filteredItemsLength: 2,
        internalItemsLength: 2
      }

      at src/components/HandyTreeView/HandyTreeView.tsx:496:15

    console.log
      [HandyTreeView] Syncing filtered items to internalItems

      at src/components/HandyTreeView/HandyTreeView.tsx:513:21

    console.log
      [HandyTreeView] useEffect fetch root items {
        hasDataSource: false,
        configEnabled: undefined,
        internalItemsLength: 2,
        itemsLength: 2,
        hasFetched: false
      }

      at src/components/HandyTreeView/HandyTreeView.tsx:549:15

    console.log
      [HandyTreeView] Skipping fetch - no dataSource or not enabled

      at src/components/HandyTreeView/HandyTreeView.tsx:559:17

    console.log
      [HandyTreeView] useEffect updateSelectionItems { internalItemsLength: 2 }

      at src/components/HandyTreeView/HandyTreeView.tsx:658:15

    console.log
      [HandyTreeView] RENDER START #16 {
        hasDataSource: false,
        itemsCount: 2,
        hasLazyLoading: false,
        timestamp: 1769005690859
      }

      at HandyTreeView (src/components/HandyTreeView/HandyTreeView.tsx:232:13)

    console.log
      [HandyTreeView] Calling useLazyLoading {
        hasDataSource: false,
        hasConfig: false,
        dataSourceType: 'none',
        dataSourceKeys: []
      }

      at HandyTreeView (src/components/HandyTreeView/HandyTreeView.tsx:321:13)

    console.log
      [useLazyLoading] HOOK CALLED {
        hasDataSource: true,
        configEnabled: false,
        configKeys: [ 'enabled' ]
      }

      at useLazyLoading (src/hooks/useLazyLoading.ts:195:11)

    console.log
      [HandyTreeView] useLazyLoading returned { hasDataSource: true, isLoading: false, stateCacheSize: 0 }

      at HandyTreeView (src/components/HandyTreeView/HandyTreeView.tsx:338:13)

    console.log
      [HandyTreeView] buildFullItemsMap { itemsCount: 2, mapSize: 0 }

      at src/components/HandyTreeView/HandyTreeView.tsx:451:17

    console.log
      [HandyTreeView] buildFullItemsMap { itemsCount: 2, mapSize: 1 }

      at src/components/HandyTreeView/HandyTreeView.tsx:451:17
          at Array.forEach (<anonymous>)

    console.log
      [HandyTreeView] buildFullItemsMap { itemsCount: 2, mapSize: 4 }

      at src/components/HandyTreeView/HandyTreeView.tsx:451:17
          at Array.forEach (<anonymous>)

    console.log
      [HandyTreeView] applyFiltering { inputCount: 2, hasFilterItems: false, showHiddenFiles: true }

      at src/components/HandyTreeView/HandyTreeView.tsx:424:17

    console.log
      [HandyTreeView] RENDER END #16 {
        internalItemsLength: 2,
        expandedItemsCount: 0,
        selectedItemsCount: 0,
        hasEmptyState: false
      }

      at HandyTreeView (src/components/HandyTreeView/HandyTreeView.tsx:1429:13)

    console.log
      [HandyTreeView] renderTreeItems [lzwoaw63r] { itemsCount: 2, level: 0, renderId: 16 }

      at src/components/HandyTreeView/HandyTreeView.tsx:1236:17

    console.log
      [HandyTreeView] renderTreeItems [lzwoaw63r] completed { itemsCount: 2, level: 0, resultCount: 2 }

      at src/components/HandyTreeView/HandyTreeView.tsx:1330:17

    console.log
      [useLazyLoading] useEffect recreate data source { hasRef: true, configEnabled: false }

      at src/hooks/useLazyLoading.ts:222:13

    console.log
      [useLazyLoading] Recreating LazyLoadingDataSource

      at src/hooks/useLazyLoading.ts:228:15

    console.log
      [HandyTreeView] useEffect items sync {
        hasDataSource: false,
        itemsLength: 2,
        filteredItemsLength: 2,
        internalItemsLength: 2
      }

      at src/components/HandyTreeView/HandyTreeView.tsx:496:15

    console.log
      [HandyTreeView] RENDER START #17 {
        hasDataSource: false,
        itemsCount: 2,
        hasLazyLoading: false,
        timestamp: 1769005690875
      }

      at HandyTreeView (src/components/HandyTreeView/HandyTreeView.tsx:232:13)

    console.log
      [HandyTreeView] Calling useLazyLoading {
        hasDataSource: false,
        hasConfig: false,
        dataSourceType: 'none',
        dataSourceKeys: []
      }

      at HandyTreeView (src/components/HandyTreeView/HandyTreeView.tsx:321:13)

    console.log
      [useLazyLoading] HOOK CALLED {
        hasDataSource: true,
        configEnabled: false,
        configKeys: [ 'enabled' ]
      }

      at useLazyLoading (src/hooks/useLazyLoading.ts:195:11)

    console.log
      [HandyTreeView] useLazyLoading returned { hasDataSource: true, isLoading: false, stateCacheSize: 0 }

      at HandyTreeView (src/components/HandyTreeView/HandyTreeView.tsx:338:13)

    console.log
      [HandyTreeView] buildFullItemsMap { itemsCount: 2, mapSize: 0 }

      at src/components/HandyTreeView/HandyTreeView.tsx:451:17

    console.log
      [HandyTreeView] buildFullItemsMap { itemsCount: 2, mapSize: 1 }

      at src/components/HandyTreeView/HandyTreeView.tsx:451:17
          at Array.forEach (<anonymous>)

    console.log
      [HandyTreeView] buildFullItemsMap { itemsCount: 2, mapSize: 4 }

      at src/components/HandyTreeView/HandyTreeView.tsx:451:17
          at Array.forEach (<anonymous>)

    console.log
      [HandyTreeView] applyFiltering { inputCount: 2, hasFilterItems: false, showHiddenFiles: true }

      at src/components/HandyTreeView/HandyTreeView.tsx:424:17

    console.log
      [HandyTreeView] RENDER END #17 {
        internalItemsLength: 2,
        expandedItemsCount: 0,
        selectedItemsCount: 0,
        hasEmptyState: false
      }

      at HandyTreeView (src/components/HandyTreeView/HandyTreeView.tsx:1429:13)

    console.log
      [HandyTreeView] renderTreeItems [zjies1wzk] { itemsCount: 2, level: 0, renderId: 17 }

      at src/components/HandyTreeView/HandyTreeView.tsx:1236:17

    console.log
      [HandyTreeView] renderTreeItems [zjies1wzk] completed { itemsCount: 2, level: 0, resultCount: 2 }

      at src/components/HandyTreeView/HandyTreeView.tsx:1330:17

    console.log
      [useLazyLoading] Cleaning up polling interval

      at src/hooks/useLazyLoading.ts:293:15
          at Array.forEach (<anonymous>)

    console.log
      [HandyTreeView] RENDER START #18 {
        hasDataSource: false,
        itemsCount: 2,
        hasLazyLoading: false,
        timestamp: 1769005690897
      }

      at HandyTreeView (src/components/HandyTreeView/HandyTreeView.tsx:232:13)

    console.log
      [HandyTreeView] useMemo lazyLoadingConfig { hasDataSource: false, hasLazyLoading: false }

      at src/components/HandyTreeView/HandyTreeView.tsx:306:15

    console.log
      [HandyTreeView] Calling useLazyLoading {
        hasDataSource: false,
        hasConfig: false,
        dataSourceType: 'none',
        dataSourceKeys: []
      }

      at HandyTreeView (src/components/HandyTreeView/HandyTreeView.tsx:321:13)

    console.log
      [useLazyLoading] HOOK CALLED {
        hasDataSource: true,
        configEnabled: false,
        configKeys: [ 'enabled' ]
      }

      at useLazyLoading (src/hooks/useLazyLoading.ts:195:11)

    console.log
      [useLazyLoading] Creating new LazyLoadingDataSource

      at useLazyLoading (src/hooks/useLazyLoading.ts:213:13)

    console.log
      [HandyTreeView] useLazyLoading returned { hasDataSource: true, isLoading: false, stateCacheSize: 0 }

      at HandyTreeView (src/components/HandyTreeView/HandyTreeView.tsx:338:13)

    console.log
      [HandyTreeView] buildFullItemsMap { itemsCount: 2, mapSize: 0 }

      at src/components/HandyTreeView/HandyTreeView.tsx:451:17

    console.log
      [HandyTreeView] buildFullItemsMap { itemsCount: 2, mapSize: 1 }

      at src/components/HandyTreeView/HandyTreeView.tsx:451:17
          at Array.forEach (<anonymous>)

    console.log
      [HandyTreeView] buildFullItemsMap { itemsCount: 2, mapSize: 4 }

      at src/components/HandyTreeView/HandyTreeView.tsx:451:17
          at Array.forEach (<anonymous>)

    console.log
      [HandyTreeView] applyFiltering { inputCount: 2, hasFilterItems: false, showHiddenFiles: true }

      at src/components/HandyTreeView/HandyTreeView.tsx:424:17

    console.log
      [HandyTreeView] RENDER END #18 {
        internalItemsLength: 2,
        expandedItemsCount: 0,
        selectedItemsCount: 0,
        hasEmptyState: false
      }

      at HandyTreeView (src/components/HandyTreeView/HandyTreeView.tsx:1429:13)

    console.log
      [HandyTreeView] renderTreeItems [lop35v0d4] { itemsCount: 2, level: 0, renderId: 18 }

      at src/components/HandyTreeView/HandyTreeView.tsx:1236:17

    console.log
      [HandyTreeView] renderTreeItems [lop35v0d4] completed { itemsCount: 2, level: 0, resultCount: 2 }

      at src/components/HandyTreeView/HandyTreeView.tsx:1330:17

    console.log
      [useLazyLoading] useEffect recreate data source { hasRef: true, configEnabled: false }

      at src/hooks/useLazyLoading.ts:222:13

    console.log
      [useLazyLoading] Recreating LazyLoadingDataSource

      at src/hooks/useLazyLoading.ts:228:15

    console.log
      [useLazyLoading] Setting up polling interval

      at src/hooks/useLazyLoading.ts:285:13

    console.log
      [HandyTreeView] useEffect items sync {
        hasDataSource: false,
        itemsLength: 2,
        filteredItemsLength: 2,
        internalItemsLength: 2
      }

      at src/components/HandyTreeView/HandyTreeView.tsx:496:15

    console.log
      [HandyTreeView] Syncing filtered items to internalItems

      at src/components/HandyTreeView/HandyTreeView.tsx:513:21

    console.log
      [HandyTreeView] useEffect fetch root items {
        hasDataSource: false,
        configEnabled: undefined,
        internalItemsLength: 2,
        itemsLength: 2,
        hasFetched: false
      }

      at src/components/HandyTreeView/HandyTreeView.tsx:549:15

    console.log
      [HandyTreeView] Skipping fetch - no dataSource or not enabled

      at src/components/HandyTreeView/HandyTreeView.tsx:559:17

    console.log
      [HandyTreeView] useEffect updateSelectionItems { internalItemsLength: 2 }

      at src/components/HandyTreeView/HandyTreeView.tsx:658:15

    console.log
      [HandyTreeView] RENDER START #19 {
        hasDataSource: false,
        itemsCount: 2,
        hasLazyLoading: false,
        timestamp: 1769005690932
      }

      at HandyTreeView (src/components/HandyTreeView/HandyTreeView.tsx:232:13)

    console.log
      [HandyTreeView] Calling useLazyLoading {
        hasDataSource: false,
        hasConfig: false,
        dataSourceType: 'none',
        dataSourceKeys: []
      }

      at HandyTreeView (src/components/HandyTreeView/HandyTreeView.tsx:321:13)

    console.log
      [useLazyLoading] HOOK CALLED {
        hasDataSource: true,
        configEnabled: false,
        configKeys: [ 'enabled' ]
      }

      at useLazyLoading (src/hooks/useLazyLoading.ts:195:11)

    console.log
      [HandyTreeView] useLazyLoading returned { hasDataSource: true, isLoading: false, stateCacheSize: 0 }

      at HandyTreeView (src/components/HandyTreeView/HandyTreeView.tsx:338:13)

    console.log
      [HandyTreeView] buildFullItemsMap { itemsCount: 2, mapSize: 0 }

      at src/components/HandyTreeView/HandyTreeView.tsx:451:17

    console.log
      [HandyTreeView] buildFullItemsMap { itemsCount: 2, mapSize: 1 }

      at src/components/HandyTreeView/HandyTreeView.tsx:451:17
          at Array.forEach (<anonymous>)

    console.log
      [HandyTreeView] buildFullItemsMap { itemsCount: 2, mapSize: 4 }

      at src/components/HandyTreeView/HandyTreeView.tsx:451:17
          at Array.forEach (<anonymous>)

    console.log
      [HandyTreeView] applyFiltering { inputCount: 2, hasFilterItems: false, showHiddenFiles: true }

      at src/components/HandyTreeView/HandyTreeView.tsx:424:17

    console.log
      [HandyTreeView] RENDER END #19 {
        internalItemsLength: 2,
        expandedItemsCount: 0,
        selectedItemsCount: 0,
        hasEmptyState: false
      }

      at HandyTreeView (src/components/HandyTreeView/HandyTreeView.tsx:1429:13)

    console.log
      [HandyTreeView] renderTreeItems [xjjeeemmu] { itemsCount: 2, level: 0, renderId: 19 }

      at src/components/HandyTreeView/HandyTreeView.tsx:1236:17

    console.log
      [HandyTreeView] renderTreeItems [xjjeeemmu] completed { itemsCount: 2, level: 0, resultCount: 2 }

      at src/components/HandyTreeView/HandyTreeView.tsx:1330:17

    console.log
      [useLazyLoading] useEffect recreate data source { hasRef: true, configEnabled: false }

      at src/hooks/useLazyLoading.ts:222:13

    console.log
      [useLazyLoading] Recreating LazyLoadingDataSource

      at src/hooks/useLazyLoading.ts:228:15

    console.log
      [HandyTreeView] useEffect items sync {
        hasDataSource: false,
        itemsLength: 2,
        filteredItemsLength: 2,
        internalItemsLength: 2
      }

      at src/components/HandyTreeView/HandyTreeView.tsx:496:15

    console.log
      [HandyTreeView] RENDER START #20 {
        hasDataSource: false,
        itemsCount: 2,
        hasLazyLoading: false,
        timestamp: 1769005690948
      }

      at HandyTreeView (src/components/HandyTreeView/HandyTreeView.tsx:232:13)

    console.log
      [HandyTreeView] Calling useLazyLoading {
        hasDataSource: false,
        hasConfig: false,
        dataSourceType: 'none',
        dataSourceKeys: []
      }

      at HandyTreeView (src/components/HandyTreeView/HandyTreeView.tsx:321:13)

    console.log
      [useLazyLoading] HOOK CALLED {
        hasDataSource: true,
        configEnabled: false,
        configKeys: [ 'enabled' ]
      }

      at useLazyLoading (src/hooks/useLazyLoading.ts:195:11)

    console.log
      [HandyTreeView] useLazyLoading returned { hasDataSource: true, isLoading: false, stateCacheSize: 0 }

      at HandyTreeView (src/components/HandyTreeView/HandyTreeView.tsx:338:13)

    console.log
      [HandyTreeView] buildFullItemsMap { itemsCount: 2, mapSize: 0 }

      at src/components/HandyTreeView/HandyTreeView.tsx:451:17

    console.log
      [HandyTreeView] buildFullItemsMap { itemsCount: 2, mapSize: 1 }

      at src/components/HandyTreeView/HandyTreeView.tsx:451:17
          at Array.forEach (<anonymous>)

    console.log
      [HandyTreeView] buildFullItemsMap { itemsCount: 2, mapSize: 4 }

      at src/components/HandyTreeView/HandyTreeView.tsx:451:17
          at Array.forEach (<anonymous>)

    console.log
      [HandyTreeView] applyFiltering { inputCount: 2, hasFilterItems: false, showHiddenFiles: true }

      at src/components/HandyTreeView/HandyTreeView.tsx:424:17

    console.log
      [HandyTreeView] RENDER END #20 {
        internalItemsLength: 2,
        expandedItemsCount: 0,
        selectedItemsCount: 0,
        hasEmptyState: false
      }

      at HandyTreeView (src/components/HandyTreeView/HandyTreeView.tsx:1429:13)

    console.log
      [HandyTreeView] renderTreeItems [28x9dv3bl] { itemsCount: 2, level: 0, renderId: 20 }

      at src/components/HandyTreeView/HandyTreeView.tsx:1236:17

    console.log
      [HandyTreeView] renderTreeItems [28x9dv3bl] completed { itemsCount: 2, level: 0, resultCount: 2 }

      at src/components/HandyTreeView/HandyTreeView.tsx:1330:17

    console.log
      [HandyTreeView] RENDER START #21 {
        hasDataSource: false,
        itemsCount: 2,
        hasLazyLoading: false,
        timestamp: 1769005690953
      }

      at HandyTreeView (src/components/HandyTreeView/HandyTreeView.tsx:232:13)

    console.log
      [HandyTreeView] Calling useLazyLoading {
        hasDataSource: false,
        hasConfig: false,
        dataSourceType: 'none',
        dataSourceKeys: []
      }

      at HandyTreeView (src/components/HandyTreeView/HandyTreeView.tsx:321:13)

    console.log
      [useLazyLoading] HOOK CALLED {
        hasDataSource: true,
        configEnabled: false,
        configKeys: [ 'enabled' ]
      }

      at useLazyLoading (src/hooks/useLazyLoading.ts:195:11)

    console.log
      [HandyTreeView] useLazyLoading returned { hasDataSource: true, isLoading: false, stateCacheSize: 0 }

      at HandyTreeView (src/components/HandyTreeView/HandyTreeView.tsx:338:13)

    console.log
      [HandyTreeView] buildFullItemsMap { itemsCount: 2, mapSize: 0 }

      at src/components/HandyTreeView/HandyTreeView.tsx:451:17

    console.log
      [HandyTreeView] buildFullItemsMap { itemsCount: 2, mapSize: 1 }

      at src/components/HandyTreeView/HandyTreeView.tsx:451:17
          at Array.forEach (<anonymous>)

    console.log
      [HandyTreeView] buildFullItemsMap { itemsCount: 2, mapSize: 4 }

      at src/components/HandyTreeView/HandyTreeView.tsx:451:17
          at Array.forEach (<anonymous>)

    console.log
      [HandyTreeView] applyFiltering { inputCount: 2, hasFilterItems: false, showHiddenFiles: true }

      at src/components/HandyTreeView/HandyTreeView.tsx:424:17

    console.log
      [HandyTreeView] RENDER END #21 {
        internalItemsLength: 2,
        expandedItemsCount: 0,
        selectedItemsCount: 0,
        hasEmptyState: false
      }

      at HandyTreeView (src/components/HandyTreeView/HandyTreeView.tsx:1429:13)

    console.log
      [HandyTreeView] renderTreeItems [qx2xlv8en] { itemsCount: 2, level: 0, renderId: 21 }

      at src/components/HandyTreeView/HandyTreeView.tsx:1236:17

    console.log
      [HandyTreeView] renderTreeItems [qx2xlv8en] completed { itemsCount: 2, level: 0, resultCount: 2 }

      at src/components/HandyTreeView/HandyTreeView.tsx:1330:17

    console.log
      [useLazyLoading] useEffect recreate data source { hasRef: true, configEnabled: false }

      at src/hooks/useLazyLoading.ts:222:13

    console.log
      [useLazyLoading] Recreating LazyLoadingDataSource

      at src/hooks/useLazyLoading.ts:228:15

    console.log
      [HandyTreeView] useEffect items sync {
        hasDataSource: false,
        itemsLength: 2,
        filteredItemsLength: 2,
        internalItemsLength: 2
      }

      at src/components/HandyTreeView/HandyTreeView.tsx:496:15

    console.log
      [useLazyLoading] Cleaning up polling interval

      at src/hooks/useLazyLoading.ts:293:15
          at Array.forEach (<anonymous>)

    console.log
      [HandyTreeView] RENDER START #22 {
        hasDataSource: false,
        itemsCount: 2,
        hasLazyLoading: false,
        timestamp: 1769005690969
      }

      at HandyTreeView (src/components/HandyTreeView/HandyTreeView.tsx:232:13)

    console.log
      [HandyTreeView] useMemo lazyLoadingConfig { hasDataSource: false, hasLazyLoading: false }

      at src/components/HandyTreeView/HandyTreeView.tsx:306:15

    console.log
      [HandyTreeView] Calling useLazyLoading {
        hasDataSource: false,
        hasConfig: false,
        dataSourceType: 'none',
        dataSourceKeys: []
      }

      at HandyTreeView (src/components/HandyTreeView/HandyTreeView.tsx:321:13)

    console.log
      [useLazyLoading] HOOK CALLED {
        hasDataSource: true,
        configEnabled: false,
        configKeys: [ 'enabled' ]
      }

      at useLazyLoading (src/hooks/useLazyLoading.ts:195:11)

    console.log
      [useLazyLoading] Creating new LazyLoadingDataSource

      at useLazyLoading (src/hooks/useLazyLoading.ts:213:13)

    console.log
      [HandyTreeView] useLazyLoading returned { hasDataSource: true, isLoading: false, stateCacheSize: 0 }

      at HandyTreeView (src/components/HandyTreeView/HandyTreeView.tsx:338:13)

    console.log
      [HandyTreeView] buildFullItemsMap { itemsCount: 2, mapSize: 0 }

      at src/components/HandyTreeView/HandyTreeView.tsx:451:17

    console.log
      [HandyTreeView] buildFullItemsMap { itemsCount: 2, mapSize: 1 }

      at src/components/HandyTreeView/HandyTreeView.tsx:451:17
          at Array.forEach (<anonymous>)

    console.log
      [HandyTreeView] buildFullItemsMap { itemsCount: 2, mapSize: 4 }

      at src/components/HandyTreeView/HandyTreeView.tsx:451:17
          at Array.forEach (<anonymous>)

    console.log
      [HandyTreeView] applyFiltering { inputCount: 2, hasFilterItems: false, showHiddenFiles: true }

      at src/components/HandyTreeView/HandyTreeView.tsx:424:17

    console.log
      [HandyTreeView] RENDER END #22 {
        internalItemsLength: 2,
        expandedItemsCount: 0,
        selectedItemsCount: 0,
        hasEmptyState: false
      }

      at HandyTreeView (src/components/HandyTreeView/HandyTreeView.tsx:1429:13)

    console.log
      [HandyTreeView] renderTreeItems [f1ypz5hli] { itemsCount: 2, level: 0, renderId: 22 }

      at src/components/HandyTreeView/HandyTreeView.tsx:1236:17

    console.log
      [HandyTreeView] renderTreeItems [f1ypz5hli] completed { itemsCount: 2, level: 0, resultCount: 2 }

      at src/components/HandyTreeView/HandyTreeView.tsx:1330:17

    console.log
      [useLazyLoading] useEffect recreate data source { hasRef: true, configEnabled: false }

      at src/hooks/useLazyLoading.ts:222:13

    console.log
      [useLazyLoading] Recreating LazyLoadingDataSource

      at src/hooks/useLazyLoading.ts:228:15

    console.log
      [useLazyLoading] Setting up polling interval

      at src/hooks/useLazyLoading.ts:285:13

    console.log
      [HandyTreeView] useEffect items sync {
        hasDataSource: false,
        itemsLength: 2,
        filteredItemsLength: 2,
        internalItemsLength: 2
      }

      at src/components/HandyTreeView/HandyTreeView.tsx:496:15

    console.log
      [HandyTreeView] Syncing filtered items to internalItems

      at src/components/HandyTreeView/HandyTreeView.tsx:513:21

    console.log
      [HandyTreeView] useEffect fetch root items {
        hasDataSource: false,
        configEnabled: undefined,
        internalItemsLength: 2,
        itemsLength: 2,
        hasFetched: false
      }

      at src/components/HandyTreeView/HandyTreeView.tsx:549:15

    console.log
      [HandyTreeView] Skipping fetch - no dataSource or not enabled

      at src/components/HandyTreeView/HandyTreeView.tsx:559:17

    console.log
      [HandyTreeView] useEffect updateSelectionItems { internalItemsLength: 2 }

      at src/components/HandyTreeView/HandyTreeView.tsx:658:15

    console.log
      [HandyTreeView] RENDER START #23 {
        hasDataSource: false,
        itemsCount: 2,
        hasLazyLoading: false,
        timestamp: 1769005690987
      }

      at HandyTreeView (src/components/HandyTreeView/HandyTreeView.tsx:232:13)

    console.log
      [HandyTreeView] Calling useLazyLoading {
        hasDataSource: false,
        hasConfig: false,
        dataSourceType: 'none',
        dataSourceKeys: []
      }

      at HandyTreeView (src/components/HandyTreeView/HandyTreeView.tsx:321:13)

    console.log
      [useLazyLoading] HOOK CALLED {
        hasDataSource: true,
        configEnabled: false,
        configKeys: [ 'enabled' ]
      }

      at useLazyLoading (src/hooks/useLazyLoading.ts:195:11)

    console.log
      [HandyTreeView] useLazyLoading returned { hasDataSource: true, isLoading: false, stateCacheSize: 0 }

      at HandyTreeView (src/components/HandyTreeView/HandyTreeView.tsx:338:13)

    console.log
      [HandyTreeView] buildFullItemsMap { itemsCount: 2, mapSize: 0 }

      at src/components/HandyTreeView/HandyTreeView.tsx:451:17

    console.log
      [HandyTreeView] buildFullItemsMap { itemsCount: 2, mapSize: 1 }

      at src/components/HandyTreeView/HandyTreeView.tsx:451:17
          at Array.forEach (<anonymous>)

    console.log
      [HandyTreeView] buildFullItemsMap { itemsCount: 2, mapSize: 4 }

      at src/components/HandyTreeView/HandyTreeView.tsx:451:17
          at Array.forEach (<anonymous>)

    console.log
      [HandyTreeView] applyFiltering { inputCount: 2, hasFilterItems: false, showHiddenFiles: true }

      at src/components/HandyTreeView/HandyTreeView.tsx:424:17

    console.log
      [HandyTreeView] RENDER END #23 {
        internalItemsLength: 2,
        expandedItemsCount: 0,
        selectedItemsCount: 0,
        hasEmptyState: false
      }

      at HandyTreeView (src/components/HandyTreeView/HandyTreeView.tsx:1429:13)

    console.log
      [HandyTreeView] renderTreeItems [h5oc7lc7s] { itemsCount: 2, level: 0, renderId: 23 }

      at src/components/HandyTreeView/HandyTreeView.tsx:1236:17

    console.log
      [HandyTreeView] renderTreeItems [h5oc7lc7s] completed { itemsCount: 2, level: 0, resultCount: 2 }

      at src/components/HandyTreeView/HandyTreeView.tsx:1330:17

    console.log
      [useLazyLoading] useEffect recreate data source { hasRef: true, configEnabled: false }

      at src/hooks/useLazyLoading.ts:222:13

    console.log
      [useLazyLoading] Recreating LazyLoadingDataSource

      at src/hooks/useLazyLoading.ts:228:15

    console.log
      [HandyTreeView] useEffect items sync {
        hasDataSource: false,
        itemsLength: 2,
        filteredItemsLength: 2,
        internalItemsLength: 2
      }

      at src/components/HandyTreeView/HandyTreeView.tsx:496:15

    console.log
      [HandyTreeView] RENDER START #24 {
        hasDataSource: false,
        itemsCount: 2,
        hasLazyLoading: false,
        timestamp: 1769005691005
      }

      at HandyTreeView (src/components/HandyTreeView/HandyTreeView.tsx:232:13)

    console.log
      [HandyTreeView] Calling useLazyLoading {
        hasDataSource: false,
        hasConfig: false,
        dataSourceType: 'none',
        dataSourceKeys: []
      }

      at HandyTreeView (src/components/HandyTreeView/HandyTreeView.tsx:321:13)

    console.log
      [useLazyLoading] HOOK CALLED {
        hasDataSource: true,
        configEnabled: false,
        configKeys: [ 'enabled' ]
      }

      at useLazyLoading (src/hooks/useLazyLoading.ts:195:11)

    console.log
      [HandyTreeView] useLazyLoading returned { hasDataSource: true, isLoading: false, stateCacheSize: 0 }

      at HandyTreeView (src/components/HandyTreeView/HandyTreeView.tsx:338:13)

    console.log
      [HandyTreeView] buildFullItemsMap { itemsCount: 2, mapSize: 0 }

      at src/components/HandyTreeView/HandyTreeView.tsx:451:17

    console.log
      [HandyTreeView] buildFullItemsMap { itemsCount: 2, mapSize: 1 }

      at src/components/HandyTreeView/HandyTreeView.tsx:451:17
          at Array.forEach (<anonymous>)

    console.log
      [HandyTreeView] buildFullItemsMap { itemsCount: 2, mapSize: 4 }

      at src/components/HandyTreeView/HandyTreeView.tsx:451:17
          at Array.forEach (<anonymous>)

    console.log
      [HandyTreeView] applyFiltering { inputCount: 2, hasFilterItems: false, showHiddenFiles: true }

      at src/components/HandyTreeView/HandyTreeView.tsx:424:17

    console.log
      [HandyTreeView] RENDER END #24 {
        internalItemsLength: 2,
        expandedItemsCount: 0,
        selectedItemsCount: 0,
        hasEmptyState: false
      }

      at HandyTreeView (src/components/HandyTreeView/HandyTreeView.tsx:1429:13)

    console.log
      [HandyTreeView] renderTreeItems [wmt38tb8i] { itemsCount: 2, level: 0, renderId: 24 }

      at src/components/HandyTreeView/HandyTreeView.tsx:1236:17

    console.log
      [HandyTreeView] renderTreeItems [wmt38tb8i] completed { itemsCount: 2, level: 0, resultCount: 2 }

      at src/components/HandyTreeView/HandyTreeView.tsx:1330:17

    console.log
      [HandyTreeView] RENDER START #25 {
        hasDataSource: false,
        itemsCount: 2,
        hasLazyLoading: false,
        timestamp: 1769005691010
      }

      at HandyTreeView (src/components/HandyTreeView/HandyTreeView.tsx:232:13)

    console.log
      [HandyTreeView] Calling useLazyLoading {
        hasDataSource: false,
        hasConfig: false,
        dataSourceType: 'none',
        dataSourceKeys: []
      }

      at HandyTreeView (src/components/HandyTreeView/HandyTreeView.tsx:321:13)

    console.log
      [useLazyLoading] HOOK CALLED {
        hasDataSource: true,
        configEnabled: false,
        configKeys: [ 'enabled' ]
      }

      at useLazyLoading (src/hooks/useLazyLoading.ts:195:11)

    console.log
      [HandyTreeView] useLazyLoading returned { hasDataSource: true, isLoading: false, stateCacheSize: 0 }

      at HandyTreeView (src/components/HandyTreeView/HandyTreeView.tsx:338:13)

    console.log
      [HandyTreeView] buildFullItemsMap { itemsCount: 2, mapSize: 0 }

      at src/components/HandyTreeView/HandyTreeView.tsx:451:17

    console.log
      [HandyTreeView] buildFullItemsMap { itemsCount: 2, mapSize: 1 }

      at src/components/HandyTreeView/HandyTreeView.tsx:451:17
          at Array.forEach (<anonymous>)

    console.log
      [HandyTreeView] buildFullItemsMap { itemsCount: 2, mapSize: 4 }

      at src/components/HandyTreeView/HandyTreeView.tsx:451:17
          at Array.forEach (<anonymous>)

    console.log
      [HandyTreeView] applyFiltering { inputCount: 2, hasFilterItems: false, showHiddenFiles: true }

      at src/components/HandyTreeView/HandyTreeView.tsx:424:17

    console.log
      [HandyTreeView] RENDER END #25 {
        internalItemsLength: 2,
        expandedItemsCount: 1,
        selectedItemsCount: 0,
        hasEmptyState: false
      }

      at HandyTreeView (src/components/HandyTreeView/HandyTreeView.tsx:1429:13)

    console.log
      [HandyTreeView] renderTreeItems [u81vhnlg2] { itemsCount: 2, level: 0, renderId: 25 }

      at src/components/HandyTreeView/HandyTreeView.tsx:1236:17

    console.log
      [HandyTreeView] Rendering children for item 1 { childrenCount: 2, level: 1, renderId: 25 }

      at src/components/HandyTreeView/HandyTreeView.tsx:1318:29
          at Array.map (<anonymous>)

    console.log
      [HandyTreeView] renderTreeItems [qfpmnc8lm] { itemsCount: 2, level: 1, renderId: 25 }

      at src/components/HandyTreeView/HandyTreeView.tsx:1236:17
          at Array.map (<anonymous>)

    console.log
      [HandyTreeView] renderTreeItems [qfpmnc8lm] completed { itemsCount: 2, level: 1, resultCount: 2 }

      at src/components/HandyTreeView/HandyTreeView.tsx:1330:17
          at Array.map (<anonymous>)

    console.log
      [HandyTreeView] renderTreeItems [u81vhnlg2] completed { itemsCount: 2, level: 0, resultCount: 2 }

      at src/components/HandyTreeView/HandyTreeView.tsx:1330:17

    console.log
      [useLazyLoading] useEffect recreate data source { hasRef: true, configEnabled: false }

      at src/hooks/useLazyLoading.ts:222:13

    console.log
      [useLazyLoading] Recreating LazyLoadingDataSource

      at src/hooks/useLazyLoading.ts:228:15

    console.log
      [HandyTreeView] useEffect items sync {
        hasDataSource: false,
        itemsLength: 2,
        filteredItemsLength: 2,
        internalItemsLength: 2
      }

      at src/components/HandyTreeView/HandyTreeView.tsx:496:15

    console.log
      [useLazyLoading] Cleaning up polling interval

      at src/hooks/useLazyLoading.ts:293:15
          at Array.forEach (<anonymous>)

    console.log
      [HandyTreeView] RENDER START #26 {
        hasDataSource: false,
        itemsCount: 2,
        hasLazyLoading: false,
        timestamp: 1769005691060
      }

      at HandyTreeView (src/components/HandyTreeView/HandyTreeView.tsx:232:13)

    console.log
      [HandyTreeView] useMemo lazyLoadingConfig { hasDataSource: false, hasLazyLoading: false }

      at src/components/HandyTreeView/HandyTreeView.tsx:306:15

    console.log
      [HandyTreeView] Calling useLazyLoading {
        hasDataSource: false,
        hasConfig: false,
        dataSourceType: 'none',
        dataSourceKeys: []
      }

      at HandyTreeView (src/components/HandyTreeView/HandyTreeView.tsx:321:13)

    console.log
      [useLazyLoading] HOOK CALLED {
        hasDataSource: true,
        configEnabled: false,
        configKeys: [ 'enabled' ]
      }

      at useLazyLoading (src/hooks/useLazyLoading.ts:195:11)

    console.log
      [useLazyLoading] Creating new LazyLoadingDataSource

      at useLazyLoading (src/hooks/useLazyLoading.ts:213:13)

    console.log
      [HandyTreeView] useLazyLoading returned { hasDataSource: true, isLoading: false, stateCacheSize: 0 }

      at HandyTreeView (src/components/HandyTreeView/HandyTreeView.tsx:338:13)

    console.log
      [HandyTreeView] buildFullItemsMap { itemsCount: 2, mapSize: 0 }

      at src/components/HandyTreeView/HandyTreeView.tsx:451:17

    console.log
      [HandyTreeView] buildFullItemsMap { itemsCount: 2, mapSize: 1 }

      at src/components/HandyTreeView/HandyTreeView.tsx:451:17
          at Array.forEach (<anonymous>)

    console.log
      [HandyTreeView] buildFullItemsMap { itemsCount: 2, mapSize: 4 }

      at src/components/HandyTreeView/HandyTreeView.tsx:451:17
          at Array.forEach (<anonymous>)

    console.log
      [HandyTreeView] applyFiltering { inputCount: 2, hasFilterItems: false, showHiddenFiles: true }

      at src/components/HandyTreeView/HandyTreeView.tsx:424:17

    console.log
      [HandyTreeView] RENDER END #26 {
        internalItemsLength: 2,
        expandedItemsCount: 1,
        selectedItemsCount: 0,
        hasEmptyState: false
      }

      at HandyTreeView (src/components/HandyTreeView/HandyTreeView.tsx:1429:13)

    console.log
      [HandyTreeView] renderTreeItems [bjoyh9z62] { itemsCount: 2, level: 0, renderId: 26 }

      at src/components/HandyTreeView/HandyTreeView.tsx:1236:17

    console.log
      [HandyTreeView] Rendering children for item 1 { childrenCount: 2, level: 1, renderId: 26 }

      at src/components/HandyTreeView/HandyTreeView.tsx:1318:29
          at Array.map (<anonymous>)

    console.log
      [HandyTreeView] renderTreeItems [wq8ogwjcs] { itemsCount: 2, level: 1, renderId: 26 }

      at src/components/HandyTreeView/HandyTreeView.tsx:1236:17
          at Array.map (<anonymous>)

    console.log
      [HandyTreeView] renderTreeItems [wq8ogwjcs] completed { itemsCount: 2, level: 1, resultCount: 2 }

      at src/components/HandyTreeView/HandyTreeView.tsx:1330:17
          at Array.map (<anonymous>)

    console.log
      [HandyTreeView] renderTreeItems [bjoyh9z62] completed { itemsCount: 2, level: 0, resultCount: 2 }

      at src/components/HandyTreeView/HandyTreeView.tsx:1330:17

    console.log
      [useLazyLoading] useEffect recreate data source { hasRef: true, configEnabled: false }

      at src/hooks/useLazyLoading.ts:222:13

    console.log
      [useLazyLoading] Recreating LazyLoadingDataSource

      at src/hooks/useLazyLoading.ts:228:15

    console.log
      [useLazyLoading] Setting up polling interval

      at src/hooks/useLazyLoading.ts:285:13

    console.log
      [HandyTreeView] useEffect items sync {
        hasDataSource: false,
        itemsLength: 2,
        filteredItemsLength: 2,
        internalItemsLength: 2
      }

      at src/components/HandyTreeView/HandyTreeView.tsx:496:15

    console.log
      [HandyTreeView] Syncing filtered items to internalItems

      at src/components/HandyTreeView/HandyTreeView.tsx:513:21

    console.log
      [HandyTreeView] useEffect fetch root items {
        hasDataSource: false,
        configEnabled: undefined,
        internalItemsLength: 2,
        itemsLength: 2,
        hasFetched: false
      }

      at src/components/HandyTreeView/HandyTreeView.tsx:549:15

    console.log
      [HandyTreeView] Skipping fetch - no dataSource or not enabled

      at src/components/HandyTreeView/HandyTreeView.tsx:559:17

    console.log
      [HandyTreeView] useEffect updateSelectionItems { internalItemsLength: 2 }

      at src/components/HandyTreeView/HandyTreeView.tsx:658:15

    console.log
      [HandyTreeView] RENDER START #27 {
        hasDataSource: false,
        itemsCount: 2,
        hasLazyLoading: false,
        timestamp: 1769005691092
      }

      at HandyTreeView (src/components/HandyTreeView/HandyTreeView.tsx:232:13)

    console.log
      [HandyTreeView] Calling useLazyLoading {
        hasDataSource: false,
        hasConfig: false,
        dataSourceType: 'none',
        dataSourceKeys: []
      }

      at HandyTreeView (src/components/HandyTreeView/HandyTreeView.tsx:321:13)

    console.log
      [useLazyLoading] HOOK CALLED {
        hasDataSource: true,
        configEnabled: false,
        configKeys: [ 'enabled' ]
      }

      at useLazyLoading (src/hooks/useLazyLoading.ts:195:11)

    console.log
      [HandyTreeView] useLazyLoading returned { hasDataSource: true, isLoading: false, stateCacheSize: 0 }

      at HandyTreeView (src/components/HandyTreeView/HandyTreeView.tsx:338:13)

    console.log
      [HandyTreeView] buildFullItemsMap { itemsCount: 2, mapSize: 0 }

      at src/components/HandyTreeView/HandyTreeView.tsx:451:17

    console.log
      [HandyTreeView] buildFullItemsMap { itemsCount: 2, mapSize: 1 }

      at src/components/HandyTreeView/HandyTreeView.tsx:451:17
          at Array.forEach (<anonymous>)

    console.log
      [HandyTreeView] buildFullItemsMap { itemsCount: 2, mapSize: 4 }

      at src/components/HandyTreeView/HandyTreeView.tsx:451:17
          at Array.forEach (<anonymous>)

    console.log
      [HandyTreeView] applyFiltering { inputCount: 2, hasFilterItems: false, showHiddenFiles: true }

      at src/components/HandyTreeView/HandyTreeView.tsx:424:17

    console.log
      [HandyTreeView] RENDER END #27 {
        internalItemsLength: 2,
        expandedItemsCount: 1,
        selectedItemsCount: 0,
        hasEmptyState: false
      }

      at HandyTreeView (src/components/HandyTreeView/HandyTreeView.tsx:1429:13)

    console.log
      [HandyTreeView] renderTreeItems [gwsgfsd3t] { itemsCount: 2, level: 0, renderId: 27 }

      at src/components/HandyTreeView/HandyTreeView.tsx:1236:17

    console.log
      [HandyTreeView] Rendering children for item 1 { childrenCount: 2, level: 1, renderId: 27 }

      at src/components/HandyTreeView/HandyTreeView.tsx:1318:29
          at Array.map (<anonymous>)

    console.log
      [HandyTreeView] renderTreeItems [2xj5ynxlo] { itemsCount: 2, level: 1, renderId: 27 }

      at src/components/HandyTreeView/HandyTreeView.tsx:1236:17
          at Array.map (<anonymous>)

    console.log
      [HandyTreeView] renderTreeItems [2xj5ynxlo] completed { itemsCount: 2, level: 1, resultCount: 2 }

      at src/components/HandyTreeView/HandyTreeView.tsx:1330:17
          at Array.map (<anonymous>)

    console.log
      [HandyTreeView] renderTreeItems [gwsgfsd3t] completed { itemsCount: 2, level: 0, resultCount: 2 }

      at src/components/HandyTreeView/HandyTreeView.tsx:1330:17

    console.log
      [useLazyLoading] useEffect recreate data source { hasRef: true, configEnabled: false }

      at src/hooks/useLazyLoading.ts:222:13

    console.log
      [useLazyLoading] Recreating LazyLoadingDataSource

      at src/hooks/useLazyLoading.ts:228:15

    console.log
      [HandyTreeView] useEffect items sync {
        hasDataSource: false,
        itemsLength: 2,
        filteredItemsLength: 2,
        internalItemsLength: 2
      }

      at src/components/HandyTreeView/HandyTreeView.tsx:496:15

    console.log
      [HandyTreeView] RENDER START #28 {
        hasDataSource: false,
        itemsCount: 2,
        hasLazyLoading: false,
        timestamp: 1769005691109
      }

      at HandyTreeView (src/components/HandyTreeView/HandyTreeView.tsx:232:13)

    console.log
      [HandyTreeView] Calling useLazyLoading {
        hasDataSource: false,
        hasConfig: false,
        dataSourceType: 'none',
        dataSourceKeys: []
      }

      at HandyTreeView (src/components/HandyTreeView/HandyTreeView.tsx:321:13)

    console.log
      [useLazyLoading] HOOK CALLED {
        hasDataSource: true,
        configEnabled: false,
        configKeys: [ 'enabled' ]
      }

      at useLazyLoading (src/hooks/useLazyLoading.ts:195:11)

    console.log
      [HandyTreeView] useLazyLoading returned { hasDataSource: true, isLoading: false, stateCacheSize: 0 }

      at HandyTreeView (src/components/HandyTreeView/HandyTreeView.tsx:338:13)

    console.log
      [HandyTreeView] buildFullItemsMap { itemsCount: 2, mapSize: 0 }

      at src/components/HandyTreeView/HandyTreeView.tsx:451:17

    console.log
      [HandyTreeView] buildFullItemsMap { itemsCount: 2, mapSize: 1 }

      at src/components/HandyTreeView/HandyTreeView.tsx:451:17
          at Array.forEach (<anonymous>)

    console.log
      [HandyTreeView] buildFullItemsMap { itemsCount: 2, mapSize: 4 }

      at src/components/HandyTreeView/HandyTreeView.tsx:451:17
          at Array.forEach (<anonymous>)

    console.log
      [HandyTreeView] applyFiltering { inputCount: 2, hasFilterItems: false, showHiddenFiles: true }

      at src/components/HandyTreeView/HandyTreeView.tsx:424:17

    console.log
      [HandyTreeView] RENDER END #28 {
        internalItemsLength: 2,
        expandedItemsCount: 1,
        selectedItemsCount: 0,
        hasEmptyState: false
      }

      at HandyTreeView (src/components/HandyTreeView/HandyTreeView.tsx:1429:13)

    console.log
      [HandyTreeView] renderTreeItems [emvir3asl] { itemsCount: 2, level: 0, renderId: 28 }

      at src/components/HandyTreeView/HandyTreeView.tsx:1236:17

    console.log
      [HandyTreeView] Rendering children for item 1 { childrenCount: 2, level: 1, renderId: 28 }

      at src/components/HandyTreeView/HandyTreeView.tsx:1318:29
          at Array.map (<anonymous>)

    console.log
      [HandyTreeView] renderTreeItems [zpuj27r1o] { itemsCount: 2, level: 1, renderId: 28 }

      at src/components/HandyTreeView/HandyTreeView.tsx:1236:17
          at Array.map (<anonymous>)

    console.log
      [HandyTreeView] renderTreeItems [zpuj27r1o] completed { itemsCount: 2, level: 1, resultCount: 2 }

      at src/components/HandyTreeView/HandyTreeView.tsx:1330:17
          at Array.map (<anonymous>)

    console.log
      [HandyTreeView] renderTreeItems [emvir3asl] completed { itemsCount: 2, level: 0, resultCount: 2 }

      at src/components/HandyTreeView/HandyTreeView.tsx:1330:17

    console.log
      [HandyTreeView] RENDER START #29 {
        hasDataSource: false,
        itemsCount: 2,
        hasLazyLoading: false,
        timestamp: 1769005691115
      }

      at HandyTreeView (src/components/HandyTreeView/HandyTreeView.tsx:232:13)

    console.log
      [HandyTreeView] Calling useLazyLoading {
        hasDataSource: false,
        hasConfig: false,
        dataSourceType: 'none',
        dataSourceKeys: []
      }

      at HandyTreeView (src/components/HandyTreeView/HandyTreeView.tsx:321:13)

    console.log
      [useLazyLoading] HOOK CALLED {
        hasDataSource: true,
        configEnabled: false,
        configKeys: [ 'enabled' ]
      }

      at useLazyLoading (src/hooks/useLazyLoading.ts:195:11)

    console.log
      [HandyTreeView] useLazyLoading returned { hasDataSource: true, isLoading: false, stateCacheSize: 0 }

      at HandyTreeView (src/components/HandyTreeView/HandyTreeView.tsx:338:13)

    console.log
      [HandyTreeView] buildFullItemsMap { itemsCount: 2, mapSize: 0 }

      at src/components/HandyTreeView/HandyTreeView.tsx:451:17

    console.log
      [HandyTreeView] buildFullItemsMap { itemsCount: 2, mapSize: 1 }

      at src/components/HandyTreeView/HandyTreeView.tsx:451:17
          at Array.forEach (<anonymous>)

    console.log
      [HandyTreeView] buildFullItemsMap { itemsCount: 2, mapSize: 4 }

      at src/components/HandyTreeView/HandyTreeView.tsx:451:17
          at Array.forEach (<anonymous>)

    console.log
      [HandyTreeView] applyFiltering { inputCount: 2, hasFilterItems: false, showHiddenFiles: true }

      at src/components/HandyTreeView/HandyTreeView.tsx:424:17

    console.log
      [HandyTreeView] RENDER END #29 {
        internalItemsLength: 2,
        expandedItemsCount: 0,
        selectedItemsCount: 0,
        hasEmptyState: false
      }

      at HandyTreeView (src/components/HandyTreeView/HandyTreeView.tsx:1429:13)

    console.log
      [HandyTreeView] renderTreeItems [d3d963caa] { itemsCount: 2, level: 0, renderId: 29 }

      at src/components/HandyTreeView/HandyTreeView.tsx:1236:17

    console.log
      [HandyTreeView] renderTreeItems [d3d963caa] completed { itemsCount: 2, level: 0, resultCount: 2 }

      at src/components/HandyTreeView/HandyTreeView.tsx:1330:17

    console.log
      [useLazyLoading] useEffect recreate data source { hasRef: true, configEnabled: false }

      at src/hooks/useLazyLoading.ts:222:13

    console.log
      [useLazyLoading] Recreating LazyLoadingDataSource

      at src/hooks/useLazyLoading.ts:228:15

    console.log
      [HandyTreeView] useEffect items sync {
        hasDataSource: false,
        itemsLength: 2,
        filteredItemsLength: 2,
        internalItemsLength: 2
      }

      at src/components/HandyTreeView/HandyTreeView.tsx:496:15

    console.log
      [useLazyLoading] Cleaning up polling interval

      at src/hooks/useLazyLoading.ts:293:15
          at Array.forEach (<anonymous>)

    console.log
      [HandyTreeView] RENDER START #30 {
        hasDataSource: false,
        itemsCount: 2,
        hasLazyLoading: false,
        timestamp: 1769005691127
      }

      at HandyTreeView (src/components/HandyTreeView/HandyTreeView.tsx:232:13)

    console.log
      [HandyTreeView] useMemo lazyLoadingConfig { hasDataSource: false, hasLazyLoading: false }

      at src/components/HandyTreeView/HandyTreeView.tsx:306:15

    console.log
      [HandyTreeView] Calling useLazyLoading {
        hasDataSource: false,
        hasConfig: false,
        dataSourceType: 'none',
        dataSourceKeys: []
      }

      at HandyTreeView (src/components/HandyTreeView/HandyTreeView.tsx:321:13)

    console.log
      [useLazyLoading] HOOK CALLED {
        hasDataSource: true,
        configEnabled: false,
        configKeys: [ 'enabled' ]
      }

      at useLazyLoading (src/hooks/useLazyLoading.ts:195:11)

    console.log
      [useLazyLoading] Creating new LazyLoadingDataSource

      at useLazyLoading (src/hooks/useLazyLoading.ts:213:13)

    console.log
      [HandyTreeView] useLazyLoading returned { hasDataSource: true, isLoading: false, stateCacheSize: 0 }

      at HandyTreeView (src/components/HandyTreeView/HandyTreeView.tsx:338:13)

    console.log
      [HandyTreeView] buildFullItemsMap { itemsCount: 2, mapSize: 0 }

      at src/components/HandyTreeView/HandyTreeView.tsx:451:17

    console.log
      [HandyTreeView] buildFullItemsMap { itemsCount: 2, mapSize: 1 }

      at src/components/HandyTreeView/HandyTreeView.tsx:451:17
          at Array.forEach (<anonymous>)

    console.log
      [HandyTreeView] buildFullItemsMap { itemsCount: 2, mapSize: 4 }

      at src/components/HandyTreeView/HandyTreeView.tsx:451:17
          at Array.forEach (<anonymous>)

    console.log
      [HandyTreeView] applyFiltering { inputCount: 2, hasFilterItems: false, showHiddenFiles: true }

      at src/components/HandyTreeView/HandyTreeView.tsx:424:17

    console.log
      [HandyTreeView] RENDER END #30 {
        internalItemsLength: 2,
        expandedItemsCount: 0,
        selectedItemsCount: 0,
        hasEmptyState: false
      }

      at HandyTreeView (src/components/HandyTreeView/HandyTreeView.tsx:1429:13)

    console.log
      [HandyTreeView] renderTreeItems [w0j7jkl47] { itemsCount: 2, level: 0, renderId: 30 }

      at src/components/HandyTreeView/HandyTreeView.tsx:1236:17

    console.log
      [HandyTreeView] renderTreeItems [w0j7jkl47] completed { itemsCount: 2, level: 0, resultCount: 2 }

      at src/components/HandyTreeView/HandyTreeView.tsx:1330:17

    console.log
      [useLazyLoading] useEffect recreate data source { hasRef: true, configEnabled: false }

      at src/hooks/useLazyLoading.ts:222:13

    console.log
      [useLazyLoading] Recreating LazyLoadingDataSource

      at src/hooks/useLazyLoading.ts:228:15

    console.log
      [useLazyLoading] Setting up polling interval

      at src/hooks/useLazyLoading.ts:285:13

    console.log
      [HandyTreeView] useEffect items sync {
        hasDataSource: false,
        itemsLength: 2,
        filteredItemsLength: 2,
        internalItemsLength: 2
      }

      at src/components/HandyTreeView/HandyTreeView.tsx:496:15

    console.log
      [HandyTreeView] Syncing filtered items to internalItems

      at src/components/HandyTreeView/HandyTreeView.tsx:513:21

    console.log
      [HandyTreeView] useEffect fetch root items {
        hasDataSource: false,
        configEnabled: undefined,
        internalItemsLength: 2,
        itemsLength: 2,
        hasFetched: false
      }

      at src/components/HandyTreeView/HandyTreeView.tsx:549:15

    console.log
      [HandyTreeView] Skipping fetch - no dataSource or not enabled

      at src/components/HandyTreeView/HandyTreeView.tsx:559:17

    console.log
      [HandyTreeView] useEffect updateSelectionItems { internalItemsLength: 2 }

      at src/components/HandyTreeView/HandyTreeView.tsx:658:15

    console.log
      [HandyTreeView] RENDER START #31 {
        hasDataSource: false,
        itemsCount: 2,
        hasLazyLoading: false,
        timestamp: 1769005691142
      }

      at HandyTreeView (src/components/HandyTreeView/HandyTreeView.tsx:232:13)

    console.log
      [HandyTreeView] Calling useLazyLoading {
        hasDataSource: false,
        hasConfig: false,
        dataSourceType: 'none',
        dataSourceKeys: []
      }

      at HandyTreeView (src/components/HandyTreeView/HandyTreeView.tsx:321:13)

    console.log
      [useLazyLoading] HOOK CALLED {
        hasDataSource: true,
        configEnabled: false,
        configKeys: [ 'enabled' ]
      }

      at useLazyLoading (src/hooks/useLazyLoading.ts:195:11)

    console.log
      [HandyTreeView] useLazyLoading returned { hasDataSource: true, isLoading: false, stateCacheSize: 0 }

      at HandyTreeView (src/components/HandyTreeView/HandyTreeView.tsx:338:13)

    console.log
      [HandyTreeView] buildFullItemsMap { itemsCount: 2, mapSize: 0 }

      at src/components/HandyTreeView/HandyTreeView.tsx:451:17

    console.log
      [HandyTreeView] buildFullItemsMap { itemsCount: 2, mapSize: 1 }

      at src/components/HandyTreeView/HandyTreeView.tsx:451:17
          at Array.forEach (<anonymous>)

    console.log
      [HandyTreeView] buildFullItemsMap { itemsCount: 2, mapSize: 4 }

      at src/components/HandyTreeView/HandyTreeView.tsx:451:17
          at Array.forEach (<anonymous>)

    console.log
      [HandyTreeView] applyFiltering { inputCount: 2, hasFilterItems: false, showHiddenFiles: true }

      at src/components/HandyTreeView/HandyTreeView.tsx:424:17

    console.log
      [HandyTreeView] RENDER END #31 {
        internalItemsLength: 2,
        expandedItemsCount: 0,
        selectedItemsCount: 0,
        hasEmptyState: false
      }

      at HandyTreeView (src/components/HandyTreeView/HandyTreeView.tsx:1429:13)

    console.log
      [HandyTreeView] renderTreeItems [gz4j1ytpg] { itemsCount: 2, level: 0, renderId: 31 }

      at src/components/HandyTreeView/HandyTreeView.tsx:1236:17

    console.log
      [HandyTreeView] renderTreeItems [gz4j1ytpg] completed { itemsCount: 2, level: 0, resultCount: 2 }

      at src/components/HandyTreeView/HandyTreeView.tsx:1330:17

    console.log
      [useLazyLoading] useEffect recreate data source { hasRef: true, configEnabled: false }

      at src/hooks/useLazyLoading.ts:222:13

    console.log
      [useLazyLoading] Recreating LazyLoadingDataSource

      at src/hooks/useLazyLoading.ts:228:15

    console.log
      [HandyTreeView] useEffect items sync {
        hasDataSource: false,
        itemsLength: 2,
        filteredItemsLength: 2,
        internalItemsLength: 2
      }

      at src/components/HandyTreeView/HandyTreeView.tsx:496:15

    console.log
      [HandyTreeView] RENDER START #32 {
        hasDataSource: false,
        itemsCount: 2,
        hasLazyLoading: false,
        timestamp: 1769005691153
      }

      at HandyTreeView (src/components/HandyTreeView/HandyTreeView.tsx:232:13)

    console.log
      [HandyTreeView] Calling useLazyLoading {
        hasDataSource: false,
        hasConfig: false,
        dataSourceType: 'none',
        dataSourceKeys: []
      }

      at HandyTreeView (src/components/HandyTreeView/HandyTreeView.tsx:321:13)

    console.log
      [useLazyLoading] HOOK CALLED {
        hasDataSource: true,
        configEnabled: false,
        configKeys: [ 'enabled' ]
      }

      at useLazyLoading (src/hooks/useLazyLoading.ts:195:11)

    console.log
      [HandyTreeView] useLazyLoading returned { hasDataSource: true, isLoading: false, stateCacheSize: 0 }

      at HandyTreeView (src/components/HandyTreeView/HandyTreeView.tsx:338:13)

    console.log
      [HandyTreeView] buildFullItemsMap { itemsCount: 2, mapSize: 0 }

      at src/components/HandyTreeView/HandyTreeView.tsx:451:17

    console.log
      [HandyTreeView] buildFullItemsMap { itemsCount: 2, mapSize: 1 }

      at src/components/HandyTreeView/HandyTreeView.tsx:451:17
          at Array.forEach (<anonymous>)

    console.log
      [HandyTreeView] buildFullItemsMap { itemsCount: 2, mapSize: 4 }

      at src/components/HandyTreeView/HandyTreeView.tsx:451:17
          at Array.forEach (<anonymous>)

    console.log
      [HandyTreeView] applyFiltering { inputCount: 2, hasFilterItems: false, showHiddenFiles: true }

      at src/components/HandyTreeView/HandyTreeView.tsx:424:17

    console.log
      [HandyTreeView] RENDER END #32 {
        internalItemsLength: 2,
        expandedItemsCount: 0,
        selectedItemsCount: 0,
        hasEmptyState: false
      }

      at HandyTreeView (src/components/HandyTreeView/HandyTreeView.tsx:1429:13)

    console.log
      [HandyTreeView] renderTreeItems [ztoyv08ie] { itemsCount: 2, level: 0, renderId: 32 }

      at src/components/HandyTreeView/HandyTreeView.tsx:1236:17

    console.log
      [HandyTreeView] renderTreeItems [ztoyv08ie] completed { itemsCount: 2, level: 0, resultCount: 2 }

      at src/components/HandyTreeView/HandyTreeView.tsx:1330:17

    console.log
      [useLazyLoading] Cleaning up polling interval

      at src/hooks/useLazyLoading.ts:293:15
          at Array.forEach (<anonymous>)

    console.log
      [HandyTreeView] RENDER START #33 {
        hasDataSource: false,
        itemsCount: 2,
        hasLazyLoading: false,
        timestamp: 1769005691162
      }

      at HandyTreeView (src/components/HandyTreeView/HandyTreeView.tsx:232:13)

    console.log
      [HandyTreeView] useMemo lazyLoadingConfig { hasDataSource: false, hasLazyLoading: false }

      at src/components/HandyTreeView/HandyTreeView.tsx:306:15

    console.log
      [HandyTreeView] Calling useLazyLoading {
        hasDataSource: false,
        hasConfig: false,
        dataSourceType: 'none',
        dataSourceKeys: []
      }

      at HandyTreeView (src/components/HandyTreeView/HandyTreeView.tsx:321:13)

    console.log
      [useLazyLoading] HOOK CALLED {
        hasDataSource: true,
        configEnabled: false,
        configKeys: [ 'enabled' ]
      }

      at useLazyLoading (src/hooks/useLazyLoading.ts:195:11)

    console.log
      [useLazyLoading] Creating new LazyLoadingDataSource

      at useLazyLoading (src/hooks/useLazyLoading.ts:213:13)

    console.log
      [HandyTreeView] useLazyLoading returned { hasDataSource: true, isLoading: false, stateCacheSize: 0 }

      at HandyTreeView (src/components/HandyTreeView/HandyTreeView.tsx:338:13)

    console.log
      [HandyTreeView] buildFullItemsMap { itemsCount: 2, mapSize: 0 }

      at src/components/HandyTreeView/HandyTreeView.tsx:451:17

    console.log
      [HandyTreeView] buildFullItemsMap { itemsCount: 2, mapSize: 1 }

      at src/components/HandyTreeView/HandyTreeView.tsx:451:17
          at Array.forEach (<anonymous>)

    console.log
      [HandyTreeView] buildFullItemsMap { itemsCount: 2, mapSize: 4 }

      at src/components/HandyTreeView/HandyTreeView.tsx:451:17
          at Array.forEach (<anonymous>)

    console.log
      [HandyTreeView] applyFiltering { inputCount: 2, hasFilterItems: false, showHiddenFiles: true }

      at src/components/HandyTreeView/HandyTreeView.tsx:424:17

    console.log
      [HandyTreeView] RENDER END #33 {
        internalItemsLength: 2,
        expandedItemsCount: 0,
        selectedItemsCount: 0,
        hasEmptyState: false
      }

      at HandyTreeView (src/components/HandyTreeView/HandyTreeView.tsx:1429:13)

    console.log
      [HandyTreeView] renderTreeItems [mbil540oq] { itemsCount: 2, level: 0, renderId: 33 }

      at src/components/HandyTreeView/HandyTreeView.tsx:1236:17

    console.log
      [HandyTreeView] renderTreeItems [mbil540oq] completed { itemsCount: 2, level: 0, resultCount: 2 }

      at src/components/HandyTreeView/HandyTreeView.tsx:1330:17

    console.log
      [useLazyLoading] useEffect recreate data source { hasRef: true, configEnabled: false }

      at src/hooks/useLazyLoading.ts:222:13

    console.log
      [useLazyLoading] Recreating LazyLoadingDataSource

      at src/hooks/useLazyLoading.ts:228:15

    console.log
      [useLazyLoading] Setting up polling interval

      at src/hooks/useLazyLoading.ts:285:13

    console.log
      [HandyTreeView] useEffect items sync {
        hasDataSource: false,
        itemsLength: 2,
        filteredItemsLength: 2,
        internalItemsLength: 2
      }

      at src/components/HandyTreeView/HandyTreeView.tsx:496:15

    console.log
      [HandyTreeView] Syncing filtered items to internalItems

      at src/components/HandyTreeView/HandyTreeView.tsx:513:21

    console.log
      [HandyTreeView] useEffect fetch root items {
        hasDataSource: false,
        configEnabled: undefined,
        internalItemsLength: 2,
        itemsLength: 2,
        hasFetched: false
      }

      at src/components/HandyTreeView/HandyTreeView.tsx:549:15

    console.log
      [HandyTreeView] Skipping fetch - no dataSource or not enabled

      at src/components/HandyTreeView/HandyTreeView.tsx:559:17

    console.log
      [HandyTreeView] useEffect updateSelectionItems { internalItemsLength: 2 }

      at src/components/HandyTreeView/HandyTreeView.tsx:658:15

    console.log
      [HandyTreeView] RENDER START #34 {
        hasDataSource: false,
        itemsCount: 2,
        hasLazyLoading: false,
        timestamp: 1769005691192
      }

      at HandyTreeView (src/components/HandyTreeView/HandyTreeView.tsx:232:13)

    console.log
      [HandyTreeView] Calling useLazyLoading {
        hasDataSource: false,
        hasConfig: false,
        dataSourceType: 'none',
        dataSourceKeys: []
      }

      at HandyTreeView (src/components/HandyTreeView/HandyTreeView.tsx:321:13)

    console.log
      [useLazyLoading] HOOK CALLED {
        hasDataSource: true,
        configEnabled: false,
        configKeys: [ 'enabled' ]
      }

      at useLazyLoading (src/hooks/useLazyLoading.ts:195:11)

    console.log
      [HandyTreeView] useLazyLoading returned { hasDataSource: true, isLoading: false, stateCacheSize: 0 }

      at HandyTreeView (src/components/HandyTreeView/HandyTreeView.tsx:338:13)

    console.log
      [HandyTreeView] buildFullItemsMap { itemsCount: 2, mapSize: 0 }

      at src/components/HandyTreeView/HandyTreeView.tsx:451:17

    console.log
      [HandyTreeView] buildFullItemsMap { itemsCount: 2, mapSize: 1 }

      at src/components/HandyTreeView/HandyTreeView.tsx:451:17
          at Array.forEach (<anonymous>)

    console.log
      [HandyTreeView] buildFullItemsMap { itemsCount: 2, mapSize: 4 }

      at src/components/HandyTreeView/HandyTreeView.tsx:451:17
          at Array.forEach (<anonymous>)

    console.log
      [HandyTreeView] applyFiltering { inputCount: 2, hasFilterItems: false, showHiddenFiles: true }

      at src/components/HandyTreeView/HandyTreeView.tsx:424:17

    console.log
      [HandyTreeView] RENDER END #34 {
        internalItemsLength: 2,
        expandedItemsCount: 0,
        selectedItemsCount: 0,
        hasEmptyState: false
      }

      at HandyTreeView (src/components/HandyTreeView/HandyTreeView.tsx:1429:13)

    console.log
      [HandyTreeView] renderTreeItems [0i0i7ju2z] { itemsCount: 2, level: 0, renderId: 34 }

      at src/components/HandyTreeView/HandyTreeView.tsx:1236:17

    console.log
      [HandyTreeView] renderTreeItems [0i0i7ju2z] completed { itemsCount: 2, level: 0, resultCount: 2 }

      at src/components/HandyTreeView/HandyTreeView.tsx:1330:17

    console.log
      [useLazyLoading] useEffect recreate data source { hasRef: true, configEnabled: false }

      at src/hooks/useLazyLoading.ts:222:13

    console.log
      [useLazyLoading] Recreating LazyLoadingDataSource

      at src/hooks/useLazyLoading.ts:228:15

    console.log
      [HandyTreeView] useEffect items sync {
        hasDataSource: false,
        itemsLength: 2,
        filteredItemsLength: 2,
        internalItemsLength: 2
      }

      at src/components/HandyTreeView/HandyTreeView.tsx:496:15

    console.log
      [HandyTreeView] RENDER START #35 {
        hasDataSource: false,
        itemsCount: 2,
        hasLazyLoading: false,
        timestamp: 1769005691207
      }

      at HandyTreeView (src/components/HandyTreeView/HandyTreeView.tsx:232:13)

    console.log
      [HandyTreeView] Calling useLazyLoading {
        hasDataSource: false,
        hasConfig: false,
        dataSourceType: 'none',
        dataSourceKeys: []
      }

      at HandyTreeView (src/components/HandyTreeView/HandyTreeView.tsx:321:13)

    console.log
      [useLazyLoading] HOOK CALLED {
        hasDataSource: true,
        configEnabled: false,
        configKeys: [ 'enabled' ]
      }

      at useLazyLoading (src/hooks/useLazyLoading.ts:195:11)

    console.log
      [HandyTreeView] useLazyLoading returned { hasDataSource: true, isLoading: false, stateCacheSize: 0 }

      at HandyTreeView (src/components/HandyTreeView/HandyTreeView.tsx:338:13)

    console.log
      [HandyTreeView] buildFullItemsMap { itemsCount: 2, mapSize: 0 }

      at src/components/HandyTreeView/HandyTreeView.tsx:451:17

    console.log
      [HandyTreeView] buildFullItemsMap { itemsCount: 2, mapSize: 1 }

      at src/components/HandyTreeView/HandyTreeView.tsx:451:17
          at Array.forEach (<anonymous>)

    console.log
      [HandyTreeView] buildFullItemsMap { itemsCount: 2, mapSize: 4 }

      at src/components/HandyTreeView/HandyTreeView.tsx:451:17
          at Array.forEach (<anonymous>)

    console.log
      [HandyTreeView] applyFiltering { inputCount: 2, hasFilterItems: false, showHiddenFiles: true }

      at src/components/HandyTreeView/HandyTreeView.tsx:424:17

    console.log
      [HandyTreeView] RENDER END #35 {
        internalItemsLength: 2,
        expandedItemsCount: 0,
        selectedItemsCount: 0,
        hasEmptyState: false
      }

      at HandyTreeView (src/components/HandyTreeView/HandyTreeView.tsx:1429:13)

    console.log
      [HandyTreeView] renderTreeItems [uc33lalpo] { itemsCount: 2, level: 0, renderId: 35 }

      at src/components/HandyTreeView/HandyTreeView.tsx:1236:17

    console.log
      [HandyTreeView] renderTreeItems [uc33lalpo] completed { itemsCount: 2, level: 0, resultCount: 2 }

      at src/components/HandyTreeView/HandyTreeView.tsx:1330:17

    console.log
      [useLazyLoading] Cleaning up polling interval

      at src/hooks/useLazyLoading.ts:293:15
          at Array.forEach (<anonymous>)

    console.log
      [HandyTreeView] RENDER START #36 {
        hasDataSource: false,
        itemsCount: 20,
        hasLazyLoading: false,
        timestamp: 1769005691217
      }

      at HandyTreeView (src/components/HandyTreeView/HandyTreeView.tsx:232:13)

    console.log
      [HandyTreeView] useMemo lazyLoadingConfig { hasDataSource: false, hasLazyLoading: false }

      at src/components/HandyTreeView/HandyTreeView.tsx:306:15

    console.log
      [HandyTreeView] Calling useLazyLoading {
        hasDataSource: false,
        hasConfig: false,
        dataSourceType: 'none',
        dataSourceKeys: []
      }

      at HandyTreeView (src/components/HandyTreeView/HandyTreeView.tsx:321:13)

    console.log
      [useLazyLoading] HOOK CALLED {
        hasDataSource: true,
        configEnabled: false,
        configKeys: [ 'enabled' ]
      }

      at useLazyLoading (src/hooks/useLazyLoading.ts:195:11)

    console.log
      [useLazyLoading] Creating new LazyLoadingDataSource

      at useLazyLoading (src/hooks/useLazyLoading.ts:213:13)

    console.log
      [HandyTreeView] useLazyLoading returned { hasDataSource: true, isLoading: false, stateCacheSize: 0 }

      at HandyTreeView (src/components/HandyTreeView/HandyTreeView.tsx:338:13)

    console.log
      [HandyTreeView] buildFullItemsMap { itemsCount: 20, mapSize: 0 }

      at src/components/HandyTreeView/HandyTreeView.tsx:451:17

    console.log
      [HandyTreeView] applyFiltering { inputCount: 20, hasFilterItems: false, showHiddenFiles: true }

      at src/components/HandyTreeView/HandyTreeView.tsx:424:17

    console.log
      [HandyTreeView] RENDER END #36 {
        internalItemsLength: 20,
        expandedItemsCount: 0,
        selectedItemsCount: 0,
        hasEmptyState: false
      }

      at HandyTreeView (src/components/HandyTreeView/HandyTreeView.tsx:1429:13)

    console.log
      [HandyTreeView] renderTreeItems [26mcakhyn] { itemsCount: 20, level: 0, renderId: 36 }

      at src/components/HandyTreeView/HandyTreeView.tsx:1236:17

    console.log
      [HandyTreeView] renderTreeItems [26mcakhyn] completed { itemsCount: 20, level: 0, resultCount: 20 }

      at src/components/HandyTreeView/HandyTreeView.tsx:1330:17

    console.log
      [useLazyLoading] useEffect recreate data source { hasRef: true, configEnabled: false }

      at src/hooks/useLazyLoading.ts:222:13

    console.log
      [useLazyLoading] Recreating LazyLoadingDataSource

      at src/hooks/useLazyLoading.ts:228:15

    console.log
      [useLazyLoading] Setting up polling interval

      at src/hooks/useLazyLoading.ts:285:13

    console.log
      [HandyTreeView] useEffect items sync {
        hasDataSource: false,
        itemsLength: 20,
        filteredItemsLength: 20,
        internalItemsLength: 20
      }

      at src/components/HandyTreeView/HandyTreeView.tsx:496:15

    console.log
      [HandyTreeView] Syncing filtered items to internalItems

      at src/components/HandyTreeView/HandyTreeView.tsx:513:21

    console.log
      [HandyTreeView] useEffect fetch root items {
        hasDataSource: false,
        configEnabled: undefined,
        internalItemsLength: 20,
        itemsLength: 20,
        hasFetched: false
      }

      at src/components/HandyTreeView/HandyTreeView.tsx:549:15

    console.log
      [HandyTreeView] Skipping fetch - no dataSource or not enabled

      at src/components/HandyTreeView/HandyTreeView.tsx:559:17

    console.log
      [HandyTreeView] useEffect updateSelectionItems { internalItemsLength: 20 }

      at src/components/HandyTreeView/HandyTreeView.tsx:658:15

    console.log
      [HandyTreeView] RENDER START #37 {
        hasDataSource: false,
        itemsCount: 20,
        hasLazyLoading: false,
        timestamp: 1769005691266
      }

      at HandyTreeView (src/components/HandyTreeView/HandyTreeView.tsx:232:13)

    console.log
      [HandyTreeView] Calling useLazyLoading {
        hasDataSource: false,
        hasConfig: false,
        dataSourceType: 'none',
        dataSourceKeys: []
      }

      at HandyTreeView (src/components/HandyTreeView/HandyTreeView.tsx:321:13)

    console.log
      [useLazyLoading] HOOK CALLED {
        hasDataSource: true,
        configEnabled: false,
        configKeys: [ 'enabled' ]
      }

      at useLazyLoading (src/hooks/useLazyLoading.ts:195:11)

    console.log
      [HandyTreeView] useLazyLoading returned { hasDataSource: true, isLoading: false, stateCacheSize: 0 }

      at HandyTreeView (src/components/HandyTreeView/HandyTreeView.tsx:338:13)

    console.log
      [HandyTreeView] buildFullItemsMap { itemsCount: 20, mapSize: 0 }

      at src/components/HandyTreeView/HandyTreeView.tsx:451:17

    console.log
      [HandyTreeView] applyFiltering { inputCount: 20, hasFilterItems: false, showHiddenFiles: true }

      at src/components/HandyTreeView/HandyTreeView.tsx:424:17

    console.log
      [HandyTreeView] RENDER END #37 {
        internalItemsLength: 20,
        expandedItemsCount: 0,
        selectedItemsCount: 0,
        hasEmptyState: false
      }

      at HandyTreeView (src/components/HandyTreeView/HandyTreeView.tsx:1429:13)

    console.log
      [HandyTreeView] renderTreeItems [rblrdsolu] { itemsCount: 20, level: 0, renderId: 37 }

      at src/components/HandyTreeView/HandyTreeView.tsx:1236:17

    console.log
      [HandyTreeView] renderTreeItems [rblrdsolu] completed { itemsCount: 20, level: 0, resultCount: 20 }

      at src/components/HandyTreeView/HandyTreeView.tsx:1330:17

    console.log
      [useLazyLoading] useEffect recreate data source { hasRef: true, configEnabled: false }

      at src/hooks/useLazyLoading.ts:222:13

    console.log
      [useLazyLoading] Recreating LazyLoadingDataSource

      at src/hooks/useLazyLoading.ts:228:15

    console.log
      [HandyTreeView] useEffect items sync {
        hasDataSource: false,
        itemsLength: 20,
        filteredItemsLength: 20,
        internalItemsLength: 20
      }

      at src/components/HandyTreeView/HandyTreeView.tsx:496:15

    console.log
      [HandyTreeView] RENDER START #38 {
        hasDataSource: false,
        itemsCount: 20,
        hasLazyLoading: false,
        timestamp: 1769005691292
      }

      at HandyTreeView (src/components/HandyTreeView/HandyTreeView.tsx:232:13)

    console.log
      [HandyTreeView] Calling useLazyLoading {
        hasDataSource: false,
        hasConfig: false,
        dataSourceType: 'none',
        dataSourceKeys: []
      }

      at HandyTreeView (src/components/HandyTreeView/HandyTreeView.tsx:321:13)

    console.log
      [useLazyLoading] HOOK CALLED {
        hasDataSource: true,
        configEnabled: false,
        configKeys: [ 'enabled' ]
      }

      at useLazyLoading (src/hooks/useLazyLoading.ts:195:11)

    console.log
      [HandyTreeView] useLazyLoading returned { hasDataSource: true, isLoading: false, stateCacheSize: 0 }

      at HandyTreeView (src/components/HandyTreeView/HandyTreeView.tsx:338:13)

    console.log
      [HandyTreeView] buildFullItemsMap { itemsCount: 20, mapSize: 0 }

      at src/components/HandyTreeView/HandyTreeView.tsx:451:17

    console.log
      [HandyTreeView] applyFiltering { inputCount: 20, hasFilterItems: false, showHiddenFiles: true }

      at src/components/HandyTreeView/HandyTreeView.tsx:424:17

    console.log
      [HandyTreeView] RENDER END #38 {
        internalItemsLength: 20,
        expandedItemsCount: 0,
        selectedItemsCount: 0,
        hasEmptyState: false
      }

      at HandyTreeView (src/components/HandyTreeView/HandyTreeView.tsx:1429:13)

    console.log
      [HandyTreeView] renderTreeItems [pnm2kgbov] { itemsCount: 20, level: 0, renderId: 38 }

      at src/components/HandyTreeView/HandyTreeView.tsx:1236:17

    console.log
      [HandyTreeView] renderTreeItems [pnm2kgbov] completed { itemsCount: 20, level: 0, resultCount: 20 }

      at src/components/HandyTreeView/HandyTreeView.tsx:1330:17

    console.log
      [useLazyLoading] Cleaning up polling interval

      at src/hooks/useLazyLoading.ts:293:15
          at Array.forEach (<anonymous>)

    console.log
      [HandyTreeView] RENDER START #39 {
        hasDataSource: false,
        itemsCount: 20,
        hasLazyLoading: false,
        timestamp: 1769005691303
      }

      at HandyTreeView (src/components/HandyTreeView/HandyTreeView.tsx:232:13)

    console.log
      [HandyTreeView] useMemo lazyLoadingConfig { hasDataSource: false, hasLazyLoading: false }

      at src/components/HandyTreeView/HandyTreeView.tsx:306:15

    console.log
      [HandyTreeView] Calling useLazyLoading {
        hasDataSource: false,
        hasConfig: false,
        dataSourceType: 'none',
        dataSourceKeys: []
      }

      at HandyTreeView (src/components/HandyTreeView/HandyTreeView.tsx:321:13)

    console.log
      [useLazyLoading] HOOK CALLED {
        hasDataSource: true,
        configEnabled: false,
        configKeys: [ 'enabled' ]
      }

      at useLazyLoading (src/hooks/useLazyLoading.ts:195:11)

    console.log
      [useLazyLoading] Creating new LazyLoadingDataSource

      at useLazyLoading (src/hooks/useLazyLoading.ts:213:13)

    console.log
      [HandyTreeView] useLazyLoading returned { hasDataSource: true, isLoading: false, stateCacheSize: 0 }

      at HandyTreeView (src/components/HandyTreeView/HandyTreeView.tsx:338:13)

    console.log
      [HandyTreeView] buildFullItemsMap { itemsCount: 20, mapSize: 0 }

      at src/components/HandyTreeView/HandyTreeView.tsx:451:17

    console.log
      [HandyTreeView] applyFiltering { inputCount: 20, hasFilterItems: false, showHiddenFiles: true }

      at src/components/HandyTreeView/HandyTreeView.tsx:424:17

    console.log
      [HandyTreeView] RENDER END #39 {
        internalItemsLength: 20,
        expandedItemsCount: 0,
        selectedItemsCount: 0,
        hasEmptyState: false
      }

      at HandyTreeView (src/components/HandyTreeView/HandyTreeView.tsx:1429:13)

    console.log
      [HandyTreeView] renderTreeItems [x2hqp92m5] { itemsCount: 20, level: 0, renderId: 39 }

      at src/components/HandyTreeView/HandyTreeView.tsx:1236:17

    console.log
      [HandyTreeView] renderTreeItems [x2hqp92m5] completed { itemsCount: 20, level: 0, resultCount: 20 }

      at src/components/HandyTreeView/HandyTreeView.tsx:1330:17

    console.log
      [useLazyLoading] useEffect recreate data source { hasRef: true, configEnabled: false }

      at src/hooks/useLazyLoading.ts:222:13

    console.log
      [useLazyLoading] Recreating LazyLoadingDataSource

      at src/hooks/useLazyLoading.ts:228:15

    console.log
      [useLazyLoading] Setting up polling interval

      at src/hooks/useLazyLoading.ts:285:13

    console.log
      [HandyTreeView] useEffect items sync {
        hasDataSource: false,
        itemsLength: 20,
        filteredItemsLength: 20,
        internalItemsLength: 20
      }

      at src/components/HandyTreeView/HandyTreeView.tsx:496:15

    console.log
      [HandyTreeView] Syncing filtered items to internalItems

      at src/components/HandyTreeView/HandyTreeView.tsx:513:21

    console.log
      [HandyTreeView] useEffect fetch root items {
        hasDataSource: false,
        configEnabled: undefined,
        internalItemsLength: 20,
        itemsLength: 20,
        hasFetched: false
      }

      at src/components/HandyTreeView/HandyTreeView.tsx:549:15

    console.log
      [HandyTreeView] Skipping fetch - no dataSource or not enabled

      at src/components/HandyTreeView/HandyTreeView.tsx:559:17

    console.log
      [HandyTreeView] useEffect updateSelectionItems { internalItemsLength: 20 }

      at src/components/HandyTreeView/HandyTreeView.tsx:658:15

    console.log
      [HandyTreeView] RENDER START #40 {
        hasDataSource: false,
        itemsCount: 20,
        hasLazyLoading: false,
        timestamp: 1769005691346
      }

      at HandyTreeView (src/components/HandyTreeView/HandyTreeView.tsx:232:13)

    console.log
      [HandyTreeView] Calling useLazyLoading {
        hasDataSource: false,
        hasConfig: false,
        dataSourceType: 'none',
        dataSourceKeys: []
      }

      at HandyTreeView (src/components/HandyTreeView/HandyTreeView.tsx:321:13)

    console.log
      [useLazyLoading] HOOK CALLED {
        hasDataSource: true,
        configEnabled: false,
        configKeys: [ 'enabled' ]
      }

      at useLazyLoading (src/hooks/useLazyLoading.ts:195:11)

    console.log
      [HandyTreeView] useLazyLoading returned { hasDataSource: true, isLoading: false, stateCacheSize: 0 }

      at HandyTreeView (src/components/HandyTreeView/HandyTreeView.tsx:338:13)

    console.log
      [HandyTreeView] buildFullItemsMap { itemsCount: 20, mapSize: 0 }

      at src/components/HandyTreeView/HandyTreeView.tsx:451:17

    console.log
      [HandyTreeView] applyFiltering { inputCount: 20, hasFilterItems: false, showHiddenFiles: true }

      at src/components/HandyTreeView/HandyTreeView.tsx:424:17

    console.log
      [HandyTreeView] RENDER END #40 {
        internalItemsLength: 20,
        expandedItemsCount: 0,
        selectedItemsCount: 0,
        hasEmptyState: false
      }

      at HandyTreeView (src/components/HandyTreeView/HandyTreeView.tsx:1429:13)

    console.log
      [HandyTreeView] renderTreeItems [qyeu20ucs] { itemsCount: 20, level: 0, renderId: 40 }

      at src/components/HandyTreeView/HandyTreeView.tsx:1236:17

    console.log
      [HandyTreeView] renderTreeItems [qyeu20ucs] completed { itemsCount: 20, level: 0, resultCount: 20 }

      at src/components/HandyTreeView/HandyTreeView.tsx:1330:17

    console.log
      [useLazyLoading] useEffect recreate data source { hasRef: true, configEnabled: false }

      at src/hooks/useLazyLoading.ts:222:13

    console.log
      [useLazyLoading] Recreating LazyLoadingDataSource

      at src/hooks/useLazyLoading.ts:228:15

    console.log
      [HandyTreeView] useEffect items sync {
        hasDataSource: false,
        itemsLength: 20,
        filteredItemsLength: 20,
        internalItemsLength: 20
      }

      at src/components/HandyTreeView/HandyTreeView.tsx:496:15

    console.log
      [HandyTreeView] RENDER START #41 {
        hasDataSource: false,
        itemsCount: 20,
        hasLazyLoading: false,
        timestamp: 1769005691372
      }

      at HandyTreeView (src/components/HandyTreeView/HandyTreeView.tsx:232:13)

    console.log
      [HandyTreeView] Calling useLazyLoading {
        hasDataSource: false,
        hasConfig: false,
        dataSourceType: 'none',
        dataSourceKeys: []
      }

      at HandyTreeView (src/components/HandyTreeView/HandyTreeView.tsx:321:13)

    console.log
      [useLazyLoading] HOOK CALLED {
        hasDataSource: true,
        configEnabled: false,
        configKeys: [ 'enabled' ]
      }

      at useLazyLoading (src/hooks/useLazyLoading.ts:195:11)

    console.log
      [HandyTreeView] useLazyLoading returned { hasDataSource: true, isLoading: false, stateCacheSize: 0 }

      at HandyTreeView (src/components/HandyTreeView/HandyTreeView.tsx:338:13)

    console.log
      [HandyTreeView] buildFullItemsMap { itemsCount: 20, mapSize: 0 }

      at src/components/HandyTreeView/HandyTreeView.tsx:451:17

    console.log
      [HandyTreeView] applyFiltering { inputCount: 20, hasFilterItems: false, showHiddenFiles: true }

      at src/components/HandyTreeView/HandyTreeView.tsx:424:17

    console.log
      [HandyTreeView] RENDER END #41 {
        internalItemsLength: 20,
        expandedItemsCount: 0,
        selectedItemsCount: 0,
        hasEmptyState: false
      }

      at HandyTreeView (src/components/HandyTreeView/HandyTreeView.tsx:1429:13)

    console.log
      [HandyTreeView] renderTreeItems [ht128s4hl] { itemsCount: 20, level: 0, renderId: 41 }

      at src/components/HandyTreeView/HandyTreeView.tsx:1236:17

    console.log
      [HandyTreeView] renderTreeItems [ht128s4hl] completed { itemsCount: 20, level: 0, resultCount: 20 }

      at src/components/HandyTreeView/HandyTreeView.tsx:1330:17

    console.log
      [useLazyLoading] Cleaning up polling interval

      at src/hooks/useLazyLoading.ts:293:15
          at Array.forEach (<anonymous>)

    console.log
      [HandyTreeView] RENDER START #42 {
        hasDataSource: false,
        itemsCount: 2,
        hasLazyLoading: false,
        timestamp: 1769005691386
      }

      at HandyTreeView (src/components/HandyTreeView/HandyTreeView.tsx:232:13)

    console.log
      [HandyTreeView] useMemo lazyLoadingConfig { hasDataSource: false, hasLazyLoading: false }

      at src/components/HandyTreeView/HandyTreeView.tsx:306:15

    console.log
      [HandyTreeView] Calling useLazyLoading {
        hasDataSource: false,
        hasConfig: false,
        dataSourceType: 'none',
        dataSourceKeys: []
      }

      at HandyTreeView (src/components/HandyTreeView/HandyTreeView.tsx:321:13)

    console.log
      [useLazyLoading] HOOK CALLED {
        hasDataSource: true,
        configEnabled: false,
        configKeys: [ 'enabled' ]
      }

      at useLazyLoading (src/hooks/useLazyLoading.ts:195:11)

    console.log
      [useLazyLoading] Creating new LazyLoadingDataSource

      at useLazyLoading (src/hooks/useLazyLoading.ts:213:13)

    console.log
      [HandyTreeView] useLazyLoading returned { hasDataSource: true, isLoading: false, stateCacheSize: 0 }

      at HandyTreeView (src/components/HandyTreeView/HandyTreeView.tsx:338:13)

    console.log
      [HandyTreeView] buildFullItemsMap { itemsCount: 2, mapSize: 0 }

      at src/components/HandyTreeView/HandyTreeView.tsx:451:17

    console.log
      [HandyTreeView] buildFullItemsMap { itemsCount: 2, mapSize: 1 }

      at src/components/HandyTreeView/HandyTreeView.tsx:451:17
          at Array.forEach (<anonymous>)

    console.log
      [HandyTreeView] buildFullItemsMap { itemsCount: 2, mapSize: 4 }

      at src/components/HandyTreeView/HandyTreeView.tsx:451:17
          at Array.forEach (<anonymous>)

    console.log
      [HandyTreeView] applyFiltering { inputCount: 2, hasFilterItems: false, showHiddenFiles: true }

      at src/components/HandyTreeView/HandyTreeView.tsx:424:17

    console.log
      [HandyTreeView] RENDER END #42 {
        internalItemsLength: 2,
        expandedItemsCount: 0,
        selectedItemsCount: 0,
        hasEmptyState: false
      }

      at HandyTreeView (src/components/HandyTreeView/HandyTreeView.tsx:1429:13)

    console.log
      [HandyTreeView] renderTreeItems [wwafqptdy] { itemsCount: 2, level: 0, renderId: 42 }

      at src/components/HandyTreeView/HandyTreeView.tsx:1236:17

    console.log
      [HandyTreeView] renderTreeItems [wwafqptdy] completed { itemsCount: 2, level: 0, resultCount: 2 }

      at src/components/HandyTreeView/HandyTreeView.tsx:1330:17

    console.log
      [useLazyLoading] useEffect recreate data source { hasRef: true, configEnabled: false }

      at src/hooks/useLazyLoading.ts:222:13

    console.log
      [useLazyLoading] Recreating LazyLoadingDataSource

      at src/hooks/useLazyLoading.ts:228:15

    console.log
      [useLazyLoading] Setting up polling interval

      at src/hooks/useLazyLoading.ts:285:13

    console.log
      [HandyTreeView] useEffect items sync {
        hasDataSource: false,
        itemsLength: 2,
        filteredItemsLength: 2,
        internalItemsLength: 2
      }

      at src/components/HandyTreeView/HandyTreeView.tsx:496:15

    console.log
      [HandyTreeView] Syncing filtered items to internalItems

      at src/components/HandyTreeView/HandyTreeView.tsx:513:21

    console.log
      [HandyTreeView] useEffect fetch root items {
        hasDataSource: false,
        configEnabled: undefined,
        internalItemsLength: 2,
        itemsLength: 2,
        hasFetched: false
      }

      at src/components/HandyTreeView/HandyTreeView.tsx:549:15

    console.log
      [HandyTreeView] Skipping fetch - no dataSource or not enabled

      at src/components/HandyTreeView/HandyTreeView.tsx:559:17

    console.log
      [HandyTreeView] useEffect updateSelectionItems { internalItemsLength: 2 }

      at src/components/HandyTreeView/HandyTreeView.tsx:658:15

    console.log
      [useLazyLoading] Cleaning up polling interval

      at src/hooks/useLazyLoading.ts:293:15
          at Array.forEach (<anonymous>)

    console.log
      [HandyTreeView] RENDER START #43 {
        hasDataSource: false,
        itemsCount: 2,
        hasLazyLoading: false,
        timestamp: 1769005691414
      }

      at HandyTreeView (src/components/HandyTreeView/HandyTreeView.tsx:232:13)

    console.log
      [HandyTreeView] useMemo lazyLoadingConfig { hasDataSource: false, hasLazyLoading: false }

      at src/components/HandyTreeView/HandyTreeView.tsx:306:15

    console.log
      [HandyTreeView] Calling useLazyLoading {
        hasDataSource: false,
        hasConfig: false,
        dataSourceType: 'none',
        dataSourceKeys: []
      }

      at HandyTreeView (src/components/HandyTreeView/HandyTreeView.tsx:321:13)

    console.log
      [useLazyLoading] HOOK CALLED {
        hasDataSource: true,
        configEnabled: false,
        configKeys: [ 'enabled' ]
      }

      at useLazyLoading (src/hooks/useLazyLoading.ts:195:11)

    console.log
      [useLazyLoading] Creating new LazyLoadingDataSource

      at useLazyLoading (src/hooks/useLazyLoading.ts:213:13)

    console.log
      [HandyTreeView] useLazyLoading returned { hasDataSource: true, isLoading: false, stateCacheSize: 0 }

      at HandyTreeView (src/components/HandyTreeView/HandyTreeView.tsx:338:13)

    console.log
      [HandyTreeView] buildFullItemsMap { itemsCount: 2, mapSize: 0 }

      at src/components/HandyTreeView/HandyTreeView.tsx:451:17

    console.log
      [HandyTreeView] buildFullItemsMap { itemsCount: 2, mapSize: 1 }

      at src/components/HandyTreeView/HandyTreeView.tsx:451:17
          at Array.forEach (<anonymous>)

    console.log
      [HandyTreeView] buildFullItemsMap { itemsCount: 2, mapSize: 4 }

      at src/components/HandyTreeView/HandyTreeView.tsx:451:17
          at Array.forEach (<anonymous>)

    console.log
      [HandyTreeView] applyFiltering { inputCount: 2, hasFilterItems: false, showHiddenFiles: true }

      at src/components/HandyTreeView/HandyTreeView.tsx:424:17

    console.log
      [HandyTreeView] RENDER END #43 {
        internalItemsLength: 2,
        expandedItemsCount: 0,
        selectedItemsCount: 2,
        hasEmptyState: false
      }

      at HandyTreeView (src/components/HandyTreeView/HandyTreeView.tsx:1429:13)

    console.log
      [HandyTreeView] renderTreeItems [i59cwmf44] { itemsCount: 2, level: 0, renderId: 43 }

      at src/components/HandyTreeView/HandyTreeView.tsx:1236:17

    console.log
      [HandyTreeView] renderTreeItems [i59cwmf44] completed { itemsCount: 2, level: 0, resultCount: 2 }

      at src/components/HandyTreeView/HandyTreeView.tsx:1330:17

    console.log
      [useLazyLoading] useEffect recreate data source { hasRef: true, configEnabled: false }

      at src/hooks/useLazyLoading.ts:222:13

    console.log
      [useLazyLoading] Recreating LazyLoadingDataSource

      at src/hooks/useLazyLoading.ts:228:15

    console.log
      [useLazyLoading] Setting up polling interval

      at src/hooks/useLazyLoading.ts:285:13

    console.log
      [HandyTreeView] useEffect items sync {
        hasDataSource: false,
        itemsLength: 2,
        filteredItemsLength: 2,
        internalItemsLength: 2
      }

      at src/components/HandyTreeView/HandyTreeView.tsx:496:15

    console.log
      [HandyTreeView] Syncing filtered items to internalItems

      at src/components/HandyTreeView/HandyTreeView.tsx:513:21

    console.log
      [HandyTreeView] useEffect fetch root items {
        hasDataSource: false,
        configEnabled: undefined,
        internalItemsLength: 2,
        itemsLength: 2,
        hasFetched: false
      }

      at src/components/HandyTreeView/HandyTreeView.tsx:549:15

    console.log
      [HandyTreeView] Skipping fetch - no dataSource or not enabled

      at src/components/HandyTreeView/HandyTreeView.tsx:559:17

    console.log
      [HandyTreeView] useEffect updateSelectionItems { internalItemsLength: 2 }

      at src/components/HandyTreeView/HandyTreeView.tsx:658:15

    console.log
      [HandyTreeView] RENDER START #44 {
        hasDataSource: false,
        itemsCount: 2,
        hasLazyLoading: false,
        timestamp: 1769005691444
      }

      at HandyTreeView (src/components/HandyTreeView/HandyTreeView.tsx:232:13)

    console.log
      [HandyTreeView] Calling useLazyLoading {
        hasDataSource: false,
        hasConfig: false,
        dataSourceType: 'none',
        dataSourceKeys: []
      }

      at HandyTreeView (src/components/HandyTreeView/HandyTreeView.tsx:321:13)

    console.log
      [useLazyLoading] HOOK CALLED {
        hasDataSource: true,
        configEnabled: false,
        configKeys: [ 'enabled' ]
      }

      at useLazyLoading (src/hooks/useLazyLoading.ts:195:11)

    console.log
      [HandyTreeView] useLazyLoading returned { hasDataSource: true, isLoading: false, stateCacheSize: 0 }

      at HandyTreeView (src/components/HandyTreeView/HandyTreeView.tsx:338:13)

    console.log
      [HandyTreeView] buildFullItemsMap { itemsCount: 2, mapSize: 0 }

      at src/components/HandyTreeView/HandyTreeView.tsx:451:17

    console.log
      [HandyTreeView] buildFullItemsMap { itemsCount: 2, mapSize: 1 }

      at src/components/HandyTreeView/HandyTreeView.tsx:451:17
          at Array.forEach (<anonymous>)

    console.log
      [HandyTreeView] buildFullItemsMap { itemsCount: 2, mapSize: 4 }

      at src/components/HandyTreeView/HandyTreeView.tsx:451:17
          at Array.forEach (<anonymous>)

    console.log
      [HandyTreeView] applyFiltering { inputCount: 2, hasFilterItems: false, showHiddenFiles: true }

      at src/components/HandyTreeView/HandyTreeView.tsx:424:17

    console.log
      [HandyTreeView] RENDER END #44 {
        internalItemsLength: 2,
        expandedItemsCount: 0,
        selectedItemsCount: 0,
        hasEmptyState: false
      }

      at HandyTreeView (src/components/HandyTreeView/HandyTreeView.tsx:1429:13)

    console.log
      [HandyTreeView] renderTreeItems [0z42etfbv] { itemsCount: 2, level: 0, renderId: 44 }

      at src/components/HandyTreeView/HandyTreeView.tsx:1236:17

    console.log
      [HandyTreeView] renderTreeItems [0z42etfbv] completed { itemsCount: 2, level: 0, resultCount: 2 }

      at src/components/HandyTreeView/HandyTreeView.tsx:1330:17

    console.log
      [useLazyLoading] useEffect recreate data source { hasRef: true, configEnabled: false }

      at src/hooks/useLazyLoading.ts:222:13

    console.log
      [useLazyLoading] Recreating LazyLoadingDataSource

      at src/hooks/useLazyLoading.ts:228:15

    console.log
      [HandyTreeView] useEffect items sync {
        hasDataSource: false,
        itemsLength: 2,
        filteredItemsLength: 2,
        internalItemsLength: 2
      }

      at src/components/HandyTreeView/HandyTreeView.tsx:496:15

    console.log
      [HandyTreeView] RENDER START #45 {
        hasDataSource: false,
        itemsCount: 2,
        hasLazyLoading: false,
        timestamp: 1769005691457
      }

      at HandyTreeView (src/components/HandyTreeView/HandyTreeView.tsx:232:13)

    console.log
      [HandyTreeView] Calling useLazyLoading {
        hasDataSource: false,
        hasConfig: false,
        dataSourceType: 'none',
        dataSourceKeys: []
      }

      at HandyTreeView (src/components/HandyTreeView/HandyTreeView.tsx:321:13)

    console.log
      [useLazyLoading] HOOK CALLED {
        hasDataSource: true,
        configEnabled: false,
        configKeys: [ 'enabled' ]
      }

      at useLazyLoading (src/hooks/useLazyLoading.ts:195:11)

    console.log
      [HandyTreeView] useLazyLoading returned { hasDataSource: true, isLoading: false, stateCacheSize: 0 }

      at HandyTreeView (src/components/HandyTreeView/HandyTreeView.tsx:338:13)

    console.log
      [HandyTreeView] buildFullItemsMap { itemsCount: 2, mapSize: 0 }

      at src/components/HandyTreeView/HandyTreeView.tsx:451:17

    console.log
      [HandyTreeView] buildFullItemsMap { itemsCount: 2, mapSize: 1 }

      at src/components/HandyTreeView/HandyTreeView.tsx:451:17
          at Array.forEach (<anonymous>)

    console.log
      [HandyTreeView] buildFullItemsMap { itemsCount: 2, mapSize: 4 }

      at src/components/HandyTreeView/HandyTreeView.tsx:451:17
          at Array.forEach (<anonymous>)

    console.log
      [HandyTreeView] applyFiltering { inputCount: 2, hasFilterItems: false, showHiddenFiles: true }

      at src/components/HandyTreeView/HandyTreeView.tsx:424:17

    console.log
      [HandyTreeView] RENDER END #45 {
        internalItemsLength: 2,
        expandedItemsCount: 0,
        selectedItemsCount: 0,
        hasEmptyState: false
      }

      at HandyTreeView (src/components/HandyTreeView/HandyTreeView.tsx:1429:13)

    console.log
      [HandyTreeView] renderTreeItems [k1bqzo18q] { itemsCount: 2, level: 0, renderId: 45 }

      at src/components/HandyTreeView/HandyTreeView.tsx:1236:17

    console.log
      [HandyTreeView] renderTreeItems [k1bqzo18q] completed { itemsCount: 2, level: 0, resultCount: 2 }

      at src/components/HandyTreeView/HandyTreeView.tsx:1330:17

    console.log
      [useLazyLoading] Cleaning up polling interval

      at src/hooks/useLazyLoading.ts:293:15
          at Array.forEach (<anonymous>)

    console.log
      [HandyTreeView] RENDER START #46 {
        hasDataSource: false,
        itemsCount: 2,
        hasLazyLoading: false,
        timestamp: 1769005691470
      }

      at HandyTreeView (src/components/HandyTreeView/HandyTreeView.tsx:232:13)

    console.log
      [HandyTreeView] useMemo lazyLoadingConfig { hasDataSource: false, hasLazyLoading: false }

      at src/components/HandyTreeView/HandyTreeView.tsx:306:15

    console.log
      [HandyTreeView] Calling useLazyLoading {
        hasDataSource: false,
        hasConfig: false,
        dataSourceType: 'none',
        dataSourceKeys: []
      }

      at HandyTreeView (src/components/HandyTreeView/HandyTreeView.tsx:321:13)

    console.log
      [useLazyLoading] HOOK CALLED {
        hasDataSource: true,
        configEnabled: false,
        configKeys: [ 'enabled' ]
      }

      at useLazyLoading (src/hooks/useLazyLoading.ts:195:11)

    console.log
      [useLazyLoading] Creating new LazyLoadingDataSource

      at useLazyLoading (src/hooks/useLazyLoading.ts:213:13)

    console.log
      [HandyTreeView] useLazyLoading returned { hasDataSource: true, isLoading: false, stateCacheSize: 0 }

      at HandyTreeView (src/components/HandyTreeView/HandyTreeView.tsx:338:13)

    console.log
      [HandyTreeView] buildFullItemsMap { itemsCount: 2, mapSize: 0 }

      at src/components/HandyTreeView/HandyTreeView.tsx:451:17

    console.log
      [HandyTreeView] buildFullItemsMap { itemsCount: 2, mapSize: 1 }

      at src/components/HandyTreeView/HandyTreeView.tsx:451:17
          at Array.forEach (<anonymous>)

    console.log
      [HandyTreeView] buildFullItemsMap { itemsCount: 2, mapSize: 4 }

      at src/components/HandyTreeView/HandyTreeView.tsx:451:17
          at Array.forEach (<anonymous>)

    console.log
      [HandyTreeView] applyFiltering { inputCount: 2, hasFilterItems: false, showHiddenFiles: true }

      at src/components/HandyTreeView/HandyTreeView.tsx:424:17

    console.log
      [HandyTreeView] RENDER END #46 {
        internalItemsLength: 2,
        expandedItemsCount: 1,
        selectedItemsCount: 0,
        hasEmptyState: false
      }

      at HandyTreeView (src/components/HandyTreeView/HandyTreeView.tsx:1429:13)

    console.log
      [HandyTreeView] renderTreeItems [mgverq3ds] { itemsCount: 2, level: 0, renderId: 46 }

      at src/components/HandyTreeView/HandyTreeView.tsx:1236:17

    console.log
      [HandyTreeView] Rendering children for item 1 { childrenCount: 2, level: 1, renderId: 46 }

      at src/components/HandyTreeView/HandyTreeView.tsx:1318:29
          at Array.map (<anonymous>)

    console.log
      [HandyTreeView] renderTreeItems [vj9v1ueil] { itemsCount: 2, level: 1, renderId: 46 }

      at src/components/HandyTreeView/HandyTreeView.tsx:1236:17
          at Array.map (<anonymous>)

    console.log
      [HandyTreeView] renderTreeItems [vj9v1ueil] completed { itemsCount: 2, level: 1, resultCount: 2 }

      at src/components/HandyTreeView/HandyTreeView.tsx:1330:17
          at Array.map (<anonymous>)

    console.log
      [HandyTreeView] renderTreeItems [mgverq3ds] completed { itemsCount: 2, level: 0, resultCount: 2 }

      at src/components/HandyTreeView/HandyTreeView.tsx:1330:17

    console.log
      [useLazyLoading] useEffect recreate data source { hasRef: true, configEnabled: false }

      at src/hooks/useLazyLoading.ts:222:13

    console.log
      [useLazyLoading] Recreating LazyLoadingDataSource

      at src/hooks/useLazyLoading.ts:228:15

    console.log
      [useLazyLoading] Setting up polling interval

      at src/hooks/useLazyLoading.ts:285:13

    console.log
      [HandyTreeView] useEffect items sync {
        hasDataSource: false,
        itemsLength: 2,
        filteredItemsLength: 2,
        internalItemsLength: 2
      }

      at src/components/HandyTreeView/HandyTreeView.tsx:496:15

    console.log
      [HandyTreeView] Syncing filtered items to internalItems

      at src/components/HandyTreeView/HandyTreeView.tsx:513:21

    console.log
      [HandyTreeView] useEffect fetch root items {
        hasDataSource: false,
        configEnabled: undefined,
        internalItemsLength: 2,
        itemsLength: 2,
        hasFetched: false
      }

      at src/components/HandyTreeView/HandyTreeView.tsx:549:15

    console.log
      [HandyTreeView] Skipping fetch - no dataSource or not enabled

      at src/components/HandyTreeView/HandyTreeView.tsx:559:17

    console.log
      [HandyTreeView] useEffect updateSelectionItems { internalItemsLength: 2 }

      at src/components/HandyTreeView/HandyTreeView.tsx:658:15

    console.log
      [HandyTreeView] RENDER START #47 {
        hasDataSource: false,
        itemsCount: 2,
        hasLazyLoading: false,
        timestamp: 1769005691510
      }

      at HandyTreeView (src/components/HandyTreeView/HandyTreeView.tsx:232:13)

    console.log
      [HandyTreeView] Calling useLazyLoading {
        hasDataSource: false,
        hasConfig: false,
        dataSourceType: 'none',
        dataSourceKeys: []
      }

      at HandyTreeView (src/components/HandyTreeView/HandyTreeView.tsx:321:13)

    console.log
      [useLazyLoading] HOOK CALLED {
        hasDataSource: true,
        configEnabled: false,
        configKeys: [ 'enabled' ]
      }

      at useLazyLoading (src/hooks/useLazyLoading.ts:195:11)

    console.log
      [HandyTreeView] useLazyLoading returned { hasDataSource: true, isLoading: false, stateCacheSize: 0 }

      at HandyTreeView (src/components/HandyTreeView/HandyTreeView.tsx:338:13)

    console.log
      [HandyTreeView] buildFullItemsMap { itemsCount: 2, mapSize: 0 }

      at src/components/HandyTreeView/HandyTreeView.tsx:451:17

    console.log
      [HandyTreeView] buildFullItemsMap { itemsCount: 2, mapSize: 1 }

      at src/components/HandyTreeView/HandyTreeView.tsx:451:17
          at Array.forEach (<anonymous>)

    console.log
      [HandyTreeView] buildFullItemsMap { itemsCount: 2, mapSize: 4 }

      at src/components/HandyTreeView/HandyTreeView.tsx:451:17
          at Array.forEach (<anonymous>)

    console.log
      [HandyTreeView] applyFiltering { inputCount: 2, hasFilterItems: false, showHiddenFiles: true }

      at src/components/HandyTreeView/HandyTreeView.tsx:424:17

    console.log
      [HandyTreeView] RENDER END #47 {
        internalItemsLength: 2,
        expandedItemsCount: 1,
        selectedItemsCount: 0,
        hasEmptyState: false
      }

      at HandyTreeView (src/components/HandyTreeView/HandyTreeView.tsx:1429:13)

    console.log
      [HandyTreeView] renderTreeItems [t0ihc0l8n] { itemsCount: 2, level: 0, renderId: 47 }

      at src/components/HandyTreeView/HandyTreeView.tsx:1236:17

    console.log
      [HandyTreeView] Rendering children for item 1 { childrenCount: 2, level: 1, renderId: 47 }

      at src/components/HandyTreeView/HandyTreeView.tsx:1318:29
          at Array.map (<anonymous>)

    console.log
      [HandyTreeView] renderTreeItems [22kam889d] { itemsCount: 2, level: 1, renderId: 47 }

      at src/components/HandyTreeView/HandyTreeView.tsx:1236:17
          at Array.map (<anonymous>)

    console.log
      [HandyTreeView] renderTreeItems [22kam889d] completed { itemsCount: 2, level: 1, resultCount: 2 }

      at src/components/HandyTreeView/HandyTreeView.tsx:1330:17
          at Array.map (<anonymous>)

    console.log
      [HandyTreeView] renderTreeItems [t0ihc0l8n] completed { itemsCount: 2, level: 0, resultCount: 2 }

      at src/components/HandyTreeView/HandyTreeView.tsx:1330:17

    console.log
      [useLazyLoading] useEffect recreate data source { hasRef: true, configEnabled: false }

      at src/hooks/useLazyLoading.ts:222:13

    console.log
      [useLazyLoading] Recreating LazyLoadingDataSource

      at src/hooks/useLazyLoading.ts:228:15

    console.log
      [HandyTreeView] useEffect items sync {
        hasDataSource: false,
        itemsLength: 2,
        filteredItemsLength: 2,
        internalItemsLength: 2
      }

      at src/components/HandyTreeView/HandyTreeView.tsx:496:15

    console.log
      [HandyTreeView] RENDER START #48 {
        hasDataSource: false,
        itemsCount: 2,
        hasLazyLoading: false,
        timestamp: 1769005691536
      }

      at HandyTreeView (src/components/HandyTreeView/HandyTreeView.tsx:232:13)

    console.log
      [HandyTreeView] Calling useLazyLoading {
        hasDataSource: false,
        hasConfig: false,
        dataSourceType: 'none',
        dataSourceKeys: []
      }

      at HandyTreeView (src/components/HandyTreeView/HandyTreeView.tsx:321:13)

    console.log
      [useLazyLoading] HOOK CALLED {
        hasDataSource: true,
        configEnabled: false,
        configKeys: [ 'enabled' ]
      }

      at useLazyLoading (src/hooks/useLazyLoading.ts:195:11)

    console.log
      [HandyTreeView] useLazyLoading returned { hasDataSource: true, isLoading: false, stateCacheSize: 0 }

      at HandyTreeView (src/components/HandyTreeView/HandyTreeView.tsx:338:13)

    console.log
      [HandyTreeView] buildFullItemsMap { itemsCount: 2, mapSize: 0 }

      at src/components/HandyTreeView/HandyTreeView.tsx:451:17

    console.log
      [HandyTreeView] buildFullItemsMap { itemsCount: 2, mapSize: 1 }

      at src/components/HandyTreeView/HandyTreeView.tsx:451:17
          at Array.forEach (<anonymous>)

    console.log
      [HandyTreeView] buildFullItemsMap { itemsCount: 2, mapSize: 4 }

      at src/components/HandyTreeView/HandyTreeView.tsx:451:17
          at Array.forEach (<anonymous>)

    console.log
      [HandyTreeView] applyFiltering { inputCount: 2, hasFilterItems: false, showHiddenFiles: true }

      at src/components/HandyTreeView/HandyTreeView.tsx:424:17

    console.log
      [HandyTreeView] RENDER END #48 {
        internalItemsLength: 2,
        expandedItemsCount: 1,
        selectedItemsCount: 0,
        hasEmptyState: false
      }

      at HandyTreeView (src/components/HandyTreeView/HandyTreeView.tsx:1429:13)

    console.log
      [HandyTreeView] renderTreeItems [2cmr2l1e0] { itemsCount: 2, level: 0, renderId: 48 }

      at src/components/HandyTreeView/HandyTreeView.tsx:1236:17

    console.log
      [HandyTreeView] Rendering children for item 1 { childrenCount: 2, level: 1, renderId: 48 }

      at src/components/HandyTreeView/HandyTreeView.tsx:1318:29
          at Array.map (<anonymous>)

    console.log
      [HandyTreeView] renderTreeItems [3doagkbl2] { itemsCount: 2, level: 1, renderId: 48 }

      at src/components/HandyTreeView/HandyTreeView.tsx:1236:17
          at Array.map (<anonymous>)

    console.log
      [HandyTreeView] renderTreeItems [3doagkbl2] completed { itemsCount: 2, level: 1, resultCount: 2 }

      at src/components/HandyTreeView/HandyTreeView.tsx:1330:17
          at Array.map (<anonymous>)

    console.log
      [HandyTreeView] renderTreeItems [2cmr2l1e0] completed { itemsCount: 2, level: 0, resultCount: 2 }

      at src/components/HandyTreeView/HandyTreeView.tsx:1330:17

    console.log
      [HandyTreeView] RENDER START #49 {
        hasDataSource: false,
        itemsCount: 2,
        hasLazyLoading: false,
        timestamp: 1769005691545
      }

      at HandyTreeView (src/components/HandyTreeView/HandyTreeView.tsx:232:13)

    console.log
      [HandyTreeView] Calling useLazyLoading {
        hasDataSource: false,
        hasConfig: false,
        dataSourceType: 'none',
        dataSourceKeys: []
      }

      at HandyTreeView (src/components/HandyTreeView/HandyTreeView.tsx:321:13)

    console.log
      [useLazyLoading] HOOK CALLED {
        hasDataSource: true,
        configEnabled: false,
        configKeys: [ 'enabled' ]
      }

      at useLazyLoading (src/hooks/useLazyLoading.ts:195:11)

    console.log
      [HandyTreeView] useLazyLoading returned { hasDataSource: true, isLoading: false, stateCacheSize: 0 }

      at HandyTreeView (src/components/HandyTreeView/HandyTreeView.tsx:338:13)

    console.log
      [HandyTreeView] buildFullItemsMap { itemsCount: 2, mapSize: 0 }

      at src/components/HandyTreeView/HandyTreeView.tsx:451:17

    console.log
      [HandyTreeView] buildFullItemsMap { itemsCount: 2, mapSize: 1 }

      at src/components/HandyTreeView/HandyTreeView.tsx:451:17
          at Array.forEach (<anonymous>)

    console.log
      [HandyTreeView] buildFullItemsMap { itemsCount: 2, mapSize: 4 }

      at src/components/HandyTreeView/HandyTreeView.tsx:451:17
          at Array.forEach (<anonymous>)

    console.log
      [HandyTreeView] applyFiltering { inputCount: 2, hasFilterItems: false, showHiddenFiles: true }

      at src/components/HandyTreeView/HandyTreeView.tsx:424:17

    console.log
      [HandyTreeView] RENDER END #49 {
        internalItemsLength: 2,
        expandedItemsCount: 1,
        selectedItemsCount: 0,
        hasEmptyState: false
      }

      at HandyTreeView (src/components/HandyTreeView/HandyTreeView.tsx:1429:13)

    console.log
      [HandyTreeView] renderTreeItems [8tx2r4hkk] { itemsCount: 2, level: 0, renderId: 49 }

      at src/components/HandyTreeView/HandyTreeView.tsx:1236:17

    console.log
      [HandyTreeView] Rendering children for item 1 { childrenCount: 2, level: 1, renderId: 49 }

      at src/components/HandyTreeView/HandyTreeView.tsx:1318:29
          at Array.map (<anonymous>)

    console.log
      [HandyTreeView] renderTreeItems [hny495guy] { itemsCount: 2, level: 1, renderId: 49 }

      at src/components/HandyTreeView/HandyTreeView.tsx:1236:17
          at Array.map (<anonymous>)

    console.log
      [HandyTreeView] renderTreeItems [hny495guy] completed { itemsCount: 2, level: 1, resultCount: 2 }

      at src/components/HandyTreeView/HandyTreeView.tsx:1330:17
          at Array.map (<anonymous>)

    console.log
      [HandyTreeView] renderTreeItems [8tx2r4hkk] completed { itemsCount: 2, level: 0, resultCount: 2 }

      at src/components/HandyTreeView/HandyTreeView.tsx:1330:17

    console.log
      [useLazyLoading] useEffect recreate data source { hasRef: true, configEnabled: false }

      at src/hooks/useLazyLoading.ts:222:13

    console.log
      [useLazyLoading] Recreating LazyLoadingDataSource

      at src/hooks/useLazyLoading.ts:228:15

    console.log
      [HandyTreeView] useEffect items sync {
        hasDataSource: false,
        itemsLength: 2,
        filteredItemsLength: 2,
        internalItemsLength: 2
      }

      at src/components/HandyTreeView/HandyTreeView.tsx:496:15

    console.log
      [HandyTreeView] RENDER START #50 {
        hasDataSource: false,
        itemsCount: 2,
        hasLazyLoading: false,
        timestamp: 1769005691572
      }

      at HandyTreeView (src/components/HandyTreeView/HandyTreeView.tsx:232:13)

    console.log
      [HandyTreeView] Calling useLazyLoading {
        hasDataSource: false,
        hasConfig: false,
        dataSourceType: 'none',
        dataSourceKeys: []
      }

      at HandyTreeView (src/components/HandyTreeView/HandyTreeView.tsx:321:13)

    console.log
      [useLazyLoading] HOOK CALLED {
        hasDataSource: true,
        configEnabled: false,
        configKeys: [ 'enabled' ]
      }

      at useLazyLoading (src/hooks/useLazyLoading.ts:195:11)

    console.log
      [HandyTreeView] useLazyLoading returned { hasDataSource: true, isLoading: false, stateCacheSize: 0 }

      at HandyTreeView (src/components/HandyTreeView/HandyTreeView.tsx:338:13)

    console.log
      [HandyTreeView] buildFullItemsMap { itemsCount: 2, mapSize: 0 }

      at src/components/HandyTreeView/HandyTreeView.tsx:451:17

    console.log
      [HandyTreeView] buildFullItemsMap { itemsCount: 2, mapSize: 1 }

      at src/components/HandyTreeView/HandyTreeView.tsx:451:17
          at Array.forEach (<anonymous>)

    console.log
      [HandyTreeView] buildFullItemsMap { itemsCount: 2, mapSize: 4 }

      at src/components/HandyTreeView/HandyTreeView.tsx:451:17
          at Array.forEach (<anonymous>)

    console.log
      [HandyTreeView] applyFiltering { inputCount: 2, hasFilterItems: false, showHiddenFiles: true }

      at src/components/HandyTreeView/HandyTreeView.tsx:424:17

    console.log
      [HandyTreeView] RENDER END #50 {
        internalItemsLength: 2,
        expandedItemsCount: 1,
        selectedItemsCount: 0,
        hasEmptyState: false
      }

      at HandyTreeView (src/components/HandyTreeView/HandyTreeView.tsx:1429:13)

    console.log
      [HandyTreeView] renderTreeItems [rp36dm4w2] { itemsCount: 2, level: 0, renderId: 50 }

      at src/components/HandyTreeView/HandyTreeView.tsx:1236:17

    console.log
      [HandyTreeView] Rendering children for item 1 { childrenCount: 2, level: 1, renderId: 50 }

      at src/components/HandyTreeView/HandyTreeView.tsx:1318:29
          at Array.map (<anonymous>)

    console.log
      [HandyTreeView] renderTreeItems [w4jp13hq9] { itemsCount: 2, level: 1, renderId: 50 }

      at src/components/HandyTreeView/HandyTreeView.tsx:1236:17
          at Array.map (<anonymous>)

    console.log
      [HandyTreeView] renderTreeItems [w4jp13hq9] completed { itemsCount: 2, level: 1, resultCount: 2 }

      at src/components/HandyTreeView/HandyTreeView.tsx:1330:17
          at Array.map (<anonymous>)

    console.log
      [HandyTreeView] renderTreeItems [rp36dm4w2] completed { itemsCount: 2, level: 0, resultCount: 2 }

      at src/components/HandyTreeView/HandyTreeView.tsx:1330:17

    console.log
      [useLazyLoading] useEffect recreate data source { hasRef: true, configEnabled: false }

      at src/hooks/useLazyLoading.ts:222:13

    console.log
      [useLazyLoading] Recreating LazyLoadingDataSource

      at src/hooks/useLazyLoading.ts:228:15

    console.log
      [HandyTreeView] useEffect items sync {
        hasDataSource: false,
        itemsLength: 2,
        filteredItemsLength: 2,
        internalItemsLength: 2
      }

      at src/components/HandyTreeView/HandyTreeView.tsx:496:15

    console.log
      [HandyTreeView] RENDER START #51 {
        hasDataSource: false,
        itemsCount: 2,
        hasLazyLoading: false,
        timestamp: 1769005691593
      }

      at HandyTreeView (src/components/HandyTreeView/HandyTreeView.tsx:232:13)

    console.log
      [HandyTreeView] Calling useLazyLoading {
        hasDataSource: false,
        hasConfig: false,
        dataSourceType: 'none',
        dataSourceKeys: []
      }

      at HandyTreeView (src/components/HandyTreeView/HandyTreeView.tsx:321:13)

    console.log
      [useLazyLoading] HOOK CALLED {
        hasDataSource: true,
        configEnabled: false,
        configKeys: [ 'enabled' ]
      }

      at useLazyLoading (src/hooks/useLazyLoading.ts:195:11)

    console.log
      [HandyTreeView] useLazyLoading returned { hasDataSource: true, isLoading: false, stateCacheSize: 0 }

      at HandyTreeView (src/components/HandyTreeView/HandyTreeView.tsx:338:13)

    console.log
      [HandyTreeView] buildFullItemsMap { itemsCount: 2, mapSize: 0 }

      at src/components/HandyTreeView/HandyTreeView.tsx:451:17

    console.log
      [HandyTreeView] buildFullItemsMap { itemsCount: 2, mapSize: 1 }

      at src/components/HandyTreeView/HandyTreeView.tsx:451:17
          at Array.forEach (<anonymous>)

    console.log
      [HandyTreeView] buildFullItemsMap { itemsCount: 2, mapSize: 4 }

      at src/components/HandyTreeView/HandyTreeView.tsx:451:17
          at Array.forEach (<anonymous>)

    console.log
      [HandyTreeView] applyFiltering { inputCount: 2, hasFilterItems: false, showHiddenFiles: true }

      at src/components/HandyTreeView/HandyTreeView.tsx:424:17

    console.log
      [HandyTreeView] RENDER END #51 {
        internalItemsLength: 2,
        expandedItemsCount: 1,
        selectedItemsCount: 0,
        hasEmptyState: false
      }

      at HandyTreeView (src/components/HandyTreeView/HandyTreeView.tsx:1429:13)

    console.log
      [HandyTreeView] renderTreeItems [8fcz92rhw] { itemsCount: 2, level: 0, renderId: 51 }

      at src/components/HandyTreeView/HandyTreeView.tsx:1236:17

    console.log
      [HandyTreeView] Rendering children for item 1 { childrenCount: 2, level: 1, renderId: 51 }

      at src/components/HandyTreeView/HandyTreeView.tsx:1318:29
          at Array.map (<anonymous>)

    console.log
      [HandyTreeView] renderTreeItems [edcgkbnsb] { itemsCount: 2, level: 1, renderId: 51 }

      at src/components/HandyTreeView/HandyTreeView.tsx:1236:17
          at Array.map (<anonymous>)

    console.log
      [HandyTreeView] renderTreeItems [edcgkbnsb] completed { itemsCount: 2, level: 1, resultCount: 2 }

      at src/components/HandyTreeView/HandyTreeView.tsx:1330:17
          at Array.map (<anonymous>)

    console.log
      [HandyTreeView] renderTreeItems [8fcz92rhw] completed { itemsCount: 2, level: 0, resultCount: 2 }

      at src/components/HandyTreeView/HandyTreeView.tsx:1330:17

    console.log
      [useLazyLoading] useEffect recreate data source { hasRef: true, configEnabled: false }

      at src/hooks/useLazyLoading.ts:222:13

    console.log
      [useLazyLoading] Recreating LazyLoadingDataSource

      at src/hooks/useLazyLoading.ts:228:15

    console.log
      [HandyTreeView] useEffect items sync {
        hasDataSource: false,
        itemsLength: 2,
        filteredItemsLength: 2,
        internalItemsLength: 2
      }

      at src/components/HandyTreeView/HandyTreeView.tsx:496:15

    console.log
      [useLazyLoading] Cleaning up polling interval

      at src/hooks/useLazyLoading.ts:293:15
          at Array.forEach (<anonymous>)

    console.log
      [HandyTreeView] RENDER START #52 {
        hasDataSource: false,
        itemsCount: 10,
        hasLazyLoading: false,
        timestamp: 1769005691627
      }

      at HandyTreeView (src/components/HandyTreeView/HandyTreeView.tsx:232:13)

    console.log
      [HandyTreeView] useMemo lazyLoadingConfig { hasDataSource: false, hasLazyLoading: false }

      at src/components/HandyTreeView/HandyTreeView.tsx:306:15

    console.log
      [HandyTreeView] Calling useLazyLoading {
        hasDataSource: false,
        hasConfig: false,
        dataSourceType: 'none',
        dataSourceKeys: []
      }

      at HandyTreeView (src/components/HandyTreeView/HandyTreeView.tsx:321:13)

    console.log
      [useLazyLoading] HOOK CALLED {
        hasDataSource: true,
        configEnabled: false,
        configKeys: [ 'enabled' ]
      }

      at useLazyLoading (src/hooks/useLazyLoading.ts:195:11)

    console.log
      [useLazyLoading] Creating new LazyLoadingDataSource

      at useLazyLoading (src/hooks/useLazyLoading.ts:213:13)

    console.log
      [HandyTreeView] useLazyLoading returned { hasDataSource: true, isLoading: false, stateCacheSize: 0 }

      at HandyTreeView (src/components/HandyTreeView/HandyTreeView.tsx:338:13)

    console.log
      [HandyTreeView] buildFullItemsMap { itemsCount: 10, mapSize: 0 }

      at src/components/HandyTreeView/HandyTreeView.tsx:451:17

    console.log
      [HandyTreeView] applyFiltering { inputCount: 10, hasFilterItems: false, showHiddenFiles: true }

      at src/components/HandyTreeView/HandyTreeView.tsx:424:17

    console.log
      [HandyTreeView] RENDER END #52 {
        internalItemsLength: 10,
        expandedItemsCount: 0,
        selectedItemsCount: 0,
        hasEmptyState: false
      }

      at HandyTreeView (src/components/HandyTreeView/HandyTreeView.tsx:1429:13)

    console.log
      [HandyTreeView] renderTreeItems [j0dq5f761] { itemsCount: 10, level: 0, renderId: 52 }

      at src/components/HandyTreeView/HandyTreeView.tsx:1236:17

    console.log
      [HandyTreeView] renderTreeItems [j0dq5f761] completed { itemsCount: 10, level: 0, resultCount: 10 }

      at src/components/HandyTreeView/HandyTreeView.tsx:1330:17

    console.log
      [useLazyLoading] useEffect recreate data source { hasRef: true, configEnabled: false }

      at src/hooks/useLazyLoading.ts:222:13

    console.log
      [useLazyLoading] Recreating LazyLoadingDataSource

      at src/hooks/useLazyLoading.ts:228:15

    console.log
      [useLazyLoading] Setting up polling interval

      at src/hooks/useLazyLoading.ts:285:13

    console.log
      [HandyTreeView] useEffect items sync {
        hasDataSource: false,
        itemsLength: 10,
        filteredItemsLength: 10,
        internalItemsLength: 10
      }

      at src/components/HandyTreeView/HandyTreeView.tsx:496:15

    console.log
      [HandyTreeView] Syncing filtered items to internalItems

      at src/components/HandyTreeView/HandyTreeView.tsx:513:21

    console.log
      [HandyTreeView] useEffect fetch root items {
        hasDataSource: false,
        configEnabled: undefined,
        internalItemsLength: 10,
        itemsLength: 10,
        hasFetched: false
      }

      at src/components/HandyTreeView/HandyTreeView.tsx:549:15

    console.log
      [HandyTreeView] Skipping fetch - no dataSource or not enabled

      at src/components/HandyTreeView/HandyTreeView.tsx:559:17

    console.log
      [HandyTreeView] useEffect updateSelectionItems { internalItemsLength: 10 }

      at src/components/HandyTreeView/HandyTreeView.tsx:658:15

    console.log
      [HandyTreeView] RENDER START #53 {
        hasDataSource: false,
        itemsCount: 10,
        hasLazyLoading: false,
        timestamp: 1769005691672
      }

      at HandyTreeView (src/components/HandyTreeView/HandyTreeView.tsx:232:13)

    console.log
      [HandyTreeView] Calling useLazyLoading {
        hasDataSource: false,
        hasConfig: false,
        dataSourceType: 'none',
        dataSourceKeys: []
      }

      at HandyTreeView (src/components/HandyTreeView/HandyTreeView.tsx:321:13)

    console.log
      [useLazyLoading] HOOK CALLED {
        hasDataSource: true,
        configEnabled: false,
        configKeys: [ 'enabled' ]
      }

      at useLazyLoading (src/hooks/useLazyLoading.ts:195:11)

    console.log
      [HandyTreeView] useLazyLoading returned { hasDataSource: true, isLoading: false, stateCacheSize: 0 }

      at HandyTreeView (src/components/HandyTreeView/HandyTreeView.tsx:338:13)

    console.log
      [HandyTreeView] buildFullItemsMap { itemsCount: 10, mapSize: 0 }

      at src/components/HandyTreeView/HandyTreeView.tsx:451:17

    console.log
      [HandyTreeView] applyFiltering { inputCount: 10, hasFilterItems: false, showHiddenFiles: true }

      at src/components/HandyTreeView/HandyTreeView.tsx:424:17

    console.log
      [HandyTreeView] RENDER END #53 {
        internalItemsLength: 10,
        expandedItemsCount: 0,
        selectedItemsCount: 0,
        hasEmptyState: false
      }

      at HandyTreeView (src/components/HandyTreeView/HandyTreeView.tsx:1429:13)

    console.log
      [HandyTreeView] renderTreeItems [l4wypun3r] { itemsCount: 10, level: 0, renderId: 53 }

      at src/components/HandyTreeView/HandyTreeView.tsx:1236:17

    console.log
      [HandyTreeView] renderTreeItems [l4wypun3r] completed { itemsCount: 10, level: 0, resultCount: 10 }

      at src/components/HandyTreeView/HandyTreeView.tsx:1330:17

    console.log
      [useLazyLoading] useEffect recreate data source { hasRef: true, configEnabled: false }

      at src/hooks/useLazyLoading.ts:222:13

    console.log
      [useLazyLoading] Recreating LazyLoadingDataSource

      at src/hooks/useLazyLoading.ts:228:15

    console.log
      [HandyTreeView] useEffect items sync {
        hasDataSource: false,
        itemsLength: 10,
        filteredItemsLength: 10,
        internalItemsLength: 10
      }

      at src/components/HandyTreeView/HandyTreeView.tsx:496:15

    console.log
      [HandyTreeView] RENDER START #54 {
        hasDataSource: false,
        itemsCount: 10,
        hasLazyLoading: false,
        timestamp: 1769005691698
      }

      at HandyTreeView (src/components/HandyTreeView/HandyTreeView.tsx:232:13)

    console.log
      [HandyTreeView] Calling useLazyLoading {
        hasDataSource: false,
        hasConfig: false,
        dataSourceType: 'none',
        dataSourceKeys: []
      }

      at HandyTreeView (src/components/HandyTreeView/HandyTreeView.tsx:321:13)

    console.log
      [useLazyLoading] HOOK CALLED {
        hasDataSource: true,
        configEnabled: false,
        configKeys: [ 'enabled' ]
      }

      at useLazyLoading (src/hooks/useLazyLoading.ts:195:11)

    console.log
      [HandyTreeView] useLazyLoading returned { hasDataSource: true, isLoading: false, stateCacheSize: 0 }

      at HandyTreeView (src/components/HandyTreeView/HandyTreeView.tsx:338:13)

    console.log
      [HandyTreeView] buildFullItemsMap { itemsCount: 10, mapSize: 0 }

      at src/components/HandyTreeView/HandyTreeView.tsx:451:17

    console.log
      [HandyTreeView] applyFiltering { inputCount: 10, hasFilterItems: false, showHiddenFiles: true }

      at src/components/HandyTreeView/HandyTreeView.tsx:424:17

    console.log
      [HandyTreeView] RENDER END #54 {
        internalItemsLength: 10,
        expandedItemsCount: 0,
        selectedItemsCount: 0,
        hasEmptyState: false
      }

      at HandyTreeView (src/components/HandyTreeView/HandyTreeView.tsx:1429:13)

    console.log
      [HandyTreeView] renderTreeItems [10invw97q] { itemsCount: 10, level: 0, renderId: 54 }

      at src/components/HandyTreeView/HandyTreeView.tsx:1236:17

    console.log
      [HandyTreeView] renderTreeItems [10invw97q] completed { itemsCount: 10, level: 0, resultCount: 10 }

      at src/components/HandyTreeView/HandyTreeView.tsx:1330:17

    console.log
      [HandyTreeView] RENDER START #55 {
        hasDataSource: false,
        itemsCount: 10,
        hasLazyLoading: false,
        timestamp: 1769005691705
      }

      at HandyTreeView (src/components/HandyTreeView/HandyTreeView.tsx:232:13)

    console.log
      [HandyTreeView] Calling useLazyLoading {
        hasDataSource: false,
        hasConfig: false,
        dataSourceType: 'none',
        dataSourceKeys: []
      }

      at HandyTreeView (src/components/HandyTreeView/HandyTreeView.tsx:321:13)

    console.log
      [useLazyLoading] HOOK CALLED {
        hasDataSource: true,
        configEnabled: false,
        configKeys: [ 'enabled' ]
      }

      at useLazyLoading (src/hooks/useLazyLoading.ts:195:11)

    console.log
      [HandyTreeView] useLazyLoading returned { hasDataSource: true, isLoading: false, stateCacheSize: 0 }

      at HandyTreeView (src/components/HandyTreeView/HandyTreeView.tsx:338:13)

    console.log
      [HandyTreeView] buildFullItemsMap { itemsCount: 10, mapSize: 0 }

      at src/components/HandyTreeView/HandyTreeView.tsx:451:17

    console.log
      [HandyTreeView] applyFiltering { inputCount: 10, hasFilterItems: false, showHiddenFiles: true }

      at src/components/HandyTreeView/HandyTreeView.tsx:424:17

    console.log
      [HandyTreeView] RENDER END #55 {
        internalItemsLength: 10,
        expandedItemsCount: 0,
        selectedItemsCount: 1,
        hasEmptyState: false
      }

      at HandyTreeView (src/components/HandyTreeView/HandyTreeView.tsx:1429:13)

    console.log
      [HandyTreeView] renderTreeItems [7pc3ir7k2] { itemsCount: 10, level: 0, renderId: 55 }

      at src/components/HandyTreeView/HandyTreeView.tsx:1236:17

    console.log
      [HandyTreeView] renderTreeItems [7pc3ir7k2] completed { itemsCount: 10, level: 0, resultCount: 10 }

      at src/components/HandyTreeView/HandyTreeView.tsx:1330:17

    console.log
      [useLazyLoading] useEffect recreate data source { hasRef: true, configEnabled: false }

      at src/hooks/useLazyLoading.ts:222:13

    console.log
      [useLazyLoading] Recreating LazyLoadingDataSource

      at src/hooks/useLazyLoading.ts:228:15

    console.log
      [HandyTreeView] useEffect items sync {
        hasDataSource: false,
        itemsLength: 10,
        filteredItemsLength: 10,
        internalItemsLength: 10
      }

      at src/components/HandyTreeView/HandyTreeView.tsx:496:15

    console.log
      [HandyTreeView] RENDER START #56 {
        hasDataSource: false,
        itemsCount: 10,
        hasLazyLoading: false,
        timestamp: 1769005691728
      }

      at HandyTreeView (src/components/HandyTreeView/HandyTreeView.tsx:232:13)

    console.log
      [HandyTreeView] Calling useLazyLoading {
        hasDataSource: false,
        hasConfig: false,
        dataSourceType: 'none',
        dataSourceKeys: []
      }

      at HandyTreeView (src/components/HandyTreeView/HandyTreeView.tsx:321:13)

    console.log
      [useLazyLoading] HOOK CALLED {
        hasDataSource: true,
        configEnabled: false,
        configKeys: [ 'enabled' ]
      }

      at useLazyLoading (src/hooks/useLazyLoading.ts:195:11)

    console.log
      [HandyTreeView] useLazyLoading returned { hasDataSource: true, isLoading: false, stateCacheSize: 0 }

      at HandyTreeView (src/components/HandyTreeView/HandyTreeView.tsx:338:13)

    console.log
      [HandyTreeView] buildFullItemsMap { itemsCount: 10, mapSize: 0 }

      at src/components/HandyTreeView/HandyTreeView.tsx:451:17

    console.log
      [HandyTreeView] applyFiltering { inputCount: 10, hasFilterItems: false, showHiddenFiles: true }

      at src/components/HandyTreeView/HandyTreeView.tsx:424:17

    console.log
      [HandyTreeView] RENDER END #56 {
        internalItemsLength: 10,
        expandedItemsCount: 0,
        selectedItemsCount: 2,
        hasEmptyState: false
      }

      at HandyTreeView (src/components/HandyTreeView/HandyTreeView.tsx:1429:13)

    console.log
      [HandyTreeView] renderTreeItems [etrcvq3t7] { itemsCount: 10, level: 0, renderId: 56 }

      at src/components/HandyTreeView/HandyTreeView.tsx:1236:17

    console.log
      [HandyTreeView] renderTreeItems [etrcvq3t7] completed { itemsCount: 10, level: 0, resultCount: 10 }

      at src/components/HandyTreeView/HandyTreeView.tsx:1330:17

    console.log
      [useLazyLoading] useEffect recreate data source { hasRef: true, configEnabled: false }

      at src/hooks/useLazyLoading.ts:222:13

    console.log
      [useLazyLoading] Recreating LazyLoadingDataSource

      at src/hooks/useLazyLoading.ts:228:15

    console.log
      [HandyTreeView] useEffect items sync {
        hasDataSource: false,
        itemsLength: 10,
        filteredItemsLength: 10,
        internalItemsLength: 10
      }

      at src/components/HandyTreeView/HandyTreeView.tsx:496:15

    console.log
      [useLazyLoading] Cleaning up polling interval

      at src/hooks/useLazyLoading.ts:293:15
          at Array.forEach (<anonymous>)

    console.log
      [HandyTreeView] RENDER START #57 {
        hasDataSource: false,
        itemsCount: 10,
        hasLazyLoading: false,
        timestamp: 1769005691748
      }

      at HandyTreeView (src/components/HandyTreeView/HandyTreeView.tsx:232:13)

    console.log
      [HandyTreeView] useMemo lazyLoadingConfig { hasDataSource: false, hasLazyLoading: false }

      at src/components/HandyTreeView/HandyTreeView.tsx:306:15

    console.log
      [HandyTreeView] Calling useLazyLoading {
        hasDataSource: false,
        hasConfig: false,
        dataSourceType: 'none',
        dataSourceKeys: []
      }

      at HandyTreeView (src/components/HandyTreeView/HandyTreeView.tsx:321:13)

    console.log
      [useLazyLoading] HOOK CALLED {
        hasDataSource: true,
        configEnabled: false,
        configKeys: [ 'enabled' ]
      }

      at useLazyLoading (src/hooks/useLazyLoading.ts:195:11)

    console.log
      [useLazyLoading] Creating new LazyLoadingDataSource

      at useLazyLoading (src/hooks/useLazyLoading.ts:213:13)

    console.log
      [HandyTreeView] useLazyLoading returned { hasDataSource: true, isLoading: false, stateCacheSize: 0 }

      at HandyTreeView (src/components/HandyTreeView/HandyTreeView.tsx:338:13)

    console.log
      [HandyTreeView] buildFullItemsMap { itemsCount: 10, mapSize: 0 }

      at src/components/HandyTreeView/HandyTreeView.tsx:451:17

    console.log
      [HandyTreeView] applyFiltering { inputCount: 10, hasFilterItems: false, showHiddenFiles: true }

      at src/components/HandyTreeView/HandyTreeView.tsx:424:17

    console.log
      [HandyTreeView] RENDER END #57 {
        internalItemsLength: 10,
        expandedItemsCount: 0,
        selectedItemsCount: 0,
        hasEmptyState: false
      }

      at HandyTreeView (src/components/HandyTreeView/HandyTreeView.tsx:1429:13)

    console.log
      [HandyTreeView] renderTreeItems [frovuieg8] { itemsCount: 10, level: 0, renderId: 57 }

      at src/components/HandyTreeView/HandyTreeView.tsx:1236:17

    console.log
      [HandyTreeView] renderTreeItems [frovuieg8] completed { itemsCount: 10, level: 0, resultCount: 10 }

      at src/components/HandyTreeView/HandyTreeView.tsx:1330:17

    console.log
      [useLazyLoading] useEffect recreate data source { hasRef: true, configEnabled: false }

      at src/hooks/useLazyLoading.ts:222:13

    console.log
      [useLazyLoading] Recreating LazyLoadingDataSource

      at src/hooks/useLazyLoading.ts:228:15

    console.log
      [useLazyLoading] Setting up polling interval

      at src/hooks/useLazyLoading.ts:285:13

    console.log
      [HandyTreeView] useEffect items sync {
        hasDataSource: false,
        itemsLength: 10,
        filteredItemsLength: 10,
        internalItemsLength: 10
      }

      at src/components/HandyTreeView/HandyTreeView.tsx:496:15

    console.log
      [HandyTreeView] Syncing filtered items to internalItems

      at src/components/HandyTreeView/HandyTreeView.tsx:513:21

    console.log
      [HandyTreeView] useEffect fetch root items {
        hasDataSource: false,
        configEnabled: undefined,
        internalItemsLength: 10,
        itemsLength: 10,
        hasFetched: false
      }

      at src/components/HandyTreeView/HandyTreeView.tsx:549:15

    console.log
      [HandyTreeView] Skipping fetch - no dataSource or not enabled

      at src/components/HandyTreeView/HandyTreeView.tsx:559:17

    console.log
      [HandyTreeView] useEffect updateSelectionItems { internalItemsLength: 10 }

      at src/components/HandyTreeView/HandyTreeView.tsx:658:15

    console.log
      [HandyTreeView] RENDER START #58 {
        hasDataSource: false,
        itemsCount: 10,
        hasLazyLoading: false,
        timestamp: 1769005691774
      }

      at HandyTreeView (src/components/HandyTreeView/HandyTreeView.tsx:232:13)

    console.log
      [HandyTreeView] Calling useLazyLoading {
        hasDataSource: false,
        hasConfig: false,
        dataSourceType: 'none',
        dataSourceKeys: []
      }

      at HandyTreeView (src/components/HandyTreeView/HandyTreeView.tsx:321:13)

    console.log
      [useLazyLoading] HOOK CALLED {
        hasDataSource: true,
        configEnabled: false,
        configKeys: [ 'enabled' ]
      }

      at useLazyLoading (src/hooks/useLazyLoading.ts:195:11)

    console.log
      [HandyTreeView] useLazyLoading returned { hasDataSource: true, isLoading: false, stateCacheSize: 0 }

      at HandyTreeView (src/components/HandyTreeView/HandyTreeView.tsx:338:13)

    console.log
      [HandyTreeView] buildFullItemsMap { itemsCount: 10, mapSize: 0 }

      at src/components/HandyTreeView/HandyTreeView.tsx:451:17

    console.log
      [HandyTreeView] applyFiltering { inputCount: 10, hasFilterItems: false, showHiddenFiles: true }

      at src/components/HandyTreeView/HandyTreeView.tsx:424:17

    console.log
      [HandyTreeView] RENDER END #58 {
        internalItemsLength: 10,
        expandedItemsCount: 0,
        selectedItemsCount: 0,
        hasEmptyState: false
      }

      at HandyTreeView (src/components/HandyTreeView/HandyTreeView.tsx:1429:13)

    console.log
      [HandyTreeView] renderTreeItems [uiqblheix] { itemsCount: 10, level: 0, renderId: 58 }

      at src/components/HandyTreeView/HandyTreeView.tsx:1236:17

    console.log
      [HandyTreeView] renderTreeItems [uiqblheix] completed { itemsCount: 10, level: 0, resultCount: 10 }

      at src/components/HandyTreeView/HandyTreeView.tsx:1330:17

    console.log
      [useLazyLoading] useEffect recreate data source { hasRef: true, configEnabled: false }

      at src/hooks/useLazyLoading.ts:222:13

    console.log
      [useLazyLoading] Recreating LazyLoadingDataSource

      at src/hooks/useLazyLoading.ts:228:15

    console.log
      [HandyTreeView] useEffect items sync {
        hasDataSource: false,
        itemsLength: 10,
        filteredItemsLength: 10,
        internalItemsLength: 10
      }

      at src/components/HandyTreeView/HandyTreeView.tsx:496:15

    console.log
      [HandyTreeView] RENDER START #59 {
        hasDataSource: false,
        itemsCount: 10,
        hasLazyLoading: false,
        timestamp: 1769005691792
      }

      at HandyTreeView (src/components/HandyTreeView/HandyTreeView.tsx:232:13)

    console.log
      [HandyTreeView] Calling useLazyLoading {
        hasDataSource: false,
        hasConfig: false,
        dataSourceType: 'none',
        dataSourceKeys: []
      }

      at HandyTreeView (src/components/HandyTreeView/HandyTreeView.tsx:321:13)

    console.log
      [useLazyLoading] HOOK CALLED {
        hasDataSource: true,
        configEnabled: false,
        configKeys: [ 'enabled' ]
      }

      at useLazyLoading (src/hooks/useLazyLoading.ts:195:11)

    console.log
      [HandyTreeView] useLazyLoading returned { hasDataSource: true, isLoading: false, stateCacheSize: 0 }

      at HandyTreeView (src/components/HandyTreeView/HandyTreeView.tsx:338:13)

    console.log
      [HandyTreeView] buildFullItemsMap { itemsCount: 10, mapSize: 0 }

      at src/components/HandyTreeView/HandyTreeView.tsx:451:17

    console.log
      [HandyTreeView] applyFiltering { inputCount: 10, hasFilterItems: false, showHiddenFiles: true }

      at src/components/HandyTreeView/HandyTreeView.tsx:424:17

    console.log
      [HandyTreeView] RENDER END #59 {
        internalItemsLength: 10,
        expandedItemsCount: 0,
        selectedItemsCount: 0,
        hasEmptyState: false
      }

      at HandyTreeView (src/components/HandyTreeView/HandyTreeView.tsx:1429:13)

    console.log
      [HandyTreeView] renderTreeItems [62u1ktgnh] { itemsCount: 10, level: 0, renderId: 59 }

      at src/components/HandyTreeView/HandyTreeView.tsx:1236:17

    console.log
      [HandyTreeView] renderTreeItems [62u1ktgnh] completed { itemsCount: 10, level: 0, resultCount: 10 }

      at src/components/HandyTreeView/HandyTreeView.tsx:1330:17

    console.log
      [HandyTreeView] RENDER START #60 {
        hasDataSource: false,
        itemsCount: 10,
        hasLazyLoading: false,
        timestamp: 1769005691799
      }

      at HandyTreeView (src/components/HandyTreeView/HandyTreeView.tsx:232:13)

    console.log
      [HandyTreeView] Calling useLazyLoading {
        hasDataSource: false,
        hasConfig: false,
        dataSourceType: 'none',
        dataSourceKeys: []
      }

      at HandyTreeView (src/components/HandyTreeView/HandyTreeView.tsx:321:13)

    console.log
      [useLazyLoading] HOOK CALLED {
        hasDataSource: true,
        configEnabled: false,
        configKeys: [ 'enabled' ]
      }

      at useLazyLoading (src/hooks/useLazyLoading.ts:195:11)

    console.log
      [HandyTreeView] useLazyLoading returned { hasDataSource: true, isLoading: false, stateCacheSize: 0 }

      at HandyTreeView (src/components/HandyTreeView/HandyTreeView.tsx:338:13)

    console.log
      [HandyTreeView] buildFullItemsMap { itemsCount: 10, mapSize: 0 }

      at src/components/HandyTreeView/HandyTreeView.tsx:451:17

    console.log
      [HandyTreeView] applyFiltering { inputCount: 10, hasFilterItems: false, showHiddenFiles: true }

      at src/components/HandyTreeView/HandyTreeView.tsx:424:17

    console.log
      [HandyTreeView] RENDER END #60 {
        internalItemsLength: 10,
        expandedItemsCount: 0,
        selectedItemsCount: 0,
        hasEmptyState: false
      }

      at HandyTreeView (src/components/HandyTreeView/HandyTreeView.tsx:1429:13)

    console.log
      [HandyTreeView] renderTreeItems [41w1u6vgp] { itemsCount: 10, level: 0, renderId: 60 }

      at src/components/HandyTreeView/HandyTreeView.tsx:1236:17

    console.log
      [HandyTreeView] renderTreeItems [41w1u6vgp] completed { itemsCount: 10, level: 0, resultCount: 10 }

      at src/components/HandyTreeView/HandyTreeView.tsx:1330:17

    console.log
      [useLazyLoading] useEffect recreate data source { hasRef: true, configEnabled: false }

      at src/hooks/useLazyLoading.ts:222:13

    console.log
      [useLazyLoading] Recreating LazyLoadingDataSource

      at src/hooks/useLazyLoading.ts:228:15

    console.log
      [HandyTreeView] useEffect items sync {
        hasDataSource: false,
        itemsLength: 10,
        filteredItemsLength: 10,
        internalItemsLength: 10
      }

      at src/components/HandyTreeView/HandyTreeView.tsx:496:15

    console.log
      [HandyTreeView] RENDER START #61 {
        hasDataSource: false,
        itemsCount: 10,
        hasLazyLoading: false,
        timestamp: 1769005691815
      }

      at HandyTreeView (src/components/HandyTreeView/HandyTreeView.tsx:232:13)

    console.log
      [HandyTreeView] Calling useLazyLoading {
        hasDataSource: false,
        hasConfig: false,
        dataSourceType: 'none',
        dataSourceKeys: []
      }

      at HandyTreeView (src/components/HandyTreeView/HandyTreeView.tsx:321:13)

    console.log
      [useLazyLoading] HOOK CALLED {
        hasDataSource: true,
        configEnabled: false,
        configKeys: [ 'enabled' ]
      }

      at useLazyLoading (src/hooks/useLazyLoading.ts:195:11)

    console.log
      [HandyTreeView] useLazyLoading returned { hasDataSource: true, isLoading: false, stateCacheSize: 0 }

      at HandyTreeView (src/components/HandyTreeView/HandyTreeView.tsx:338:13)

    console.log
      [HandyTreeView] buildFullItemsMap { itemsCount: 10, mapSize: 0 }

      at src/components/HandyTreeView/HandyTreeView.tsx:451:17

    console.log
      [HandyTreeView] applyFiltering { inputCount: 10, hasFilterItems: false, showHiddenFiles: true }

      at src/components/HandyTreeView/HandyTreeView.tsx:424:17

    console.log
      [HandyTreeView] RENDER END #61 {
        internalItemsLength: 10,
        expandedItemsCount: 0,
        selectedItemsCount: 0,
        hasEmptyState: false
      }

      at HandyTreeView (src/components/HandyTreeView/HandyTreeView.tsx:1429:13)

    console.log
      [HandyTreeView] renderTreeItems [171eczfan] { itemsCount: 10, level: 0, renderId: 61 }

      at src/components/HandyTreeView/HandyTreeView.tsx:1236:17

    console.log
      [HandyTreeView] renderTreeItems [171eczfan] completed { itemsCount: 10, level: 0, resultCount: 10 }

      at src/components/HandyTreeView/HandyTreeView.tsx:1330:17

    console.log
      [useLazyLoading] useEffect recreate data source { hasRef: true, configEnabled: false }

      at src/hooks/useLazyLoading.ts:222:13

    console.log
      [useLazyLoading] Recreating LazyLoadingDataSource

      at src/hooks/useLazyLoading.ts:228:15

    console.log
      [HandyTreeView] useEffect items sync {
        hasDataSource: false,
        itemsLength: 10,
        filteredItemsLength: 10,
        internalItemsLength: 10
      }

      at src/components/HandyTreeView/HandyTreeView.tsx:496:15

    console.log
      [HandyTreeView] RENDER START #62 {
        hasDataSource: false,
        itemsCount: 10,
        hasLazyLoading: false,
        timestamp: 1769005691834
      }

      at HandyTreeView (src/components/HandyTreeView/HandyTreeView.tsx:232:13)

    console.log
      [HandyTreeView] Calling useLazyLoading {
        hasDataSource: false,
        hasConfig: false,
        dataSourceType: 'none',
        dataSourceKeys: []
      }

      at HandyTreeView (src/components/HandyTreeView/HandyTreeView.tsx:321:13)

    console.log
      [useLazyLoading] HOOK CALLED {
        hasDataSource: true,
        configEnabled: false,
        configKeys: [ 'enabled' ]
      }

      at useLazyLoading (src/hooks/useLazyLoading.ts:195:11)

    console.log
      [HandyTreeView] useLazyLoading returned { hasDataSource: true, isLoading: false, stateCacheSize: 0 }

      at HandyTreeView (src/components/HandyTreeView/HandyTreeView.tsx:338:13)

    console.log
      [HandyTreeView] buildFullItemsMap { itemsCount: 10, mapSize: 0 }

      at src/components/HandyTreeView/HandyTreeView.tsx:451:17

    console.log
      [HandyTreeView] applyFiltering { inputCount: 10, hasFilterItems: false, showHiddenFiles: true }

      at src/components/HandyTreeView/HandyTreeView.tsx:424:17

    console.log
      [HandyTreeView] RENDER END #62 {
        internalItemsLength: 10,
        expandedItemsCount: 0,
        selectedItemsCount: 1,
        hasEmptyState: false
      }

      at HandyTreeView (src/components/HandyTreeView/HandyTreeView.tsx:1429:13)

    console.log
      [HandyTreeView] renderTreeItems [ax9qiwaor] { itemsCount: 10, level: 0, renderId: 62 }

      at src/components/HandyTreeView/HandyTreeView.tsx:1236:17

    console.log
      [HandyTreeView] renderTreeItems [ax9qiwaor] completed { itemsCount: 10, level: 0, resultCount: 10 }

      at src/components/HandyTreeView/HandyTreeView.tsx:1330:17

    console.log
      [useLazyLoading] useEffect recreate data source { hasRef: true, configEnabled: false }

      at src/hooks/useLazyLoading.ts:222:13

    console.log
      [useLazyLoading] Recreating LazyLoadingDataSource

      at src/hooks/useLazyLoading.ts:228:15

    console.log
      [HandyTreeView] useEffect items sync {
        hasDataSource: false,
        itemsLength: 10,
        filteredItemsLength: 10,
        internalItemsLength: 10
      }

      at src/components/HandyTreeView/HandyTreeView.tsx:496:15

    console.log
      [useLazyLoading] Cleaning up polling interval

      at src/hooks/useLazyLoading.ts:293:15
          at Array.forEach (<anonymous>)

    console.log
      [HandyTreeView] RENDER START #63 {
        hasDataSource: false,
        itemsCount: 10,
        hasLazyLoading: false,
        timestamp: 1769005691858
      }

      at HandyTreeView (src/components/HandyTreeView/HandyTreeView.tsx:232:13)

    console.log
      [HandyTreeView] useMemo lazyLoadingConfig { hasDataSource: false, hasLazyLoading: false }

      at src/components/HandyTreeView/HandyTreeView.tsx:306:15

    console.log
      [HandyTreeView] Calling useLazyLoading {
        hasDataSource: false,
        hasConfig: false,
        dataSourceType: 'none',
        dataSourceKeys: []
      }

      at HandyTreeView (src/components/HandyTreeView/HandyTreeView.tsx:321:13)

    console.log
      [useLazyLoading] HOOK CALLED {
        hasDataSource: true,
        configEnabled: false,
        configKeys: [ 'enabled' ]
      }

      at useLazyLoading (src/hooks/useLazyLoading.ts:195:11)

    console.log
      [useLazyLoading] Creating new LazyLoadingDataSource

      at useLazyLoading (src/hooks/useLazyLoading.ts:213:13)

    console.log
      [HandyTreeView] useLazyLoading returned { hasDataSource: true, isLoading: false, stateCacheSize: 0 }

      at HandyTreeView (src/components/HandyTreeView/HandyTreeView.tsx:338:13)

    console.log
      [HandyTreeView] buildFullItemsMap { itemsCount: 10, mapSize: 0 }

      at src/components/HandyTreeView/HandyTreeView.tsx:451:17

    console.log
      [HandyTreeView] applyFiltering { inputCount: 10, hasFilterItems: false, showHiddenFiles: true }

      at src/components/HandyTreeView/HandyTreeView.tsx:424:17

    console.log
      [HandyTreeView] RENDER END #63 {
        internalItemsLength: 10,
        expandedItemsCount: 0,
        selectedItemsCount: 0,
        hasEmptyState: false
      }

      at HandyTreeView (src/components/HandyTreeView/HandyTreeView.tsx:1429:13)

    console.log
      [HandyTreeView] renderTreeItems [qkhebas2f] { itemsCount: 10, level: 0, renderId: 63 }

      at src/components/HandyTreeView/HandyTreeView.tsx:1236:17

    console.log
      [HandyTreeView] renderTreeItems [qkhebas2f] completed { itemsCount: 10, level: 0, resultCount: 10 }

      at src/components/HandyTreeView/HandyTreeView.tsx:1330:17

    console.log
      [useLazyLoading] useEffect recreate data source { hasRef: true, configEnabled: false }

      at src/hooks/useLazyLoading.ts:222:13

    console.log
      [useLazyLoading] Recreating LazyLoadingDataSource

      at src/hooks/useLazyLoading.ts:228:15

    console.log
      [useLazyLoading] Setting up polling interval

      at src/hooks/useLazyLoading.ts:285:13

    console.log
      [HandyTreeView] useEffect items sync {
        hasDataSource: false,
        itemsLength: 10,
        filteredItemsLength: 10,
        internalItemsLength: 10
      }

      at src/components/HandyTreeView/HandyTreeView.tsx:496:15

    console.log
      [HandyTreeView] Syncing filtered items to internalItems

      at src/components/HandyTreeView/HandyTreeView.tsx:513:21

    console.log
      [HandyTreeView] useEffect fetch root items {
        hasDataSource: false,
        configEnabled: undefined,
        internalItemsLength: 10,
        itemsLength: 10,
        hasFetched: false
      }

      at src/components/HandyTreeView/HandyTreeView.tsx:549:15

    console.log
      [HandyTreeView] Skipping fetch - no dataSource or not enabled

      at src/components/HandyTreeView/HandyTreeView.tsx:559:17

    console.log
      [HandyTreeView] useEffect updateSelectionItems { internalItemsLength: 10 }

      at src/components/HandyTreeView/HandyTreeView.tsx:658:15

    console.log
      [HandyTreeView] RENDER START #64 {
        hasDataSource: false,
        itemsCount: 10,
        hasLazyLoading: false,
        timestamp: 1769005691896
      }

      at HandyTreeView (src/components/HandyTreeView/HandyTreeView.tsx:232:13)

    console.log
      [HandyTreeView] Calling useLazyLoading {
        hasDataSource: false,
        hasConfig: false,
        dataSourceType: 'none',
        dataSourceKeys: []
      }

      at HandyTreeView (src/components/HandyTreeView/HandyTreeView.tsx:321:13)

    console.log
      [useLazyLoading] HOOK CALLED {
        hasDataSource: true,
        configEnabled: false,
        configKeys: [ 'enabled' ]
      }

      at useLazyLoading (src/hooks/useLazyLoading.ts:195:11)

    console.log
      [HandyTreeView] useLazyLoading returned { hasDataSource: true, isLoading: false, stateCacheSize: 0 }

      at HandyTreeView (src/components/HandyTreeView/HandyTreeView.tsx:338:13)

    console.log
      [HandyTreeView] buildFullItemsMap { itemsCount: 10, mapSize: 0 }

      at src/components/HandyTreeView/HandyTreeView.tsx:451:17

    console.log
      [HandyTreeView] applyFiltering { inputCount: 10, hasFilterItems: false, showHiddenFiles: true }

      at src/components/HandyTreeView/HandyTreeView.tsx:424:17

    console.log
      [HandyTreeView] RENDER END #64 {
        internalItemsLength: 10,
        expandedItemsCount: 0,
        selectedItemsCount: 0,
        hasEmptyState: false
      }

      at HandyTreeView (src/components/HandyTreeView/HandyTreeView.tsx:1429:13)

    console.log
      [HandyTreeView] renderTreeItems [8uewspafj] { itemsCount: 10, level: 0, renderId: 64 }

      at src/components/HandyTreeView/HandyTreeView.tsx:1236:17

    console.log
      [HandyTreeView] renderTreeItems [8uewspafj] completed { itemsCount: 10, level: 0, resultCount: 10 }

      at src/components/HandyTreeView/HandyTreeView.tsx:1330:17

    console.log
      [useLazyLoading] useEffect recreate data source { hasRef: true, configEnabled: false }

      at src/hooks/useLazyLoading.ts:222:13

    console.log
      [useLazyLoading] Recreating LazyLoadingDataSource

      at src/hooks/useLazyLoading.ts:228:15

    console.log
      [HandyTreeView] useEffect items sync {
        hasDataSource: false,
        itemsLength: 10,
        filteredItemsLength: 10,
        internalItemsLength: 10
      }

      at src/components/HandyTreeView/HandyTreeView.tsx:496:15

    console.log
      [HandyTreeView] RENDER START #65 {
        hasDataSource: false,
        itemsCount: 10,
        hasLazyLoading: false,
        timestamp: 1769005691922
      }

      at HandyTreeView (src/components/HandyTreeView/HandyTreeView.tsx:232:13)

    console.log
      [HandyTreeView] Calling useLazyLoading {
        hasDataSource: false,
        hasConfig: false,
        dataSourceType: 'none',
        dataSourceKeys: []
      }

      at HandyTreeView (src/components/HandyTreeView/HandyTreeView.tsx:321:13)

    console.log
      [useLazyLoading] HOOK CALLED {
        hasDataSource: true,
        configEnabled: false,
        configKeys: [ 'enabled' ]
      }

      at useLazyLoading (src/hooks/useLazyLoading.ts:195:11)

    console.log
      [HandyTreeView] useLazyLoading returned { hasDataSource: true, isLoading: false, stateCacheSize: 0 }

      at HandyTreeView (src/components/HandyTreeView/HandyTreeView.tsx:338:13)

    console.log
      [HandyTreeView] buildFullItemsMap { itemsCount: 10, mapSize: 0 }

      at src/components/HandyTreeView/HandyTreeView.tsx:451:17

    console.log
      [HandyTreeView] applyFiltering { inputCount: 10, hasFilterItems: false, showHiddenFiles: true }

      at src/components/HandyTreeView/HandyTreeView.tsx:424:17

    console.log
      [HandyTreeView] RENDER END #65 {
        internalItemsLength: 10,
        expandedItemsCount: 0,
        selectedItemsCount: 0,
        hasEmptyState: false
      }

      at HandyTreeView (src/components/HandyTreeView/HandyTreeView.tsx:1429:13)

    console.log
      [HandyTreeView] renderTreeItems [lqcrlxfka] { itemsCount: 10, level: 0, renderId: 65 }

      at src/components/HandyTreeView/HandyTreeView.tsx:1236:17

    console.log
      [HandyTreeView] renderTreeItems [lqcrlxfka] completed { itemsCount: 10, level: 0, resultCount: 10 }

      at src/components/HandyTreeView/HandyTreeView.tsx:1330:17

    console.log
      [HandyTreeView] RENDER START #66 {
        hasDataSource: false,
        itemsCount: 10,
        hasLazyLoading: false,
        timestamp: 1769005691927
      }

      at HandyTreeView (src/components/HandyTreeView/HandyTreeView.tsx:232:13)

    console.log
      [HandyTreeView] Calling useLazyLoading {
        hasDataSource: false,
        hasConfig: false,
        dataSourceType: 'none',
        dataSourceKeys: []
      }

      at HandyTreeView (src/components/HandyTreeView/HandyTreeView.tsx:321:13)

    console.log
      [useLazyLoading] HOOK CALLED {
        hasDataSource: true,
        configEnabled: false,
        configKeys: [ 'enabled' ]
      }

      at useLazyLoading (src/hooks/useLazyLoading.ts:195:11)

    console.log
      [HandyTreeView] useLazyLoading returned { hasDataSource: true, isLoading: false, stateCacheSize: 0 }

      at HandyTreeView (src/components/HandyTreeView/HandyTreeView.tsx:338:13)

    console.log
      [HandyTreeView] buildFullItemsMap { itemsCount: 10, mapSize: 0 }

      at src/components/HandyTreeView/HandyTreeView.tsx:451:17

    console.log
      [HandyTreeView] applyFiltering { inputCount: 10, hasFilterItems: false, showHiddenFiles: true }

      at src/components/HandyTreeView/HandyTreeView.tsx:424:17

    console.log
      [HandyTreeView] RENDER END #66 {
        internalItemsLength: 10,
        expandedItemsCount: 0,
        selectedItemsCount: 1,
        hasEmptyState: false
      }

      at HandyTreeView (src/components/HandyTreeView/HandyTreeView.tsx:1429:13)

    console.log
      [HandyTreeView] renderTreeItems [lu6d85ecm] { itemsCount: 10, level: 0, renderId: 66 }

      at src/components/HandyTreeView/HandyTreeView.tsx:1236:17

    console.log
      [HandyTreeView] renderTreeItems [lu6d85ecm] completed { itemsCount: 10, level: 0, resultCount: 10 }

      at src/components/HandyTreeView/HandyTreeView.tsx:1330:17

    console.log
      [useLazyLoading] useEffect recreate data source { hasRef: true, configEnabled: false }

      at src/hooks/useLazyLoading.ts:222:13

    console.log
      [useLazyLoading] Recreating LazyLoadingDataSource

      at src/hooks/useLazyLoading.ts:228:15

    console.log
      [HandyTreeView] useEffect items sync {
        hasDataSource: false,
        itemsLength: 10,
        filteredItemsLength: 10,
        internalItemsLength: 10
      }

      at src/components/HandyTreeView/HandyTreeView.tsx:496:15

    console.log
      [useLazyLoading] Cleaning up polling interval

      at src/hooks/useLazyLoading.ts:293:15
          at Array.forEach (<anonymous>)

    console.log
      [HandyTreeView] RENDER START #67 {
        hasDataSource: false,
        itemsCount: 20,
        hasLazyLoading: false,
        timestamp: 1769005691954
      }

      at HandyTreeView (src/components/HandyTreeView/HandyTreeView.tsx:232:13)

    console.log
      [HandyTreeView] useMemo lazyLoadingConfig { hasDataSource: false, hasLazyLoading: false }

      at src/components/HandyTreeView/HandyTreeView.tsx:306:15

    console.log
      [HandyTreeView] Calling useLazyLoading {
        hasDataSource: false,
        hasConfig: false,
        dataSourceType: 'none',
        dataSourceKeys: []
      }

      at HandyTreeView (src/components/HandyTreeView/HandyTreeView.tsx:321:13)

    console.log
      [useLazyLoading] HOOK CALLED {
        hasDataSource: true,
        configEnabled: false,
        configKeys: [ 'enabled' ]
      }

      at useLazyLoading (src/hooks/useLazyLoading.ts:195:11)

    console.log
      [useLazyLoading] Creating new LazyLoadingDataSource

      at useLazyLoading (src/hooks/useLazyLoading.ts:213:13)

    console.log
      [HandyTreeView] useLazyLoading returned { hasDataSource: true, isLoading: false, stateCacheSize: 0 }

      at HandyTreeView (src/components/HandyTreeView/HandyTreeView.tsx:338:13)

    console.log
      [HandyTreeView] buildFullItemsMap { itemsCount: 20, mapSize: 0 }

      at src/components/HandyTreeView/HandyTreeView.tsx:451:17

    console.log
      [HandyTreeView] applyFiltering { inputCount: 20, hasFilterItems: false, showHiddenFiles: true }

      at src/components/HandyTreeView/HandyTreeView.tsx:424:17

    console.log
      [HandyTreeView] RENDER END #67 {
        internalItemsLength: 20,
        expandedItemsCount: 0,
        selectedItemsCount: 0,
        hasEmptyState: false
      }

      at HandyTreeView (src/components/HandyTreeView/HandyTreeView.tsx:1429:13)

    console.log
      [HandyTreeView] renderTreeItems [6nk5lvsrw] { itemsCount: 20, level: 0, renderId: 67 }

      at src/components/HandyTreeView/HandyTreeView.tsx:1236:17

    console.log
      [HandyTreeView] renderTreeItems [6nk5lvsrw] completed { itemsCount: 20, level: 0, resultCount: 20 }

      at src/components/HandyTreeView/HandyTreeView.tsx:1330:17

    console.log
      [useLazyLoading] useEffect recreate data source { hasRef: true, configEnabled: false }

      at src/hooks/useLazyLoading.ts:222:13

    console.log
      [useLazyLoading] Recreating LazyLoadingDataSource

      at src/hooks/useLazyLoading.ts:228:15

    console.log
      [useLazyLoading] Setting up polling interval

      at src/hooks/useLazyLoading.ts:285:13

    console.log
      [HandyTreeView] useEffect items sync {
        hasDataSource: false,
        itemsLength: 20,
        filteredItemsLength: 20,
        internalItemsLength: 20
      }

      at src/components/HandyTreeView/HandyTreeView.tsx:496:15

    console.log
      [HandyTreeView] Syncing filtered items to internalItems

      at src/components/HandyTreeView/HandyTreeView.tsx:513:21

    console.log
      [HandyTreeView] useEffect fetch root items {
        hasDataSource: false,
        configEnabled: undefined,
        internalItemsLength: 20,
        itemsLength: 20,
        hasFetched: false
      }

      at src/components/HandyTreeView/HandyTreeView.tsx:549:15

    console.log
      [HandyTreeView] Skipping fetch - no dataSource or not enabled

      at src/components/HandyTreeView/HandyTreeView.tsx:559:17

    console.log
      [HandyTreeView] useEffect updateSelectionItems { internalItemsLength: 20 }

      at src/components/HandyTreeView/HandyTreeView.tsx:658:15

    console.log
      [HandyTreeView] RENDER START #68 {
        hasDataSource: false,
        itemsCount: 20,
        hasLazyLoading: false,
        timestamp: 1769005691998
      }

      at HandyTreeView (src/components/HandyTreeView/HandyTreeView.tsx:232:13)

    console.log
      [HandyTreeView] Calling useLazyLoading {
        hasDataSource: false,
        hasConfig: false,
        dataSourceType: 'none',
        dataSourceKeys: []
      }

      at HandyTreeView (src/components/HandyTreeView/HandyTreeView.tsx:321:13)

    console.log
      [useLazyLoading] HOOK CALLED {
        hasDataSource: true,
        configEnabled: false,
        configKeys: [ 'enabled' ]
      }

      at useLazyLoading (src/hooks/useLazyLoading.ts:195:11)

    console.log
      [HandyTreeView] useLazyLoading returned { hasDataSource: true, isLoading: false, stateCacheSize: 0 }

      at HandyTreeView (src/components/HandyTreeView/HandyTreeView.tsx:338:13)

    console.log
      [HandyTreeView] buildFullItemsMap { itemsCount: 20, mapSize: 0 }

      at src/components/HandyTreeView/HandyTreeView.tsx:451:17

    console.log
      [HandyTreeView] applyFiltering { inputCount: 20, hasFilterItems: false, showHiddenFiles: true }

      at src/components/HandyTreeView/HandyTreeView.tsx:424:17

    console.log
      [HandyTreeView] RENDER END #68 {
        internalItemsLength: 20,
        expandedItemsCount: 0,
        selectedItemsCount: 0,
        hasEmptyState: false
      }

      at HandyTreeView (src/components/HandyTreeView/HandyTreeView.tsx:1429:13)

    console.log
      [HandyTreeView] renderTreeItems [1zge6z1mg] { itemsCount: 20, level: 0, renderId: 68 }

      at src/components/HandyTreeView/HandyTreeView.tsx:1236:17

    console.log
      [HandyTreeView] renderTreeItems [1zge6z1mg] completed { itemsCount: 20, level: 0, resultCount: 20 }

      at src/components/HandyTreeView/HandyTreeView.tsx:1330:17

    console.log
      [useLazyLoading] useEffect recreate data source { hasRef: true, configEnabled: false }

      at src/hooks/useLazyLoading.ts:222:13

    console.log
      [useLazyLoading] Recreating LazyLoadingDataSource

      at src/hooks/useLazyLoading.ts:228:15

    console.log
      [HandyTreeView] useEffect items sync {
        hasDataSource: false,
        itemsLength: 20,
        filteredItemsLength: 20,
        internalItemsLength: 20
      }

      at src/components/HandyTreeView/HandyTreeView.tsx:496:15

    console.log
      [HandyTreeView] RENDER START #69 {
        hasDataSource: false,
        itemsCount: 20,
        hasLazyLoading: false,
        timestamp: 1769005692022
      }

      at HandyTreeView (src/components/HandyTreeView/HandyTreeView.tsx:232:13)

    console.log
      [HandyTreeView] Calling useLazyLoading {
        hasDataSource: false,
        hasConfig: false,
        dataSourceType: 'none',
        dataSourceKeys: []
      }

      at HandyTreeView (src/components/HandyTreeView/HandyTreeView.tsx:321:13)

    console.log
      [useLazyLoading] HOOK CALLED {
        hasDataSource: true,
        configEnabled: false,
        configKeys: [ 'enabled' ]
      }

      at useLazyLoading (src/hooks/useLazyLoading.ts:195:11)

    console.log
      [HandyTreeView] useLazyLoading returned { hasDataSource: true, isLoading: false, stateCacheSize: 0 }

      at HandyTreeView (src/components/HandyTreeView/HandyTreeView.tsx:338:13)

    console.log
      [HandyTreeView] buildFullItemsMap { itemsCount: 20, mapSize: 0 }

      at src/components/HandyTreeView/HandyTreeView.tsx:451:17

    console.log
      [HandyTreeView] applyFiltering { inputCount: 20, hasFilterItems: false, showHiddenFiles: true }

      at src/components/HandyTreeView/HandyTreeView.tsx:424:17

    console.log
      [HandyTreeView] RENDER END #69 {
        internalItemsLength: 20,
        expandedItemsCount: 0,
        selectedItemsCount: 0,
        hasEmptyState: false
      }

      at HandyTreeView (src/components/HandyTreeView/HandyTreeView.tsx:1429:13)

    console.log
      [HandyTreeView] renderTreeItems [2qxcn5mdf] { itemsCount: 20, level: 0, renderId: 69 }

      at src/components/HandyTreeView/HandyTreeView.tsx:1236:17

    console.log
      [HandyTreeView] renderTreeItems [2qxcn5mdf] completed { itemsCount: 20, level: 0, resultCount: 20 }

      at src/components/HandyTreeView/HandyTreeView.tsx:1330:17

    console.log
      [HandyTreeView] RENDER START #70 {
        hasDataSource: false,
        itemsCount: 20,
        hasLazyLoading: false,
        timestamp: 1769005692028
      }

      at HandyTreeView (src/components/HandyTreeView/HandyTreeView.tsx:232:13)

    console.log
      [HandyTreeView] Calling useLazyLoading {
        hasDataSource: false,
        hasConfig: false,
        dataSourceType: 'none',
        dataSourceKeys: []
      }

      at HandyTreeView (src/components/HandyTreeView/HandyTreeView.tsx:321:13)

    console.log
      [useLazyLoading] HOOK CALLED {
        hasDataSource: true,
        configEnabled: false,
        configKeys: [ 'enabled' ]
      }

      at useLazyLoading (src/hooks/useLazyLoading.ts:195:11)

    console.log
      [HandyTreeView] useLazyLoading returned { hasDataSource: true, isLoading: false, stateCacheSize: 0 }

      at HandyTreeView (src/components/HandyTreeView/HandyTreeView.tsx:338:13)

    console.log
      [HandyTreeView] buildFullItemsMap { itemsCount: 20, mapSize: 0 }

      at src/components/HandyTreeView/HandyTreeView.tsx:451:17

    console.log
      [HandyTreeView] applyFiltering { inputCount: 20, hasFilterItems: false, showHiddenFiles: true }

      at src/components/HandyTreeView/HandyTreeView.tsx:424:17

    console.log
      [HandyTreeView] RENDER END #70 {
        internalItemsLength: 20,
        expandedItemsCount: 0,
        selectedItemsCount: 1,
        hasEmptyState: false
      }

      at HandyTreeView (src/components/HandyTreeView/HandyTreeView.tsx:1429:13)

    console.log
      [HandyTreeView] renderTreeItems [h3obffbx6] { itemsCount: 20, level: 0, renderId: 70 }

      at src/components/HandyTreeView/HandyTreeView.tsx:1236:17

    console.log
      [HandyTreeView] renderTreeItems [h3obffbx6] completed { itemsCount: 20, level: 0, resultCount: 20 }

      at src/components/HandyTreeView/HandyTreeView.tsx:1330:17

    console.log
      [useLazyLoading] useEffect recreate data source { hasRef: true, configEnabled: false }

      at src/hooks/useLazyLoading.ts:222:13

    console.log
      [useLazyLoading] Recreating LazyLoadingDataSource

      at src/hooks/useLazyLoading.ts:228:15

    console.log
      [HandyTreeView] useEffect items sync {
        hasDataSource: false,
        itemsLength: 20,
        filteredItemsLength: 20,
        internalItemsLength: 20
      }

      at src/components/HandyTreeView/HandyTreeView.tsx:496:15

    console.log
      [useLazyLoading] Cleaning up polling interval

      at src/hooks/useLazyLoading.ts:293:15
          at Array.forEach (<anonymous>)

    console.log
      [HandyTreeView] RENDER START #71 {
        hasDataSource: false,
        itemsCount: 20,
        hasLazyLoading: false,
        timestamp: 1769005692063
      }

      at HandyTreeView (src/components/HandyTreeView/HandyTreeView.tsx:232:13)

    console.log
      [HandyTreeView] useMemo lazyLoadingConfig { hasDataSource: false, hasLazyLoading: false }

      at src/components/HandyTreeView/HandyTreeView.tsx:306:15

    console.log
      [HandyTreeView] Calling useLazyLoading {
        hasDataSource: false,
        hasConfig: false,
        dataSourceType: 'none',
        dataSourceKeys: []
      }

      at HandyTreeView (src/components/HandyTreeView/HandyTreeView.tsx:321:13)

    console.log
      [useLazyLoading] HOOK CALLED {
        hasDataSource: true,
        configEnabled: false,
        configKeys: [ 'enabled' ]
      }

      at useLazyLoading (src/hooks/useLazyLoading.ts:195:11)

    console.log
      [useLazyLoading] Creating new LazyLoadingDataSource

      at useLazyLoading (src/hooks/useLazyLoading.ts:213:13)

    console.log
      [HandyTreeView] useLazyLoading returned { hasDataSource: true, isLoading: false, stateCacheSize: 0 }

      at HandyTreeView (src/components/HandyTreeView/HandyTreeView.tsx:338:13)

    console.log
      [HandyTreeView] buildFullItemsMap { itemsCount: 20, mapSize: 0 }

      at src/components/HandyTreeView/HandyTreeView.tsx:451:17

    console.log
      [HandyTreeView] applyFiltering { inputCount: 20, hasFilterItems: false, showHiddenFiles: true }

      at src/components/HandyTreeView/HandyTreeView.tsx:424:17

    console.log
      [HandyTreeView] RENDER END #71 {
        internalItemsLength: 20,
        expandedItemsCount: 0,
        selectedItemsCount: 0,
        hasEmptyState: false
      }

      at HandyTreeView (src/components/HandyTreeView/HandyTreeView.tsx:1429:13)

    console.log
      [HandyTreeView] renderTreeItems [ej9vhtwbc] { itemsCount: 20, level: 0, renderId: 71 }

      at src/components/HandyTreeView/HandyTreeView.tsx:1236:17

    console.log
      [HandyTreeView] renderTreeItems [ej9vhtwbc] completed { itemsCount: 20, level: 0, resultCount: 20 }

      at src/components/HandyTreeView/HandyTreeView.tsx:1330:17

    console.log
      [useLazyLoading] useEffect recreate data source { hasRef: true, configEnabled: false }

      at src/hooks/useLazyLoading.ts:222:13

    console.log
      [useLazyLoading] Recreating LazyLoadingDataSource

      at src/hooks/useLazyLoading.ts:228:15

    console.log
      [useLazyLoading] Setting up polling interval

      at src/hooks/useLazyLoading.ts:285:13

    console.log
      [HandyTreeView] useEffect items sync {
        hasDataSource: false,
        itemsLength: 20,
        filteredItemsLength: 20,
        internalItemsLength: 20
      }

      at src/components/HandyTreeView/HandyTreeView.tsx:496:15

    console.log
      [HandyTreeView] Syncing filtered items to internalItems

      at src/components/HandyTreeView/HandyTreeView.tsx:513:21

    console.log
      [HandyTreeView] useEffect fetch root items {
        hasDataSource: false,
        configEnabled: undefined,
        internalItemsLength: 20,
        itemsLength: 20,
        hasFetched: false
      }

      at src/components/HandyTreeView/HandyTreeView.tsx:549:15

    console.log
      [HandyTreeView] Skipping fetch - no dataSource or not enabled

      at src/components/HandyTreeView/HandyTreeView.tsx:559:17

    console.log
      [HandyTreeView] useEffect updateSelectionItems { internalItemsLength: 20 }

      at src/components/HandyTreeView/HandyTreeView.tsx:658:15

    console.log
      [HandyTreeView] RENDER START #72 {
        hasDataSource: false,
        itemsCount: 20,
        hasLazyLoading: false,
        timestamp: 1769005692102
      }

      at HandyTreeView (src/components/HandyTreeView/HandyTreeView.tsx:232:13)

    console.log
      [HandyTreeView] Calling useLazyLoading {
        hasDataSource: false,
        hasConfig: false,
        dataSourceType: 'none',
        dataSourceKeys: []
      }

      at HandyTreeView (src/components/HandyTreeView/HandyTreeView.tsx:321:13)

    console.log
      [useLazyLoading] HOOK CALLED {
        hasDataSource: true,
        configEnabled: false,
        configKeys: [ 'enabled' ]
      }

      at useLazyLoading (src/hooks/useLazyLoading.ts:195:11)

    console.log
      [HandyTreeView] useLazyLoading returned { hasDataSource: true, isLoading: false, stateCacheSize: 0 }

      at HandyTreeView (src/components/HandyTreeView/HandyTreeView.tsx:338:13)

    console.log
      [HandyTreeView] buildFullItemsMap { itemsCount: 20, mapSize: 0 }

      at src/components/HandyTreeView/HandyTreeView.tsx:451:17

    console.log
      [HandyTreeView] applyFiltering { inputCount: 20, hasFilterItems: false, showHiddenFiles: true }

      at src/components/HandyTreeView/HandyTreeView.tsx:424:17

    console.log
      [HandyTreeView] RENDER END #72 {
        internalItemsLength: 20,
        expandedItemsCount: 0,
        selectedItemsCount: 0,
        hasEmptyState: false
      }

      at HandyTreeView (src/components/HandyTreeView/HandyTreeView.tsx:1429:13)

    console.log
      [HandyTreeView] renderTreeItems [rbqax3glr] { itemsCount: 20, level: 0, renderId: 72 }

      at src/components/HandyTreeView/HandyTreeView.tsx:1236:17

    console.log
      [HandyTreeView] renderTreeItems [rbqax3glr] completed { itemsCount: 20, level: 0, resultCount: 20 }

      at src/components/HandyTreeView/HandyTreeView.tsx:1330:17

    console.log
      [useLazyLoading] useEffect recreate data source { hasRef: true, configEnabled: false }

      at src/hooks/useLazyLoading.ts:222:13

    console.log
      [useLazyLoading] Recreating LazyLoadingDataSource

      at src/hooks/useLazyLoading.ts:228:15

    console.log
      [HandyTreeView] useEffect items sync {
        hasDataSource: false,
        itemsLength: 20,
        filteredItemsLength: 20,
        internalItemsLength: 20
      }

      at src/components/HandyTreeView/HandyTreeView.tsx:496:15

    console.log
      [HandyTreeView] RENDER START #73 {
        hasDataSource: false,
        itemsCount: 20,
        hasLazyLoading: false,
        timestamp: 1769005692128
      }

      at HandyTreeView (src/components/HandyTreeView/HandyTreeView.tsx:232:13)

    console.log
      [HandyTreeView] Calling useLazyLoading {
        hasDataSource: false,
        hasConfig: false,
        dataSourceType: 'none',
        dataSourceKeys: []
      }

      at HandyTreeView (src/components/HandyTreeView/HandyTreeView.tsx:321:13)

    console.log
      [useLazyLoading] HOOK CALLED {
        hasDataSource: true,
        configEnabled: false,
        configKeys: [ 'enabled' ]
      }

      at useLazyLoading (src/hooks/useLazyLoading.ts:195:11)

    console.log
      [HandyTreeView] useLazyLoading returned { hasDataSource: true, isLoading: false, stateCacheSize: 0 }

      at HandyTreeView (src/components/HandyTreeView/HandyTreeView.tsx:338:13)

    console.log
      [HandyTreeView] buildFullItemsMap { itemsCount: 20, mapSize: 0 }

      at src/components/HandyTreeView/HandyTreeView.tsx:451:17

    console.log
      [HandyTreeView] applyFiltering { inputCount: 20, hasFilterItems: false, showHiddenFiles: true }

      at src/components/HandyTreeView/HandyTreeView.tsx:424:17

    console.log
      [HandyTreeView] RENDER END #73 {
        internalItemsLength: 20,
        expandedItemsCount: 0,
        selectedItemsCount: 0,
        hasEmptyState: false
      }

      at HandyTreeView (src/components/HandyTreeView/HandyTreeView.tsx:1429:13)

    console.log
      [HandyTreeView] renderTreeItems [b9asmo56t] { itemsCount: 20, level: 0, renderId: 73 }

      at src/components/HandyTreeView/HandyTreeView.tsx:1236:17

    console.log
      [HandyTreeView] renderTreeItems [b9asmo56t] completed { itemsCount: 20, level: 0, resultCount: 20 }

      at src/components/HandyTreeView/HandyTreeView.tsx:1330:17

    console.log
      [HandyTreeView] RENDER START #74 {
        hasDataSource: false,
        itemsCount: 20,
        hasLazyLoading: false,
        timestamp: 1769005692138
      }

      at HandyTreeView (src/components/HandyTreeView/HandyTreeView.tsx:232:13)

    console.log
      [HandyTreeView] Calling useLazyLoading {
        hasDataSource: false,
        hasConfig: false,
        dataSourceType: 'none',
        dataSourceKeys: []
      }

      at HandyTreeView (src/components/HandyTreeView/HandyTreeView.tsx:321:13)

    console.log
      [useLazyLoading] HOOK CALLED {
        hasDataSource: true,
        configEnabled: false,
        configKeys: [ 'enabled' ]
      }

      at useLazyLoading (src/hooks/useLazyLoading.ts:195:11)

    console.log
      [HandyTreeView] useLazyLoading returned { hasDataSource: true, isLoading: false, stateCacheSize: 0 }

      at HandyTreeView (src/components/HandyTreeView/HandyTreeView.tsx:338:13)

    console.log
      [HandyTreeView] buildFullItemsMap { itemsCount: 20, mapSize: 0 }

      at src/components/HandyTreeView/HandyTreeView.tsx:451:17

    console.log
      [HandyTreeView] applyFiltering { inputCount: 20, hasFilterItems: false, showHiddenFiles: true }

      at src/components/HandyTreeView/HandyTreeView.tsx:424:17

    console.log
      [HandyTreeView] RENDER END #74 {
        internalItemsLength: 20,
        expandedItemsCount: 0,
        selectedItemsCount: 1,
        hasEmptyState: false
      }

      at HandyTreeView (src/components/HandyTreeView/HandyTreeView.tsx:1429:13)

    console.log
      [HandyTreeView] renderTreeItems [t7m4g4vay] { itemsCount: 20, level: 0, renderId: 74 }

      at src/components/HandyTreeView/HandyTreeView.tsx:1236:17

    console.log
      [HandyTreeView] renderTreeItems [t7m4g4vay] completed { itemsCount: 20, level: 0, resultCount: 20 }

      at src/components/HandyTreeView/HandyTreeView.tsx:1330:17

    console.log
      [useLazyLoading] useEffect recreate data source { hasRef: true, configEnabled: false }

      at src/hooks/useLazyLoading.ts:222:13

    console.log
      [useLazyLoading] Recreating LazyLoadingDataSource

      at src/hooks/useLazyLoading.ts:228:15

    console.log
      [HandyTreeView] useEffect items sync {
        hasDataSource: false,
        itemsLength: 20,
        filteredItemsLength: 20,
        internalItemsLength: 20
      }

      at src/components/HandyTreeView/HandyTreeView.tsx:496:15

    console.log
      [useLazyLoading] Cleaning up polling interval

      at src/hooks/useLazyLoading.ts:293:15
          at Array.forEach (<anonymous>)

    console.log
      [HandyTreeView] RENDER START #75 {
        hasDataSource: false,
        itemsCount: 2,
        hasLazyLoading: false,
        timestamp: 1769005692166
      }

      at HandyTreeView (src/components/HandyTreeView/HandyTreeView.tsx:232:13)

    console.log
      [HandyTreeView] useMemo lazyLoadingConfig { hasDataSource: false, hasLazyLoading: false }

      at src/components/HandyTreeView/HandyTreeView.tsx:306:15

    console.log
      [HandyTreeView] Calling useLazyLoading {
        hasDataSource: false,
        hasConfig: false,
        dataSourceType: 'none',
        dataSourceKeys: []
      }

      at HandyTreeView (src/components/HandyTreeView/HandyTreeView.tsx:321:13)

    console.log
      [useLazyLoading] HOOK CALLED {
        hasDataSource: true,
        configEnabled: false,
        configKeys: [ 'enabled' ]
      }

      at useLazyLoading (src/hooks/useLazyLoading.ts:195:11)

    console.log
      [useLazyLoading] Creating new LazyLoadingDataSource

      at useLazyLoading (src/hooks/useLazyLoading.ts:213:13)

    console.log
      [HandyTreeView] useLazyLoading returned { hasDataSource: true, isLoading: false, stateCacheSize: 0 }

      at HandyTreeView (src/components/HandyTreeView/HandyTreeView.tsx:338:13)

    console.log
      [HandyTreeView] buildFullItemsMap { itemsCount: 2, mapSize: 0 }

      at src/components/HandyTreeView/HandyTreeView.tsx:451:17

    console.log
      [HandyTreeView] buildFullItemsMap { itemsCount: 2, mapSize: 1 }

      at src/components/HandyTreeView/HandyTreeView.tsx:451:17
          at Array.forEach (<anonymous>)

    console.log
      [HandyTreeView] buildFullItemsMap { itemsCount: 2, mapSize: 4 }

      at src/components/HandyTreeView/HandyTreeView.tsx:451:17
          at Array.forEach (<anonymous>)

    console.log
      [HandyTreeView] applyFiltering { inputCount: 2, hasFilterItems: false, showHiddenFiles: true }

      at src/components/HandyTreeView/HandyTreeView.tsx:424:17

    console.log
      [HandyTreeView] RENDER END #75 {
        internalItemsLength: 2,
        expandedItemsCount: 0,
        selectedItemsCount: 0,
        hasEmptyState: false
      }

      at HandyTreeView (src/components/HandyTreeView/HandyTreeView.tsx:1429:13)

    console.log
      [HandyTreeView] renderTreeItems [g7ml38h0e] { itemsCount: 2, level: 0, renderId: 75 }

      at src/components/HandyTreeView/HandyTreeView.tsx:1236:17

    console.log
      [HandyTreeView] renderTreeItems [g7ml38h0e] completed { itemsCount: 2, level: 0, resultCount: 2 }

      at src/components/HandyTreeView/HandyTreeView.tsx:1330:17

    console.log
      [useLazyLoading] useEffect recreate data source { hasRef: true, configEnabled: false }

      at src/hooks/useLazyLoading.ts:222:13

    console.log
      [useLazyLoading] Recreating LazyLoadingDataSource

      at src/hooks/useLazyLoading.ts:228:15

    console.log
      [useLazyLoading] Setting up polling interval

      at src/hooks/useLazyLoading.ts:285:13

    console.log
      [HandyTreeView] useEffect items sync {
        hasDataSource: false,
        itemsLength: 2,
        filteredItemsLength: 2,
        internalItemsLength: 2
      }

      at src/components/HandyTreeView/HandyTreeView.tsx:496:15

    console.log
      [HandyTreeView] Syncing filtered items to internalItems

      at src/components/HandyTreeView/HandyTreeView.tsx:513:21

    console.log
      [HandyTreeView] useEffect fetch root items {
        hasDataSource: false,
        configEnabled: undefined,
        internalItemsLength: 2,
        itemsLength: 2,
        hasFetched: false
      }

      at src/components/HandyTreeView/HandyTreeView.tsx:549:15

    console.log
      [HandyTreeView] Skipping fetch - no dataSource or not enabled

      at src/components/HandyTreeView/HandyTreeView.tsx:559:17

    console.log
      [HandyTreeView] useEffect updateSelectionItems { internalItemsLength: 2 }

      at src/components/HandyTreeView/HandyTreeView.tsx:658:15

    console.log
      [HandyTreeView] RENDER START #76 {
        hasDataSource: false,
        itemsCount: 2,
        hasLazyLoading: false,
        timestamp: 1769005692183
      }

      at HandyTreeView (src/components/HandyTreeView/HandyTreeView.tsx:232:13)

    console.log
      [HandyTreeView] Calling useLazyLoading {
        hasDataSource: false,
        hasConfig: false,
        dataSourceType: 'none',
        dataSourceKeys: []
      }

      at HandyTreeView (src/components/HandyTreeView/HandyTreeView.tsx:321:13)

    console.log
      [useLazyLoading] HOOK CALLED {
        hasDataSource: true,
        configEnabled: false,
        configKeys: [ 'enabled' ]
      }

      at useLazyLoading (src/hooks/useLazyLoading.ts:195:11)

    console.log
      [HandyTreeView] useLazyLoading returned { hasDataSource: true, isLoading: false, stateCacheSize: 0 }

      at HandyTreeView (src/components/HandyTreeView/HandyTreeView.tsx:338:13)

    console.log
      [HandyTreeView] buildFullItemsMap { itemsCount: 2, mapSize: 0 }

      at src/components/HandyTreeView/HandyTreeView.tsx:451:17

    console.log
      [HandyTreeView] buildFullItemsMap { itemsCount: 2, mapSize: 1 }

      at src/components/HandyTreeView/HandyTreeView.tsx:451:17
          at Array.forEach (<anonymous>)

    console.log
      [HandyTreeView] buildFullItemsMap { itemsCount: 2, mapSize: 4 }

      at src/components/HandyTreeView/HandyTreeView.tsx:451:17
          at Array.forEach (<anonymous>)

    console.log
      [HandyTreeView] applyFiltering { inputCount: 2, hasFilterItems: false, showHiddenFiles: true }

      at src/components/HandyTreeView/HandyTreeView.tsx:424:17

    console.log
      [HandyTreeView] RENDER END #76 {
        internalItemsLength: 2,
        expandedItemsCount: 0,
        selectedItemsCount: 0,
        hasEmptyState: false
      }

      at HandyTreeView (src/components/HandyTreeView/HandyTreeView.tsx:1429:13)

    console.log
      [HandyTreeView] renderTreeItems [bi0gk56mm] { itemsCount: 2, level: 0, renderId: 76 }

      at src/components/HandyTreeView/HandyTreeView.tsx:1236:17

    console.log
      [HandyTreeView] renderTreeItems [bi0gk56mm] completed { itemsCount: 2, level: 0, resultCount: 2 }

      at src/components/HandyTreeView/HandyTreeView.tsx:1330:17

    console.log
      [useLazyLoading] useEffect recreate data source { hasRef: true, configEnabled: false }

      at src/hooks/useLazyLoading.ts:222:13

    console.log
      [useLazyLoading] Recreating LazyLoadingDataSource

      at src/hooks/useLazyLoading.ts:228:15

    console.log
      [HandyTreeView] useEffect items sync {
        hasDataSource: false,
        itemsLength: 2,
        filteredItemsLength: 2,
        internalItemsLength: 2
      }

      at src/components/HandyTreeView/HandyTreeView.tsx:496:15

    console.log
      [HandyTreeView] RENDER START #77 {
        hasDataSource: false,
        itemsCount: 2,
        hasLazyLoading: false,
        timestamp: 1769005692192
      }

      at HandyTreeView (src/components/HandyTreeView/HandyTreeView.tsx:232:13)

    console.log
      [HandyTreeView] Calling useLazyLoading {
        hasDataSource: false,
        hasConfig: false,
        dataSourceType: 'none',
        dataSourceKeys: []
      }

      at HandyTreeView (src/components/HandyTreeView/HandyTreeView.tsx:321:13)

    console.log
      [useLazyLoading] HOOK CALLED {
        hasDataSource: true,
        configEnabled: false,
        configKeys: [ 'enabled' ]
      }

      at useLazyLoading (src/hooks/useLazyLoading.ts:195:11)

    console.log
      [HandyTreeView] useLazyLoading returned { hasDataSource: true, isLoading: false, stateCacheSize: 0 }

      at HandyTreeView (src/components/HandyTreeView/HandyTreeView.tsx:338:13)

    console.log
      [HandyTreeView] buildFullItemsMap { itemsCount: 2, mapSize: 0 }

      at src/components/HandyTreeView/HandyTreeView.tsx:451:17

    console.log
      [HandyTreeView] buildFullItemsMap { itemsCount: 2, mapSize: 1 }

      at src/components/HandyTreeView/HandyTreeView.tsx:451:17
          at Array.forEach (<anonymous>)

    console.log
      [HandyTreeView] buildFullItemsMap { itemsCount: 2, mapSize: 4 }

      at src/components/HandyTreeView/HandyTreeView.tsx:451:17
          at Array.forEach (<anonymous>)

    console.log
      [HandyTreeView] applyFiltering { inputCount: 2, hasFilterItems: false, showHiddenFiles: true }

      at src/components/HandyTreeView/HandyTreeView.tsx:424:17

    console.log
      [HandyTreeView] RENDER END #77 {
        internalItemsLength: 2,
        expandedItemsCount: 0,
        selectedItemsCount: 0,
        hasEmptyState: false
      }

      at HandyTreeView (src/components/HandyTreeView/HandyTreeView.tsx:1429:13)

    console.log
      [HandyTreeView] renderTreeItems [9nz84oc9a] { itemsCount: 2, level: 0, renderId: 77 }

      at src/components/HandyTreeView/HandyTreeView.tsx:1236:17

    console.log
      [HandyTreeView] renderTreeItems [9nz84oc9a] completed { itemsCount: 2, level: 0, resultCount: 2 }

      at src/components/HandyTreeView/HandyTreeView.tsx:1330:17

    console.log
      [useLazyLoading] Cleaning up polling interval

      at src/hooks/useLazyLoading.ts:293:15
          at Array.forEach (<anonymous>)

    console.log
      [HandyTreeView] RENDER START #78 {
        hasDataSource: false,
        itemsCount: 2,
        hasLazyLoading: false,
        timestamp: 1769005692200
      }

      at HandyTreeView (src/components/HandyTreeView/HandyTreeView.tsx:232:13)

    console.log
      [HandyTreeView] useMemo lazyLoadingConfig { hasDataSource: false, hasLazyLoading: false }

      at src/components/HandyTreeView/HandyTreeView.tsx:306:15

    console.log
      [HandyTreeView] Calling useLazyLoading {
        hasDataSource: false,
        hasConfig: false,
        dataSourceType: 'none',
        dataSourceKeys: []
      }

      at HandyTreeView (src/components/HandyTreeView/HandyTreeView.tsx:321:13)

    console.log
      [useLazyLoading] HOOK CALLED {
        hasDataSource: true,
        configEnabled: false,
        configKeys: [ 'enabled' ]
      }

      at useLazyLoading (src/hooks/useLazyLoading.ts:195:11)

    console.log
      [useLazyLoading] Creating new LazyLoadingDataSource

      at useLazyLoading (src/hooks/useLazyLoading.ts:213:13)

    console.log
      [HandyTreeView] useLazyLoading returned { hasDataSource: true, isLoading: false, stateCacheSize: 0 }

      at HandyTreeView (src/components/HandyTreeView/HandyTreeView.tsx:338:13)

    console.log
      [HandyTreeView] buildFullItemsMap { itemsCount: 2, mapSize: 0 }

      at src/components/HandyTreeView/HandyTreeView.tsx:451:17

    console.log
      [HandyTreeView] buildFullItemsMap { itemsCount: 2, mapSize: 1 }

      at src/components/HandyTreeView/HandyTreeView.tsx:451:17
          at Array.forEach (<anonymous>)

    console.log
      [HandyTreeView] buildFullItemsMap { itemsCount: 2, mapSize: 4 }

      at src/components/HandyTreeView/HandyTreeView.tsx:451:17
          at Array.forEach (<anonymous>)

    console.log
      [HandyTreeView] applyFiltering { inputCount: 2, hasFilterItems: false, showHiddenFiles: true }

      at src/components/HandyTreeView/HandyTreeView.tsx:424:17

    console.log
      [HandyTreeView] RENDER END #78 {
        internalItemsLength: 2,
        expandedItemsCount: 0,
        selectedItemsCount: 0,
        hasEmptyState: false
      }

      at HandyTreeView (src/components/HandyTreeView/HandyTreeView.tsx:1429:13)

    console.log
      [HandyTreeView] renderTreeItems [kuyyteu3r] { itemsCount: 2, level: 0, renderId: 78 }

      at src/components/HandyTreeView/HandyTreeView.tsx:1236:17

    console.log
      [HandyTreeView] renderTreeItems [kuyyteu3r] completed { itemsCount: 2, level: 0, resultCount: 2 }

      at src/components/HandyTreeView/HandyTreeView.tsx:1330:17

    console.log
      [useLazyLoading] useEffect recreate data source { hasRef: true, configEnabled: false }

      at src/hooks/useLazyLoading.ts:222:13

    console.log
      [useLazyLoading] Recreating LazyLoadingDataSource

      at src/hooks/useLazyLoading.ts:228:15

    console.log
      [useLazyLoading] Setting up polling interval

      at src/hooks/useLazyLoading.ts:285:13

    console.log
      [HandyTreeView] useEffect items sync {
        hasDataSource: false,
        itemsLength: 2,
        filteredItemsLength: 2,
        internalItemsLength: 2
      }

      at src/components/HandyTreeView/HandyTreeView.tsx:496:15

    console.log
      [HandyTreeView] Syncing filtered items to internalItems

      at src/components/HandyTreeView/HandyTreeView.tsx:513:21

    console.log
      [HandyTreeView] useEffect fetch root items {
        hasDataSource: false,
        configEnabled: undefined,
        internalItemsLength: 2,
        itemsLength: 2,
        hasFetched: false
      }

      at src/components/HandyTreeView/HandyTreeView.tsx:549:15

    console.log
      [HandyTreeView] Skipping fetch - no dataSource or not enabled

      at src/components/HandyTreeView/HandyTreeView.tsx:559:17

    console.log
      [HandyTreeView] useEffect updateSelectionItems { internalItemsLength: 2 }

      at src/components/HandyTreeView/HandyTreeView.tsx:658:15

    console.log
      [HandyTreeView] RENDER START #79 {
        hasDataSource: false,
        itemsCount: 2,
        hasLazyLoading: false,
        timestamp: 1769005692216
      }

      at HandyTreeView (src/components/HandyTreeView/HandyTreeView.tsx:232:13)

    console.log
      [HandyTreeView] Calling useLazyLoading {
        hasDataSource: false,
        hasConfig: false,
        dataSourceType: 'none',
        dataSourceKeys: []
      }

      at HandyTreeView (src/components/HandyTreeView/HandyTreeView.tsx:321:13)

    console.log
      [useLazyLoading] HOOK CALLED {
        hasDataSource: true,
        configEnabled: false,
        configKeys: [ 'enabled' ]
      }

      at useLazyLoading (src/hooks/useLazyLoading.ts:195:11)

    console.log
      [HandyTreeView] useLazyLoading returned { hasDataSource: true, isLoading: false, stateCacheSize: 0 }

      at HandyTreeView (src/components/HandyTreeView/HandyTreeView.tsx:338:13)

    console.log
      [HandyTreeView] buildFullItemsMap { itemsCount: 2, mapSize: 0 }

      at src/components/HandyTreeView/HandyTreeView.tsx:451:17

    console.log
      [HandyTreeView] buildFullItemsMap { itemsCount: 2, mapSize: 1 }

      at src/components/HandyTreeView/HandyTreeView.tsx:451:17
          at Array.forEach (<anonymous>)

    console.log
      [HandyTreeView] buildFullItemsMap { itemsCount: 2, mapSize: 4 }

      at src/components/HandyTreeView/HandyTreeView.tsx:451:17
          at Array.forEach (<anonymous>)

    console.log
      [HandyTreeView] applyFiltering { inputCount: 2, hasFilterItems: false, showHiddenFiles: true }

      at src/components/HandyTreeView/HandyTreeView.tsx:424:17

    console.log
      [HandyTreeView] RENDER END #79 {
        internalItemsLength: 2,
        expandedItemsCount: 0,
        selectedItemsCount: 0,
        hasEmptyState: false
      }

      at HandyTreeView (src/components/HandyTreeView/HandyTreeView.tsx:1429:13)

    console.log
      [HandyTreeView] renderTreeItems [wcymwfvoo] { itemsCount: 2, level: 0, renderId: 79 }

      at src/components/HandyTreeView/HandyTreeView.tsx:1236:17

    console.log
      [HandyTreeView] renderTreeItems [wcymwfvoo] completed { itemsCount: 2, level: 0, resultCount: 2 }

      at src/components/HandyTreeView/HandyTreeView.tsx:1330:17

    console.log
      [useLazyLoading] useEffect recreate data source { hasRef: true, configEnabled: false }

      at src/hooks/useLazyLoading.ts:222:13

    console.log
      [useLazyLoading] Recreating LazyLoadingDataSource

      at src/hooks/useLazyLoading.ts:228:15

    console.log
      [HandyTreeView] useEffect items sync {
        hasDataSource: false,
        itemsLength: 2,
        filteredItemsLength: 2,
        internalItemsLength: 2
      }

      at src/components/HandyTreeView/HandyTreeView.tsx:496:15

    console.log
      [HandyTreeView] RENDER START #80 {
        hasDataSource: false,
        itemsCount: 2,
        hasLazyLoading: false,
        timestamp: 1769005692226
      }

      at HandyTreeView (src/components/HandyTreeView/HandyTreeView.tsx:232:13)

    console.log
      [HandyTreeView] Calling useLazyLoading {
        hasDataSource: false,
        hasConfig: false,
        dataSourceType: 'none',
        dataSourceKeys: []
      }

      at HandyTreeView (src/components/HandyTreeView/HandyTreeView.tsx:321:13)

    console.log
      [useLazyLoading] HOOK CALLED {
        hasDataSource: true,
        configEnabled: false,
        configKeys: [ 'enabled' ]
      }

      at useLazyLoading (src/hooks/useLazyLoading.ts:195:11)

    console.log
      [HandyTreeView] useLazyLoading returned { hasDataSource: true, isLoading: false, stateCacheSize: 0 }

      at HandyTreeView (src/components/HandyTreeView/HandyTreeView.tsx:338:13)

    console.log
      [HandyTreeView] buildFullItemsMap { itemsCount: 2, mapSize: 0 }

      at src/components/HandyTreeView/HandyTreeView.tsx:451:17

    console.log
      [HandyTreeView] buildFullItemsMap { itemsCount: 2, mapSize: 1 }

      at src/components/HandyTreeView/HandyTreeView.tsx:451:17
          at Array.forEach (<anonymous>)

    console.log
      [HandyTreeView] buildFullItemsMap { itemsCount: 2, mapSize: 4 }

      at src/components/HandyTreeView/HandyTreeView.tsx:451:17
          at Array.forEach (<anonymous>)

    console.log
      [HandyTreeView] applyFiltering { inputCount: 2, hasFilterItems: false, showHiddenFiles: true }

      at src/components/HandyTreeView/HandyTreeView.tsx:424:17

    console.log
      [HandyTreeView] RENDER END #80 {
        internalItemsLength: 2,
        expandedItemsCount: 0,
        selectedItemsCount: 0,
        hasEmptyState: false
      }

      at HandyTreeView (src/components/HandyTreeView/HandyTreeView.tsx:1429:13)

    console.log
      [HandyTreeView] renderTreeItems [ixbdw29zx] { itemsCount: 2, level: 0, renderId: 80 }

      at src/components/HandyTreeView/HandyTreeView.tsx:1236:17

    console.log
      [HandyTreeView] renderTreeItems [ixbdw29zx] completed { itemsCount: 2, level: 0, resultCount: 2 }

      at src/components/HandyTreeView/HandyTreeView.tsx:1330:17

    console.log
      [HandyTreeView] RENDER START #81 {
        hasDataSource: false,
        itemsCount: 2,
        hasLazyLoading: false,
        timestamp: 1769005692230
      }

      at HandyTreeView (src/components/HandyTreeView/HandyTreeView.tsx:232:13)

    console.log
      [HandyTreeView] Calling useLazyLoading {
        hasDataSource: false,
        hasConfig: false,
        dataSourceType: 'none',
        dataSourceKeys: []
      }

      at HandyTreeView (src/components/HandyTreeView/HandyTreeView.tsx:321:13)

    console.log
      [useLazyLoading] HOOK CALLED {
        hasDataSource: true,
        configEnabled: false,
        configKeys: [ 'enabled' ]
      }

      at useLazyLoading (src/hooks/useLazyLoading.ts:195:11)

    console.log
      [HandyTreeView] useLazyLoading returned { hasDataSource: true, isLoading: false, stateCacheSize: 0 }

      at HandyTreeView (src/components/HandyTreeView/HandyTreeView.tsx:338:13)

    console.log
      [HandyTreeView] buildFullItemsMap { itemsCount: 2, mapSize: 0 }

      at src/components/HandyTreeView/HandyTreeView.tsx:451:17

    console.log
      [HandyTreeView] buildFullItemsMap { itemsCount: 2, mapSize: 1 }

      at src/components/HandyTreeView/HandyTreeView.tsx:451:17
          at Array.forEach (<anonymous>)

    console.log
      [HandyTreeView] buildFullItemsMap { itemsCount: 2, mapSize: 4 }

      at src/components/HandyTreeView/HandyTreeView.tsx:451:17
          at Array.forEach (<anonymous>)

    console.log
      [HandyTreeView] applyFiltering { inputCount: 2, hasFilterItems: false, showHiddenFiles: true }

      at src/components/HandyTreeView/HandyTreeView.tsx:424:17

    console.log
      [HandyTreeView] RENDER END #81 {
        internalItemsLength: 2,
        expandedItemsCount: 0,
        selectedItemsCount: 0,
        hasEmptyState: false
      }

      at HandyTreeView (src/components/HandyTreeView/HandyTreeView.tsx:1429:13)

    console.log
      [HandyTreeView] renderTreeItems [7s8oi6ikf] { itemsCount: 2, level: 0, renderId: 81 }

      at src/components/HandyTreeView/HandyTreeView.tsx:1236:17

    console.log
      [HandyTreeView] renderTreeItems [7s8oi6ikf] completed { itemsCount: 2, level: 0, resultCount: 2 }

      at src/components/HandyTreeView/HandyTreeView.tsx:1330:17

    console.log
      [useLazyLoading] useEffect recreate data source { hasRef: true, configEnabled: false }

      at src/hooks/useLazyLoading.ts:222:13

    console.log
      [useLazyLoading] Recreating LazyLoadingDataSource

      at src/hooks/useLazyLoading.ts:228:15

    console.log
      [HandyTreeView] useEffect items sync {
        hasDataSource: false,
        itemsLength: 2,
        filteredItemsLength: 2,
        internalItemsLength: 2
      }

      at src/components/HandyTreeView/HandyTreeView.tsx:496:15

    console.log
      [useLazyLoading] Cleaning up polling interval

      at src/hooks/useLazyLoading.ts:293:15
          at Array.forEach (<anonymous>)

PASS __tests__/HandyTreeView.visualFeatures.test.tsx (22.346 s)
  ΓùÅ Console

    console.log
      [HandyTreeView] RENDER START #1 {
        hasDataSource: false,
        itemsCount: 2,
        hasLazyLoading: false,
        timestamp: 1769005691375
      }

      at HandyTreeView (src/components/HandyTreeView/HandyTreeView.tsx:232:13)

    console.log
      [HandyTreeView] useMemo lazyLoadingConfig { hasDataSource: false, hasLazyLoading: false }

      at src/components/HandyTreeView/HandyTreeView.tsx:306:15

    console.log
      [HandyTreeView] Calling useLazyLoading {
        hasDataSource: false,
        hasConfig: false,
        dataSourceType: 'none',
        dataSourceKeys: []
      }

      at HandyTreeView (src/components/HandyTreeView/HandyTreeView.tsx:321:13)

    console.log
      [useLazyLoading] HOOK CALLED {
        hasDataSource: true,
        configEnabled: false,
        configKeys: [ 'enabled' ]
      }

      at useLazyLoading (src/hooks/useLazyLoading.ts:195:11)

    console.log
      [useLazyLoading] Creating new LazyLoadingDataSource

      at useLazyLoading (src/hooks/useLazyLoading.ts:213:13)

    console.log
      [HandyTreeView] useLazyLoading returned { hasDataSource: true, isLoading: false, stateCacheSize: 0 }

      at HandyTreeView (src/components/HandyTreeView/HandyTreeView.tsx:338:13)

    console.log
      [HandyTreeView] buildFullItemsMap { itemsCount: 2, mapSize: 0 }

      at src/components/HandyTreeView/HandyTreeView.tsx:451:17

    console.log
      [HandyTreeView] buildFullItemsMap { itemsCount: 2, mapSize: 1 }

      at src/components/HandyTreeView/HandyTreeView.tsx:451:17
          at Array.forEach (<anonymous>)

    console.log
      [HandyTreeView] buildFullItemsMap { itemsCount: 2, mapSize: 4 }

      at src/components/HandyTreeView/HandyTreeView.tsx:451:17
          at Array.forEach (<anonymous>)

    console.log
      [HandyTreeView] applyFiltering { inputCount: 2, hasFilterItems: false, showHiddenFiles: true }

      at src/components/HandyTreeView/HandyTreeView.tsx:424:17

    console.log
      [HandyTreeView] RENDER END #1 {
        internalItemsLength: 2,
        expandedItemsCount: 0,
        selectedItemsCount: 0,
        hasEmptyState: false
      }

      at HandyTreeView (src/components/HandyTreeView/HandyTreeView.tsx:1429:13)

    console.log
      [HandyTreeView] renderTreeItems [g2vwdhi0w] { itemsCount: 2, level: 0, renderId: 1 }

      at src/components/HandyTreeView/HandyTreeView.tsx:1236:17

    console.log
      [HandyTreeView] renderTreeItems [g2vwdhi0w] completed { itemsCount: 2, level: 0, resultCount: 2 }

      at src/components/HandyTreeView/HandyTreeView.tsx:1330:17

    console.log
      [useLazyLoading] useEffect recreate data source { hasRef: true, configEnabled: false }

      at src/hooks/useLazyLoading.ts:222:13

    console.log
      [useLazyLoading] Recreating LazyLoadingDataSource

      at src/hooks/useLazyLoading.ts:228:15

    console.log
      [useLazyLoading] Setting up polling interval

      at src/hooks/useLazyLoading.ts:285:13

    console.log
      [HandyTreeView] useEffect items sync {
        hasDataSource: false,
        itemsLength: 2,
        filteredItemsLength: 2,
        internalItemsLength: 2
      }

      at src/components/HandyTreeView/HandyTreeView.tsx:496:15

    console.log
      [HandyTreeView] Syncing filtered items to internalItems

      at src/components/HandyTreeView/HandyTreeView.tsx:513:21

    console.log
      [HandyTreeView] useEffect fetch root items {
        hasDataSource: false,
        configEnabled: undefined,
        internalItemsLength: 2,
        itemsLength: 2,
        hasFetched: false
      }

      at src/components/HandyTreeView/HandyTreeView.tsx:549:15

    console.log
      [HandyTreeView] Skipping fetch - no dataSource or not enabled

      at src/components/HandyTreeView/HandyTreeView.tsx:559:17

    console.log
      [HandyTreeView] useEffect updateSelectionItems { internalItemsLength: 2 }

      at src/components/HandyTreeView/HandyTreeView.tsx:658:15

    console.log
      [HandyTreeView] RENDER START #2 {
        hasDataSource: false,
        itemsCount: 2,
        hasLazyLoading: false,
        timestamp: 1769005691492
      }

      at HandyTreeView (src/components/HandyTreeView/HandyTreeView.tsx:232:13)

    console.log
      [HandyTreeView] Calling useLazyLoading {
        hasDataSource: false,
        hasConfig: false,
        dataSourceType: 'none',
        dataSourceKeys: []
      }

      at HandyTreeView (src/components/HandyTreeView/HandyTreeView.tsx:321:13)

    console.log
      [useLazyLoading] HOOK CALLED {
        hasDataSource: true,
        configEnabled: false,
        configKeys: [ 'enabled' ]
      }

      at useLazyLoading (src/hooks/useLazyLoading.ts:195:11)

    console.log
      [HandyTreeView] useLazyLoading returned { hasDataSource: true, isLoading: false, stateCacheSize: 0 }

      at HandyTreeView (src/components/HandyTreeView/HandyTreeView.tsx:338:13)

    console.log
      [HandyTreeView] buildFullItemsMap { itemsCount: 2, mapSize: 0 }

      at src/components/HandyTreeView/HandyTreeView.tsx:451:17

    console.log
      [HandyTreeView] buildFullItemsMap { itemsCount: 2, mapSize: 1 }

      at src/components/HandyTreeView/HandyTreeView.tsx:451:17
          at Array.forEach (<anonymous>)

    console.log
      [HandyTreeView] buildFullItemsMap { itemsCount: 2, mapSize: 4 }

      at src/components/HandyTreeView/HandyTreeView.tsx:451:17
          at Array.forEach (<anonymous>)

    console.log
      [HandyTreeView] applyFiltering { inputCount: 2, hasFilterItems: false, showHiddenFiles: true }

      at src/components/HandyTreeView/HandyTreeView.tsx:424:17

    console.log
      [HandyTreeView] RENDER END #2 {
        internalItemsLength: 2,
        expandedItemsCount: 1,
        selectedItemsCount: 0,
        hasEmptyState: false
      }

      at HandyTreeView (src/components/HandyTreeView/HandyTreeView.tsx:1429:13)

    console.log
      [HandyTreeView] renderTreeItems [2kzfctwzq] { itemsCount: 2, level: 0, renderId: 2 }

      at src/components/HandyTreeView/HandyTreeView.tsx:1236:17

    console.log
      [HandyTreeView] Rendering children for item 1 { childrenCount: 2, level: 1, renderId: 2 }

      at src/components/HandyTreeView/HandyTreeView.tsx:1318:29
          at Array.map (<anonymous>)

    console.log
      [HandyTreeView] renderTreeItems [p4ge8dofa] { itemsCount: 2, level: 1, renderId: 2 }

      at src/components/HandyTreeView/HandyTreeView.tsx:1236:17
          at Array.map (<anonymous>)

    console.log
      [HandyTreeView] renderTreeItems [p4ge8dofa] completed { itemsCount: 2, level: 1, resultCount: 2 }

      at src/components/HandyTreeView/HandyTreeView.tsx:1330:17
          at Array.map (<anonymous>)

    console.log
      [HandyTreeView] renderTreeItems [2kzfctwzq] completed { itemsCount: 2, level: 0, resultCount: 2 }

      at src/components/HandyTreeView/HandyTreeView.tsx:1330:17

    console.log
      [useLazyLoading] useEffect recreate data source { hasRef: true, configEnabled: false }

      at src/hooks/useLazyLoading.ts:222:13

    console.log
      [useLazyLoading] Recreating LazyLoadingDataSource

      at src/hooks/useLazyLoading.ts:228:15

    console.log
      [HandyTreeView] useEffect items sync {
        hasDataSource: false,
        itemsLength: 2,
        filteredItemsLength: 2,
        internalItemsLength: 2
      }

      at src/components/HandyTreeView/HandyTreeView.tsx:496:15

    console.log
      [HandyTreeView] RENDER START #3 {
        hasDataSource: false,
        itemsCount: 2,
        hasLazyLoading: false,
        timestamp: 1769005691535
      }

      at HandyTreeView (src/components/HandyTreeView/HandyTreeView.tsx:232:13)

    console.log
      [HandyTreeView] Calling useLazyLoading {
        hasDataSource: false,
        hasConfig: false,
        dataSourceType: 'none',
        dataSourceKeys: []
      }

      at HandyTreeView (src/components/HandyTreeView/HandyTreeView.tsx:321:13)

    console.log
      [useLazyLoading] HOOK CALLED {
        hasDataSource: true,
        configEnabled: false,
        configKeys: [ 'enabled' ]
      }

      at useLazyLoading (src/hooks/useLazyLoading.ts:195:11)

    console.log
      [HandyTreeView] useLazyLoading returned { hasDataSource: true, isLoading: false, stateCacheSize: 0 }

      at HandyTreeView (src/components/HandyTreeView/HandyTreeView.tsx:338:13)

    console.log
      [HandyTreeView] buildFullItemsMap { itemsCount: 2, mapSize: 0 }

      at src/components/HandyTreeView/HandyTreeView.tsx:451:17

    console.log
      [HandyTreeView] buildFullItemsMap { itemsCount: 2, mapSize: 1 }

      at src/components/HandyTreeView/HandyTreeView.tsx:451:17
          at Array.forEach (<anonymous>)

    console.log
      [HandyTreeView] buildFullItemsMap { itemsCount: 2, mapSize: 4 }

      at src/components/HandyTreeView/HandyTreeView.tsx:451:17
          at Array.forEach (<anonymous>)

    console.log
      [HandyTreeView] applyFiltering { inputCount: 2, hasFilterItems: false, showHiddenFiles: true }

      at src/components/HandyTreeView/HandyTreeView.tsx:424:17

    console.log
      [HandyTreeView] RENDER END #3 {
        internalItemsLength: 2,
        expandedItemsCount: 1,
        selectedItemsCount: 0,
        hasEmptyState: false
      }

      at HandyTreeView (src/components/HandyTreeView/HandyTreeView.tsx:1429:13)

    console.log
      [HandyTreeView] renderTreeItems [o4mpieiah] { itemsCount: 2, level: 0, renderId: 3 }

      at src/components/HandyTreeView/HandyTreeView.tsx:1236:17

    console.log
      [HandyTreeView] Rendering children for item 1 { childrenCount: 2, level: 1, renderId: 3 }

      at src/components/HandyTreeView/HandyTreeView.tsx:1318:29
          at Array.map (<anonymous>)

    console.log
      [HandyTreeView] renderTreeItems [8i8e241q1] { itemsCount: 2, level: 1, renderId: 3 }

      at src/components/HandyTreeView/HandyTreeView.tsx:1236:17
          at Array.map (<anonymous>)

    console.log
      [HandyTreeView] renderTreeItems [8i8e241q1] completed { itemsCount: 2, level: 1, resultCount: 2 }

      at src/components/HandyTreeView/HandyTreeView.tsx:1330:17
          at Array.map (<anonymous>)

    console.log
      [HandyTreeView] renderTreeItems [o4mpieiah] completed { itemsCount: 2, level: 0, resultCount: 2 }

      at src/components/HandyTreeView/HandyTreeView.tsx:1330:17

    console.log
      [useLazyLoading] Cleaning up polling interval

      at src/hooks/useLazyLoading.ts:293:15
          at Array.forEach (<anonymous>)

    console.log
      [HandyTreeView] RENDER START #4 {
        hasDataSource: false,
        itemsCount: 2,
        hasLazyLoading: false,
        timestamp: 1769005691560
      }

      at HandyTreeView (src/components/HandyTreeView/HandyTreeView.tsx:232:13)

    console.log
      [HandyTreeView] useMemo lazyLoadingConfig { hasDataSource: false, hasLazyLoading: false }

      at src/components/HandyTreeView/HandyTreeView.tsx:306:15

    console.log
      [HandyTreeView] Calling useLazyLoading {
        hasDataSource: false,
        hasConfig: false,
        dataSourceType: 'none',
        dataSourceKeys: []
      }

      at HandyTreeView (src/components/HandyTreeView/HandyTreeView.tsx:321:13)

    console.log
      [useLazyLoading] HOOK CALLED {
        hasDataSource: true,
        configEnabled: false,
        configKeys: [ 'enabled' ]
      }

      at useLazyLoading (src/hooks/useLazyLoading.ts:195:11)

    console.log
      [useLazyLoading] Creating new LazyLoadingDataSource

      at useLazyLoading (src/hooks/useLazyLoading.ts:213:13)

    console.log
      [HandyTreeView] useLazyLoading returned { hasDataSource: true, isLoading: false, stateCacheSize: 0 }

      at HandyTreeView (src/components/HandyTreeView/HandyTreeView.tsx:338:13)

    console.log
      [HandyTreeView] buildFullItemsMap { itemsCount: 2, mapSize: 0 }

      at src/components/HandyTreeView/HandyTreeView.tsx:451:17

    console.log
      [HandyTreeView] buildFullItemsMap { itemsCount: 2, mapSize: 1 }

      at src/components/HandyTreeView/HandyTreeView.tsx:451:17
          at Array.forEach (<anonymous>)

    console.log
      [HandyTreeView] buildFullItemsMap { itemsCount: 2, mapSize: 4 }

      at src/components/HandyTreeView/HandyTreeView.tsx:451:17
          at Array.forEach (<anonymous>)

    console.log
      [HandyTreeView] applyFiltering { inputCount: 2, hasFilterItems: false, showHiddenFiles: true }

      at src/components/HandyTreeView/HandyTreeView.tsx:424:17

    console.log
      [HandyTreeView] RENDER END #4 {
        internalItemsLength: 2,
        expandedItemsCount: 0,
        selectedItemsCount: 0,
        hasEmptyState: false
      }

      at HandyTreeView (src/components/HandyTreeView/HandyTreeView.tsx:1429:13)

    console.log
      [HandyTreeView] renderTreeItems [va4dca3tc] { itemsCount: 2, level: 0, renderId: 4 }

      at src/components/HandyTreeView/HandyTreeView.tsx:1236:17

    console.log
      [HandyTreeView] renderTreeItems [va4dca3tc] completed { itemsCount: 2, level: 0, resultCount: 2 }

      at src/components/HandyTreeView/HandyTreeView.tsx:1330:17

    console.log
      [useLazyLoading] useEffect recreate data source { hasRef: true, configEnabled: false }

      at src/hooks/useLazyLoading.ts:222:13

    console.log
      [useLazyLoading] Recreating LazyLoadingDataSource

      at src/hooks/useLazyLoading.ts:228:15

    console.log
      [useLazyLoading] Setting up polling interval

      at src/hooks/useLazyLoading.ts:285:13

    console.log
      [HandyTreeView] useEffect items sync {
        hasDataSource: false,
        itemsLength: 2,
        filteredItemsLength: 2,
        internalItemsLength: 2
      }

      at src/components/HandyTreeView/HandyTreeView.tsx:496:15

    console.log
      [HandyTreeView] Syncing filtered items to internalItems

      at src/components/HandyTreeView/HandyTreeView.tsx:513:21

    console.log
      [HandyTreeView] useEffect fetch root items {
        hasDataSource: false,
        configEnabled: undefined,
        internalItemsLength: 2,
        itemsLength: 2,
        hasFetched: false
      }

      at src/components/HandyTreeView/HandyTreeView.tsx:549:15

    console.log
      [HandyTreeView] Skipping fetch - no dataSource or not enabled

      at src/components/HandyTreeView/HandyTreeView.tsx:559:17

    console.log
      [HandyTreeView] useEffect updateSelectionItems { internalItemsLength: 2 }

      at src/components/HandyTreeView/HandyTreeView.tsx:658:15

    console.log
      [HandyTreeView] RENDER START #5 {
        hasDataSource: false,
        itemsCount: 2,
        hasLazyLoading: false,
        timestamp: 1769005691593
      }

      at HandyTreeView (src/components/HandyTreeView/HandyTreeView.tsx:232:13)

    console.log
      [HandyTreeView] Calling useLazyLoading {
        hasDataSource: false,
        hasConfig: false,
        dataSourceType: 'none',
        dataSourceKeys: []
      }

      at HandyTreeView (src/components/HandyTreeView/HandyTreeView.tsx:321:13)

    console.log
      [useLazyLoading] HOOK CALLED {
        hasDataSource: true,
        configEnabled: false,
        configKeys: [ 'enabled' ]
      }

      at useLazyLoading (src/hooks/useLazyLoading.ts:195:11)

    console.log
      [HandyTreeView] useLazyLoading returned { hasDataSource: true, isLoading: false, stateCacheSize: 0 }

      at HandyTreeView (src/components/HandyTreeView/HandyTreeView.tsx:338:13)

    console.log
      [HandyTreeView] buildFullItemsMap { itemsCount: 2, mapSize: 0 }

      at src/components/HandyTreeView/HandyTreeView.tsx:451:17

    console.log
      [HandyTreeView] buildFullItemsMap { itemsCount: 2, mapSize: 1 }

      at src/components/HandyTreeView/HandyTreeView.tsx:451:17
          at Array.forEach (<anonymous>)

    console.log
      [HandyTreeView] buildFullItemsMap { itemsCount: 2, mapSize: 4 }

      at src/components/HandyTreeView/HandyTreeView.tsx:451:17
          at Array.forEach (<anonymous>)

    console.log
      [HandyTreeView] applyFiltering { inputCount: 2, hasFilterItems: false, showHiddenFiles: true }

      at src/components/HandyTreeView/HandyTreeView.tsx:424:17

    console.log
      [HandyTreeView] RENDER END #5 {
        internalItemsLength: 2,
        expandedItemsCount: 1,
        selectedItemsCount: 0,
        hasEmptyState: false
      }

      at HandyTreeView (src/components/HandyTreeView/HandyTreeView.tsx:1429:13)

    console.log
      [HandyTreeView] renderTreeItems [mrqa2q147] { itemsCount: 2, level: 0, renderId: 5 }

      at src/components/HandyTreeView/HandyTreeView.tsx:1236:17

    console.log
      [HandyTreeView] Rendering children for item 1 { childrenCount: 2, level: 1, renderId: 5 }

      at src/components/HandyTreeView/HandyTreeView.tsx:1318:29
          at Array.map (<anonymous>)

    console.log
      [HandyTreeView] renderTreeItems [j4yj2bnp8] { itemsCount: 2, level: 1, renderId: 5 }

      at src/components/HandyTreeView/HandyTreeView.tsx:1236:17
          at Array.map (<anonymous>)

    console.log
      [HandyTreeView] renderTreeItems [j4yj2bnp8] completed { itemsCount: 2, level: 1, resultCount: 2 }

      at src/components/HandyTreeView/HandyTreeView.tsx:1330:17
          at Array.map (<anonymous>)

    console.log
      [HandyTreeView] renderTreeItems [mrqa2q147] completed { itemsCount: 2, level: 0, resultCount: 2 }

      at src/components/HandyTreeView/HandyTreeView.tsx:1330:17

    console.log
      [useLazyLoading] useEffect recreate data source { hasRef: true, configEnabled: false }

      at src/hooks/useLazyLoading.ts:222:13

    console.log
      [useLazyLoading] Recreating LazyLoadingDataSource

      at src/hooks/useLazyLoading.ts:228:15

    console.log
      [HandyTreeView] useEffect items sync {
        hasDataSource: false,
        itemsLength: 2,
        filteredItemsLength: 2,
        internalItemsLength: 2
      }

      at src/components/HandyTreeView/HandyTreeView.tsx:496:15

    console.log
      [HandyTreeView] RENDER START #6 {
        hasDataSource: false,
        itemsCount: 2,
        hasLazyLoading: false,
        timestamp: 1769005691624
      }

      at HandyTreeView (src/components/HandyTreeView/HandyTreeView.tsx:232:13)

    console.log
      [HandyTreeView] Calling useLazyLoading {
        hasDataSource: false,
        hasConfig: false,
        dataSourceType: 'none',
        dataSourceKeys: []
      }

      at HandyTreeView (src/components/HandyTreeView/HandyTreeView.tsx:321:13)

    console.log
      [useLazyLoading] HOOK CALLED {
        hasDataSource: true,
        configEnabled: false,
        configKeys: [ 'enabled' ]
      }

      at useLazyLoading (src/hooks/useLazyLoading.ts:195:11)

    console.log
      [HandyTreeView] useLazyLoading returned { hasDataSource: true, isLoading: false, stateCacheSize: 0 }

      at HandyTreeView (src/components/HandyTreeView/HandyTreeView.tsx:338:13)

    console.log
      [HandyTreeView] buildFullItemsMap { itemsCount: 2, mapSize: 0 }

      at src/components/HandyTreeView/HandyTreeView.tsx:451:17

    console.log
      [HandyTreeView] buildFullItemsMap { itemsCount: 2, mapSize: 1 }

      at src/components/HandyTreeView/HandyTreeView.tsx:451:17
          at Array.forEach (<anonymous>)

    console.log
      [HandyTreeView] buildFullItemsMap { itemsCount: 2, mapSize: 4 }

      at src/components/HandyTreeView/HandyTreeView.tsx:451:17
          at Array.forEach (<anonymous>)

    console.log
      [HandyTreeView] applyFiltering { inputCount: 2, hasFilterItems: false, showHiddenFiles: true }

      at src/components/HandyTreeView/HandyTreeView.tsx:424:17

    console.log
      [HandyTreeView] RENDER END #6 {
        internalItemsLength: 2,
        expandedItemsCount: 1,
        selectedItemsCount: 0,
        hasEmptyState: false
      }

      at HandyTreeView (src/components/HandyTreeView/HandyTreeView.tsx:1429:13)

    console.log
      [HandyTreeView] renderTreeItems [v6k6gwfht] { itemsCount: 2, level: 0, renderId: 6 }

      at src/components/HandyTreeView/HandyTreeView.tsx:1236:17

    console.log
      [HandyTreeView] Rendering children for item 1 { childrenCount: 2, level: 1, renderId: 6 }

      at src/components/HandyTreeView/HandyTreeView.tsx:1318:29
          at Array.map (<anonymous>)

    console.log
      [HandyTreeView] renderTreeItems [t8ow9pl5s] { itemsCount: 2, level: 1, renderId: 6 }

      at src/components/HandyTreeView/HandyTreeView.tsx:1236:17
          at Array.map (<anonymous>)

    console.log
      [HandyTreeView] renderTreeItems [t8ow9pl5s] completed { itemsCount: 2, level: 1, resultCount: 2 }

      at src/components/HandyTreeView/HandyTreeView.tsx:1330:17
          at Array.map (<anonymous>)

    console.log
      [HandyTreeView] renderTreeItems [v6k6gwfht] completed { itemsCount: 2, level: 0, resultCount: 2 }

      at src/components/HandyTreeView/HandyTreeView.tsx:1330:17

    console.log
      [useLazyLoading] Cleaning up polling interval

      at src/hooks/useLazyLoading.ts:293:15
          at Array.forEach (<anonymous>)

    console.log
      [HandyTreeView] RENDER START #7 {
        hasDataSource: false,
        itemsCount: 2,
        hasLazyLoading: false,
        timestamp: 1769005691646
      }

      at HandyTreeView (src/components/HandyTreeView/HandyTreeView.tsx:232:13)

    console.log
      [HandyTreeView] useMemo lazyLoadingConfig { hasDataSource: false, hasLazyLoading: false }

      at src/components/HandyTreeView/HandyTreeView.tsx:306:15

    console.log
      [HandyTreeView] Calling useLazyLoading {
        hasDataSource: false,
        hasConfig: false,
        dataSourceType: 'none',
        dataSourceKeys: []
      }

      at HandyTreeView (src/components/HandyTreeView/HandyTreeView.tsx:321:13)

    console.log
      [useLazyLoading] HOOK CALLED {
        hasDataSource: true,
        configEnabled: false,
        configKeys: [ 'enabled' ]
      }

      at useLazyLoading (src/hooks/useLazyLoading.ts:195:11)

    console.log
      [useLazyLoading] Creating new LazyLoadingDataSource

      at useLazyLoading (src/hooks/useLazyLoading.ts:213:13)

    console.log
      [HandyTreeView] useLazyLoading returned { hasDataSource: true, isLoading: false, stateCacheSize: 0 }

      at HandyTreeView (src/components/HandyTreeView/HandyTreeView.tsx:338:13)

    console.log
      [HandyTreeView] buildFullItemsMap { itemsCount: 2, mapSize: 0 }

      at src/components/HandyTreeView/HandyTreeView.tsx:451:17

    console.log
      [HandyTreeView] buildFullItemsMap { itemsCount: 2, mapSize: 1 }

      at src/components/HandyTreeView/HandyTreeView.tsx:451:17
          at Array.forEach (<anonymous>)

    console.log
      [HandyTreeView] buildFullItemsMap { itemsCount: 2, mapSize: 4 }

      at src/components/HandyTreeView/HandyTreeView.tsx:451:17
          at Array.forEach (<anonymous>)

    console.log
      [HandyTreeView] applyFiltering { inputCount: 2, hasFilterItems: false, showHiddenFiles: true }

      at src/components/HandyTreeView/HandyTreeView.tsx:424:17

    console.log
      [HandyTreeView] RENDER END #7 {
        internalItemsLength: 2,
        expandedItemsCount: 0,
        selectedItemsCount: 0,
        hasEmptyState: false
      }

      at HandyTreeView (src/components/HandyTreeView/HandyTreeView.tsx:1429:13)

    console.log
      [HandyTreeView] renderTreeItems [e74otqzrh] { itemsCount: 2, level: 0, renderId: 7 }

      at src/components/HandyTreeView/HandyTreeView.tsx:1236:17

    console.log
      [HandyTreeView] renderTreeItems [e74otqzrh] completed { itemsCount: 2, level: 0, resultCount: 2 }

      at src/components/HandyTreeView/HandyTreeView.tsx:1330:17

    console.log
      [useLazyLoading] useEffect recreate data source { hasRef: true, configEnabled: false }

      at src/hooks/useLazyLoading.ts:222:13

    console.log
      [useLazyLoading] Recreating LazyLoadingDataSource

      at src/hooks/useLazyLoading.ts:228:15

    console.log
      [useLazyLoading] Setting up polling interval

      at src/hooks/useLazyLoading.ts:285:13

    console.log
      [HandyTreeView] useEffect items sync {
        hasDataSource: false,
        itemsLength: 2,
        filteredItemsLength: 2,
        internalItemsLength: 2
      }

      at src/components/HandyTreeView/HandyTreeView.tsx:496:15

    console.log
      [HandyTreeView] Syncing filtered items to internalItems

      at src/components/HandyTreeView/HandyTreeView.tsx:513:21

    console.log
      [HandyTreeView] useEffect fetch root items {
        hasDataSource: false,
        configEnabled: undefined,
        internalItemsLength: 2,
        itemsLength: 2,
        hasFetched: false
      }

      at src/components/HandyTreeView/HandyTreeView.tsx:549:15

    console.log
      [HandyTreeView] Skipping fetch - no dataSource or not enabled

      at src/components/HandyTreeView/HandyTreeView.tsx:559:17

    console.log
      [HandyTreeView] useEffect updateSelectionItems { internalItemsLength: 2 }

      at src/components/HandyTreeView/HandyTreeView.tsx:658:15

    console.log
      [useLazyLoading] Cleaning up polling interval

      at src/hooks/useLazyLoading.ts:293:15
          at Array.forEach (<anonymous>)

    console.log
      [HandyTreeView] RENDER START #8 {
        hasDataSource: false,
        itemsCount: 2,
        hasLazyLoading: false,
        timestamp: 1769005691675
      }

      at HandyTreeView (src/components/HandyTreeView/HandyTreeView.tsx:232:13)

    console.log
      [HandyTreeView] useMemo lazyLoadingConfig { hasDataSource: false, hasLazyLoading: false }

      at src/components/HandyTreeView/HandyTreeView.tsx:306:15

    console.log
      [HandyTreeView] Calling useLazyLoading {
        hasDataSource: false,
        hasConfig: false,
        dataSourceType: 'none',
        dataSourceKeys: []
      }

      at HandyTreeView (src/components/HandyTreeView/HandyTreeView.tsx:321:13)

    console.log
      [useLazyLoading] HOOK CALLED {
        hasDataSource: true,
        configEnabled: false,
        configKeys: [ 'enabled' ]
      }

      at useLazyLoading (src/hooks/useLazyLoading.ts:195:11)

    console.log
      [useLazyLoading] Creating new LazyLoadingDataSource

      at useLazyLoading (src/hooks/useLazyLoading.ts:213:13)

    console.log
      [HandyTreeView] useLazyLoading returned { hasDataSource: true, isLoading: false, stateCacheSize: 0 }

      at HandyTreeView (src/components/HandyTreeView/HandyTreeView.tsx:338:13)

    console.log
      [HandyTreeView] buildFullItemsMap { itemsCount: 2, mapSize: 0 }

      at src/components/HandyTreeView/HandyTreeView.tsx:451:17

    console.log
      [HandyTreeView] buildFullItemsMap { itemsCount: 2, mapSize: 1 }

      at src/components/HandyTreeView/HandyTreeView.tsx:451:17
          at Array.forEach (<anonymous>)

    console.log
      [HandyTreeView] buildFullItemsMap { itemsCount: 2, mapSize: 4 }

      at src/components/HandyTreeView/HandyTreeView.tsx:451:17
          at Array.forEach (<anonymous>)

    console.log
      [HandyTreeView] applyFiltering { inputCount: 2, hasFilterItems: false, showHiddenFiles: true }

      at src/components/HandyTreeView/HandyTreeView.tsx:424:17

    console.log
      [HandyTreeView] RENDER END #8 {
        internalItemsLength: 2,
        expandedItemsCount: 0,
        selectedItemsCount: 0,
        hasEmptyState: false
      }

      at HandyTreeView (src/components/HandyTreeView/HandyTreeView.tsx:1429:13)

    console.log
      [HandyTreeView] renderTreeItems [230rzo11n] { itemsCount: 2, level: 0, renderId: 8 }

      at src/components/HandyTreeView/HandyTreeView.tsx:1236:17

    console.log
      [HandyTreeView] renderTreeItems [230rzo11n] completed { itemsCount: 2, level: 0, resultCount: 2 }

      at src/components/HandyTreeView/HandyTreeView.tsx:1330:17

    console.log
      [useLazyLoading] useEffect recreate data source { hasRef: true, configEnabled: false }

      at src/hooks/useLazyLoading.ts:222:13

    console.log
      [useLazyLoading] Recreating LazyLoadingDataSource

      at src/hooks/useLazyLoading.ts:228:15

    console.log
      [useLazyLoading] Setting up polling interval

      at src/hooks/useLazyLoading.ts:285:13

    console.log
      [HandyTreeView] useEffect items sync {
        hasDataSource: false,
        itemsLength: 2,
        filteredItemsLength: 2,
        internalItemsLength: 2
      }

      at src/components/HandyTreeView/HandyTreeView.tsx:496:15

    console.log
      [HandyTreeView] Syncing filtered items to internalItems

      at src/components/HandyTreeView/HandyTreeView.tsx:513:21

    console.log
      [HandyTreeView] useEffect fetch root items {
        hasDataSource: false,
        configEnabled: undefined,
        internalItemsLength: 2,
        itemsLength: 2,
        hasFetched: false
      }

      at src/components/HandyTreeView/HandyTreeView.tsx:549:15

    console.log
      [HandyTreeView] Skipping fetch - no dataSource or not enabled

      at src/components/HandyTreeView/HandyTreeView.tsx:559:17

    console.log
      [HandyTreeView] useEffect updateSelectionItems { internalItemsLength: 2 }

      at src/components/HandyTreeView/HandyTreeView.tsx:658:15

    console.log
      [useLazyLoading] Cleaning up polling interval

      at src/hooks/useLazyLoading.ts:293:15
          at Array.forEach (<anonymous>)

    console.log
      [HandyTreeView] RENDER START #9 {
        hasDataSource: false,
        itemsCount: 2,
        hasLazyLoading: false,
        timestamp: 1769005691697
      }

      at HandyTreeView (src/components/HandyTreeView/HandyTreeView.tsx:232:13)

    console.log
      [HandyTreeView] useMemo lazyLoadingConfig { hasDataSource: false, hasLazyLoading: false }

      at src/components/HandyTreeView/HandyTreeView.tsx:306:15

    console.log
      [HandyTreeView] Calling useLazyLoading {
        hasDataSource: false,
        hasConfig: false,
        dataSourceType: 'none',
        dataSourceKeys: []
      }

      at HandyTreeView (src/components/HandyTreeView/HandyTreeView.tsx:321:13)

    console.log
      [useLazyLoading] HOOK CALLED {
        hasDataSource: true,
        configEnabled: false,
        configKeys: [ 'enabled' ]
      }

      at useLazyLoading (src/hooks/useLazyLoading.ts:195:11)

    console.log
      [useLazyLoading] Creating new LazyLoadingDataSource

      at useLazyLoading (src/hooks/useLazyLoading.ts:213:13)

    console.log
      [HandyTreeView] useLazyLoading returned { hasDataSource: true, isLoading: false, stateCacheSize: 0 }

      at HandyTreeView (src/components/HandyTreeView/HandyTreeView.tsx:338:13)

    console.log
      [HandyTreeView] buildFullItemsMap { itemsCount: 2, mapSize: 0 }

      at src/components/HandyTreeView/HandyTreeView.tsx:451:17

    console.log
      [HandyTreeView] buildFullItemsMap { itemsCount: 2, mapSize: 1 }

      at src/components/HandyTreeView/HandyTreeView.tsx:451:17
          at Array.forEach (<anonymous>)

    console.log
      [HandyTreeView] buildFullItemsMap { itemsCount: 2, mapSize: 4 }

      at src/components/HandyTreeView/HandyTreeView.tsx:451:17
          at Array.forEach (<anonymous>)

    console.log
      [HandyTreeView] applyFiltering { inputCount: 2, hasFilterItems: false, showHiddenFiles: true }

      at src/components/HandyTreeView/HandyTreeView.tsx:424:17

    console.log
      [HandyTreeView] RENDER END #9 {
        internalItemsLength: 2,
        expandedItemsCount: 0,
        selectedItemsCount: 0,
        hasEmptyState: false
      }

      at HandyTreeView (src/components/HandyTreeView/HandyTreeView.tsx:1429:13)

    console.log
      [HandyTreeView] renderTreeItems [1lxq5wj8f] { itemsCount: 2, level: 0, renderId: 9 }

      at src/components/HandyTreeView/HandyTreeView.tsx:1236:17

    console.log
      [HandyTreeView] renderTreeItems [1lxq5wj8f] completed { itemsCount: 2, level: 0, resultCount: 2 }

      at src/components/HandyTreeView/HandyTreeView.tsx:1330:17

    console.log
      [useLazyLoading] useEffect recreate data source { hasRef: true, configEnabled: false }

      at src/hooks/useLazyLoading.ts:222:13

    console.log
      [useLazyLoading] Recreating LazyLoadingDataSource

      at src/hooks/useLazyLoading.ts:228:15

    console.log
      [useLazyLoading] Setting up polling interval

      at src/hooks/useLazyLoading.ts:285:13

    console.log
      [HandyTreeView] useEffect items sync {
        hasDataSource: false,
        itemsLength: 2,
        filteredItemsLength: 2,
        internalItemsLength: 2
      }

      at src/components/HandyTreeView/HandyTreeView.tsx:496:15

    console.log
      [HandyTreeView] Syncing filtered items to internalItems

      at src/components/HandyTreeView/HandyTreeView.tsx:513:21

    console.log
      [HandyTreeView] useEffect fetch root items {
        hasDataSource: false,
        configEnabled: undefined,
        internalItemsLength: 2,
        itemsLength: 2,
        hasFetched: false
      }

      at src/components/HandyTreeView/HandyTreeView.tsx:549:15

    console.log
      [HandyTreeView] Skipping fetch - no dataSource or not enabled

      at src/components/HandyTreeView/HandyTreeView.tsx:559:17

    console.log
      [HandyTreeView] useEffect updateSelectionItems { internalItemsLength: 2 }

      at src/components/HandyTreeView/HandyTreeView.tsx:658:15

    console.log
      [useLazyLoading] Cleaning up polling interval

      at src/hooks/useLazyLoading.ts:293:15
          at Array.forEach (<anonymous>)

    console.log
      [HandyTreeView] RENDER START #10 {
        hasDataSource: false,
        itemsCount: 2,
        hasLazyLoading: false,
        timestamp: 1769005691726
      }

      at HandyTreeView (src/components/HandyTreeView/HandyTreeView.tsx:232:13)

    console.log
      [HandyTreeView] useMemo lazyLoadingConfig { hasDataSource: false, hasLazyLoading: false }

      at src/components/HandyTreeView/HandyTreeView.tsx:306:15

    console.log
      [HandyTreeView] Calling useLazyLoading {
        hasDataSource: false,
        hasConfig: false,
        dataSourceType: 'none',
        dataSourceKeys: []
      }

      at HandyTreeView (src/components/HandyTreeView/HandyTreeView.tsx:321:13)

    console.log
      [useLazyLoading] HOOK CALLED {
        hasDataSource: true,
        configEnabled: false,
        configKeys: [ 'enabled' ]
      }

      at useLazyLoading (src/hooks/useLazyLoading.ts:195:11)

    console.log
      [useLazyLoading] Creating new LazyLoadingDataSource

      at useLazyLoading (src/hooks/useLazyLoading.ts:213:13)

    console.log
      [HandyTreeView] useLazyLoading returned { hasDataSource: true, isLoading: false, stateCacheSize: 0 }

      at HandyTreeView (src/components/HandyTreeView/HandyTreeView.tsx:338:13)

    console.log
      [HandyTreeView] buildFullItemsMap { itemsCount: 2, mapSize: 0 }

      at src/components/HandyTreeView/HandyTreeView.tsx:451:17

    console.log
      [HandyTreeView] buildFullItemsMap { itemsCount: 2, mapSize: 1 }

      at src/components/HandyTreeView/HandyTreeView.tsx:451:17
          at Array.forEach (<anonymous>)

    console.log
      [HandyTreeView] buildFullItemsMap { itemsCount: 2, mapSize: 4 }

      at src/components/HandyTreeView/HandyTreeView.tsx:451:17
          at Array.forEach (<anonymous>)

    console.log
      [HandyTreeView] applyFiltering { inputCount: 2, hasFilterItems: false, showHiddenFiles: true }

      at src/components/HandyTreeView/HandyTreeView.tsx:424:17

    console.log
      [HandyTreeView] RENDER END #10 {
        internalItemsLength: 2,
        expandedItemsCount: 0,
        selectedItemsCount: 0,
        hasEmptyState: false
      }

      at HandyTreeView (src/components/HandyTreeView/HandyTreeView.tsx:1429:13)

    console.log
      [HandyTreeView] renderTreeItems [i2ya7wkf7] { itemsCount: 2, level: 0, renderId: 10 }

      at src/components/HandyTreeView/HandyTreeView.tsx:1236:17

    console.log
      [HandyTreeView] renderTreeItems [i2ya7wkf7] completed { itemsCount: 2, level: 0, resultCount: 2 }

      at src/components/HandyTreeView/HandyTreeView.tsx:1330:17

    console.log
      [useLazyLoading] useEffect recreate data source { hasRef: true, configEnabled: false }

      at src/hooks/useLazyLoading.ts:222:13

    console.log
      [useLazyLoading] Recreating LazyLoadingDataSource

      at src/hooks/useLazyLoading.ts:228:15

    console.log
      [useLazyLoading] Setting up polling interval

      at src/hooks/useLazyLoading.ts:285:13

    console.log
      [HandyTreeView] useEffect items sync {
        hasDataSource: false,
        itemsLength: 2,
        filteredItemsLength: 2,
        internalItemsLength: 2
      }

      at src/components/HandyTreeView/HandyTreeView.tsx:496:15

    console.log
      [HandyTreeView] Syncing filtered items to internalItems

      at src/components/HandyTreeView/HandyTreeView.tsx:513:21

    console.log
      [HandyTreeView] useEffect fetch root items {
        hasDataSource: false,
        configEnabled: undefined,
        internalItemsLength: 2,
        itemsLength: 2,
        hasFetched: false
      }

      at src/components/HandyTreeView/HandyTreeView.tsx:549:15

    console.log
      [HandyTreeView] Skipping fetch - no dataSource or not enabled

      at src/components/HandyTreeView/HandyTreeView.tsx:559:17

    console.log
      [HandyTreeView] useEffect updateSelectionItems { internalItemsLength: 2 }

      at src/components/HandyTreeView/HandyTreeView.tsx:658:15

    console.log
      [useLazyLoading] Cleaning up polling interval

      at src/hooks/useLazyLoading.ts:293:15
          at Array.forEach (<anonymous>)

    console.log
      [HandyTreeView] RENDER START #11 {
        hasDataSource: false,
        itemsCount: 2,
        hasLazyLoading: false,
        timestamp: 1769005691748
      }

      at HandyTreeView (src/components/HandyTreeView/HandyTreeView.tsx:232:13)

    console.log
      [HandyTreeView] useMemo lazyLoadingConfig { hasDataSource: false, hasLazyLoading: false }

      at src/components/HandyTreeView/HandyTreeView.tsx:306:15

    console.log
      [HandyTreeView] Calling useLazyLoading {
        hasDataSource: false,
        hasConfig: false,
        dataSourceType: 'none',
        dataSourceKeys: []
      }

      at HandyTreeView (src/components/HandyTreeView/HandyTreeView.tsx:321:13)

    console.log
      [useLazyLoading] HOOK CALLED {
        hasDataSource: true,
        configEnabled: false,
        configKeys: [ 'enabled' ]
      }

      at useLazyLoading (src/hooks/useLazyLoading.ts:195:11)

    console.log
      [useLazyLoading] Creating new LazyLoadingDataSource

      at useLazyLoading (src/hooks/useLazyLoading.ts:213:13)

    console.log
      [HandyTreeView] useLazyLoading returned { hasDataSource: true, isLoading: false, stateCacheSize: 0 }

      at HandyTreeView (src/components/HandyTreeView/HandyTreeView.tsx:338:13)

    console.log
      [HandyTreeView] buildFullItemsMap { itemsCount: 2, mapSize: 0 }

      at src/components/HandyTreeView/HandyTreeView.tsx:451:17

    console.log
      [HandyTreeView] buildFullItemsMap { itemsCount: 2, mapSize: 1 }

      at src/components/HandyTreeView/HandyTreeView.tsx:451:17
          at Array.forEach (<anonymous>)

    console.log
      [HandyTreeView] buildFullItemsMap { itemsCount: 2, mapSize: 4 }

      at src/components/HandyTreeView/HandyTreeView.tsx:451:17
          at Array.forEach (<anonymous>)

    console.log
      [HandyTreeView] applyFiltering { inputCount: 2, hasFilterItems: false, showHiddenFiles: true }

      at src/components/HandyTreeView/HandyTreeView.tsx:424:17

    console.log
      [HandyTreeView] RENDER END #11 {
        internalItemsLength: 2,
        expandedItemsCount: 0,
        selectedItemsCount: 0,
        hasEmptyState: false
      }

      at HandyTreeView (src/components/HandyTreeView/HandyTreeView.tsx:1429:13)

    console.log
      [HandyTreeView] renderTreeItems [g9qu70k5r] { itemsCount: 2, level: 0, renderId: 11 }

      at src/components/HandyTreeView/HandyTreeView.tsx:1236:17

    console.log
      [HandyTreeView] renderTreeItems [g9qu70k5r] completed { itemsCount: 2, level: 0, resultCount: 2 }

      at src/components/HandyTreeView/HandyTreeView.tsx:1330:17

    console.log
      [useLazyLoading] useEffect recreate data source { hasRef: true, configEnabled: false }

      at src/hooks/useLazyLoading.ts:222:13

    console.log
      [useLazyLoading] Recreating LazyLoadingDataSource

      at src/hooks/useLazyLoading.ts:228:15

    console.log
      [useLazyLoading] Setting up polling interval

      at src/hooks/useLazyLoading.ts:285:13

    console.log
      [HandyTreeView] useEffect items sync {
        hasDataSource: false,
        itemsLength: 2,
        filteredItemsLength: 2,
        internalItemsLength: 2
      }

      at src/components/HandyTreeView/HandyTreeView.tsx:496:15

    console.log
      [HandyTreeView] Syncing filtered items to internalItems

      at src/components/HandyTreeView/HandyTreeView.tsx:513:21

    console.log
      [HandyTreeView] useEffect fetch root items {
        hasDataSource: false,
        configEnabled: undefined,
        internalItemsLength: 2,
        itemsLength: 2,
        hasFetched: false
      }

      at src/components/HandyTreeView/HandyTreeView.tsx:549:15

    console.log
      [HandyTreeView] Skipping fetch - no dataSource or not enabled

      at src/components/HandyTreeView/HandyTreeView.tsx:559:17

    console.log
      [HandyTreeView] useEffect updateSelectionItems { internalItemsLength: 2 }

      at src/components/HandyTreeView/HandyTreeView.tsx:658:15

    console.log
      [useLazyLoading] Cleaning up polling interval

      at src/hooks/useLazyLoading.ts:293:15
          at Array.forEach (<anonymous>)

    console.log
      [HandyTreeView] RENDER START #12 {
        hasDataSource: false,
        itemsCount: 2,
        hasLazyLoading: false,
        timestamp: 1769005691766
      }

      at HandyTreeView (src/components/HandyTreeView/HandyTreeView.tsx:232:13)

    console.log
      [HandyTreeView] useMemo lazyLoadingConfig { hasDataSource: false, hasLazyLoading: false }

      at src/components/HandyTreeView/HandyTreeView.tsx:306:15

    console.log
      [HandyTreeView] Calling useLazyLoading {
        hasDataSource: false,
        hasConfig: false,
        dataSourceType: 'none',
        dataSourceKeys: []
      }

      at HandyTreeView (src/components/HandyTreeView/HandyTreeView.tsx:321:13)

    console.log
      [useLazyLoading] HOOK CALLED {
        hasDataSource: true,
        configEnabled: false,
        configKeys: [ 'enabled' ]
      }

      at useLazyLoading (src/hooks/useLazyLoading.ts:195:11)

    console.log
      [useLazyLoading] Creating new LazyLoadingDataSource

      at useLazyLoading (src/hooks/useLazyLoading.ts:213:13)

    console.log
      [HandyTreeView] useLazyLoading returned { hasDataSource: true, isLoading: false, stateCacheSize: 0 }

      at HandyTreeView (src/components/HandyTreeView/HandyTreeView.tsx:338:13)

    console.log
      [HandyTreeView] buildFullItemsMap { itemsCount: 2, mapSize: 0 }

      at src/components/HandyTreeView/HandyTreeView.tsx:451:17

    console.log
      [HandyTreeView] buildFullItemsMap { itemsCount: 2, mapSize: 1 }

      at src/components/HandyTreeView/HandyTreeView.tsx:451:17
          at Array.forEach (<anonymous>)

    console.log
      [HandyTreeView] buildFullItemsMap { itemsCount: 1, mapSize: 4 }

      at src/components/HandyTreeView/HandyTreeView.tsx:451:17
          at Array.forEach (<anonymous>)

    console.log
      [HandyTreeView] applyFiltering { inputCount: 2, hasFilterItems: false, showHiddenFiles: true }

      at src/components/HandyTreeView/HandyTreeView.tsx:424:17

    console.log
      [HandyTreeView] RENDER END #12 {
        internalItemsLength: 2,
        expandedItemsCount: 0,
        selectedItemsCount: 0,
        hasEmptyState: false
      }

      at HandyTreeView (src/components/HandyTreeView/HandyTreeView.tsx:1429:13)

    console.log
      [HandyTreeView] renderTreeItems [ijcrs2fto] { itemsCount: 2, level: 0, renderId: 12 }

      at src/components/HandyTreeView/HandyTreeView.tsx:1236:17

    console.log
      [HandyTreeView] renderTreeItems [ijcrs2fto] completed { itemsCount: 2, level: 0, resultCount: 2 }

      at src/components/HandyTreeView/HandyTreeView.tsx:1330:17

    console.log
      [useLazyLoading] useEffect recreate data source { hasRef: true, configEnabled: false }

      at src/hooks/useLazyLoading.ts:222:13

    console.log
      [useLazyLoading] Recreating LazyLoadingDataSource

      at src/hooks/useLazyLoading.ts:228:15

    console.log
      [useLazyLoading] Setting up polling interval

      at src/hooks/useLazyLoading.ts:285:13

    console.log
      [HandyTreeView] useEffect items sync {
        hasDataSource: false,
        itemsLength: 2,
        filteredItemsLength: 2,
        internalItemsLength: 2
      }

      at src/components/HandyTreeView/HandyTreeView.tsx:496:15

    console.log
      [HandyTreeView] Syncing filtered items to internalItems

      at src/components/HandyTreeView/HandyTreeView.tsx:513:21

    console.log
      [HandyTreeView] useEffect fetch root items {
        hasDataSource: false,
        configEnabled: undefined,
        internalItemsLength: 2,
        itemsLength: 2,
        hasFetched: false
      }

      at src/components/HandyTreeView/HandyTreeView.tsx:549:15

    console.log
      [HandyTreeView] Skipping fetch - no dataSource or not enabled

      at src/components/HandyTreeView/HandyTreeView.tsx:559:17

    console.log
      [HandyTreeView] useEffect updateSelectionItems { internalItemsLength: 2 }

      at src/components/HandyTreeView/HandyTreeView.tsx:658:15

    console.log
      [useLazyLoading] Cleaning up polling interval

      at src/hooks/useLazyLoading.ts:293:15
          at Array.forEach (<anonymous>)

    console.log
      [HandyTreeView] RENDER START #13 {
        hasDataSource: false,
        itemsCount: 1,
        hasLazyLoading: false,
        timestamp: 1769005691785
      }

      at HandyTreeView (src/components/HandyTreeView/HandyTreeView.tsx:232:13)

    console.log
      [HandyTreeView] useMemo lazyLoadingConfig { hasDataSource: false, hasLazyLoading: false }

      at src/components/HandyTreeView/HandyTreeView.tsx:306:15

    console.log
      [HandyTreeView] Calling useLazyLoading {
        hasDataSource: false,
        hasConfig: false,
        dataSourceType: 'none',
        dataSourceKeys: []
      }

      at HandyTreeView (src/components/HandyTreeView/HandyTreeView.tsx:321:13)

    console.log
      [useLazyLoading] HOOK CALLED {
        hasDataSource: true,
        configEnabled: false,
        configKeys: [ 'enabled' ]
      }

      at useLazyLoading (src/hooks/useLazyLoading.ts:195:11)

    console.log
      [useLazyLoading] Creating new LazyLoadingDataSource

      at useLazyLoading (src/hooks/useLazyLoading.ts:213:13)

    console.log
      [HandyTreeView] useLazyLoading returned { hasDataSource: true, isLoading: false, stateCacheSize: 0 }

      at HandyTreeView (src/components/HandyTreeView/HandyTreeView.tsx:338:13)

    console.log
      [HandyTreeView] buildFullItemsMap { itemsCount: 1, mapSize: 0 }

      at src/components/HandyTreeView/HandyTreeView.tsx:451:17

    console.log
      [HandyTreeView] buildFullItemsMap { itemsCount: 1, mapSize: 1 }

      at src/components/HandyTreeView/HandyTreeView.tsx:451:17
          at Array.forEach (<anonymous>)

    console.log
      [HandyTreeView] applyFiltering { inputCount: 1, hasFilterItems: false, showHiddenFiles: true }

      at src/components/HandyTreeView/HandyTreeView.tsx:424:17

    console.log
      [HandyTreeView] RENDER END #13 {
        internalItemsLength: 1,
        expandedItemsCount: 1,
        selectedItemsCount: 0,
        hasEmptyState: false
      }

      at HandyTreeView (src/components/HandyTreeView/HandyTreeView.tsx:1429:13)

    console.log
      [HandyTreeView] renderTreeItems [rrr0ekrbk] { itemsCount: 1, level: 0, renderId: 13 }

      at src/components/HandyTreeView/HandyTreeView.tsx:1236:17

    console.log
      [HandyTreeView] Rendering children for item 1 { childrenCount: 1, level: 1, renderId: 13 }

      at src/components/HandyTreeView/HandyTreeView.tsx:1318:29
          at Array.map (<anonymous>)

    console.log
      [HandyTreeView] renderTreeItems [e8o70jyof] { itemsCount: 1, level: 1, renderId: 13 }

      at src/components/HandyTreeView/HandyTreeView.tsx:1236:17
          at Array.map (<anonymous>)

    console.log
      [HandyTreeView] renderTreeItems [e8o70jyof] completed { itemsCount: 1, level: 1, resultCount: 1 }

      at src/components/HandyTreeView/HandyTreeView.tsx:1330:17
          at Array.map (<anonymous>)

    console.log
      [HandyTreeView] renderTreeItems [rrr0ekrbk] completed { itemsCount: 1, level: 0, resultCount: 1 }

      at src/components/HandyTreeView/HandyTreeView.tsx:1330:17

    console.log
      [useLazyLoading] useEffect recreate data source { hasRef: true, configEnabled: false }

      at src/hooks/useLazyLoading.ts:222:13

    console.log
      [useLazyLoading] Recreating LazyLoadingDataSource

      at src/hooks/useLazyLoading.ts:228:15

    console.log
      [useLazyLoading] Setting up polling interval

      at src/hooks/useLazyLoading.ts:285:13

    console.log
      [HandyTreeView] useEffect items sync {
        hasDataSource: false,
        itemsLength: 1,
        filteredItemsLength: 1,
        internalItemsLength: 1
      }

      at src/components/HandyTreeView/HandyTreeView.tsx:496:15

    console.log
      [HandyTreeView] Syncing filtered items to internalItems

      at src/components/HandyTreeView/HandyTreeView.tsx:513:21

    console.log
      [HandyTreeView] useEffect fetch root items {
        hasDataSource: false,
        configEnabled: undefined,
        internalItemsLength: 1,
        itemsLength: 1,
        hasFetched: false
      }

      at src/components/HandyTreeView/HandyTreeView.tsx:549:15

    console.log
      [HandyTreeView] Skipping fetch - no dataSource or not enabled

      at src/components/HandyTreeView/HandyTreeView.tsx:559:17

    console.log
      [HandyTreeView] useEffect updateSelectionItems { internalItemsLength: 1 }

      at src/components/HandyTreeView/HandyTreeView.tsx:658:15

    console.log
      [useLazyLoading] Cleaning up polling interval

      at src/hooks/useLazyLoading.ts:293:15
          at Array.forEach (<anonymous>)

    console.log
      [HandyTreeView] RENDER START #14 {
        hasDataSource: false,
        itemsCount: 2,
        hasLazyLoading: false,
        timestamp: 1769005691806
      }

      at HandyTreeView (src/components/HandyTreeView/HandyTreeView.tsx:232:13)

    console.log
      [HandyTreeView] useMemo lazyLoadingConfig { hasDataSource: false, hasLazyLoading: false }

      at src/components/HandyTreeView/HandyTreeView.tsx:306:15

    console.log
      [HandyTreeView] Calling useLazyLoading {
        hasDataSource: false,
        hasConfig: false,
        dataSourceType: 'none',
        dataSourceKeys: []
      }

      at HandyTreeView (src/components/HandyTreeView/HandyTreeView.tsx:321:13)

    console.log
      [useLazyLoading] HOOK CALLED {
        hasDataSource: true,
        configEnabled: false,
        configKeys: [ 'enabled' ]
      }

      at useLazyLoading (src/hooks/useLazyLoading.ts:195:11)

    console.log
      [useLazyLoading] Creating new LazyLoadingDataSource

      at useLazyLoading (src/hooks/useLazyLoading.ts:213:13)

    console.log
      [HandyTreeView] useLazyLoading returned { hasDataSource: true, isLoading: false, stateCacheSize: 0 }

      at HandyTreeView (src/components/HandyTreeView/HandyTreeView.tsx:338:13)

    console.log
      [HandyTreeView] buildFullItemsMap { itemsCount: 2, mapSize: 0 }

      at src/components/HandyTreeView/HandyTreeView.tsx:451:17

    console.log
      [HandyTreeView] buildFullItemsMap { itemsCount: 2, mapSize: 1 }

      at src/components/HandyTreeView/HandyTreeView.tsx:451:17
          at Array.forEach (<anonymous>)

    console.log
      [HandyTreeView] buildFullItemsMap { itemsCount: 2, mapSize: 4 }

      at src/components/HandyTreeView/HandyTreeView.tsx:451:17
          at Array.forEach (<anonymous>)

    console.log
      [HandyTreeView] applyFiltering { inputCount: 2, hasFilterItems: false, showHiddenFiles: true }

      at src/components/HandyTreeView/HandyTreeView.tsx:424:17

    console.log
      [HandyTreeView] RENDER END #14 {
        internalItemsLength: 2,
        expandedItemsCount: 0,
        selectedItemsCount: 0,
        hasEmptyState: false
      }

      at HandyTreeView (src/components/HandyTreeView/HandyTreeView.tsx:1429:13)

    console.log
      [HandyTreeView] renderTreeItems [q6b10l678] { itemsCount: 2, level: 0, renderId: 14 }

      at src/components/HandyTreeView/HandyTreeView.tsx:1236:17

    console.log
      [HandyTreeView] renderTreeItems [q6b10l678] completed { itemsCount: 2, level: 0, resultCount: 2 }

      at src/components/HandyTreeView/HandyTreeView.tsx:1330:17

    console.log
      [useLazyLoading] useEffect recreate data source { hasRef: true, configEnabled: false }

      at src/hooks/useLazyLoading.ts:222:13

    console.log
      [useLazyLoading] Recreating LazyLoadingDataSource

      at src/hooks/useLazyLoading.ts:228:15

    console.log
      [useLazyLoading] Setting up polling interval

      at src/hooks/useLazyLoading.ts:285:13

    console.log
      [HandyTreeView] useEffect items sync {
        hasDataSource: false,
        itemsLength: 2,
        filteredItemsLength: 2,
        internalItemsLength: 2
      }

      at src/components/HandyTreeView/HandyTreeView.tsx:496:15

    console.log
      [HandyTreeView] Syncing filtered items to internalItems

      at src/components/HandyTreeView/HandyTreeView.tsx:513:21

    console.log
      [HandyTreeView] useEffect fetch root items {
        hasDataSource: false,
        configEnabled: undefined,
        internalItemsLength: 2,
        itemsLength: 2,
        hasFetched: false
      }

      at src/components/HandyTreeView/HandyTreeView.tsx:549:15

    console.log
      [HandyTreeView] Skipping fetch - no dataSource or not enabled

      at src/components/HandyTreeView/HandyTreeView.tsx:559:17

    console.log
      [HandyTreeView] useEffect updateSelectionItems { internalItemsLength: 2 }

      at src/components/HandyTreeView/HandyTreeView.tsx:658:15

    console.log
      [HandyTreeView] RENDER START #15 {
        hasDataSource: false,
        itemsCount: 2,
        hasLazyLoading: false,
        timestamp: 1769005691865
      }

      at HandyTreeView (src/components/HandyTreeView/HandyTreeView.tsx:232:13)

    console.log
      [HandyTreeView] Calling useLazyLoading {
        hasDataSource: false,
        hasConfig: false,
        dataSourceType: 'none',
        dataSourceKeys: []
      }

      at HandyTreeView (src/components/HandyTreeView/HandyTreeView.tsx:321:13)

    console.log
      [useLazyLoading] HOOK CALLED {
        hasDataSource: true,
        configEnabled: false,
        configKeys: [ 'enabled' ]
      }

      at useLazyLoading (src/hooks/useLazyLoading.ts:195:11)

    console.log
      [HandyTreeView] useLazyLoading returned { hasDataSource: true, isLoading: false, stateCacheSize: 0 }

      at HandyTreeView (src/components/HandyTreeView/HandyTreeView.tsx:338:13)

    console.log
      [HandyTreeView] buildFullItemsMap { itemsCount: 2, mapSize: 0 }

      at src/components/HandyTreeView/HandyTreeView.tsx:451:17

    console.log
      [HandyTreeView] buildFullItemsMap { itemsCount: 2, mapSize: 1 }

      at src/components/HandyTreeView/HandyTreeView.tsx:451:17
          at Array.forEach (<anonymous>)

    console.log
      [HandyTreeView] buildFullItemsMap { itemsCount: 2, mapSize: 4 }

      at src/components/HandyTreeView/HandyTreeView.tsx:451:17
          at Array.forEach (<anonymous>)

    console.log
      [HandyTreeView] applyFiltering { inputCount: 2, hasFilterItems: false, showHiddenFiles: true }

      at src/components/HandyTreeView/HandyTreeView.tsx:424:17

    console.log
      [HandyTreeView] RENDER END #15 {
        internalItemsLength: 2,
        expandedItemsCount: 0,
        selectedItemsCount: 0,
        hasEmptyState: false
      }

      at HandyTreeView (src/components/HandyTreeView/HandyTreeView.tsx:1429:13)

    console.log
      [HandyTreeView] renderTreeItems [fuz5cl2vw] { itemsCount: 2, level: 0, renderId: 15 }

      at src/components/HandyTreeView/HandyTreeView.tsx:1236:17

    console.log
      [HandyTreeView] renderTreeItems [fuz5cl2vw] completed { itemsCount: 2, level: 0, resultCount: 2 }

      at src/components/HandyTreeView/HandyTreeView.tsx:1330:17

    console.log
      [useLazyLoading] useEffect recreate data source { hasRef: true, configEnabled: false }

      at src/hooks/useLazyLoading.ts:222:13

    console.log
      [useLazyLoading] Recreating LazyLoadingDataSource

      at src/hooks/useLazyLoading.ts:228:15

    console.log
      [HandyTreeView] useEffect items sync {
        hasDataSource: false,
        itemsLength: 2,
        filteredItemsLength: 2,
        internalItemsLength: 2
      }

      at src/components/HandyTreeView/HandyTreeView.tsx:496:15

    console.log
      [HandyTreeView] RENDER START #16 {
        hasDataSource: false,
        itemsCount: 2,
        hasLazyLoading: false,
        timestamp: 1769005691879
      }

      at HandyTreeView (src/components/HandyTreeView/HandyTreeView.tsx:232:13)

    console.log
      [HandyTreeView] Calling useLazyLoading {
        hasDataSource: false,
        hasConfig: false,
        dataSourceType: 'none',
        dataSourceKeys: []
      }

      at HandyTreeView (src/components/HandyTreeView/HandyTreeView.tsx:321:13)

    console.log
      [useLazyLoading] HOOK CALLED {
        hasDataSource: true,
        configEnabled: false,
        configKeys: [ 'enabled' ]
      }

      at useLazyLoading (src/hooks/useLazyLoading.ts:195:11)

    console.log
      [HandyTreeView] useLazyLoading returned { hasDataSource: true, isLoading: false, stateCacheSize: 0 }

      at HandyTreeView (src/components/HandyTreeView/HandyTreeView.tsx:338:13)

    console.log
      [HandyTreeView] buildFullItemsMap { itemsCount: 2, mapSize: 0 }

      at src/components/HandyTreeView/HandyTreeView.tsx:451:17

    console.log
      [HandyTreeView] buildFullItemsMap { itemsCount: 2, mapSize: 1 }

      at src/components/HandyTreeView/HandyTreeView.tsx:451:17
          at Array.forEach (<anonymous>)

    console.log
      [HandyTreeView] buildFullItemsMap { itemsCount: 2, mapSize: 4 }

      at src/components/HandyTreeView/HandyTreeView.tsx:451:17
          at Array.forEach (<anonymous>)

    console.log
      [HandyTreeView] applyFiltering { inputCount: 2, hasFilterItems: false, showHiddenFiles: true }

      at src/components/HandyTreeView/HandyTreeView.tsx:424:17

    console.log
      [HandyTreeView] RENDER END #16 {
        internalItemsLength: 2,
        expandedItemsCount: 0,
        selectedItemsCount: 0,
        hasEmptyState: false
      }

      at HandyTreeView (src/components/HandyTreeView/HandyTreeView.tsx:1429:13)

    console.log
      [HandyTreeView] renderTreeItems [y9ajs8ir3] { itemsCount: 2, level: 0, renderId: 16 }

      at src/components/HandyTreeView/HandyTreeView.tsx:1236:17

    console.log
      [HandyTreeView] renderTreeItems [y9ajs8ir3] completed { itemsCount: 2, level: 0, resultCount: 2 }

      at src/components/HandyTreeView/HandyTreeView.tsx:1330:17

    console.log
      [useLazyLoading] Cleaning up polling interval

      at src/hooks/useLazyLoading.ts:293:15
          at Array.forEach (<anonymous>)

    console.log
      [HandyTreeView] RENDER START #17 {
        hasDataSource: false,
        itemsCount: 2,
        hasLazyLoading: false,
        timestamp: 1769005691890
      }

      at HandyTreeView (src/components/HandyTreeView/HandyTreeView.tsx:232:13)

    console.log
      [HandyTreeView] useMemo lazyLoadingConfig { hasDataSource: false, hasLazyLoading: false }

      at src/components/HandyTreeView/HandyTreeView.tsx:306:15

    console.log
      [HandyTreeView] Calling useLazyLoading {
        hasDataSource: false,
        hasConfig: false,
        dataSourceType: 'none',
        dataSourceKeys: []
      }

      at HandyTreeView (src/components/HandyTreeView/HandyTreeView.tsx:321:13)

    console.log
      [useLazyLoading] HOOK CALLED {
        hasDataSource: true,
        configEnabled: false,
        configKeys: [ 'enabled' ]
      }

      at useLazyLoading (src/hooks/useLazyLoading.ts:195:11)

    console.log
      [useLazyLoading] Creating new LazyLoadingDataSource

      at useLazyLoading (src/hooks/useLazyLoading.ts:213:13)

    console.log
      [HandyTreeView] useLazyLoading returned { hasDataSource: true, isLoading: false, stateCacheSize: 0 }

      at HandyTreeView (src/components/HandyTreeView/HandyTreeView.tsx:338:13)

    console.log
      [HandyTreeView] buildFullItemsMap { itemsCount: 2, mapSize: 0 }

      at src/components/HandyTreeView/HandyTreeView.tsx:451:17

    console.log
      [HandyTreeView] buildFullItemsMap { itemsCount: 2, mapSize: 1 }

      at src/components/HandyTreeView/HandyTreeView.tsx:451:17
          at Array.forEach (<anonymous>)

    console.log
      [HandyTreeView] buildFullItemsMap { itemsCount: 2, mapSize: 4 }

      at src/components/HandyTreeView/HandyTreeView.tsx:451:17
          at Array.forEach (<anonymous>)

    console.log
      [HandyTreeView] applyFiltering { inputCount: 2, hasFilterItems: false, showHiddenFiles: true }

      at src/components/HandyTreeView/HandyTreeView.tsx:424:17

    console.log
      [HandyTreeView] RENDER END #17 {
        internalItemsLength: 2,
        expandedItemsCount: 0,
        selectedItemsCount: 0,
        hasEmptyState: false
      }

      at HandyTreeView (src/components/HandyTreeView/HandyTreeView.tsx:1429:13)

    console.log
      [HandyTreeView] renderTreeItems [gndgww9pm] { itemsCount: 2, level: 0, renderId: 17 }

      at src/components/HandyTreeView/HandyTreeView.tsx:1236:17

    console.log
      [HandyTreeView] renderTreeItems [gndgww9pm] completed { itemsCount: 2, level: 0, resultCount: 2 }

      at src/components/HandyTreeView/HandyTreeView.tsx:1330:17

    console.log
      [useLazyLoading] useEffect recreate data source { hasRef: true, configEnabled: false }

      at src/hooks/useLazyLoading.ts:222:13

    console.log
      [useLazyLoading] Recreating LazyLoadingDataSource

      at src/hooks/useLazyLoading.ts:228:15

    console.log
      [useLazyLoading] Setting up polling interval

      at src/hooks/useLazyLoading.ts:285:13

    console.log
      [HandyTreeView] useEffect items sync {
        hasDataSource: false,
        itemsLength: 2,
        filteredItemsLength: 2,
        internalItemsLength: 2
      }

      at src/components/HandyTreeView/HandyTreeView.tsx:496:15

    console.log
      [HandyTreeView] Syncing filtered items to internalItems

      at src/components/HandyTreeView/HandyTreeView.tsx:513:21

    console.log
      [HandyTreeView] useEffect fetch root items {
        hasDataSource: false,
        configEnabled: undefined,
        internalItemsLength: 2,
        itemsLength: 2,
        hasFetched: false
      }

      at src/components/HandyTreeView/HandyTreeView.tsx:549:15

    console.log
      [HandyTreeView] Skipping fetch - no dataSource or not enabled

      at src/components/HandyTreeView/HandyTreeView.tsx:559:17

    console.log
      [HandyTreeView] useEffect updateSelectionItems { internalItemsLength: 2 }

      at src/components/HandyTreeView/HandyTreeView.tsx:658:15

    console.log
      [useLazyLoading] Cleaning up polling interval

      at src/hooks/useLazyLoading.ts:293:15
          at Array.forEach (<anonymous>)

    console.error
      In HTML, <li> cannot be a descendant of <li>.
      This will cause a hydration error.
      
        <ThemeProvider theme={{...}}>
          <ThemeProviderNoVars theme={{...}}>
            <ThemeProvider themeId={undefined} theme={{...}}>
              <ThemeProvider theme={{...}}>
                <RtlProvider value={false}>
                  <DefaultPropsProvider value={{}}>
                    <HandyTreeItem itemId="1" label="Animated Item" level={0} hasChildren={true} expanded={false} ...>
                      <Box component="li" ref={null} role="treeitem" id="1" aria-expanded={false} aria-selected={false} ...>
                        <Styled(div) as="li" ref={null} className="MuiBox-root" theme={{...}} role="treeitem" id="1" ...>
                          <Insertion>
      >                   <li
      >                     className="MuiBox-root css-p59m98"
      >                     role="treeitem"
      >                     id="1"
      >                     aria-expanded={false}
      >                     aria-selected={false}
      >                     aria-disabled={false}
      >                     aria-level={1}
      >                     aria-setsize={undefined}
      >                     aria-posinset={undefined}
      >                     tabIndex={-1}
      >                     onFocus={function}
      >                     draggable={false}
      >                     onDragStart={function}
      >                     onDragEnd={function}
      >                     onDragOver={function}
      >                     onDrop={function}
      >                   >
                            <Box>
                            ...
                              <Styled(div) as="div" ref={null} className="MuiBox-root" theme={{...}} role="group" sx={{pl:2}}>
                                <Insertion>
                                <div className="MuiBox-roo..." role="group">
                                  <HandyTreeItem itemId="1-1" label="Child" level={1}>
                                    <Box component="li" ref={null} role="treeitem" id="1-1" aria-expanded={undefined} ...>
                                      <Styled(div) as="li" ref={null} className="MuiBox-root" theme={{...}} role="treeitem" ...>
                                        <Insertion>
      >                                 <li
      >                                   className="MuiBox-root css-p59m98"
      >                                   role="treeitem"
      >                                   id="1-1"
      >                                   aria-expanded={undefined}
      >                                   aria-selected={false}
      >                                   aria-disabled={false}
      >                                   aria-level={2}
      >                                   aria-setsize={undefined}
      >                                   aria-posinset={undefined}
      >                                   tabIndex={-1}
      >                                   onFocus={function}
      >                                   draggable={false}
      >                                   onDragStart={function}
      >                                   onDragEnd={function}
      >                                   onDragOver={function}
      >                                   onDrop={function}
      >                                 >

      17 |
      18 | export const renderWithTheme = (component: React.ReactElement) => {
    > 19 |   return render(<ThemeProvider theme={theme}>{component}</ThemeProvider>);
         |                ^
      20 | };
      21 |
      22 | // Helper to create dataTransfer mock for jsdom

      at validateDOMNesting (node_modules/react-dom/cjs/react-dom-client.development.js:2605:19)
      at completeWork (node_modules/react-dom/cjs/react-dom-client.development.js:12556:15)
      at runWithFiberInDEV (node_modules/react-dom/cjs/react-dom-client.development.js:874:13)
      at completeUnitOfWork (node_modules/react-dom/cjs/react-dom-client.development.js:17777:19)
      at performUnitOfWork (node_modules/react-dom/cjs/react-dom-client.development.js:17658:11)
      at workLoopSync (node_modules/react-dom/cjs/react-dom-client.development.js:17469:41)
      at renderRootSync (node_modules/react-dom/cjs/react-dom-client.development.js:17450:11)
      at performWorkOnRoot (node_modules/react-dom/cjs/react-dom-client.development.js:16504:11)
      at performWorkOnRootViaSchedulerTask (node_modules/react-dom/cjs/react-dom-client.development.js:18957:7)
      at flushActQueue (node_modules/react/cjs/react.development.js:590:34)
      at Object.<anonymous>.process.env.NODE_ENV.exports.act (node_modules/react/cjs/react.development.js:884:10)
      at node_modules/@testing-library/react/dist/act-compat.js:46:25
      at renderRoot (node_modules/@testing-library/react/dist/pure.js:189:26)
      at render (node_modules/@testing-library/react/dist/pure.js:291:10)
      at renderWithTheme (__tests__/HandyTreeView.test-utils.tsx:19:16)
      at Object.<anonymous> (__tests__/HandyTreeView.visualFeatures.test.tsx:286:43)

    console.error
      <li> cannot contain a nested <li>.
      See this log for the ancestor stack trace.

      17 |
      18 | export const renderWithTheme = (component: React.ReactElement) => {
    > 19 |   return render(<ThemeProvider theme={theme}>{component}</ThemeProvider>);
         |                ^
      20 | };
      21 |
      22 | // Helper to create dataTransfer mock for jsdom

      at node_modules/react-dom/cjs/react-dom-client.development.js:2618:21
      at runWithFiberInDEV (node_modules/react-dom/cjs/react-dom-client.development.js:874:13)
      at validateDOMNesting (node_modules/react-dom/cjs/react-dom-client.development.js:2617:11)
      at completeWork (node_modules/react-dom/cjs/react-dom-client.development.js:12556:15)
      at runWithFiberInDEV (node_modules/react-dom/cjs/react-dom-client.development.js:874:13)
      at completeUnitOfWork (node_modules/react-dom/cjs/react-dom-client.development.js:17777:19)
      at performUnitOfWork (node_modules/react-dom/cjs/react-dom-client.development.js:17658:11)
      at workLoopSync (node_modules/react-dom/cjs/react-dom-client.development.js:17469:41)
      at renderRootSync (node_modules/react-dom/cjs/react-dom-client.development.js:17450:11)
      at performWorkOnRoot (node_modules/react-dom/cjs/react-dom-client.development.js:16504:11)
      at performWorkOnRootViaSchedulerTask (node_modules/react-dom/cjs/react-dom-client.development.js:18957:7)
      at flushActQueue (node_modules/react/cjs/react.development.js:590:34)
      at Object.<anonymous>.process.env.NODE_ENV.exports.act (node_modules/react/cjs/react.development.js:884:10)
      at node_modules/@testing-library/react/dist/act-compat.js:46:25
      at renderRoot (node_modules/@testing-library/react/dist/pure.js:189:26)
      at render (node_modules/@testing-library/react/dist/pure.js:291:10)
      at renderWithTheme (__tests__/HandyTreeView.test-utils.tsx:19:16)
      at Object.<anonymous> (__tests__/HandyTreeView.visualFeatures.test.tsx:286:43)

    console.log
      [HandyTreeView] RENDER START #18 {
        hasDataSource: false,
        itemsCount: 2,
        hasLazyLoading: false,
        timestamp: 1769005691958
      }

      at HandyTreeView (src/components/HandyTreeView/HandyTreeView.tsx:232:13)

    console.log
      [HandyTreeView] useMemo lazyLoadingConfig { hasDataSource: false, hasLazyLoading: false }

      at src/components/HandyTreeView/HandyTreeView.tsx:306:15

    console.log
      [HandyTreeView] Calling useLazyLoading {
        hasDataSource: false,
        hasConfig: false,
        dataSourceType: 'none',
        dataSourceKeys: []
      }

      at HandyTreeView (src/components/HandyTreeView/HandyTreeView.tsx:321:13)

    console.log
      [useLazyLoading] HOOK CALLED {
        hasDataSource: true,
        configEnabled: false,
        configKeys: [ 'enabled' ]
      }

      at useLazyLoading (src/hooks/useLazyLoading.ts:195:11)

    console.log
      [useLazyLoading] Creating new LazyLoadingDataSource

      at useLazyLoading (src/hooks/useLazyLoading.ts:213:13)

    console.log
      [HandyTreeView] useLazyLoading returned { hasDataSource: true, isLoading: false, stateCacheSize: 0 }

      at HandyTreeView (src/components/HandyTreeView/HandyTreeView.tsx:338:13)

    console.log
      [HandyTreeView] buildFullItemsMap { itemsCount: 2, mapSize: 0 }

      at src/components/HandyTreeView/HandyTreeView.tsx:451:17

    console.log
      [HandyTreeView] buildFullItemsMap { itemsCount: 2, mapSize: 1 }

      at src/components/HandyTreeView/HandyTreeView.tsx:451:17
          at Array.forEach (<anonymous>)

    console.log
      [HandyTreeView] buildFullItemsMap { itemsCount: 2, mapSize: 4 }

      at src/components/HandyTreeView/HandyTreeView.tsx:451:17
          at Array.forEach (<anonymous>)

    console.log
      [HandyTreeView] applyFiltering { inputCount: 2, hasFilterItems: false, showHiddenFiles: true }

      at src/components/HandyTreeView/HandyTreeView.tsx:424:17

    console.log
      [HandyTreeView] RENDER END #18 {
        internalItemsLength: 2,
        expandedItemsCount: 0,
        selectedItemsCount: 0,
        hasEmptyState: false
      }

      at HandyTreeView (src/components/HandyTreeView/HandyTreeView.tsx:1429:13)

    console.log
      [HandyTreeView] renderTreeItems [xstrynmox] { itemsCount: 2, level: 0, renderId: 18 }

      at src/components/HandyTreeView/HandyTreeView.tsx:1236:17

    console.log
      [HandyTreeView] renderTreeItems [xstrynmox] completed { itemsCount: 2, level: 0, resultCount: 2 }

      at src/components/HandyTreeView/HandyTreeView.tsx:1330:17

    console.log
      [useLazyLoading] useEffect recreate data source { hasRef: true, configEnabled: false }

      at src/hooks/useLazyLoading.ts:222:13

    console.log
      [useLazyLoading] Recreating LazyLoadingDataSource

      at src/hooks/useLazyLoading.ts:228:15

    console.log
      [useLazyLoading] Setting up polling interval

      at src/hooks/useLazyLoading.ts:285:13

    console.log
      [HandyTreeView] useEffect items sync {
        hasDataSource: false,
        itemsLength: 2,
        filteredItemsLength: 2,
        internalItemsLength: 2
      }

      at src/components/HandyTreeView/HandyTreeView.tsx:496:15

    console.log
      [HandyTreeView] Syncing filtered items to internalItems

      at src/components/HandyTreeView/HandyTreeView.tsx:513:21

    console.log
      [HandyTreeView] useEffect fetch root items {
        hasDataSource: false,
        configEnabled: undefined,
        internalItemsLength: 2,
        itemsLength: 2,
        hasFetched: false
      }

      at src/components/HandyTreeView/HandyTreeView.tsx:549:15

    console.log
      [HandyTreeView] Skipping fetch - no dataSource or not enabled

      at src/components/HandyTreeView/HandyTreeView.tsx:559:17

    console.log
      [HandyTreeView] useEffect updateSelectionItems { internalItemsLength: 2 }

      at src/components/HandyTreeView/HandyTreeView.tsx:658:15

    console.log
      [useLazyLoading] Cleaning up polling interval

      at src/hooks/useLazyLoading.ts:293:15
          at Array.forEach (<anonymous>)

    console.log
      [HandyTreeView] RENDER START #19 {
        hasDataSource: false,
        itemsCount: 2,
        hasLazyLoading: false,
        timestamp: 1769005691982
      }

      at HandyTreeView (src/components/HandyTreeView/HandyTreeView.tsx:232:13)

    console.log
      [HandyTreeView] useMemo lazyLoadingConfig { hasDataSource: false, hasLazyLoading: false }

      at src/components/HandyTreeView/HandyTreeView.tsx:306:15

    console.log
      [HandyTreeView] Calling useLazyLoading {
        hasDataSource: false,
        hasConfig: false,
        dataSourceType: 'none',
        dataSourceKeys: []
      }

      at HandyTreeView (src/components/HandyTreeView/HandyTreeView.tsx:321:13)

    console.log
      [useLazyLoading] HOOK CALLED {
        hasDataSource: true,
        configEnabled: false,
        configKeys: [ 'enabled' ]
      }

      at useLazyLoading (src/hooks/useLazyLoading.ts:195:11)

    console.log
      [useLazyLoading] Creating new LazyLoadingDataSource

      at useLazyLoading (src/hooks/useLazyLoading.ts:213:13)

    console.log
      [HandyTreeView] useLazyLoading returned { hasDataSource: true, isLoading: false, stateCacheSize: 0 }

      at HandyTreeView (src/components/HandyTreeView/HandyTreeView.tsx:338:13)

    console.log
      [HandyTreeView] buildFullItemsMap { itemsCount: 2, mapSize: 0 }

      at src/components/HandyTreeView/HandyTreeView.tsx:451:17

    console.log
      [HandyTreeView] buildFullItemsMap { itemsCount: 2, mapSize: 1 }

      at src/components/HandyTreeView/HandyTreeView.tsx:451:17
          at Array.forEach (<anonymous>)

    console.log
      [HandyTreeView] buildFullItemsMap { itemsCount: 2, mapSize: 4 }

      at src/components/HandyTreeView/HandyTreeView.tsx:451:17
          at Array.forEach (<anonymous>)

    console.log
      [HandyTreeView] applyFiltering { inputCount: 2, hasFilterItems: false, showHiddenFiles: true }

      at src/components/HandyTreeView/HandyTreeView.tsx:424:17

    console.log
      [HandyTreeView] RENDER END #19 {
        internalItemsLength: 2,
        expandedItemsCount: 0,
        selectedItemsCount: 0,
        hasEmptyState: false
      }

      at HandyTreeView (src/components/HandyTreeView/HandyTreeView.tsx:1429:13)

    console.log
      [HandyTreeView] renderTreeItems [jvini2qcl] { itemsCount: 2, level: 0, renderId: 19 }

      at src/components/HandyTreeView/HandyTreeView.tsx:1236:17

    console.log
      [HandyTreeView] renderTreeItems [jvini2qcl] completed { itemsCount: 2, level: 0, resultCount: 2 }

      at src/components/HandyTreeView/HandyTreeView.tsx:1330:17

    console.log
      [useLazyLoading] useEffect recreate data source { hasRef: true, configEnabled: false }

      at src/hooks/useLazyLoading.ts:222:13

    console.log
      [useLazyLoading] Recreating LazyLoadingDataSource

      at src/hooks/useLazyLoading.ts:228:15

    console.log
      [useLazyLoading] Setting up polling interval

      at src/hooks/useLazyLoading.ts:285:13

    console.log
      [HandyTreeView] useEffect items sync {
        hasDataSource: false,
        itemsLength: 2,
        filteredItemsLength: 2,
        internalItemsLength: 2
      }

      at src/components/HandyTreeView/HandyTreeView.tsx:496:15

    console.log
      [HandyTreeView] Syncing filtered items to internalItems

      at src/components/HandyTreeView/HandyTreeView.tsx:513:21

    console.log
      [HandyTreeView] useEffect fetch root items {
        hasDataSource: false,
        configEnabled: undefined,
        internalItemsLength: 2,
        itemsLength: 2,
        hasFetched: false
      }

      at src/components/HandyTreeView/HandyTreeView.tsx:549:15

    console.log
      [HandyTreeView] Skipping fetch - no dataSource or not enabled

      at src/components/HandyTreeView/HandyTreeView.tsx:559:17

    console.log
      [HandyTreeView] useEffect updateSelectionItems { internalItemsLength: 2 }

      at src/components/HandyTreeView/HandyTreeView.tsx:658:15

    console.log
      [useLazyLoading] Cleaning up polling interval

      at src/hooks/useLazyLoading.ts:293:15
          at Array.forEach (<anonymous>)

FAIL __tests__/HandyTreeView.features.test.tsx (25.491 s)
  ΓùÅ Console

    console.log
      [HandyTreeView] RENDER START #1 {
        hasDataSource: false,
        itemsCount: 2,
        hasLazyLoading: false,
        timestamp: 1769005690069
      }

      at HandyTreeView (src/components/HandyTreeView/HandyTreeView.tsx:232:13)

    console.log
      [HandyTreeView] useMemo lazyLoadingConfig { hasDataSource: false, hasLazyLoading: false }

      at src/components/HandyTreeView/HandyTreeView.tsx:306:15

    console.log
      [HandyTreeView] Calling useLazyLoading {
        hasDataSource: false,
        hasConfig: false,
        dataSourceType: 'none',
        dataSourceKeys: []
      }

      at HandyTreeView (src/components/HandyTreeView/HandyTreeView.tsx:321:13)

    console.log
      [useLazyLoading] HOOK CALLED {
        hasDataSource: true,
        configEnabled: false,
        configKeys: [ 'enabled' ]
      }

      at useLazyLoading (src/hooks/useLazyLoading.ts:195:11)

    console.log
      [useLazyLoading] Creating new LazyLoadingDataSource

      at useLazyLoading (src/hooks/useLazyLoading.ts:213:13)

    console.log
      [HandyTreeView] useLazyLoading returned { hasDataSource: true, isLoading: false, stateCacheSize: 0 }

      at HandyTreeView (src/components/HandyTreeView/HandyTreeView.tsx:338:13)

    console.log
      [HandyTreeView] buildFullItemsMap { itemsCount: 2, mapSize: 0 }

      at src/components/HandyTreeView/HandyTreeView.tsx:451:17

    console.log
      [HandyTreeView] buildFullItemsMap { itemsCount: 2, mapSize: 1 }

      at src/components/HandyTreeView/HandyTreeView.tsx:451:17
          at Array.forEach (<anonymous>)

    console.log
      [HandyTreeView] buildFullItemsMap { itemsCount: 1, mapSize: 4 }

      at src/components/HandyTreeView/HandyTreeView.tsx:451:17
          at Array.forEach (<anonymous>)

    console.log
      [HandyTreeView] applyFiltering { inputCount: 2, hasFilterItems: true, showHiddenFiles: true }

      at src/components/HandyTreeView/HandyTreeView.tsx:424:17

    console.log
      [HandyTreeView] RENDER END #1 {
        internalItemsLength: 2,
        expandedItemsCount: 0,
        selectedItemsCount: 0,
        hasEmptyState: false
      }

      at HandyTreeView (src/components/HandyTreeView/HandyTreeView.tsx:1429:13)

    console.log
      [HandyTreeView] renderTreeItems [rb4u53hz9] { itemsCount: 2, level: 0, renderId: 1 }

      at src/components/HandyTreeView/HandyTreeView.tsx:1236:17

    console.log
      [HandyTreeView] renderTreeItems [rb4u53hz9] completed { itemsCount: 2, level: 0, resultCount: 2 }

      at src/components/HandyTreeView/HandyTreeView.tsx:1330:17

    console.log
      [useLazyLoading] useEffect recreate data source { hasRef: true, configEnabled: false }

      at src/hooks/useLazyLoading.ts:222:13

    console.log
      [useLazyLoading] Recreating LazyLoadingDataSource

      at src/hooks/useLazyLoading.ts:228:15

    console.log
      [useLazyLoading] Setting up polling interval

      at src/hooks/useLazyLoading.ts:285:13

    console.log
      [HandyTreeView] useEffect items sync {
        hasDataSource: false,
        itemsLength: 2,
        filteredItemsLength: 1,
        internalItemsLength: 2
      }

      at src/components/HandyTreeView/HandyTreeView.tsx:496:15

    console.log
      [HandyTreeView] Syncing filtered items to internalItems

      at src/components/HandyTreeView/HandyTreeView.tsx:513:21

    console.log
      [HandyTreeView] useEffect fetch root items {
        hasDataSource: false,
        configEnabled: undefined,
        internalItemsLength: 2,
        itemsLength: 2,
        hasFetched: false
      }

      at src/components/HandyTreeView/HandyTreeView.tsx:549:15

    console.log
      [HandyTreeView] Skipping fetch - no dataSource or not enabled

      at src/components/HandyTreeView/HandyTreeView.tsx:559:17

    console.log
      [HandyTreeView] useEffect updateSelectionItems { internalItemsLength: 2 }

      at src/components/HandyTreeView/HandyTreeView.tsx:658:15

    console.log
      [HandyTreeView] RENDER START #2 {
        hasDataSource: false,
        itemsCount: 2,
        hasLazyLoading: false,
        timestamp: 1769005690195
      }

      at HandyTreeView (src/components/HandyTreeView/HandyTreeView.tsx:232:13)

    console.log
      [HandyTreeView] Calling useLazyLoading {
        hasDataSource: false,
        hasConfig: false,
        dataSourceType: 'none',
        dataSourceKeys: []
      }

      at HandyTreeView (src/components/HandyTreeView/HandyTreeView.tsx:321:13)

    console.log
      [useLazyLoading] HOOK CALLED {
        hasDataSource: true,
        configEnabled: false,
        configKeys: [ 'enabled' ]
      }

      at useLazyLoading (src/hooks/useLazyLoading.ts:195:11)

    console.log
      [HandyTreeView] useLazyLoading returned { hasDataSource: true, isLoading: false, stateCacheSize: 0 }

      at HandyTreeView (src/components/HandyTreeView/HandyTreeView.tsx:338:13)

    console.log
      [HandyTreeView] buildFullItemsMap { itemsCount: 2, mapSize: 0 }

      at src/components/HandyTreeView/HandyTreeView.tsx:451:17

    console.log
      [HandyTreeView] buildFullItemsMap { itemsCount: 2, mapSize: 1 }

      at src/components/HandyTreeView/HandyTreeView.tsx:451:17
          at Array.forEach (<anonymous>)

    console.log
      [HandyTreeView] buildFullItemsMap { itemsCount: 1, mapSize: 4 }

      at src/components/HandyTreeView/HandyTreeView.tsx:451:17
          at Array.forEach (<anonymous>)

    console.log
      [HandyTreeView] applyFiltering { inputCount: 2, hasFilterItems: true, showHiddenFiles: true }

      at src/components/HandyTreeView/HandyTreeView.tsx:424:17

    console.log
      [HandyTreeView] RENDER END #2 {
        internalItemsLength: 1,
        expandedItemsCount: 0,
        selectedItemsCount: 0,
        hasEmptyState: false
      }

      at HandyTreeView (src/components/HandyTreeView/HandyTreeView.tsx:1429:13)

    console.log
      [HandyTreeView] renderTreeItems [pl1c03ks2] { itemsCount: 1, level: 0, renderId: 2 }

      at src/components/HandyTreeView/HandyTreeView.tsx:1236:17

    console.log
      [HandyTreeView] renderTreeItems [pl1c03ks2] completed { itemsCount: 1, level: 0, resultCount: 1 }

      at src/components/HandyTreeView/HandyTreeView.tsx:1330:17

    console.log
      [useLazyLoading] useEffect recreate data source { hasRef: true, configEnabled: false }

      at src/hooks/useLazyLoading.ts:222:13

    console.log
      [useLazyLoading] Recreating LazyLoadingDataSource

      at src/hooks/useLazyLoading.ts:228:15

    console.log
      [HandyTreeView] useEffect items sync {
        hasDataSource: false,
        itemsLength: 2,
        filteredItemsLength: 1,
        internalItemsLength: 1
      }

      at src/components/HandyTreeView/HandyTreeView.tsx:496:15

    console.log
      [HandyTreeView] useEffect updateSelectionItems { internalItemsLength: 1 }

      at src/components/HandyTreeView/HandyTreeView.tsx:658:15

    console.log
      [useLazyLoading] Cleaning up polling interval

      at src/hooks/useLazyLoading.ts:293:15
          at Array.forEach (<anonymous>)

    console.log
      [HandyTreeView] RENDER START #3 {
        hasDataSource: false,
        itemsCount: 2,
        hasLazyLoading: false,
        timestamp: 1769005690258
      }

      at HandyTreeView (src/components/HandyTreeView/HandyTreeView.tsx:232:13)

    console.log
      [HandyTreeView] useMemo lazyLoadingConfig { hasDataSource: false, hasLazyLoading: false }

      at src/components/HandyTreeView/HandyTreeView.tsx:306:15

    console.log
      [HandyTreeView] Calling useLazyLoading {
        hasDataSource: false,
        hasConfig: false,
        dataSourceType: 'none',
        dataSourceKeys: []
      }

      at HandyTreeView (src/components/HandyTreeView/HandyTreeView.tsx:321:13)

    console.log
      [useLazyLoading] HOOK CALLED {
        hasDataSource: true,
        configEnabled: false,
        configKeys: [ 'enabled' ]
      }

      at useLazyLoading (src/hooks/useLazyLoading.ts:195:11)

    console.log
      [useLazyLoading] Creating new LazyLoadingDataSource

      at useLazyLoading (src/hooks/useLazyLoading.ts:213:13)

    console.log
      [HandyTreeView] useLazyLoading returned { hasDataSource: true, isLoading: false, stateCacheSize: 0 }

      at HandyTreeView (src/components/HandyTreeView/HandyTreeView.tsx:338:13)

    console.log
      [HandyTreeView] buildFullItemsMap { itemsCount: 2, mapSize: 0 }

      at src/components/HandyTreeView/HandyTreeView.tsx:451:17

    console.log
      [HandyTreeView] buildFullItemsMap { itemsCount: 2, mapSize: 1 }

      at src/components/HandyTreeView/HandyTreeView.tsx:451:17
          at Array.forEach (<anonymous>)

    console.log
      [HandyTreeView] buildFullItemsMap { itemsCount: 1, mapSize: 4 }

      at src/components/HandyTreeView/HandyTreeView.tsx:451:17
          at Array.forEach (<anonymous>)

    console.log
      [HandyTreeView] applyFiltering { inputCount: 2, hasFilterItems: true, showHiddenFiles: true }

      at src/components/HandyTreeView/HandyTreeView.tsx:424:17

    console.log
      [HandyTreeView] RENDER END #3 {
        internalItemsLength: 2,
        expandedItemsCount: 0,
        selectedItemsCount: 0,
        hasEmptyState: false
      }

      at HandyTreeView (src/components/HandyTreeView/HandyTreeView.tsx:1429:13)

    console.log
      [HandyTreeView] renderTreeItems [7nw6j747p] { itemsCount: 2, level: 0, renderId: 3 }

      at src/components/HandyTreeView/HandyTreeView.tsx:1236:17

    console.log
      [HandyTreeView] renderTreeItems [7nw6j747p] completed { itemsCount: 2, level: 0, resultCount: 2 }

      at src/components/HandyTreeView/HandyTreeView.tsx:1330:17

    console.log
      [useLazyLoading] useEffect recreate data source { hasRef: true, configEnabled: false }

      at src/hooks/useLazyLoading.ts:222:13

    console.log
      [useLazyLoading] Recreating LazyLoadingDataSource

      at src/hooks/useLazyLoading.ts:228:15

    console.log
      [useLazyLoading] Setting up polling interval

      at src/hooks/useLazyLoading.ts:285:13

    console.log
      [HandyTreeView] useEffect items sync {
        hasDataSource: false,
        itemsLength: 2,
        filteredItemsLength: 1,
        internalItemsLength: 2
      }

      at src/components/HandyTreeView/HandyTreeView.tsx:496:15

    console.log
      [HandyTreeView] Syncing filtered items to internalItems

      at src/components/HandyTreeView/HandyTreeView.tsx:513:21

    console.log
      [HandyTreeView] useEffect fetch root items {
        hasDataSource: false,
        configEnabled: undefined,
        internalItemsLength: 2,
        itemsLength: 2,
        hasFetched: false
      }

      at src/components/HandyTreeView/HandyTreeView.tsx:549:15

    console.log
      [HandyTreeView] Skipping fetch - no dataSource or not enabled

      at src/components/HandyTreeView/HandyTreeView.tsx:559:17

    console.log
      [HandyTreeView] useEffect updateSelectionItems { internalItemsLength: 2 }

      at src/components/HandyTreeView/HandyTreeView.tsx:658:15

    console.log
      [HandyTreeView] RENDER START #4 {
        hasDataSource: false,
        itemsCount: 2,
        hasLazyLoading: false,
        timestamp: 1769005690306
      }

      at HandyTreeView (src/components/HandyTreeView/HandyTreeView.tsx:232:13)

    console.log
      [HandyTreeView] Calling useLazyLoading {
        hasDataSource: false,
        hasConfig: false,
        dataSourceType: 'none',
        dataSourceKeys: []
      }

      at HandyTreeView (src/components/HandyTreeView/HandyTreeView.tsx:321:13)

    console.log
      [useLazyLoading] HOOK CALLED {
        hasDataSource: true,
        configEnabled: false,
        configKeys: [ 'enabled' ]
      }

      at useLazyLoading (src/hooks/useLazyLoading.ts:195:11)

    console.log
      [HandyTreeView] useLazyLoading returned { hasDataSource: true, isLoading: false, stateCacheSize: 0 }

      at HandyTreeView (src/components/HandyTreeView/HandyTreeView.tsx:338:13)

    console.log
      [HandyTreeView] buildFullItemsMap { itemsCount: 2, mapSize: 0 }

      at src/components/HandyTreeView/HandyTreeView.tsx:451:17

    console.log
      [HandyTreeView] buildFullItemsMap { itemsCount: 2, mapSize: 1 }

      at src/components/HandyTreeView/HandyTreeView.tsx:451:17
          at Array.forEach (<anonymous>)

    console.log
      [HandyTreeView] buildFullItemsMap { itemsCount: 1, mapSize: 4 }

      at src/components/HandyTreeView/HandyTreeView.tsx:451:17
          at Array.forEach (<anonymous>)

    console.log
      [HandyTreeView] applyFiltering { inputCount: 2, hasFilterItems: true, showHiddenFiles: true }

      at src/components/HandyTreeView/HandyTreeView.tsx:424:17

    console.log
      [HandyTreeView] RENDER END #4 {
        internalItemsLength: 1,
        expandedItemsCount: 0,
        selectedItemsCount: 0,
        hasEmptyState: false
      }

      at HandyTreeView (src/components/HandyTreeView/HandyTreeView.tsx:1429:13)

    console.log
      [HandyTreeView] renderTreeItems [q0lkarmso] { itemsCount: 1, level: 0, renderId: 4 }

      at src/components/HandyTreeView/HandyTreeView.tsx:1236:17

    console.log
      [HandyTreeView] renderTreeItems [q0lkarmso] completed { itemsCount: 1, level: 0, resultCount: 1 }

      at src/components/HandyTreeView/HandyTreeView.tsx:1330:17

    console.log
      [useLazyLoading] useEffect recreate data source { hasRef: true, configEnabled: false }

      at src/hooks/useLazyLoading.ts:222:13

    console.log
      [useLazyLoading] Recreating LazyLoadingDataSource

      at src/hooks/useLazyLoading.ts:228:15

    console.log
      [HandyTreeView] useEffect items sync {
        hasDataSource: false,
        itemsLength: 2,
        filteredItemsLength: 1,
        internalItemsLength: 1
      }

      at src/components/HandyTreeView/HandyTreeView.tsx:496:15

    console.log
      [HandyTreeView] useEffect updateSelectionItems { internalItemsLength: 1 }

      at src/components/HandyTreeView/HandyTreeView.tsx:658:15

    console.log
      [HandyTreeView] RENDER START #5 {
        hasDataSource: false,
        itemsCount: 2,
        hasLazyLoading: false,
        timestamp: 1769005690333
      }

      at HandyTreeView (src/components/HandyTreeView/HandyTreeView.tsx:232:13)

    console.log
      [HandyTreeView] Calling useLazyLoading {
        hasDataSource: false,
        hasConfig: false,
        dataSourceType: 'none',
        dataSourceKeys: []
      }

      at HandyTreeView (src/components/HandyTreeView/HandyTreeView.tsx:321:13)

    console.log
      [useLazyLoading] HOOK CALLED {
        hasDataSource: true,
        configEnabled: false,
        configKeys: [ 'enabled' ]
      }

      at useLazyLoading (src/hooks/useLazyLoading.ts:195:11)

    console.log
      [HandyTreeView] useLazyLoading returned { hasDataSource: true, isLoading: false, stateCacheSize: 0 }

      at HandyTreeView (src/components/HandyTreeView/HandyTreeView.tsx:338:13)

    console.log
      [HandyTreeView] buildFullItemsMap { itemsCount: 2, mapSize: 0 }

      at src/components/HandyTreeView/HandyTreeView.tsx:451:17

    console.log
      [HandyTreeView] buildFullItemsMap { itemsCount: 2, mapSize: 1 }

      at src/components/HandyTreeView/HandyTreeView.tsx:451:17
          at Array.forEach (<anonymous>)

    console.log
      [HandyTreeView] buildFullItemsMap { itemsCount: 1, mapSize: 4 }

      at src/components/HandyTreeView/HandyTreeView.tsx:451:17
          at Array.forEach (<anonymous>)

    console.log
      [HandyTreeView] applyFiltering { inputCount: 2, hasFilterItems: true, showHiddenFiles: true }

      at src/components/HandyTreeView/HandyTreeView.tsx:424:17

    console.log
      [HandyTreeView] RENDER END #5 {
        internalItemsLength: 1,
        expandedItemsCount: 1,
        selectedItemsCount: 0,
        hasEmptyState: false
      }

      at HandyTreeView (src/components/HandyTreeView/HandyTreeView.tsx:1429:13)

    console.log
      [HandyTreeView] renderTreeItems [8nfjro8ug] { itemsCount: 1, level: 0, renderId: 5 }

      at src/components/HandyTreeView/HandyTreeView.tsx:1236:17

    console.log
      [HandyTreeView] Rendering children for item 1 { childrenCount: 1, level: 1, renderId: 5 }

      at src/components/HandyTreeView/HandyTreeView.tsx:1318:29
          at Array.map (<anonymous>)

    console.log
      [HandyTreeView] renderTreeItems [7qqwskap6] { itemsCount: 1, level: 1, renderId: 5 }

      at src/components/HandyTreeView/HandyTreeView.tsx:1236:17
          at Array.map (<anonymous>)

    console.log
      [HandyTreeView] renderTreeItems [7qqwskap6] completed { itemsCount: 1, level: 1, resultCount: 1 }

      at src/components/HandyTreeView/HandyTreeView.tsx:1330:17
          at Array.map (<anonymous>)

    console.log
      [HandyTreeView] renderTreeItems [8nfjro8ug] completed { itemsCount: 1, level: 0, resultCount: 1 }

      at src/components/HandyTreeView/HandyTreeView.tsx:1330:17

    console.log
      [useLazyLoading] useEffect recreate data source { hasRef: true, configEnabled: false }

      at src/hooks/useLazyLoading.ts:222:13

    console.log
      [useLazyLoading] Recreating LazyLoadingDataSource

      at src/hooks/useLazyLoading.ts:228:15

    console.log
      [HandyTreeView] useEffect items sync {
        hasDataSource: false,
        itemsLength: 2,
        filteredItemsLength: 1,
        internalItemsLength: 1
      }

      at src/components/HandyTreeView/HandyTreeView.tsx:496:15

    console.log
      [useLazyLoading] Cleaning up polling interval

      at src/hooks/useLazyLoading.ts:293:15
          at Array.forEach (<anonymous>)

    console.log
      [HandyTreeView] RENDER START #6 {
        hasDataSource: false,
        itemsCount: 2,
        hasLazyLoading: false,
        timestamp: 1769005690376
      }

      at HandyTreeView (src/components/HandyTreeView/HandyTreeView.tsx:232:13)

    console.log
      [HandyTreeView] useMemo lazyLoadingConfig { hasDataSource: false, hasLazyLoading: false }

      at src/components/HandyTreeView/HandyTreeView.tsx:306:15

    console.log
      [HandyTreeView] Calling useLazyLoading {
        hasDataSource: false,
        hasConfig: false,
        dataSourceType: 'none',
        dataSourceKeys: []
      }

      at HandyTreeView (src/components/HandyTreeView/HandyTreeView.tsx:321:13)

    console.log
      [useLazyLoading] HOOK CALLED {
        hasDataSource: true,
        configEnabled: false,
        configKeys: [ 'enabled' ]
      }

      at useLazyLoading (src/hooks/useLazyLoading.ts:195:11)

    console.log
      [useLazyLoading] Creating new LazyLoadingDataSource

      at useLazyLoading (src/hooks/useLazyLoading.ts:213:13)

    console.log
      [HandyTreeView] useLazyLoading returned { hasDataSource: true, isLoading: false, stateCacheSize: 0 }

      at HandyTreeView (src/components/HandyTreeView/HandyTreeView.tsx:338:13)

    console.log
      [HandyTreeView] buildFullItemsMap { itemsCount: 2, mapSize: 0 }

      at src/components/HandyTreeView/HandyTreeView.tsx:451:17

    console.log
      [HandyTreeView] buildFullItemsMap { itemsCount: 2, mapSize: 1 }

      at src/components/HandyTreeView/HandyTreeView.tsx:451:17
          at Array.forEach (<anonymous>)

    console.log
      [HandyTreeView] buildFullItemsMap { itemsCount: 1, mapSize: 4 }

      at src/components/HandyTreeView/HandyTreeView.tsx:451:17
          at Array.forEach (<anonymous>)

    console.log
      [HandyTreeView] applyFiltering { inputCount: 2, hasFilterItems: true, showHiddenFiles: true }

      at src/components/HandyTreeView/HandyTreeView.tsx:424:17

    console.log
      [HandyTreeView] RENDER END #6 {
        internalItemsLength: 2,
        expandedItemsCount: 0,
        selectedItemsCount: 0,
        hasEmptyState: false
      }

      at HandyTreeView (src/components/HandyTreeView/HandyTreeView.tsx:1429:13)

    console.log
      [HandyTreeView] renderTreeItems [8i6vt7gju] { itemsCount: 2, level: 0, renderId: 6 }

      at src/components/HandyTreeView/HandyTreeView.tsx:1236:17

    console.log
      [HandyTreeView] renderTreeItems [8i6vt7gju] completed { itemsCount: 2, level: 0, resultCount: 2 }

      at src/components/HandyTreeView/HandyTreeView.tsx:1330:17

    console.log
      [useLazyLoading] useEffect recreate data source { hasRef: true, configEnabled: false }

      at src/hooks/useLazyLoading.ts:222:13

    console.log
      [useLazyLoading] Recreating LazyLoadingDataSource

      at src/hooks/useLazyLoading.ts:228:15

    console.log
      [useLazyLoading] Setting up polling interval

      at src/hooks/useLazyLoading.ts:285:13

    console.log
      [HandyTreeView] useEffect items sync {
        hasDataSource: false,
        itemsLength: 2,
        filteredItemsLength: 0,
        internalItemsLength: 2
      }

      at src/components/HandyTreeView/HandyTreeView.tsx:496:15

    console.log
      [HandyTreeView] Force clearing internalItems (all items filtered out)

      at src/components/HandyTreeView/HandyTreeView.tsx:532:19

    console.log
      [HandyTreeView] useEffect fetch root items {
        hasDataSource: false,
        configEnabled: undefined,
        internalItemsLength: 2,
        itemsLength: 2,
        hasFetched: false
      }

      at src/components/HandyTreeView/HandyTreeView.tsx:549:15

    console.log
      [HandyTreeView] Skipping fetch - no dataSource or not enabled

      at src/components/HandyTreeView/HandyTreeView.tsx:559:17

    console.log
      [HandyTreeView] useEffect updateSelectionItems { internalItemsLength: 2 }

      at src/components/HandyTreeView/HandyTreeView.tsx:658:15

    console.log
      [HandyTreeView] RENDER START #7 {
        hasDataSource: false,
        itemsCount: 2,
        hasLazyLoading: false,
        timestamp: 1769005690423
      }

      at HandyTreeView (src/components/HandyTreeView/HandyTreeView.tsx:232:13)

    console.log
      [HandyTreeView] Calling useLazyLoading {
        hasDataSource: false,
        hasConfig: false,
        dataSourceType: 'none',
        dataSourceKeys: []
      }

      at HandyTreeView (src/components/HandyTreeView/HandyTreeView.tsx:321:13)

    console.log
      [useLazyLoading] HOOK CALLED {
        hasDataSource: true,
        configEnabled: false,
        configKeys: [ 'enabled' ]
      }

      at useLazyLoading (src/hooks/useLazyLoading.ts:195:11)

    console.log
      [HandyTreeView] useLazyLoading returned { hasDataSource: true, isLoading: false, stateCacheSize: 0 }

      at HandyTreeView (src/components/HandyTreeView/HandyTreeView.tsx:338:13)

    console.log
      [HandyTreeView] buildFullItemsMap { itemsCount: 2, mapSize: 0 }

      at src/components/HandyTreeView/HandyTreeView.tsx:451:17

    console.log
      [HandyTreeView] buildFullItemsMap { itemsCount: 2, mapSize: 1 }

      at src/components/HandyTreeView/HandyTreeView.tsx:451:17
          at Array.forEach (<anonymous>)

    console.log
      [HandyTreeView] buildFullItemsMap { itemsCount: 1, mapSize: 4 }

      at src/components/HandyTreeView/HandyTreeView.tsx:451:17
          at Array.forEach (<anonymous>)

    console.log
      [HandyTreeView] applyFiltering { inputCount: 2, hasFilterItems: true, showHiddenFiles: true }

      at src/components/HandyTreeView/HandyTreeView.tsx:424:17

    console.log
      [HandyTreeView] RENDER END #7 {
        internalItemsLength: 0,
        expandedItemsCount: 0,
        selectedItemsCount: 0,
        hasEmptyState: true
      }

      at HandyTreeView (src/components/HandyTreeView/HandyTreeView.tsx:1429:13)

    console.log
      [useLazyLoading] useEffect recreate data source { hasRef: true, configEnabled: false }

      at src/hooks/useLazyLoading.ts:222:13

    console.log
      [useLazyLoading] Recreating LazyLoadingDataSource

      at src/hooks/useLazyLoading.ts:228:15

    console.log
      [HandyTreeView] useEffect items sync {
        hasDataSource: false,
        itemsLength: 2,
        filteredItemsLength: 0,
        internalItemsLength: 0
      }

      at src/components/HandyTreeView/HandyTreeView.tsx:496:15

    console.log
      [HandyTreeView] useEffect updateSelectionItems { internalItemsLength: 0 }

      at src/components/HandyTreeView/HandyTreeView.tsx:658:15

    console.log
      [useLazyLoading] Cleaning up polling interval

      at src/hooks/useLazyLoading.ts:293:15
          at Array.forEach (<anonymous>)

    console.log
      [HandyTreeView] RENDER START #8 {
        hasDataSource: false,
        itemsCount: 2,
        hasLazyLoading: false,
        timestamp: 1769005690487
      }

      at HandyTreeView (src/components/HandyTreeView/HandyTreeView.tsx:232:13)

    console.log
      [HandyTreeView] useMemo lazyLoadingConfig { hasDataSource: false, hasLazyLoading: false }

      at src/components/HandyTreeView/HandyTreeView.tsx:306:15

    console.log
      [HandyTreeView] Calling useLazyLoading {
        hasDataSource: false,
        hasConfig: false,
        dataSourceType: 'none',
        dataSourceKeys: []
      }

      at HandyTreeView (src/components/HandyTreeView/HandyTreeView.tsx:321:13)

    console.log
      [useLazyLoading] HOOK CALLED {
        hasDataSource: true,
        configEnabled: false,
        configKeys: [ 'enabled' ]
      }

      at useLazyLoading (src/hooks/useLazyLoading.ts:195:11)

    console.log
      [useLazyLoading] Creating new LazyLoadingDataSource

      at useLazyLoading (src/hooks/useLazyLoading.ts:213:13)

    console.log
      [HandyTreeView] useLazyLoading returned { hasDataSource: true, isLoading: false, stateCacheSize: 0 }

      at HandyTreeView (src/components/HandyTreeView/HandyTreeView.tsx:338:13)

    console.log
      [HandyTreeView] buildFullItemsMap { itemsCount: 2, mapSize: 0 }

      at src/components/HandyTreeView/HandyTreeView.tsx:451:17

    console.log
      [HandyTreeView] buildFullItemsMap { itemsCount: 3, mapSize: 1 }

      at src/components/HandyTreeView/HandyTreeView.tsx:451:17
          at Array.forEach (<anonymous>)

    console.log
      [HandyTreeView] buildFullItemsMap { itemsCount: 1, mapSize: 5 }

      at src/components/HandyTreeView/HandyTreeView.tsx:451:17
          at Array.forEach (<anonymous>)

    console.log
      [HandyTreeView] applyFiltering { inputCount: 2, hasFilterItems: false, showHiddenFiles: false }

      at src/components/HandyTreeView/HandyTreeView.tsx:424:17

    console.log
      [HandyTreeView] RENDER END #8 {
        internalItemsLength: 2,
        expandedItemsCount: 0,
        selectedItemsCount: 0,
        hasEmptyState: false
      }

      at HandyTreeView (src/components/HandyTreeView/HandyTreeView.tsx:1429:13)

    console.log
      [HandyTreeView] renderTreeItems [1pdkq0ai8] { itemsCount: 2, level: 0, renderId: 8 }

      at src/components/HandyTreeView/HandyTreeView.tsx:1236:17

    console.log
      [HandyTreeView] renderTreeItems [1pdkq0ai8] completed { itemsCount: 2, level: 0, resultCount: 2 }

      at src/components/HandyTreeView/HandyTreeView.tsx:1330:17

    console.log
      [useLazyLoading] useEffect recreate data source { hasRef: true, configEnabled: false }

      at src/hooks/useLazyLoading.ts:222:13

    console.log
      [useLazyLoading] Recreating LazyLoadingDataSource

      at src/hooks/useLazyLoading.ts:228:15

    console.log
      [useLazyLoading] Setting up polling interval

      at src/hooks/useLazyLoading.ts:285:13

    console.log
      [HandyTreeView] useEffect items sync {
        hasDataSource: false,
        itemsLength: 2,
        filteredItemsLength: 1,
        internalItemsLength: 2
      }

      at src/components/HandyTreeView/HandyTreeView.tsx:496:15

    console.log
      [HandyTreeView] Syncing filtered items to internalItems

      at src/components/HandyTreeView/HandyTreeView.tsx:513:21

    console.log
      [HandyTreeView] useEffect fetch root items {
        hasDataSource: false,
        configEnabled: undefined,
        internalItemsLength: 2,
        itemsLength: 2,
        hasFetched: false
      }

      at src/components/HandyTreeView/HandyTreeView.tsx:549:15

    console.log
      [HandyTreeView] Skipping fetch - no dataSource or not enabled

      at src/components/HandyTreeView/HandyTreeView.tsx:559:17

    console.log
      [HandyTreeView] useEffect updateSelectionItems { internalItemsLength: 2 }

      at src/components/HandyTreeView/HandyTreeView.tsx:658:15

    console.log
      [HandyTreeView] RENDER START #9 {
        hasDataSource: false,
        itemsCount: 2,
        hasLazyLoading: false,
        timestamp: 1769005690552
      }

      at HandyTreeView (src/components/HandyTreeView/HandyTreeView.tsx:232:13)

    console.log
      [HandyTreeView] Calling useLazyLoading {
        hasDataSource: false,
        hasConfig: false,
        dataSourceType: 'none',
        dataSourceKeys: []
      }

      at HandyTreeView (src/components/HandyTreeView/HandyTreeView.tsx:321:13)

    console.log
      [useLazyLoading] HOOK CALLED {
        hasDataSource: true,
        configEnabled: false,
        configKeys: [ 'enabled' ]
      }

      at useLazyLoading (src/hooks/useLazyLoading.ts:195:11)

    console.log
      [HandyTreeView] useLazyLoading returned { hasDataSource: true, isLoading: false, stateCacheSize: 0 }

      at HandyTreeView (src/components/HandyTreeView/HandyTreeView.tsx:338:13)

    console.log
      [HandyTreeView] buildFullItemsMap { itemsCount: 2, mapSize: 0 }

      at src/components/HandyTreeView/HandyTreeView.tsx:451:17

    console.log
      [HandyTreeView] buildFullItemsMap { itemsCount: 3, mapSize: 1 }

      at src/components/HandyTreeView/HandyTreeView.tsx:451:17
          at Array.forEach (<anonymous>)

    console.log
      [HandyTreeView] buildFullItemsMap { itemsCount: 1, mapSize: 5 }

      at src/components/HandyTreeView/HandyTreeView.tsx:451:17
          at Array.forEach (<anonymous>)

    console.log
      [HandyTreeView] applyFiltering { inputCount: 2, hasFilterItems: false, showHiddenFiles: false }

      at src/components/HandyTreeView/HandyTreeView.tsx:424:17

    console.log
      [HandyTreeView] RENDER END #9 {
        internalItemsLength: 1,
        expandedItemsCount: 0,
        selectedItemsCount: 0,
        hasEmptyState: false
      }

      at HandyTreeView (src/components/HandyTreeView/HandyTreeView.tsx:1429:13)

    console.log
      [HandyTreeView] renderTreeItems [z25jvthvl] { itemsCount: 1, level: 0, renderId: 9 }

      at src/components/HandyTreeView/HandyTreeView.tsx:1236:17

    console.log
      [HandyTreeView] renderTreeItems [z25jvthvl] completed { itemsCount: 1, level: 0, resultCount: 1 }

      at src/components/HandyTreeView/HandyTreeView.tsx:1330:17

    console.log
      [useLazyLoading] useEffect recreate data source { hasRef: true, configEnabled: false }

      at src/hooks/useLazyLoading.ts:222:13

    console.log
      [useLazyLoading] Recreating LazyLoadingDataSource

      at src/hooks/useLazyLoading.ts:228:15

    console.log
      [HandyTreeView] useEffect items sync {
        hasDataSource: false,
        itemsLength: 2,
        filteredItemsLength: 1,
        internalItemsLength: 1
      }

      at src/components/HandyTreeView/HandyTreeView.tsx:496:15

    console.log
      [HandyTreeView] useEffect updateSelectionItems { internalItemsLength: 1 }

      at src/components/HandyTreeView/HandyTreeView.tsx:658:15

    console.log
      [HandyTreeView] RENDER START #10 {
        hasDataSource: false,
        itemsCount: 2,
        hasLazyLoading: false,
        timestamp: 1769005690573
      }

      at HandyTreeView (src/components/HandyTreeView/HandyTreeView.tsx:232:13)

    console.log
      [HandyTreeView] Calling useLazyLoading {
        hasDataSource: false,
        hasConfig: false,
        dataSourceType: 'none',
        dataSourceKeys: []
      }

      at HandyTreeView (src/components/HandyTreeView/HandyTreeView.tsx:321:13)

    console.log
      [useLazyLoading] HOOK CALLED {
        hasDataSource: true,
        configEnabled: false,
        configKeys: [ 'enabled' ]
      }

      at useLazyLoading (src/hooks/useLazyLoading.ts:195:11)

    console.log
      [HandyTreeView] useLazyLoading returned { hasDataSource: true, isLoading: false, stateCacheSize: 0 }

      at HandyTreeView (src/components/HandyTreeView/HandyTreeView.tsx:338:13)

    console.log
      [HandyTreeView] buildFullItemsMap { itemsCount: 2, mapSize: 0 }

      at src/components/HandyTreeView/HandyTreeView.tsx:451:17

    console.log
      [HandyTreeView] buildFullItemsMap { itemsCount: 3, mapSize: 1 }

      at src/components/HandyTreeView/HandyTreeView.tsx:451:17
          at Array.forEach (<anonymous>)

    console.log
      [HandyTreeView] buildFullItemsMap { itemsCount: 1, mapSize: 5 }

      at src/components/HandyTreeView/HandyTreeView.tsx:451:17
          at Array.forEach (<anonymous>)

    console.log
      [HandyTreeView] applyFiltering { inputCount: 2, hasFilterItems: false, showHiddenFiles: false }

      at src/components/HandyTreeView/HandyTreeView.tsx:424:17

    console.log
      [HandyTreeView] RENDER END #10 {
        internalItemsLength: 1,
        expandedItemsCount: 1,
        selectedItemsCount: 0,
        hasEmptyState: false
      }

      at HandyTreeView (src/components/HandyTreeView/HandyTreeView.tsx:1429:13)

    console.log
      [HandyTreeView] renderTreeItems [orpevweki] { itemsCount: 1, level: 0, renderId: 10 }

      at src/components/HandyTreeView/HandyTreeView.tsx:1236:17

    console.log
      [HandyTreeView] Rendering children for item 1 { childrenCount: 2, level: 1, renderId: 10 }

      at src/components/HandyTreeView/HandyTreeView.tsx:1318:29
          at Array.map (<anonymous>)

    console.log
      [HandyTreeView] renderTreeItems [5s3wo8u84] { itemsCount: 2, level: 1, renderId: 10 }

      at src/components/HandyTreeView/HandyTreeView.tsx:1236:17
          at Array.map (<anonymous>)

    console.log
      [HandyTreeView] renderTreeItems [5s3wo8u84] completed { itemsCount: 2, level: 1, resultCount: 2 }

      at src/components/HandyTreeView/HandyTreeView.tsx:1330:17
          at Array.map (<anonymous>)

    console.log
      [HandyTreeView] renderTreeItems [orpevweki] completed { itemsCount: 1, level: 0, resultCount: 1 }

      at src/components/HandyTreeView/HandyTreeView.tsx:1330:17

    console.log
      [useLazyLoading] useEffect recreate data source { hasRef: true, configEnabled: false }

      at src/hooks/useLazyLoading.ts:222:13

    console.log
      [useLazyLoading] Recreating LazyLoadingDataSource

      at src/hooks/useLazyLoading.ts:228:15

    console.log
      [HandyTreeView] useEffect items sync {
        hasDataSource: false,
        itemsLength: 2,
        filteredItemsLength: 1,
        internalItemsLength: 1
      }

      at src/components/HandyTreeView/HandyTreeView.tsx:496:15

    console.log
      [useLazyLoading] Cleaning up polling interval

      at src/hooks/useLazyLoading.ts:293:15
          at Array.forEach (<anonymous>)

    console.log
      [HandyTreeView] RENDER START #11 {
        hasDataSource: false,
        itemsCount: 2,
        hasLazyLoading: false,
        timestamp: 1769005690633
      }

      at HandyTreeView (src/components/HandyTreeView/HandyTreeView.tsx:232:13)

    console.log
      [HandyTreeView] useMemo lazyLoadingConfig { hasDataSource: false, hasLazyLoading: false }

      at src/components/HandyTreeView/HandyTreeView.tsx:306:15

    console.log
      [HandyTreeView] Calling useLazyLoading {
        hasDataSource: false,
        hasConfig: false,
        dataSourceType: 'none',
        dataSourceKeys: []
      }

      at HandyTreeView (src/components/HandyTreeView/HandyTreeView.tsx:321:13)

    console.log
      [useLazyLoading] HOOK CALLED {
        hasDataSource: true,
        configEnabled: false,
        configKeys: [ 'enabled' ]
      }

      at useLazyLoading (src/hooks/useLazyLoading.ts:195:11)

    console.log
      [useLazyLoading] Creating new LazyLoadingDataSource

      at useLazyLoading (src/hooks/useLazyLoading.ts:213:13)

    console.log
      [HandyTreeView] useLazyLoading returned { hasDataSource: true, isLoading: false, stateCacheSize: 0 }

      at HandyTreeView (src/components/HandyTreeView/HandyTreeView.tsx:338:13)

    console.log
      [HandyTreeView] buildFullItemsMap { itemsCount: 2, mapSize: 0 }

      at src/components/HandyTreeView/HandyTreeView.tsx:451:17

    console.log
      [HandyTreeView] buildFullItemsMap { itemsCount: 3, mapSize: 1 }

      at src/components/HandyTreeView/HandyTreeView.tsx:451:17
          at Array.forEach (<anonymous>)

    console.log
      [HandyTreeView] buildFullItemsMap { itemsCount: 1, mapSize: 5 }

      at src/components/HandyTreeView/HandyTreeView.tsx:451:17
          at Array.forEach (<anonymous>)

    console.log
      [HandyTreeView] applyFiltering { inputCount: 2, hasFilterItems: false, showHiddenFiles: true }

      at src/components/HandyTreeView/HandyTreeView.tsx:424:17

    console.log
      [HandyTreeView] RENDER END #11 {
        internalItemsLength: 2,
        expandedItemsCount: 0,
        selectedItemsCount: 0,
        hasEmptyState: false
      }

      at HandyTreeView (src/components/HandyTreeView/HandyTreeView.tsx:1429:13)

    console.log
      [HandyTreeView] renderTreeItems [u2omum6wr] { itemsCount: 2, level: 0, renderId: 11 }

      at src/components/HandyTreeView/HandyTreeView.tsx:1236:17

    console.log
      [HandyTreeView] renderTreeItems [u2omum6wr] completed { itemsCount: 2, level: 0, resultCount: 2 }

      at src/components/HandyTreeView/HandyTreeView.tsx:1330:17

    console.log
      [useLazyLoading] useEffect recreate data source { hasRef: true, configEnabled: false }

      at src/hooks/useLazyLoading.ts:222:13

    console.log
      [useLazyLoading] Recreating LazyLoadingDataSource

      at src/hooks/useLazyLoading.ts:228:15

    console.log
      [useLazyLoading] Setting up polling interval

      at src/hooks/useLazyLoading.ts:285:13

    console.log
      [HandyTreeView] useEffect items sync {
        hasDataSource: false,
        itemsLength: 2,
        filteredItemsLength: 2,
        internalItemsLength: 2
      }

      at src/components/HandyTreeView/HandyTreeView.tsx:496:15

    console.log
      [HandyTreeView] Syncing filtered items to internalItems

      at src/components/HandyTreeView/HandyTreeView.tsx:513:21

    console.log
      [HandyTreeView] useEffect fetch root items {
        hasDataSource: false,
        configEnabled: undefined,
        internalItemsLength: 2,
        itemsLength: 2,
        hasFetched: false
      }

      at src/components/HandyTreeView/HandyTreeView.tsx:549:15

    console.log
      [HandyTreeView] Skipping fetch - no dataSource or not enabled

      at src/components/HandyTreeView/HandyTreeView.tsx:559:17

    console.log
      [HandyTreeView] useEffect updateSelectionItems { internalItemsLength: 2 }

      at src/components/HandyTreeView/HandyTreeView.tsx:658:15

    console.log
      [HandyTreeView] RENDER START #12 {
        hasDataSource: false,
        itemsCount: 2,
        hasLazyLoading: false,
        timestamp: 1769005690667
      }

      at HandyTreeView (src/components/HandyTreeView/HandyTreeView.tsx:232:13)

    console.log
      [HandyTreeView] Calling useLazyLoading {
        hasDataSource: false,
        hasConfig: false,
        dataSourceType: 'none',
        dataSourceKeys: []
      }

      at HandyTreeView (src/components/HandyTreeView/HandyTreeView.tsx:321:13)

    console.log
      [useLazyLoading] HOOK CALLED {
        hasDataSource: true,
        configEnabled: false,
        configKeys: [ 'enabled' ]
      }

      at useLazyLoading (src/hooks/useLazyLoading.ts:195:11)

    console.log
      [HandyTreeView] useLazyLoading returned { hasDataSource: true, isLoading: false, stateCacheSize: 0 }

      at HandyTreeView (src/components/HandyTreeView/HandyTreeView.tsx:338:13)

    console.log
      [HandyTreeView] buildFullItemsMap { itemsCount: 2, mapSize: 0 }

      at src/components/HandyTreeView/HandyTreeView.tsx:451:17

    console.log
      [HandyTreeView] buildFullItemsMap { itemsCount: 3, mapSize: 1 }

      at src/components/HandyTreeView/HandyTreeView.tsx:451:17
          at Array.forEach (<anonymous>)

    console.log
      [HandyTreeView] buildFullItemsMap { itemsCount: 1, mapSize: 5 }

      at src/components/HandyTreeView/HandyTreeView.tsx:451:17
          at Array.forEach (<anonymous>)

    console.log
      [HandyTreeView] applyFiltering { inputCount: 2, hasFilterItems: false, showHiddenFiles: true }

      at src/components/HandyTreeView/HandyTreeView.tsx:424:17

    console.log
      [HandyTreeView] RENDER END #12 {
        internalItemsLength: 2,
        expandedItemsCount: 1,
        selectedItemsCount: 0,
        hasEmptyState: false
      }

      at HandyTreeView (src/components/HandyTreeView/HandyTreeView.tsx:1429:13)

    console.log
      [HandyTreeView] renderTreeItems [pdf7156so] { itemsCount: 2, level: 0, renderId: 12 }

      at src/components/HandyTreeView/HandyTreeView.tsx:1236:17

    console.log
      [HandyTreeView] Rendering children for item 1 { childrenCount: 3, level: 1, renderId: 12 }

      at src/components/HandyTreeView/HandyTreeView.tsx:1318:29
          at Array.map (<anonymous>)

    console.log
      [HandyTreeView] renderTreeItems [n2nvrb8tn] { itemsCount: 3, level: 1, renderId: 12 }

      at src/components/HandyTreeView/HandyTreeView.tsx:1236:17
          at Array.map (<anonymous>)

    console.log
      [HandyTreeView] renderTreeItems [n2nvrb8tn] completed { itemsCount: 3, level: 1, resultCount: 3 }

      at src/components/HandyTreeView/HandyTreeView.tsx:1330:17
          at Array.map (<anonymous>)

    console.log
      [HandyTreeView] renderTreeItems [pdf7156so] completed { itemsCount: 2, level: 0, resultCount: 2 }

      at src/components/HandyTreeView/HandyTreeView.tsx:1330:17

    console.log
      [useLazyLoading] useEffect recreate data source { hasRef: true, configEnabled: false }

      at src/hooks/useLazyLoading.ts:222:13

    console.log
      [useLazyLoading] Recreating LazyLoadingDataSource

      at src/hooks/useLazyLoading.ts:228:15

    console.log
      [HandyTreeView] useEffect items sync {
        hasDataSource: false,
        itemsLength: 2,
        filteredItemsLength: 2,
        internalItemsLength: 2
      }

      at src/components/HandyTreeView/HandyTreeView.tsx:496:15

    console.log
      [HandyTreeView] RENDER START #13 {
        hasDataSource: false,
        itemsCount: 2,
        hasLazyLoading: false,
        timestamp: 1769005690701
      }

      at HandyTreeView (src/components/HandyTreeView/HandyTreeView.tsx:232:13)

    console.log
      [HandyTreeView] Calling useLazyLoading {
        hasDataSource: false,
        hasConfig: false,
        dataSourceType: 'none',
        dataSourceKeys: []
      }

      at HandyTreeView (src/components/HandyTreeView/HandyTreeView.tsx:321:13)

    console.log
      [useLazyLoading] HOOK CALLED {
        hasDataSource: true,
        configEnabled: false,
        configKeys: [ 'enabled' ]
      }

      at useLazyLoading (src/hooks/useLazyLoading.ts:195:11)

    console.log
      [HandyTreeView] useLazyLoading returned { hasDataSource: true, isLoading: false, stateCacheSize: 0 }

      at HandyTreeView (src/components/HandyTreeView/HandyTreeView.tsx:338:13)

    console.log
      [HandyTreeView] buildFullItemsMap { itemsCount: 2, mapSize: 0 }

      at src/components/HandyTreeView/HandyTreeView.tsx:451:17

    console.log
      [HandyTreeView] buildFullItemsMap { itemsCount: 3, mapSize: 1 }

      at src/components/HandyTreeView/HandyTreeView.tsx:451:17
          at Array.forEach (<anonymous>)

    console.log
      [HandyTreeView] buildFullItemsMap { itemsCount: 1, mapSize: 5 }

      at src/components/HandyTreeView/HandyTreeView.tsx:451:17
          at Array.forEach (<anonymous>)

    console.log
      [HandyTreeView] applyFiltering { inputCount: 2, hasFilterItems: false, showHiddenFiles: true }

      at src/components/HandyTreeView/HandyTreeView.tsx:424:17

    console.log
      [HandyTreeView] RENDER END #13 {
        internalItemsLength: 2,
        expandedItemsCount: 1,
        selectedItemsCount: 0,
        hasEmptyState: false
      }

      at HandyTreeView (src/components/HandyTreeView/HandyTreeView.tsx:1429:13)

    console.log
      [HandyTreeView] renderTreeItems [x4iyqwaxy] { itemsCount: 2, level: 0, renderId: 13 }

      at src/components/HandyTreeView/HandyTreeView.tsx:1236:17

    console.log
      [HandyTreeView] Rendering children for item 1 { childrenCount: 3, level: 1, renderId: 13 }

      at src/components/HandyTreeView/HandyTreeView.tsx:1318:29
          at Array.map (<anonymous>)

    console.log
      [HandyTreeView] renderTreeItems [26xy1jy12] { itemsCount: 3, level: 1, renderId: 13 }

      at src/components/HandyTreeView/HandyTreeView.tsx:1236:17
          at Array.map (<anonymous>)

    console.log
      [HandyTreeView] renderTreeItems [26xy1jy12] completed { itemsCount: 3, level: 1, resultCount: 3 }

      at src/components/HandyTreeView/HandyTreeView.tsx:1330:17
          at Array.map (<anonymous>)

    console.log
      [HandyTreeView] renderTreeItems [x4iyqwaxy] completed { itemsCount: 2, level: 0, resultCount: 2 }

      at src/components/HandyTreeView/HandyTreeView.tsx:1330:17

    console.log
      [useLazyLoading] Cleaning up polling interval

      at src/hooks/useLazyLoading.ts:293:15
          at Array.forEach (<anonymous>)

    console.log
      [HandyTreeView] RENDER START #14 {
        hasDataSource: false,
        itemsCount: 1,
        hasLazyLoading: false,
        timestamp: 1769005690734
      }

      at HandyTreeView (src/components/HandyTreeView/HandyTreeView.tsx:232:13)

    console.log
      [HandyTreeView] useMemo lazyLoadingConfig { hasDataSource: false, hasLazyLoading: false }

      at src/components/HandyTreeView/HandyTreeView.tsx:306:15

    console.log
      [HandyTreeView] Calling useLazyLoading {
        hasDataSource: false,
        hasConfig: false,
        dataSourceType: 'none',
        dataSourceKeys: []
      }

      at HandyTreeView (src/components/HandyTreeView/HandyTreeView.tsx:321:13)

    console.log
      [useLazyLoading] HOOK CALLED {
        hasDataSource: true,
        configEnabled: false,
        configKeys: [ 'enabled' ]
      }

      at useLazyLoading (src/hooks/useLazyLoading.ts:195:11)

    console.log
      [useLazyLoading] Creating new LazyLoadingDataSource

      at useLazyLoading (src/hooks/useLazyLoading.ts:213:13)

    console.log
      [HandyTreeView] useLazyLoading returned { hasDataSource: true, isLoading: false, stateCacheSize: 0 }

      at HandyTreeView (src/components/HandyTreeView/HandyTreeView.tsx:338:13)

    console.log
      [HandyTreeView] buildFullItemsMap { itemsCount: 1, mapSize: 0 }

      at src/components/HandyTreeView/HandyTreeView.tsx:451:17

    console.log
      [HandyTreeView] buildFullItemsMap { itemsCount: 2, mapSize: 1 }

      at src/components/HandyTreeView/HandyTreeView.tsx:451:17
          at Array.forEach (<anonymous>)

    console.log
      [HandyTreeView] applyFiltering { inputCount: 1, hasFilterItems: false, showHiddenFiles: false }

      at src/components/HandyTreeView/HandyTreeView.tsx:424:17

    console.log
      [HandyTreeView] RENDER END #14 {
        internalItemsLength: 1,
        expandedItemsCount: 0,
        selectedItemsCount: 0,
        hasEmptyState: false
      }

      at HandyTreeView (src/components/HandyTreeView/HandyTreeView.tsx:1429:13)

    console.log
      [HandyTreeView] renderTreeItems [1g8i535sa] { itemsCount: 1, level: 0, renderId: 14 }

      at src/components/HandyTreeView/HandyTreeView.tsx:1236:17

    console.log
      [HandyTreeView] renderTreeItems [1g8i535sa] completed { itemsCount: 1, level: 0, resultCount: 1 }

      at src/components/HandyTreeView/HandyTreeView.tsx:1330:17

    console.log
      [useLazyLoading] useEffect recreate data source { hasRef: true, configEnabled: false }

      at src/hooks/useLazyLoading.ts:222:13

    console.log
      [useLazyLoading] Recreating LazyLoadingDataSource

      at src/hooks/useLazyLoading.ts:228:15

    console.log
      [useLazyLoading] Setting up polling interval

      at src/hooks/useLazyLoading.ts:285:13

    console.log
      [HandyTreeView] useEffect items sync {
        hasDataSource: false,
        itemsLength: 1,
        filteredItemsLength: 1,
        internalItemsLength: 1
      }

      at src/components/HandyTreeView/HandyTreeView.tsx:496:15

    console.log
      [HandyTreeView] Syncing filtered items to internalItems

      at src/components/HandyTreeView/HandyTreeView.tsx:513:21

    console.log
      [HandyTreeView] useEffect fetch root items {
        hasDataSource: false,
        configEnabled: undefined,
        internalItemsLength: 1,
        itemsLength: 1,
        hasFetched: false
      }

      at src/components/HandyTreeView/HandyTreeView.tsx:549:15

    console.log
      [HandyTreeView] Skipping fetch - no dataSource or not enabled

      at src/components/HandyTreeView/HandyTreeView.tsx:559:17

    console.log
      [HandyTreeView] useEffect updateSelectionItems { internalItemsLength: 1 }

      at src/components/HandyTreeView/HandyTreeView.tsx:658:15

    console.log
      [HandyTreeView] RENDER START #15 {
        hasDataSource: false,
        itemsCount: 1,
        hasLazyLoading: false,
        timestamp: 1769005690756
      }

      at HandyTreeView (src/components/HandyTreeView/HandyTreeView.tsx:232:13)

    console.log
      [HandyTreeView] Calling useLazyLoading {
        hasDataSource: false,
        hasConfig: false,
        dataSourceType: 'none',
        dataSourceKeys: []
      }

      at HandyTreeView (src/components/HandyTreeView/HandyTreeView.tsx:321:13)

    console.log
      [useLazyLoading] HOOK CALLED {
        hasDataSource: true,
        configEnabled: false,
        configKeys: [ 'enabled' ]
      }

      at useLazyLoading (src/hooks/useLazyLoading.ts:195:11)

    console.log
      [HandyTreeView] useLazyLoading returned { hasDataSource: true, isLoading: false, stateCacheSize: 0 }

      at HandyTreeView (src/components/HandyTreeView/HandyTreeView.tsx:338:13)

    console.log
      [HandyTreeView] buildFullItemsMap { itemsCount: 1, mapSize: 0 }

      at src/components/HandyTreeView/HandyTreeView.tsx:451:17

    console.log
      [HandyTreeView] buildFullItemsMap { itemsCount: 2, mapSize: 1 }

      at src/components/HandyTreeView/HandyTreeView.tsx:451:17
          at Array.forEach (<anonymous>)

    console.log
      [HandyTreeView] applyFiltering { inputCount: 1, hasFilterItems: false, showHiddenFiles: false }

      at src/components/HandyTreeView/HandyTreeView.tsx:424:17

    console.log
      [HandyTreeView] RENDER END #15 {
        internalItemsLength: 1,
        expandedItemsCount: 0,
        selectedItemsCount: 0,
        hasEmptyState: false
      }

      at HandyTreeView (src/components/HandyTreeView/HandyTreeView.tsx:1429:13)

    console.log
      [HandyTreeView] renderTreeItems [8anpluy8l] { itemsCount: 1, level: 0, renderId: 15 }

      at src/components/HandyTreeView/HandyTreeView.tsx:1236:17

    console.log
      [HandyTreeView] renderTreeItems [8anpluy8l] completed { itemsCount: 1, level: 0, resultCount: 1 }

      at src/components/HandyTreeView/HandyTreeView.tsx:1330:17

    console.log
      [useLazyLoading] useEffect recreate data source { hasRef: true, configEnabled: false }

      at src/hooks/useLazyLoading.ts:222:13

    console.log
      [useLazyLoading] Recreating LazyLoadingDataSource

      at src/hooks/useLazyLoading.ts:228:15

    console.log
      [HandyTreeView] useEffect items sync {
        hasDataSource: false,
        itemsLength: 1,
        filteredItemsLength: 1,
        internalItemsLength: 1
      }

      at src/components/HandyTreeView/HandyTreeView.tsx:496:15

    console.log
      [HandyTreeView] useEffect updateSelectionItems { internalItemsLength: 1 }

      at src/components/HandyTreeView/HandyTreeView.tsx:658:15

    console.log
      [HandyTreeView] RENDER START #16 {
        hasDataSource: false,
        itemsCount: 1,
        hasLazyLoading: false,
        timestamp: 1769005690780
      }

      at HandyTreeView (src/components/HandyTreeView/HandyTreeView.tsx:232:13)

    console.log
      [HandyTreeView] Calling useLazyLoading {
        hasDataSource: false,
        hasConfig: false,
        dataSourceType: 'none',
        dataSourceKeys: []
      }

      at HandyTreeView (src/components/HandyTreeView/HandyTreeView.tsx:321:13)

    console.log
      [useLazyLoading] HOOK CALLED {
        hasDataSource: true,
        configEnabled: false,
        configKeys: [ 'enabled' ]
      }

      at useLazyLoading (src/hooks/useLazyLoading.ts:195:11)

    console.log
      [HandyTreeView] useLazyLoading returned { hasDataSource: true, isLoading: false, stateCacheSize: 0 }

      at HandyTreeView (src/components/HandyTreeView/HandyTreeView.tsx:338:13)

    console.log
      [HandyTreeView] buildFullItemsMap { itemsCount: 1, mapSize: 0 }

      at src/components/HandyTreeView/HandyTreeView.tsx:451:17

    console.log
      [HandyTreeView] buildFullItemsMap { itemsCount: 2, mapSize: 1 }

      at src/components/HandyTreeView/HandyTreeView.tsx:451:17
          at Array.forEach (<anonymous>)

    console.log
      [HandyTreeView] applyFiltering { inputCount: 1, hasFilterItems: false, showHiddenFiles: false }

      at src/components/HandyTreeView/HandyTreeView.tsx:424:17

    console.log
      [HandyTreeView] RENDER END #16 {
        internalItemsLength: 1,
        expandedItemsCount: 1,
        selectedItemsCount: 0,
        hasEmptyState: false
      }

      at HandyTreeView (src/components/HandyTreeView/HandyTreeView.tsx:1429:13)

    console.log
      [HandyTreeView] renderTreeItems [o8lv8k198] { itemsCount: 1, level: 0, renderId: 16 }

      at src/components/HandyTreeView/HandyTreeView.tsx:1236:17

    console.log
      [HandyTreeView] Rendering children for item 1 { childrenCount: 1, level: 1, renderId: 16 }

      at src/components/HandyTreeView/HandyTreeView.tsx:1318:29
          at Array.map (<anonymous>)

    console.log
      [HandyTreeView] renderTreeItems [h3x5hulio] { itemsCount: 1, level: 1, renderId: 16 }

      at src/components/HandyTreeView/HandyTreeView.tsx:1236:17
          at Array.map (<anonymous>)

    console.log
      [HandyTreeView] renderTreeItems [h3x5hulio] completed { itemsCount: 1, level: 1, resultCount: 1 }

      at src/components/HandyTreeView/HandyTreeView.tsx:1330:17
          at Array.map (<anonymous>)

    console.log
      [HandyTreeView] renderTreeItems [o8lv8k198] completed { itemsCount: 1, level: 0, resultCount: 1 }

      at src/components/HandyTreeView/HandyTreeView.tsx:1330:17

    console.log
      [useLazyLoading] useEffect recreate data source { hasRef: true, configEnabled: false }

      at src/hooks/useLazyLoading.ts:222:13

    console.log
      [useLazyLoading] Recreating LazyLoadingDataSource

      at src/hooks/useLazyLoading.ts:228:15

    console.log
      [HandyTreeView] useEffect items sync {
        hasDataSource: false,
        itemsLength: 1,
        filteredItemsLength: 1,
        internalItemsLength: 1
      }

      at src/components/HandyTreeView/HandyTreeView.tsx:496:15

    console.log
      [useLazyLoading] Cleaning up polling interval

      at src/hooks/useLazyLoading.ts:293:15
          at Array.forEach (<anonymous>)

    console.log
      [HandyTreeView] RENDER START #17 {
        hasDataSource: false,
        itemsCount: 0,
        hasLazyLoading: false,
        timestamp: 1769005690816
      }

      at HandyTreeView (src/components/HandyTreeView/HandyTreeView.tsx:232:13)

    console.log
      [HandyTreeView] useMemo lazyLoadingConfig { hasDataSource: false, hasLazyLoading: false }

      at src/components/HandyTreeView/HandyTreeView.tsx:306:15

    console.log
      [HandyTreeView] Calling useLazyLoading {
        hasDataSource: false,
        hasConfig: false,
        dataSourceType: 'none',
        dataSourceKeys: []
      }

      at HandyTreeView (src/components/HandyTreeView/HandyTreeView.tsx:321:13)

    console.log
      [useLazyLoading] HOOK CALLED {
        hasDataSource: true,
        configEnabled: false,
        configKeys: [ 'enabled' ]
      }

      at useLazyLoading (src/hooks/useLazyLoading.ts:195:11)

    console.log
      [useLazyLoading] Creating new LazyLoadingDataSource

      at useLazyLoading (src/hooks/useLazyLoading.ts:213:13)

    console.log
      [HandyTreeView] useLazyLoading returned { hasDataSource: true, isLoading: false, stateCacheSize: 0 }

      at HandyTreeView (src/components/HandyTreeView/HandyTreeView.tsx:338:13)

    console.log
      [HandyTreeView] RENDER END #17 {
        internalItemsLength: 0,
        expandedItemsCount: 0,
        selectedItemsCount: 0,
        hasEmptyState: true
      }

      at HandyTreeView (src/components/HandyTreeView/HandyTreeView.tsx:1429:13)

    console.log
      [useLazyLoading] useEffect recreate data source { hasRef: true, configEnabled: false }

      at src/hooks/useLazyLoading.ts:222:13

    console.log
      [useLazyLoading] Recreating LazyLoadingDataSource

      at src/hooks/useLazyLoading.ts:228:15

    console.log
      [useLazyLoading] Setting up polling interval

      at src/hooks/useLazyLoading.ts:285:13

    console.log
      [HandyTreeView] useEffect items sync {
        hasDataSource: false,
        itemsLength: 0,
        filteredItemsLength: 0,
        internalItemsLength: 0
      }

      at src/components/HandyTreeView/HandyTreeView.tsx:496:15

    console.log
      [HandyTreeView] useEffect fetch root items {
        hasDataSource: false,
        configEnabled: undefined,
        internalItemsLength: 0,
        itemsLength: 0,
        hasFetched: false
      }

      at src/components/HandyTreeView/HandyTreeView.tsx:549:15

    console.log
      [HandyTreeView] Skipping fetch - no dataSource or not enabled

      at src/components/HandyTreeView/HandyTreeView.tsx:559:17

    console.log
      [HandyTreeView] useEffect updateSelectionItems { internalItemsLength: 0 }

      at src/components/HandyTreeView/HandyTreeView.tsx:658:15

    console.log
      [useLazyLoading] Cleaning up polling interval

      at src/hooks/useLazyLoading.ts:293:15
          at Array.forEach (<anonymous>)

    console.log
      [HandyTreeView] RENDER START #18 {
        hasDataSource: false,
        itemsCount: 1,
        hasLazyLoading: false,
        timestamp: 1769005690833
      }

      at HandyTreeView (src/components/HandyTreeView/HandyTreeView.tsx:232:13)

    console.log
      [HandyTreeView] useMemo lazyLoadingConfig { hasDataSource: false, hasLazyLoading: false }

      at src/components/HandyTreeView/HandyTreeView.tsx:306:15

    console.log
      [HandyTreeView] Calling useLazyLoading {
        hasDataSource: false,
        hasConfig: false,
        dataSourceType: 'none',
        dataSourceKeys: []
      }

      at HandyTreeView (src/components/HandyTreeView/HandyTreeView.tsx:321:13)

    console.log
      [useLazyLoading] HOOK CALLED {
        hasDataSource: true,
        configEnabled: false,
        configKeys: [ 'enabled' ]
      }

      at useLazyLoading (src/hooks/useLazyLoading.ts:195:11)

    console.log
      [useLazyLoading] Creating new LazyLoadingDataSource

      at useLazyLoading (src/hooks/useLazyLoading.ts:213:13)

    console.log
      [HandyTreeView] useLazyLoading returned { hasDataSource: true, isLoading: false, stateCacheSize: 0 }

      at HandyTreeView (src/components/HandyTreeView/HandyTreeView.tsx:338:13)

    console.log
      [HandyTreeView] buildFullItemsMap { itemsCount: 1, mapSize: 0 }

      at src/components/HandyTreeView/HandyTreeView.tsx:451:17

    console.log
      [HandyTreeView] applyFiltering { inputCount: 1, hasFilterItems: true, showHiddenFiles: true }

      at src/components/HandyTreeView/HandyTreeView.tsx:424:17

    console.log
      [HandyTreeView] RENDER END #18 {
        internalItemsLength: 1,
        expandedItemsCount: 0,
        selectedItemsCount: 0,
        hasEmptyState: false
      }

      at HandyTreeView (src/components/HandyTreeView/HandyTreeView.tsx:1429:13)

    console.log
      [HandyTreeView] renderTreeItems [25qllqrwk] { itemsCount: 1, level: 0, renderId: 18 }

      at src/components/HandyTreeView/HandyTreeView.tsx:1236:17

    console.log
      [HandyTreeView] renderTreeItems [25qllqrwk] completed { itemsCount: 1, level: 0, resultCount: 1 }

      at src/components/HandyTreeView/HandyTreeView.tsx:1330:17

    console.log
      [useLazyLoading] useEffect recreate data source { hasRef: true, configEnabled: false }

      at src/hooks/useLazyLoading.ts:222:13

    console.log
      [useLazyLoading] Recreating LazyLoadingDataSource

      at src/hooks/useLazyLoading.ts:228:15

    console.log
      [useLazyLoading] Setting up polling interval

      at src/hooks/useLazyLoading.ts:285:13

    console.log
      [HandyTreeView] useEffect items sync {
        hasDataSource: false,
        itemsLength: 1,
        filteredItemsLength: 0,
        internalItemsLength: 1
      }

      at src/components/HandyTreeView/HandyTreeView.tsx:496:15

    console.log
      [HandyTreeView] Force clearing internalItems (all items filtered out)

      at src/components/HandyTreeView/HandyTreeView.tsx:532:19

    console.log
      [HandyTreeView] useEffect fetch root items {
        hasDataSource: false,
        configEnabled: undefined,
        internalItemsLength: 1,
        itemsLength: 1,
        hasFetched: false
      }

      at src/components/HandyTreeView/HandyTreeView.tsx:549:15

    console.log
      [HandyTreeView] Skipping fetch - no dataSource or not enabled

      at src/components/HandyTreeView/HandyTreeView.tsx:559:17

    console.log
      [HandyTreeView] useEffect updateSelectionItems { internalItemsLength: 1 }

      at src/components/HandyTreeView/HandyTreeView.tsx:658:15

    console.log
      [HandyTreeView] RENDER START #19 {
        hasDataSource: false,
        itemsCount: 1,
        hasLazyLoading: false,
        timestamp: 1769005690843
      }

      at HandyTreeView (src/components/HandyTreeView/HandyTreeView.tsx:232:13)

    console.log
      [HandyTreeView] Calling useLazyLoading {
        hasDataSource: false,
        hasConfig: false,
        dataSourceType: 'none',
        dataSourceKeys: []
      }

      at HandyTreeView (src/components/HandyTreeView/HandyTreeView.tsx:321:13)

    console.log
      [useLazyLoading] HOOK CALLED {
        hasDataSource: true,
        configEnabled: false,
        configKeys: [ 'enabled' ]
      }

      at useLazyLoading (src/hooks/useLazyLoading.ts:195:11)

    console.log
      [HandyTreeView] useLazyLoading returned { hasDataSource: true, isLoading: false, stateCacheSize: 0 }

      at HandyTreeView (src/components/HandyTreeView/HandyTreeView.tsx:338:13)

    console.log
      [HandyTreeView] buildFullItemsMap { itemsCount: 1, mapSize: 0 }

      at src/components/HandyTreeView/HandyTreeView.tsx:451:17

    console.log
      [HandyTreeView] applyFiltering { inputCount: 1, hasFilterItems: true, showHiddenFiles: true }

      at src/components/HandyTreeView/HandyTreeView.tsx:424:17

    console.log
      [HandyTreeView] RENDER END #19 {
        internalItemsLength: 0,
        expandedItemsCount: 0,
        selectedItemsCount: 0,
        hasEmptyState: true
      }

      at HandyTreeView (src/components/HandyTreeView/HandyTreeView.tsx:1429:13)

    console.log
      [useLazyLoading] useEffect recreate data source { hasRef: true, configEnabled: false }

      at src/hooks/useLazyLoading.ts:222:13

    console.log
      [useLazyLoading] Recreating LazyLoadingDataSource

      at src/hooks/useLazyLoading.ts:228:15

    console.log
      [HandyTreeView] useEffect items sync {
        hasDataSource: false,
        itemsLength: 1,
        filteredItemsLength: 0,
        internalItemsLength: 0
      }

      at src/components/HandyTreeView/HandyTreeView.tsx:496:15

    console.log
      [HandyTreeView] useEffect updateSelectionItems { internalItemsLength: 0 }

      at src/components/HandyTreeView/HandyTreeView.tsx:658:15

    console.log
      [useLazyLoading] Cleaning up polling interval

      at src/hooks/useLazyLoading.ts:293:15
          at Array.forEach (<anonymous>)

    console.log
      [HandyTreeView] RENDER START #20 {
        hasDataSource: false,
        itemsCount: 0,
        hasLazyLoading: false,
        timestamp: 1769005690866
      }

      at HandyTreeView (src/components/HandyTreeView/HandyTreeView.tsx:232:13)

    console.log
      [HandyTreeView] useMemo lazyLoadingConfig { hasDataSource: false, hasLazyLoading: false }

      at src/components/HandyTreeView/HandyTreeView.tsx:306:15

    console.log
      [HandyTreeView] Calling useLazyLoading {
        hasDataSource: false,
        hasConfig: false,
        dataSourceType: 'none',
        dataSourceKeys: []
      }

      at HandyTreeView (src/components/HandyTreeView/HandyTreeView.tsx:321:13)

    console.log
      [useLazyLoading] HOOK CALLED {
        hasDataSource: true,
        configEnabled: false,
        configKeys: [ 'enabled' ]
      }

      at useLazyLoading (src/hooks/useLazyLoading.ts:195:11)

    console.log
      [useLazyLoading] Creating new LazyLoadingDataSource

      at useLazyLoading (src/hooks/useLazyLoading.ts:213:13)

    console.log
      [HandyTreeView] useLazyLoading returned { hasDataSource: true, isLoading: false, stateCacheSize: 0 }

      at HandyTreeView (src/components/HandyTreeView/HandyTreeView.tsx:338:13)

    console.log
      [HandyTreeView] RENDER END #20 {
        internalItemsLength: 0,
        expandedItemsCount: 0,
        selectedItemsCount: 0,
        hasEmptyState: true
      }

      at HandyTreeView (src/components/HandyTreeView/HandyTreeView.tsx:1429:13)

    console.log
      [useLazyLoading] useEffect recreate data source { hasRef: true, configEnabled: false }

      at src/hooks/useLazyLoading.ts:222:13

    console.log
      [useLazyLoading] Recreating LazyLoadingDataSource

      at src/hooks/useLazyLoading.ts:228:15

    console.log
      [useLazyLoading] Setting up polling interval

      at src/hooks/useLazyLoading.ts:285:13

    console.log
      [HandyTreeView] useEffect items sync {
        hasDataSource: false,
        itemsLength: 0,
        filteredItemsLength: 0,
        internalItemsLength: 0
      }

      at src/components/HandyTreeView/HandyTreeView.tsx:496:15

    console.log
      [HandyTreeView] useEffect fetch root items {
        hasDataSource: false,
        configEnabled: undefined,
        internalItemsLength: 0,
        itemsLength: 0,
        hasFetched: false
      }

      at src/components/HandyTreeView/HandyTreeView.tsx:549:15

    console.log
      [HandyTreeView] Skipping fetch - no dataSource or not enabled

      at src/components/HandyTreeView/HandyTreeView.tsx:559:17

    console.log
      [HandyTreeView] useEffect updateSelectionItems { internalItemsLength: 0 }

      at src/components/HandyTreeView/HandyTreeView.tsx:658:15

    console.log
      [useLazyLoading] Cleaning up polling interval

      at src/hooks/useLazyLoading.ts:293:15
          at Array.forEach (<anonymous>)

    console.log
      [HandyTreeView] RENDER START #21 {
        hasDataSource: false,
        itemsCount: 1,
        hasLazyLoading: false,
        timestamp: 1769005690887
      }

      at HandyTreeView (src/components/HandyTreeView/HandyTreeView.tsx:232:13)

    console.log
      [HandyTreeView] useMemo lazyLoadingConfig { hasDataSource: false, hasLazyLoading: false }

      at src/components/HandyTreeView/HandyTreeView.tsx:306:15

    console.log
      [HandyTreeView] Calling useLazyLoading {
        hasDataSource: false,
        hasConfig: false,
        dataSourceType: 'none',
        dataSourceKeys: []
      }

      at HandyTreeView (src/components/HandyTreeView/HandyTreeView.tsx:321:13)

    console.log
      [useLazyLoading] HOOK CALLED {
        hasDataSource: true,
        configEnabled: false,
        configKeys: [ 'enabled' ]
      }

      at useLazyLoading (src/hooks/useLazyLoading.ts:195:11)

    console.log
      [useLazyLoading] Creating new LazyLoadingDataSource

      at useLazyLoading (src/hooks/useLazyLoading.ts:213:13)

    console.log
      [HandyTreeView] useLazyLoading returned { hasDataSource: true, isLoading: false, stateCacheSize: 0 }

      at HandyTreeView (src/components/HandyTreeView/HandyTreeView.tsx:338:13)

    console.log
      [HandyTreeView] buildFullItemsMap { itemsCount: 1, mapSize: 0 }

      at src/components/HandyTreeView/HandyTreeView.tsx:451:17

    console.log
      [HandyTreeView] buildFullItemsMap { itemsCount: 1, mapSize: 1 }

      at src/components/HandyTreeView/HandyTreeView.tsx:451:17
          at Array.forEach (<anonymous>)

    console.log
      [HandyTreeView] applyFiltering { inputCount: 1, hasFilterItems: false, showHiddenFiles: true }

      at src/components/HandyTreeView/HandyTreeView.tsx:424:17

    console.log
      [HandyTreeView] RENDER END #21 {
        internalItemsLength: 1,
        expandedItemsCount: 0,
        selectedItemsCount: 0,
        hasEmptyState: false
      }

      at HandyTreeView (src/components/HandyTreeView/HandyTreeView.tsx:1429:13)

    console.log
      [HandyTreeView] renderTreeItems [ksrhgua4c] { itemsCount: 1, level: 0, renderId: 21 }

      at src/components/HandyTreeView/HandyTreeView.tsx:1236:17

    console.log
      [HandyTreeView] renderTreeItems [ksrhgua4c] completed { itemsCount: 1, level: 0, resultCount: 1 }

      at src/components/HandyTreeView/HandyTreeView.tsx:1330:17

    console.log
      [useLazyLoading] useEffect recreate data source { hasRef: true, configEnabled: false }

      at src/hooks/useLazyLoading.ts:222:13

    console.log
      [useLazyLoading] Recreating LazyLoadingDataSource

      at src/hooks/useLazyLoading.ts:228:15

    console.log
      [useLazyLoading] Setting up polling interval

      at src/hooks/useLazyLoading.ts:285:13

    console.log
      [HandyTreeView] useEffect items sync {
        hasDataSource: false,
        itemsLength: 1,
        filteredItemsLength: 1,
        internalItemsLength: 1
      }

      at src/components/HandyTreeView/HandyTreeView.tsx:496:15

    console.log
      [HandyTreeView] Syncing filtered items to internalItems

      at src/components/HandyTreeView/HandyTreeView.tsx:513:21

    console.log
      [HandyTreeView] useEffect fetch root items {
        hasDataSource: false,
        configEnabled: undefined,
        internalItemsLength: 1,
        itemsLength: 1,
        hasFetched: false
      }

      at src/components/HandyTreeView/HandyTreeView.tsx:549:15

    console.log
      [HandyTreeView] Skipping fetch - no dataSource or not enabled

      at src/components/HandyTreeView/HandyTreeView.tsx:559:17

    console.log
      [HandyTreeView] useEffect updateSelectionItems { internalItemsLength: 1 }

      at src/components/HandyTreeView/HandyTreeView.tsx:658:15

    console.log
      [useLazyLoading] Polling updateState

      at src/hooks/useLazyLoading.ts:287:15

    console.log
      [useLazyLoading] Polling updateState

      at src/hooks/useLazyLoading.ts:287:15

    console.log
      [useLazyLoading] Polling updateState

      at src/hooks/useLazyLoading.ts:287:15

    console.log
      [useLazyLoading] Polling updateState

      at src/hooks/useLazyLoading.ts:287:15

    console.log
      [useLazyLoading] Polling updateState

      at src/hooks/useLazyLoading.ts:287:15

    console.log
      [useLazyLoading] Polling updateState

      at src/hooks/useLazyLoading.ts:287:15

    console.log
      [useLazyLoading] Cleaning up polling interval

      at src/hooks/useLazyLoading.ts:293:15
          at Array.forEach (<anonymous>)

    console.log
      [HandyTreeView] RENDER START #22 {
        hasDataSource: false,
        itemsCount: 1,
        hasLazyLoading: false,
        timestamp: 1769005692926
      }

      at HandyTreeView (src/components/HandyTreeView/HandyTreeView.tsx:232:13)

    console.log
      [HandyTreeView] useMemo lazyLoadingConfig { hasDataSource: false, hasLazyLoading: false }

      at src/components/HandyTreeView/HandyTreeView.tsx:306:15

    console.log
      [HandyTreeView] Calling useLazyLoading {
        hasDataSource: false,
        hasConfig: false,
        dataSourceType: 'none',
        dataSourceKeys: []
      }

      at HandyTreeView (src/components/HandyTreeView/HandyTreeView.tsx:321:13)

    console.log
      [useLazyLoading] HOOK CALLED {
        hasDataSource: true,
        configEnabled: false,
        configKeys: [ 'enabled' ]
      }

      at useLazyLoading (src/hooks/useLazyLoading.ts:195:11)

    console.log
      [useLazyLoading] Creating new LazyLoadingDataSource

      at useLazyLoading (src/hooks/useLazyLoading.ts:213:13)

    console.log
      [HandyTreeView] useLazyLoading returned { hasDataSource: true, isLoading: false, stateCacheSize: 0 }

      at HandyTreeView (src/components/HandyTreeView/HandyTreeView.tsx:338:13)

    console.log
      [HandyTreeView] buildFullItemsMap { itemsCount: 1, mapSize: 0 }

      at src/components/HandyTreeView/HandyTreeView.tsx:451:17

    console.log
      [HandyTreeView] buildFullItemsMap { itemsCount: 1, mapSize: 1 }

      at src/components/HandyTreeView/HandyTreeView.tsx:451:17
          at Array.forEach (<anonymous>)

    console.log
      [HandyTreeView] applyFiltering { inputCount: 1, hasFilterItems: true, showHiddenFiles: true }

      at src/components/HandyTreeView/HandyTreeView.tsx:424:17

    console.log
      [HandyTreeView] RENDER END #22 {
        internalItemsLength: 1,
        expandedItemsCount: 0,
        selectedItemsCount: 0,
        hasEmptyState: false
      }

      at HandyTreeView (src/components/HandyTreeView/HandyTreeView.tsx:1429:13)

    console.log
      [HandyTreeView] renderTreeItems [3r4tgvy9c] { itemsCount: 1, level: 0, renderId: 22 }

      at src/components/HandyTreeView/HandyTreeView.tsx:1236:17

    console.log
      [HandyTreeView] renderTreeItems [3r4tgvy9c] completed { itemsCount: 1, level: 0, resultCount: 1 }

      at src/components/HandyTreeView/HandyTreeView.tsx:1330:17

    console.log
      [useLazyLoading] useEffect recreate data source { hasRef: true, configEnabled: false }

      at src/hooks/useLazyLoading.ts:222:13

    console.log
      [useLazyLoading] Recreating LazyLoadingDataSource

      at src/hooks/useLazyLoading.ts:228:15

    console.log
      [useLazyLoading] Setting up polling interval

      at src/hooks/useLazyLoading.ts:285:13

    console.log
      [HandyTreeView] useEffect items sync {
        hasDataSource: false,
        itemsLength: 1,
        filteredItemsLength: 1,
        internalItemsLength: 1
      }

      at src/components/HandyTreeView/HandyTreeView.tsx:496:15

    console.log
      [HandyTreeView] Syncing filtered items to internalItems

      at src/components/HandyTreeView/HandyTreeView.tsx:513:21

    console.log
      [HandyTreeView] useEffect fetch root items {
        hasDataSource: false,
        configEnabled: undefined,
        internalItemsLength: 1,
        itemsLength: 1,
        hasFetched: false
      }

      at src/components/HandyTreeView/HandyTreeView.tsx:549:15

    console.log
      [HandyTreeView] Skipping fetch - no dataSource or not enabled

      at src/components/HandyTreeView/HandyTreeView.tsx:559:17

    console.log
      [HandyTreeView] useEffect updateSelectionItems { internalItemsLength: 1 }

      at src/components/HandyTreeView/HandyTreeView.tsx:658:15

    console.log
      [useLazyLoading] Polling updateState

      at src/hooks/useLazyLoading.ts:287:15

    console.log
      [useLazyLoading] Polling updateState

      at src/hooks/useLazyLoading.ts:287:15

    console.log
      [useLazyLoading] Polling updateState

      at src/hooks/useLazyLoading.ts:287:15

    console.log
      [useLazyLoading] Polling updateState

      at src/hooks/useLazyLoading.ts:287:15

    console.log
      [useLazyLoading] Polling updateState

      at src/hooks/useLazyLoading.ts:287:15

    console.log
      [useLazyLoading] Polling updateState

      at src/hooks/useLazyLoading.ts:287:15

    console.log
      [useLazyLoading] Cleaning up polling interval

      at src/hooks/useLazyLoading.ts:293:15
          at Array.forEach (<anonymous>)

    console.log
      [HandyTreeView] RENDER START #23 {
        hasDataSource: false,
        itemsCount: 1,
        hasLazyLoading: false,
        timestamp: 1769005694948
      }

      at HandyTreeView (src/components/HandyTreeView/HandyTreeView.tsx:232:13)

    console.log
      [HandyTreeView] useMemo lazyLoadingConfig { hasDataSource: false, hasLazyLoading: false }

      at src/components/HandyTreeView/HandyTreeView.tsx:306:15

    console.log
      [HandyTreeView] Calling useLazyLoading {
        hasDataSource: false,
        hasConfig: false,
        dataSourceType: 'none',
        dataSourceKeys: []
      }

      at HandyTreeView (src/components/HandyTreeView/HandyTreeView.tsx:321:13)

    console.log
      [useLazyLoading] HOOK CALLED {
        hasDataSource: true,
        configEnabled: false,
        configKeys: [ 'enabled' ]
      }

      at useLazyLoading (src/hooks/useLazyLoading.ts:195:11)

    console.log
      [useLazyLoading] Creating new LazyLoadingDataSource

      at useLazyLoading (src/hooks/useLazyLoading.ts:213:13)

    console.log
      [HandyTreeView] useLazyLoading returned { hasDataSource: true, isLoading: false, stateCacheSize: 0 }

      at HandyTreeView (src/components/HandyTreeView/HandyTreeView.tsx:338:13)

    console.log
      [HandyTreeView] buildFullItemsMap { itemsCount: 1, mapSize: 0 }

      at src/components/HandyTreeView/HandyTreeView.tsx:451:17

    console.log
      [HandyTreeView] buildFullItemsMap { itemsCount: 1, mapSize: 1 }

      at src/components/HandyTreeView/HandyTreeView.tsx:451:17
          at Array.forEach (<anonymous>)

    console.log
      [HandyTreeView] applyFiltering { inputCount: 1, hasFilterItems: false, showHiddenFiles: true }

      at src/components/HandyTreeView/HandyTreeView.tsx:424:17

    console.log
      [HandyTreeView] RENDER END #23 {
        internalItemsLength: 1,
        expandedItemsCount: 0,
        selectedItemsCount: 0,
        hasEmptyState: false
      }

      at HandyTreeView (src/components/HandyTreeView/HandyTreeView.tsx:1429:13)

    console.log
      [HandyTreeView] renderTreeItems [17w74t73s] { itemsCount: 1, level: 0, renderId: 23 }

      at src/components/HandyTreeView/HandyTreeView.tsx:1236:17

    console.log
      [HandyTreeView] renderTreeItems [17w74t73s] completed { itemsCount: 1, level: 0, resultCount: 1 }

      at src/components/HandyTreeView/HandyTreeView.tsx:1330:17

    console.log
      [useLazyLoading] useEffect recreate data source { hasRef: true, configEnabled: false }

      at src/hooks/useLazyLoading.ts:222:13

    console.log
      [useLazyLoading] Recreating LazyLoadingDataSource

      at src/hooks/useLazyLoading.ts:228:15

    console.log
      [useLazyLoading] Setting up polling interval

      at src/hooks/useLazyLoading.ts:285:13

    console.log
      [HandyTreeView] useEffect items sync {
        hasDataSource: false,
        itemsLength: 1,
        filteredItemsLength: 1,
        internalItemsLength: 1
      }

      at src/components/HandyTreeView/HandyTreeView.tsx:496:15

    console.log
      [HandyTreeView] Syncing filtered items to internalItems

      at src/components/HandyTreeView/HandyTreeView.tsx:513:21

    console.log
      [HandyTreeView] useEffect fetch root items {
        hasDataSource: false,
        configEnabled: undefined,
        internalItemsLength: 1,
        itemsLength: 1,
        hasFetched: false
      }

      at src/components/HandyTreeView/HandyTreeView.tsx:549:15

    console.log
      [HandyTreeView] Skipping fetch - no dataSource or not enabled

      at src/components/HandyTreeView/HandyTreeView.tsx:559:17

    console.log
      [HandyTreeView] useEffect updateSelectionItems { internalItemsLength: 1 }

      at src/components/HandyTreeView/HandyTreeView.tsx:658:15

    console.log
      [HandyTreeView] RENDER START #24 {
        hasDataSource: false,
        itemsCount: 1,
        hasLazyLoading: false,
        timestamp: 1769005694960
      }

      at HandyTreeView (src/components/HandyTreeView/HandyTreeView.tsx:232:13)

    console.log
      [HandyTreeView] Calling useLazyLoading {
        hasDataSource: false,
        hasConfig: false,
        dataSourceType: 'none',
        dataSourceKeys: []
      }

      at HandyTreeView (src/components/HandyTreeView/HandyTreeView.tsx:321:13)

    console.log
      [useLazyLoading] HOOK CALLED {
        hasDataSource: true,
        configEnabled: false,
        configKeys: [ 'enabled' ]
      }

      at useLazyLoading (src/hooks/useLazyLoading.ts:195:11)

    console.log
      [HandyTreeView] useLazyLoading returned { hasDataSource: true, isLoading: false, stateCacheSize: 0 }

      at HandyTreeView (src/components/HandyTreeView/HandyTreeView.tsx:338:13)

    console.log
      [HandyTreeView] buildFullItemsMap { itemsCount: 1, mapSize: 0 }

      at src/components/HandyTreeView/HandyTreeView.tsx:451:17

    console.log
      [HandyTreeView] buildFullItemsMap { itemsCount: 1, mapSize: 1 }

      at src/components/HandyTreeView/HandyTreeView.tsx:451:17
          at Array.forEach (<anonymous>)

    console.log
      [HandyTreeView] applyFiltering { inputCount: 1, hasFilterItems: false, showHiddenFiles: true }

      at src/components/HandyTreeView/HandyTreeView.tsx:424:17

    console.log
      [HandyTreeView] RENDER END #24 {
        internalItemsLength: 1,
        expandedItemsCount: 1,
        selectedItemsCount: 0,
        hasEmptyState: false
      }

      at HandyTreeView (src/components/HandyTreeView/HandyTreeView.tsx:1429:13)

    console.log
      [HandyTreeView] renderTreeItems [9y1t8l20k] { itemsCount: 1, level: 0, renderId: 24 }

      at src/components/HandyTreeView/HandyTreeView.tsx:1236:17

    console.log
      [HandyTreeView] Rendering children for item 1 { childrenCount: 1, level: 1, renderId: 24 }

      at src/components/HandyTreeView/HandyTreeView.tsx:1318:29
          at Array.map (<anonymous>)

    console.log
      [HandyTreeView] renderTreeItems [u7pe8z2so] { itemsCount: 1, level: 1, renderId: 24 }

      at src/components/HandyTreeView/HandyTreeView.tsx:1236:17
          at Array.map (<anonymous>)

    console.log
      [HandyTreeView] renderTreeItems [u7pe8z2so] completed { itemsCount: 1, level: 1, resultCount: 1 }

      at src/components/HandyTreeView/HandyTreeView.tsx:1330:17
          at Array.map (<anonymous>)

    console.log
      [HandyTreeView] renderTreeItems [9y1t8l20k] completed { itemsCount: 1, level: 0, resultCount: 1 }

      at src/components/HandyTreeView/HandyTreeView.tsx:1330:17

    console.log
      [useLazyLoading] useEffect recreate data source { hasRef: true, configEnabled: false }

      at src/hooks/useLazyLoading.ts:222:13

    console.log
      [useLazyLoading] Recreating LazyLoadingDataSource

      at src/hooks/useLazyLoading.ts:228:15

    console.log
      [HandyTreeView] useEffect items sync {
        hasDataSource: false,
        itemsLength: 1,
        filteredItemsLength: 1,
        internalItemsLength: 1
      }

      at src/components/HandyTreeView/HandyTreeView.tsx:496:15

    console.log
      [HandyTreeView] RENDER START #25 {
        hasDataSource: false,
        itemsCount: 1,
        hasLazyLoading: false,
        timestamp: 1769005694971
      }

      at HandyTreeView (src/components/HandyTreeView/HandyTreeView.tsx:232:13)

    console.log
      [HandyTreeView] Calling useLazyLoading {
        hasDataSource: false,
        hasConfig: false,
        dataSourceType: 'none',
        dataSourceKeys: []
      }

      at HandyTreeView (src/components/HandyTreeView/HandyTreeView.tsx:321:13)

    console.log
      [useLazyLoading] HOOK CALLED {
        hasDataSource: true,
        configEnabled: false,
        configKeys: [ 'enabled' ]
      }

      at useLazyLoading (src/hooks/useLazyLoading.ts:195:11)

    console.log
      [HandyTreeView] useLazyLoading returned { hasDataSource: true, isLoading: false, stateCacheSize: 0 }

      at HandyTreeView (src/components/HandyTreeView/HandyTreeView.tsx:338:13)

    console.log
      [HandyTreeView] buildFullItemsMap { itemsCount: 1, mapSize: 0 }

      at src/components/HandyTreeView/HandyTreeView.tsx:451:17

    console.log
      [HandyTreeView] buildFullItemsMap { itemsCount: 1, mapSize: 1 }

      at src/components/HandyTreeView/HandyTreeView.tsx:451:17
          at Array.forEach (<anonymous>)

    console.log
      [HandyTreeView] applyFiltering { inputCount: 1, hasFilterItems: false, showHiddenFiles: true }

      at src/components/HandyTreeView/HandyTreeView.tsx:424:17

    console.log
      [HandyTreeView] RENDER END #25 {
        internalItemsLength: 1,
        expandedItemsCount: 1,
        selectedItemsCount: 0,
        hasEmptyState: false
      }

      at HandyTreeView (src/components/HandyTreeView/HandyTreeView.tsx:1429:13)

    console.log
      [HandyTreeView] renderTreeItems [ccbemjz1m] { itemsCount: 1, level: 0, renderId: 25 }

      at src/components/HandyTreeView/HandyTreeView.tsx:1236:17

    console.log
      [HandyTreeView] Rendering children for item 1 { childrenCount: 1, level: 1, renderId: 25 }

      at src/components/HandyTreeView/HandyTreeView.tsx:1318:29
          at Array.map (<anonymous>)

    console.log
      [HandyTreeView] renderTreeItems [765upcil4] { itemsCount: 1, level: 1, renderId: 25 }

      at src/components/HandyTreeView/HandyTreeView.tsx:1236:17
          at Array.map (<anonymous>)

    console.log
      [HandyTreeView] renderTreeItems [765upcil4] completed { itemsCount: 1, level: 1, resultCount: 1 }

      at src/components/HandyTreeView/HandyTreeView.tsx:1330:17
          at Array.map (<anonymous>)

    console.log
      [HandyTreeView] renderTreeItems [ccbemjz1m] completed { itemsCount: 1, level: 0, resultCount: 1 }

      at src/components/HandyTreeView/HandyTreeView.tsx:1330:17

    console.log
      [useLazyLoading] Cleaning up polling interval

      at src/hooks/useLazyLoading.ts:293:15
          at Array.forEach (<anonymous>)

    console.log
      [HandyTreeView] RENDER START #26 {
        hasDataSource: false,
        itemsCount: 1,
        hasLazyLoading: false,
        timestamp: 1769005694982
      }

      at HandyTreeView (src/components/HandyTreeView/HandyTreeView.tsx:232:13)

    console.log
      [HandyTreeView] useMemo lazyLoadingConfig { hasDataSource: false, hasLazyLoading: false }

      at src/components/HandyTreeView/HandyTreeView.tsx:306:15

    console.log
      [HandyTreeView] Calling useLazyLoading {
        hasDataSource: false,
        hasConfig: false,
        dataSourceType: 'none',
        dataSourceKeys: []
      }

      at HandyTreeView (src/components/HandyTreeView/HandyTreeView.tsx:321:13)

    console.log
      [useLazyLoading] HOOK CALLED {
        hasDataSource: true,
        configEnabled: false,
        configKeys: [ 'enabled' ]
      }

      at useLazyLoading (src/hooks/useLazyLoading.ts:195:11)

    console.log
      [useLazyLoading] Creating new LazyLoadingDataSource

      at useLazyLoading (src/hooks/useLazyLoading.ts:213:13)

    console.log
      [HandyTreeView] useLazyLoading returned { hasDataSource: true, isLoading: false, stateCacheSize: 0 }

      at HandyTreeView (src/components/HandyTreeView/HandyTreeView.tsx:338:13)

    console.log
      [HandyTreeView] buildFullItemsMap { itemsCount: 1, mapSize: 0 }

      at src/components/HandyTreeView/HandyTreeView.tsx:451:17

    console.log
      [HandyTreeView] buildFullItemsMap { itemsCount: 1, mapSize: 1 }

      at src/components/HandyTreeView/HandyTreeView.tsx:451:17
          at Array.forEach (<anonymous>)

    console.log
      [HandyTreeView] applyFiltering { inputCount: 1, hasFilterItems: false, showHiddenFiles: true }

      at src/components/HandyTreeView/HandyTreeView.tsx:424:17

    console.log
      [HandyTreeView] RENDER END #26 {
        internalItemsLength: 1,
        expandedItemsCount: 1,
        selectedItemsCount: 0,
        hasEmptyState: false
      }

      at HandyTreeView (src/components/HandyTreeView/HandyTreeView.tsx:1429:13)

    console.log
      [HandyTreeView] renderTreeItems [1m7vsbqda] { itemsCount: 1, level: 0, renderId: 26 }

      at src/components/HandyTreeView/HandyTreeView.tsx:1236:17

    console.log
      [HandyTreeView] Rendering children for item 1 { childrenCount: 1, level: 1, renderId: 26 }

      at src/components/HandyTreeView/HandyTreeView.tsx:1318:29
          at Array.map (<anonymous>)

    console.log
      [HandyTreeView] renderTreeItems [im6ckadwd] { itemsCount: 1, level: 1, renderId: 26 }

      at src/components/HandyTreeView/HandyTreeView.tsx:1236:17
          at Array.map (<anonymous>)

    console.log
      [HandyTreeView] renderTreeItems [im6ckadwd] completed { itemsCount: 1, level: 1, resultCount: 1 }

      at src/components/HandyTreeView/HandyTreeView.tsx:1330:17
          at Array.map (<anonymous>)

    console.log
      [HandyTreeView] renderTreeItems [1m7vsbqda] completed { itemsCount: 1, level: 0, resultCount: 1 }

      at src/components/HandyTreeView/HandyTreeView.tsx:1330:17

    console.log
      [useLazyLoading] useEffect recreate data source { hasRef: true, configEnabled: false }

      at src/hooks/useLazyLoading.ts:222:13

    console.log
      [useLazyLoading] Recreating LazyLoadingDataSource

      at src/hooks/useLazyLoading.ts:228:15

    console.log
      [useLazyLoading] Setting up polling interval

      at src/hooks/useLazyLoading.ts:285:13

    console.log
      [HandyTreeView] useEffect items sync {
        hasDataSource: false,
        itemsLength: 1,
        filteredItemsLength: 1,
        internalItemsLength: 1
      }

      at src/components/HandyTreeView/HandyTreeView.tsx:496:15

    console.log
      [HandyTreeView] Syncing filtered items to internalItems

      at src/components/HandyTreeView/HandyTreeView.tsx:513:21

    console.log
      [HandyTreeView] useEffect fetch root items {
        hasDataSource: false,
        configEnabled: undefined,
        internalItemsLength: 1,
        itemsLength: 1,
        hasFetched: false
      }

      at src/components/HandyTreeView/HandyTreeView.tsx:549:15

    console.log
      [HandyTreeView] Skipping fetch - no dataSource or not enabled

      at src/components/HandyTreeView/HandyTreeView.tsx:559:17

    console.log
      [HandyTreeView] useEffect updateSelectionItems { internalItemsLength: 1 }

      at src/components/HandyTreeView/HandyTreeView.tsx:658:15

    console.log
      [HandyTreeView] RENDER START #27 {
        hasDataSource: false,
        itemsCount: 1,
        hasLazyLoading: false,
        timestamp: 1769005694995
      }

      at HandyTreeView (src/components/HandyTreeView/HandyTreeView.tsx:232:13)

    console.log
      [HandyTreeView] Calling useLazyLoading {
        hasDataSource: false,
        hasConfig: false,
        dataSourceType: 'none',
        dataSourceKeys: []
      }

      at HandyTreeView (src/components/HandyTreeView/HandyTreeView.tsx:321:13)

    console.log
      [useLazyLoading] HOOK CALLED {
        hasDataSource: true,
        configEnabled: false,
        configKeys: [ 'enabled' ]
      }

      at useLazyLoading (src/hooks/useLazyLoading.ts:195:11)

    console.log
      [HandyTreeView] useLazyLoading returned { hasDataSource: true, isLoading: false, stateCacheSize: 0 }

      at HandyTreeView (src/components/HandyTreeView/HandyTreeView.tsx:338:13)

    console.log
      [HandyTreeView] buildFullItemsMap { itemsCount: 1, mapSize: 0 }

      at src/components/HandyTreeView/HandyTreeView.tsx:451:17

    console.log
      [HandyTreeView] buildFullItemsMap { itemsCount: 1, mapSize: 1 }

      at src/components/HandyTreeView/HandyTreeView.tsx:451:17
          at Array.forEach (<anonymous>)

    console.log
      [HandyTreeView] applyFiltering { inputCount: 1, hasFilterItems: false, showHiddenFiles: true }

      at src/components/HandyTreeView/HandyTreeView.tsx:424:17

    console.log
      [HandyTreeView] RENDER END #27 {
        internalItemsLength: 1,
        expandedItemsCount: 0,
        selectedItemsCount: 0,
        hasEmptyState: false
      }

      at HandyTreeView (src/components/HandyTreeView/HandyTreeView.tsx:1429:13)

    console.log
      [HandyTreeView] renderTreeItems [l93dktz3d] { itemsCount: 1, level: 0, renderId: 27 }

      at src/components/HandyTreeView/HandyTreeView.tsx:1236:17

    console.log
      [HandyTreeView] renderTreeItems [l93dktz3d] completed { itemsCount: 1, level: 0, resultCount: 1 }

      at src/components/HandyTreeView/HandyTreeView.tsx:1330:17

    console.log
      [useLazyLoading] useEffect recreate data source { hasRef: true, configEnabled: false }

      at src/hooks/useLazyLoading.ts:222:13

    console.log
      [useLazyLoading] Recreating LazyLoadingDataSource

      at src/hooks/useLazyLoading.ts:228:15

    console.log
      [HandyTreeView] useEffect items sync {
        hasDataSource: false,
        itemsLength: 1,
        filteredItemsLength: 1,
        internalItemsLength: 1
      }

      at src/components/HandyTreeView/HandyTreeView.tsx:496:15

    console.log
      [HandyTreeView] RENDER START #28 {
        hasDataSource: false,
        itemsCount: 1,
        hasLazyLoading: false,
        timestamp: 1769005695003
      }

      at HandyTreeView (src/components/HandyTreeView/HandyTreeView.tsx:232:13)

    console.log
      [HandyTreeView] Calling useLazyLoading {
        hasDataSource: false,
        hasConfig: false,
        dataSourceType: 'none',
        dataSourceKeys: []
      }

      at HandyTreeView (src/components/HandyTreeView/HandyTreeView.tsx:321:13)

    console.log
      [useLazyLoading] HOOK CALLED {
        hasDataSource: true,
        configEnabled: false,
        configKeys: [ 'enabled' ]
      }

      at useLazyLoading (src/hooks/useLazyLoading.ts:195:11)

    console.log
      [HandyTreeView] useLazyLoading returned { hasDataSource: true, isLoading: false, stateCacheSize: 0 }

      at HandyTreeView (src/components/HandyTreeView/HandyTreeView.tsx:338:13)

    console.log
      [HandyTreeView] buildFullItemsMap { itemsCount: 1, mapSize: 0 }

      at src/components/HandyTreeView/HandyTreeView.tsx:451:17

    console.log
      [HandyTreeView] buildFullItemsMap { itemsCount: 1, mapSize: 1 }

      at src/components/HandyTreeView/HandyTreeView.tsx:451:17
          at Array.forEach (<anonymous>)

    console.log
      [HandyTreeView] applyFiltering { inputCount: 1, hasFilterItems: false, showHiddenFiles: true }

      at src/components/HandyTreeView/HandyTreeView.tsx:424:17

    console.log
      [HandyTreeView] RENDER END #28 {
        internalItemsLength: 1,
        expandedItemsCount: 0,
        selectedItemsCount: 0,
        hasEmptyState: false
      }

      at HandyTreeView (src/components/HandyTreeView/HandyTreeView.tsx:1429:13)

    console.log
      [HandyTreeView] renderTreeItems [yikkct59v] { itemsCount: 1, level: 0, renderId: 28 }

      at src/components/HandyTreeView/HandyTreeView.tsx:1236:17

    console.log
      [HandyTreeView] renderTreeItems [yikkct59v] completed { itemsCount: 1, level: 0, resultCount: 1 }

      at src/components/HandyTreeView/HandyTreeView.tsx:1330:17

    console.log
      [useLazyLoading] Cleaning up polling interval

      at src/hooks/useLazyLoading.ts:293:15
          at Array.forEach (<anonymous>)

    console.log
      [HandyTreeView] RENDER START #29 {
        hasDataSource: false,
        itemsCount: 2,
        hasLazyLoading: false,
        timestamp: 1769005695014
      }

      at HandyTreeView (src/components/HandyTreeView/HandyTreeView.tsx:232:13)

    console.log
      [HandyTreeView] useMemo lazyLoadingConfig { hasDataSource: false, hasLazyLoading: false }

      at src/components/HandyTreeView/HandyTreeView.tsx:306:15

    console.log
      [HandyTreeView] Calling useLazyLoading {
        hasDataSource: false,
        hasConfig: false,
        dataSourceType: 'none',
        dataSourceKeys: []
      }

      at HandyTreeView (src/components/HandyTreeView/HandyTreeView.tsx:321:13)

    console.log
      [useLazyLoading] HOOK CALLED {
        hasDataSource: true,
        configEnabled: false,
        configKeys: [ 'enabled' ]
      }

      at useLazyLoading (src/hooks/useLazyLoading.ts:195:11)

    console.log
      [useLazyLoading] Creating new LazyLoadingDataSource

      at useLazyLoading (src/hooks/useLazyLoading.ts:213:13)

    console.log
      [HandyTreeView] useLazyLoading returned { hasDataSource: true, isLoading: false, stateCacheSize: 0 }

      at HandyTreeView (src/components/HandyTreeView/HandyTreeView.tsx:338:13)

    console.log
      [HandyTreeView] buildFullItemsMap { itemsCount: 2, mapSize: 0 }

      at src/components/HandyTreeView/HandyTreeView.tsx:451:17

    console.log
      [HandyTreeView] buildFullItemsMap { itemsCount: 1, mapSize: 1 }

      at src/components/HandyTreeView/HandyTreeView.tsx:451:17
          at Array.forEach (<anonymous>)

    console.log
      [HandyTreeView] buildFullItemsMap { itemsCount: 1, mapSize: 3 }

      at src/components/HandyTreeView/HandyTreeView.tsx:451:17
          at Array.forEach (<anonymous>)

    console.log
      [HandyTreeView] applyFiltering { inputCount: 2, hasFilterItems: false, showHiddenFiles: true }

      at src/components/HandyTreeView/HandyTreeView.tsx:424:17

    console.log
      [HandyTreeView] RENDER END #29 {
        internalItemsLength: 2,
        expandedItemsCount: 0,
        selectedItemsCount: 0,
        hasEmptyState: false
      }

      at HandyTreeView (src/components/HandyTreeView/HandyTreeView.tsx:1429:13)

    console.log
      [HandyTreeView] renderTreeItems [gugqtudev] { itemsCount: 2, level: 0, renderId: 29 }

      at src/components/HandyTreeView/HandyTreeView.tsx:1236:17

    console.log
      [HandyTreeView] renderTreeItems [gugqtudev] completed { itemsCount: 2, level: 0, resultCount: 2 }

      at src/components/HandyTreeView/HandyTreeView.tsx:1330:17

    console.log
      [useLazyLoading] useEffect recreate data source { hasRef: true, configEnabled: false }

      at src/hooks/useLazyLoading.ts:222:13

    console.log
      [useLazyLoading] Recreating LazyLoadingDataSource

      at src/hooks/useLazyLoading.ts:228:15

    console.log
      [useLazyLoading] Setting up polling interval

      at src/hooks/useLazyLoading.ts:285:13

    console.log
      [HandyTreeView] useEffect items sync {
        hasDataSource: false,
        itemsLength: 2,
        filteredItemsLength: 2,
        internalItemsLength: 2
      }

      at src/components/HandyTreeView/HandyTreeView.tsx:496:15

    console.log
      [HandyTreeView] Syncing filtered items to internalItems

      at src/components/HandyTreeView/HandyTreeView.tsx:513:21

    console.log
      [HandyTreeView] useEffect fetch root items {
        hasDataSource: false,
        configEnabled: undefined,
        internalItemsLength: 2,
        itemsLength: 2,
        hasFetched: false
      }

      at src/components/HandyTreeView/HandyTreeView.tsx:549:15

    console.log
      [HandyTreeView] Skipping fetch - no dataSource or not enabled

      at src/components/HandyTreeView/HandyTreeView.tsx:559:17

    console.log
      [HandyTreeView] useEffect updateSelectionItems { internalItemsLength: 2 }

      at src/components/HandyTreeView/HandyTreeView.tsx:658:15

    console.log
      [HandyTreeView] RENDER START #30 {
        hasDataSource: false,
        itemsCount: 2,
        hasLazyLoading: false,
        timestamp: 1769005695028
      }

      at HandyTreeView (src/components/HandyTreeView/HandyTreeView.tsx:232:13)

    console.log
      [HandyTreeView] Calling useLazyLoading {
        hasDataSource: false,
        hasConfig: false,
        dataSourceType: 'none',
        dataSourceKeys: []
      }

      at HandyTreeView (src/components/HandyTreeView/HandyTreeView.tsx:321:13)

    console.log
      [useLazyLoading] HOOK CALLED {
        hasDataSource: true,
        configEnabled: false,
        configKeys: [ 'enabled' ]
      }

      at useLazyLoading (src/hooks/useLazyLoading.ts:195:11)

    console.log
      [HandyTreeView] useLazyLoading returned { hasDataSource: true, isLoading: false, stateCacheSize: 0 }

      at HandyTreeView (src/components/HandyTreeView/HandyTreeView.tsx:338:13)

    console.log
      [HandyTreeView] buildFullItemsMap { itemsCount: 2, mapSize: 0 }

      at src/components/HandyTreeView/HandyTreeView.tsx:451:17

    console.log
      [HandyTreeView] buildFullItemsMap { itemsCount: 1, mapSize: 1 }

      at src/components/HandyTreeView/HandyTreeView.tsx:451:17
          at Array.forEach (<anonymous>)

    console.log
      [HandyTreeView] buildFullItemsMap { itemsCount: 1, mapSize: 3 }

      at src/components/HandyTreeView/HandyTreeView.tsx:451:17
          at Array.forEach (<anonymous>)

    console.log
      [HandyTreeView] applyFiltering { inputCount: 2, hasFilterItems: false, showHiddenFiles: true }

      at src/components/HandyTreeView/HandyTreeView.tsx:424:17

    console.log
      [HandyTreeView] RENDER END #30 {
        internalItemsLength: 2,
        expandedItemsCount: 1,
        selectedItemsCount: 0,
        hasEmptyState: false
      }

      at HandyTreeView (src/components/HandyTreeView/HandyTreeView.tsx:1429:13)

    console.log
      [HandyTreeView] renderTreeItems [vv9fns8wy] { itemsCount: 2, level: 0, renderId: 30 }

      at src/components/HandyTreeView/HandyTreeView.tsx:1236:17

    console.log
      [HandyTreeView] Rendering children for item 1 { childrenCount: 1, level: 1, renderId: 30 }

      at src/components/HandyTreeView/HandyTreeView.tsx:1318:29
          at Array.map (<anonymous>)

    console.log
      [HandyTreeView] renderTreeItems [gfdz83wvi] { itemsCount: 1, level: 1, renderId: 30 }

      at src/components/HandyTreeView/HandyTreeView.tsx:1236:17
          at Array.map (<anonymous>)

    console.log
      [HandyTreeView] renderTreeItems [gfdz83wvi] completed { itemsCount: 1, level: 1, resultCount: 1 }

      at src/components/HandyTreeView/HandyTreeView.tsx:1330:17
          at Array.map (<anonymous>)

    console.log
      [HandyTreeView] renderTreeItems [vv9fns8wy] completed { itemsCount: 2, level: 0, resultCount: 2 }

      at src/components/HandyTreeView/HandyTreeView.tsx:1330:17

    console.log
      [useLazyLoading] useEffect recreate data source { hasRef: true, configEnabled: false }

      at src/hooks/useLazyLoading.ts:222:13

    console.log
      [useLazyLoading] Recreating LazyLoadingDataSource

      at src/hooks/useLazyLoading.ts:228:15

    console.log
      [HandyTreeView] useEffect items sync {
        hasDataSource: false,
        itemsLength: 2,
        filteredItemsLength: 2,
        internalItemsLength: 2
      }

      at src/components/HandyTreeView/HandyTreeView.tsx:496:15

    console.log
      [HandyTreeView] RENDER START #31 {
        hasDataSource: false,
        itemsCount: 2,
        hasLazyLoading: false,
        timestamp: 1769005695041
      }

      at HandyTreeView (src/components/HandyTreeView/HandyTreeView.tsx:232:13)

    console.log
      [HandyTreeView] Calling useLazyLoading {
        hasDataSource: false,
        hasConfig: false,
        dataSourceType: 'none',
        dataSourceKeys: []
      }

      at HandyTreeView (src/components/HandyTreeView/HandyTreeView.tsx:321:13)

    console.log
      [useLazyLoading] HOOK CALLED {
        hasDataSource: true,
        configEnabled: false,
        configKeys: [ 'enabled' ]
      }

      at useLazyLoading (src/hooks/useLazyLoading.ts:195:11)

    console.log
      [HandyTreeView] useLazyLoading returned { hasDataSource: true, isLoading: false, stateCacheSize: 0 }

      at HandyTreeView (src/components/HandyTreeView/HandyTreeView.tsx:338:13)

    console.log
      [HandyTreeView] buildFullItemsMap { itemsCount: 2, mapSize: 0 }

      at src/components/HandyTreeView/HandyTreeView.tsx:451:17

    console.log
      [HandyTreeView] buildFullItemsMap { itemsCount: 1, mapSize: 1 }

      at src/components/HandyTreeView/HandyTreeView.tsx:451:17
          at Array.forEach (<anonymous>)

    console.log
      [HandyTreeView] buildFullItemsMap { itemsCount: 1, mapSize: 3 }

      at src/components/HandyTreeView/HandyTreeView.tsx:451:17
          at Array.forEach (<anonymous>)

    console.log
      [HandyTreeView] applyFiltering { inputCount: 2, hasFilterItems: false, showHiddenFiles: true }

      at src/components/HandyTreeView/HandyTreeView.tsx:424:17

    console.log
      [HandyTreeView] RENDER END #31 {
        internalItemsLength: 2,
        expandedItemsCount: 1,
        selectedItemsCount: 0,
        hasEmptyState: false
      }

      at HandyTreeView (src/components/HandyTreeView/HandyTreeView.tsx:1429:13)

    console.log
      [HandyTreeView] renderTreeItems [t4hhvdjnw] { itemsCount: 2, level: 0, renderId: 31 }

      at src/components/HandyTreeView/HandyTreeView.tsx:1236:17

    console.log
      [HandyTreeView] Rendering children for item 1 { childrenCount: 1, level: 1, renderId: 31 }

      at src/components/HandyTreeView/HandyTreeView.tsx:1318:29
          at Array.map (<anonymous>)

    console.log
      [HandyTreeView] renderTreeItems [zps2456nk] { itemsCount: 1, level: 1, renderId: 31 }

      at src/components/HandyTreeView/HandyTreeView.tsx:1236:17
          at Array.map (<anonymous>)

    console.log
      [HandyTreeView] renderTreeItems [zps2456nk] completed { itemsCount: 1, level: 1, resultCount: 1 }

      at src/components/HandyTreeView/HandyTreeView.tsx:1330:17
          at Array.map (<anonymous>)

    console.log
      [HandyTreeView] renderTreeItems [t4hhvdjnw] completed { itemsCount: 2, level: 0, resultCount: 2 }

      at src/components/HandyTreeView/HandyTreeView.tsx:1330:17

    console.log
      [HandyTreeView] RENDER START #32 {
        hasDataSource: false,
        itemsCount: 2,
        hasLazyLoading: false,
        timestamp: 1769005695047
      }

      at HandyTreeView (src/components/HandyTreeView/HandyTreeView.tsx:232:13)

    console.log
      [HandyTreeView] Calling useLazyLoading {
        hasDataSource: false,
        hasConfig: false,
        dataSourceType: 'none',
        dataSourceKeys: []
      }

      at HandyTreeView (src/components/HandyTreeView/HandyTreeView.tsx:321:13)

    console.log
      [useLazyLoading] HOOK CALLED {
        hasDataSource: true,
        configEnabled: false,
        configKeys: [ 'enabled' ]
      }

      at useLazyLoading (src/hooks/useLazyLoading.ts:195:11)

    console.log
      [HandyTreeView] useLazyLoading returned { hasDataSource: true, isLoading: false, stateCacheSize: 0 }

      at HandyTreeView (src/components/HandyTreeView/HandyTreeView.tsx:338:13)

    console.log
      [HandyTreeView] buildFullItemsMap { itemsCount: 2, mapSize: 0 }

      at src/components/HandyTreeView/HandyTreeView.tsx:451:17

    console.log
      [HandyTreeView] buildFullItemsMap { itemsCount: 1, mapSize: 1 }

      at src/components/HandyTreeView/HandyTreeView.tsx:451:17
          at Array.forEach (<anonymous>)

    console.log
      [HandyTreeView] buildFullItemsMap { itemsCount: 1, mapSize: 3 }

      at src/components/HandyTreeView/HandyTreeView.tsx:451:17
          at Array.forEach (<anonymous>)

    console.log
      [HandyTreeView] applyFiltering { inputCount: 2, hasFilterItems: false, showHiddenFiles: true }

      at src/components/HandyTreeView/HandyTreeView.tsx:424:17

    console.log
      [HandyTreeView] RENDER END #32 {
        internalItemsLength: 2,
        expandedItemsCount: 2,
        selectedItemsCount: 0,
        hasEmptyState: false
      }

      at HandyTreeView (src/components/HandyTreeView/HandyTreeView.tsx:1429:13)

    console.log
      [HandyTreeView] renderTreeItems [asgrxhx2u] { itemsCount: 2, level: 0, renderId: 32 }

      at src/components/HandyTreeView/HandyTreeView.tsx:1236:17

    console.log
      [HandyTreeView] Rendering children for item 1 { childrenCount: 1, level: 1, renderId: 32 }

      at src/components/HandyTreeView/HandyTreeView.tsx:1318:29
          at Array.map (<anonymous>)

    console.log
      [HandyTreeView] renderTreeItems [z8hcmvesh] { itemsCount: 1, level: 1, renderId: 32 }

      at src/components/HandyTreeView/HandyTreeView.tsx:1236:17
          at Array.map (<anonymous>)

    console.log
      [HandyTreeView] renderTreeItems [z8hcmvesh] completed { itemsCount: 1, level: 1, resultCount: 1 }

      at src/components/HandyTreeView/HandyTreeView.tsx:1330:17
          at Array.map (<anonymous>)

    console.log
      [HandyTreeView] Rendering children for item 2 { childrenCount: 1, level: 1, renderId: 32 }

      at src/components/HandyTreeView/HandyTreeView.tsx:1318:29
          at Array.map (<anonymous>)

    console.log
      [HandyTreeView] renderTreeItems [h0o7q0sjj] { itemsCount: 1, level: 1, renderId: 32 }

      at src/components/HandyTreeView/HandyTreeView.tsx:1236:17
          at Array.map (<anonymous>)

    console.log
      [HandyTreeView] renderTreeItems [h0o7q0sjj] completed { itemsCount: 1, level: 1, resultCount: 1 }

      at src/components/HandyTreeView/HandyTreeView.tsx:1330:17
          at Array.map (<anonymous>)

    console.log
      [HandyTreeView] renderTreeItems [asgrxhx2u] completed { itemsCount: 2, level: 0, resultCount: 2 }

      at src/components/HandyTreeView/HandyTreeView.tsx:1330:17

    console.log
      [useLazyLoading] useEffect recreate data source { hasRef: true, configEnabled: false }

      at src/hooks/useLazyLoading.ts:222:13

    console.log
      [useLazyLoading] Recreating LazyLoadingDataSource

      at src/hooks/useLazyLoading.ts:228:15

    console.log
      [HandyTreeView] useEffect items sync {
        hasDataSource: false,
        itemsLength: 2,
        filteredItemsLength: 2,
        internalItemsLength: 2
      }

      at src/components/HandyTreeView/HandyTreeView.tsx:496:15

    console.log
      [useLazyLoading] Cleaning up polling interval

      at src/hooks/useLazyLoading.ts:293:15
          at Array.forEach (<anonymous>)

    console.log
      [HandyTreeView] RENDER START #33 {
        hasDataSource: false,
        itemsCount: 1,
        hasLazyLoading: false,
        timestamp: 1769005695079
      }

      at HandyTreeView (src/components/HandyTreeView/HandyTreeView.tsx:232:13)

    console.log
      [HandyTreeView] useMemo lazyLoadingConfig { hasDataSource: false, hasLazyLoading: false }

      at src/components/HandyTreeView/HandyTreeView.tsx:306:15

    console.log
      [HandyTreeView] Calling useLazyLoading {
        hasDataSource: false,
        hasConfig: false,
        dataSourceType: 'none',
        dataSourceKeys: []
      }

      at HandyTreeView (src/components/HandyTreeView/HandyTreeView.tsx:321:13)

    console.log
      [useLazyLoading] HOOK CALLED {
        hasDataSource: true,
        configEnabled: false,
        configKeys: [ 'enabled' ]
      }

      at useLazyLoading (src/hooks/useLazyLoading.ts:195:11)

    console.log
      [useLazyLoading] Creating new LazyLoadingDataSource

      at useLazyLoading (src/hooks/useLazyLoading.ts:213:13)

    console.log
      [HandyTreeView] useLazyLoading returned { hasDataSource: true, isLoading: false, stateCacheSize: 0 }

      at HandyTreeView (src/components/HandyTreeView/HandyTreeView.tsx:338:13)

    console.log
      [HandyTreeView] buildFullItemsMap { itemsCount: 1, mapSize: 0 }

      at src/components/HandyTreeView/HandyTreeView.tsx:451:17

    console.log
      [HandyTreeView] buildFullItemsMap { itemsCount: 2, mapSize: 1 }

      at src/components/HandyTreeView/HandyTreeView.tsx:451:17
          at Array.forEach (<anonymous>)

    console.log
      [HandyTreeView] applyFiltering { inputCount: 1, hasFilterItems: true, showHiddenFiles: false }

      at src/components/HandyTreeView/HandyTreeView.tsx:424:17

    console.log
      [HandyTreeView] RENDER END #33 {
        internalItemsLength: 1,
        expandedItemsCount: 0,
        selectedItemsCount: 0,
        hasEmptyState: false
      }

      at HandyTreeView (src/components/HandyTreeView/HandyTreeView.tsx:1429:13)

    console.log
      [HandyTreeView] renderTreeItems [41nu8r0v9] { itemsCount: 1, level: 0, renderId: 33 }

      at src/components/HandyTreeView/HandyTreeView.tsx:1236:17

    console.log
      [HandyTreeView] renderTreeItems [41nu8r0v9] completed { itemsCount: 1, level: 0, resultCount: 1 }

      at src/components/HandyTreeView/HandyTreeView.tsx:1330:17

    console.log
      [useLazyLoading] useEffect recreate data source { hasRef: true, configEnabled: false }

      at src/hooks/useLazyLoading.ts:222:13

    console.log
      [useLazyLoading] Recreating LazyLoadingDataSource

      at src/hooks/useLazyLoading.ts:228:15

    console.log
      [useLazyLoading] Setting up polling interval

      at src/hooks/useLazyLoading.ts:285:13

    console.log
      [HandyTreeView] useEffect items sync {
        hasDataSource: false,
        itemsLength: 1,
        filteredItemsLength: 1,
        internalItemsLength: 1
      }

      at src/components/HandyTreeView/HandyTreeView.tsx:496:15

    console.log
      [HandyTreeView] Syncing filtered items to internalItems

      at src/components/HandyTreeView/HandyTreeView.tsx:513:21

    console.log
      [HandyTreeView] useEffect fetch root items {
        hasDataSource: false,
        configEnabled: undefined,
        internalItemsLength: 1,
        itemsLength: 1,
        hasFetched: false
      }

      at src/components/HandyTreeView/HandyTreeView.tsx:549:15

    console.log
      [HandyTreeView] Skipping fetch - no dataSource or not enabled

      at src/components/HandyTreeView/HandyTreeView.tsx:559:17

    console.log
      [HandyTreeView] useEffect updateSelectionItems { internalItemsLength: 1 }

      at src/components/HandyTreeView/HandyTreeView.tsx:658:15

    console.log
      [HandyTreeView] RENDER START #34 {
        hasDataSource: false,
        itemsCount: 1,
        hasLazyLoading: false,
        timestamp: 1769005695090
      }

      at HandyTreeView (src/components/HandyTreeView/HandyTreeView.tsx:232:13)

    console.log
      [HandyTreeView] Calling useLazyLoading {
        hasDataSource: false,
        hasConfig: false,
        dataSourceType: 'none',
        dataSourceKeys: []
      }

      at HandyTreeView (src/components/HandyTreeView/HandyTreeView.tsx:321:13)

    console.log
      [useLazyLoading] HOOK CALLED {
        hasDataSource: true,
        configEnabled: false,
        configKeys: [ 'enabled' ]
      }

      at useLazyLoading (src/hooks/useLazyLoading.ts:195:11)

    console.log
      [HandyTreeView] useLazyLoading returned { hasDataSource: true, isLoading: false, stateCacheSize: 0 }

      at HandyTreeView (src/components/HandyTreeView/HandyTreeView.tsx:338:13)

    console.log
      [HandyTreeView] buildFullItemsMap { itemsCount: 1, mapSize: 0 }

      at src/components/HandyTreeView/HandyTreeView.tsx:451:17

    console.log
      [HandyTreeView] buildFullItemsMap { itemsCount: 2, mapSize: 1 }

      at src/components/HandyTreeView/HandyTreeView.tsx:451:17
          at Array.forEach (<anonymous>)

    console.log
      [HandyTreeView] applyFiltering { inputCount: 1, hasFilterItems: true, showHiddenFiles: false }

      at src/components/HandyTreeView/HandyTreeView.tsx:424:17

    console.log
      [HandyTreeView] RENDER END #34 {
        internalItemsLength: 1,
        expandedItemsCount: 0,
        selectedItemsCount: 0,
        hasEmptyState: false
      }

      at HandyTreeView (src/components/HandyTreeView/HandyTreeView.tsx:1429:13)

    console.log
      [HandyTreeView] renderTreeItems [gl4en5w9v] { itemsCount: 1, level: 0, renderId: 34 }

      at src/components/HandyTreeView/HandyTreeView.tsx:1236:17

    console.log
      [HandyTreeView] renderTreeItems [gl4en5w9v] completed { itemsCount: 1, level: 0, resultCount: 1 }

      at src/components/HandyTreeView/HandyTreeView.tsx:1330:17

    console.log
      [useLazyLoading] useEffect recreate data source { hasRef: true, configEnabled: false }

      at src/hooks/useLazyLoading.ts:222:13

    console.log
      [useLazyLoading] Recreating LazyLoadingDataSource

      at src/hooks/useLazyLoading.ts:228:15

    console.log
      [HandyTreeView] useEffect items sync {
        hasDataSource: false,
        itemsLength: 1,
        filteredItemsLength: 1,
        internalItemsLength: 1
      }

      at src/components/HandyTreeView/HandyTreeView.tsx:496:15

    console.log
      [HandyTreeView] useEffect updateSelectionItems { internalItemsLength: 1 }

      at src/components/HandyTreeView/HandyTreeView.tsx:658:15

    console.log
      [HandyTreeView] RENDER START #35 {
        hasDataSource: false,
        itemsCount: 1,
        hasLazyLoading: false,
        timestamp: 1769005695098
      }

      at HandyTreeView (src/components/HandyTreeView/HandyTreeView.tsx:232:13)

    console.log
      [HandyTreeView] Calling useLazyLoading {
        hasDataSource: false,
        hasConfig: false,
        dataSourceType: 'none',
        dataSourceKeys: []
      }

      at HandyTreeView (src/components/HandyTreeView/HandyTreeView.tsx:321:13)

    console.log
      [useLazyLoading] HOOK CALLED {
        hasDataSource: true,
        configEnabled: false,
        configKeys: [ 'enabled' ]
      }

      at useLazyLoading (src/hooks/useLazyLoading.ts:195:11)

    console.log
      [HandyTreeView] useLazyLoading returned { hasDataSource: true, isLoading: false, stateCacheSize: 0 }

      at HandyTreeView (src/components/HandyTreeView/HandyTreeView.tsx:338:13)

    console.log
      [HandyTreeView] buildFullItemsMap { itemsCount: 1, mapSize: 0 }

      at src/components/HandyTreeView/HandyTreeView.tsx:451:17

    console.log
      [HandyTreeView] buildFullItemsMap { itemsCount: 2, mapSize: 1 }

      at src/components/HandyTreeView/HandyTreeView.tsx:451:17
          at Array.forEach (<anonymous>)

    console.log
      [HandyTreeView] applyFiltering { inputCount: 1, hasFilterItems: true, showHiddenFiles: false }

      at src/components/HandyTreeView/HandyTreeView.tsx:424:17

    console.log
      [HandyTreeView] RENDER END #35 {
        internalItemsLength: 1,
        expandedItemsCount: 1,
        selectedItemsCount: 0,
        hasEmptyState: false
      }

      at HandyTreeView (src/components/HandyTreeView/HandyTreeView.tsx:1429:13)

    console.log
      [HandyTreeView] renderTreeItems [vg07tt7eb] { itemsCount: 1, level: 0, renderId: 35 }

      at src/components/HandyTreeView/HandyTreeView.tsx:1236:17

    console.log
      [HandyTreeView] Rendering children for item 1 { childrenCount: 1, level: 1, renderId: 35 }

      at src/components/HandyTreeView/HandyTreeView.tsx:1318:29
          at Array.map (<anonymous>)

    console.log
      [HandyTreeView] renderTreeItems [ogtrc2hbh] { itemsCount: 1, level: 1, renderId: 35 }

      at src/components/HandyTreeView/HandyTreeView.tsx:1236:17
          at Array.map (<anonymous>)

    console.log
      [HandyTreeView] renderTreeItems [ogtrc2hbh] completed { itemsCount: 1, level: 1, resultCount: 1 }

      at src/components/HandyTreeView/HandyTreeView.tsx:1330:17
          at Array.map (<anonymous>)

    console.log
      [HandyTreeView] renderTreeItems [vg07tt7eb] completed { itemsCount: 1, level: 0, resultCount: 1 }

      at src/components/HandyTreeView/HandyTreeView.tsx:1330:17

    console.log
      [useLazyLoading] useEffect recreate data source { hasRef: true, configEnabled: false }

      at src/hooks/useLazyLoading.ts:222:13

    console.log
      [useLazyLoading] Recreating LazyLoadingDataSource

      at src/hooks/useLazyLoading.ts:228:15

    console.log
      [HandyTreeView] useEffect items sync {
        hasDataSource: false,
        itemsLength: 1,
        filteredItemsLength: 1,
        internalItemsLength: 1
      }

      at src/components/HandyTreeView/HandyTreeView.tsx:496:15

    console.log
      [useLazyLoading] Cleaning up polling interval

      at src/hooks/useLazyLoading.ts:293:15
          at Array.forEach (<anonymous>)

    console.log
      [HandyTreeView] RENDER START #36 {
        hasDataSource: false,
        itemsCount: 1,
        hasLazyLoading: false,
        timestamp: 1769005695112
      }

      at HandyTreeView (src/components/HandyTreeView/HandyTreeView.tsx:232:13)

    console.log
      [HandyTreeView] useMemo lazyLoadingConfig { hasDataSource: false, hasLazyLoading: false }

      at src/components/HandyTreeView/HandyTreeView.tsx:306:15

    console.log
      [HandyTreeView] Calling useLazyLoading {
        hasDataSource: false,
        hasConfig: false,
        dataSourceType: 'none',
        dataSourceKeys: []
      }

      at HandyTreeView (src/components/HandyTreeView/HandyTreeView.tsx:321:13)

    console.log
      [useLazyLoading] HOOK CALLED {
        hasDataSource: true,
        configEnabled: false,
        configKeys: [ 'enabled' ]
      }

      at useLazyLoading (src/hooks/useLazyLoading.ts:195:11)

    console.log
      [useLazyLoading] Creating new LazyLoadingDataSource

      at useLazyLoading (src/hooks/useLazyLoading.ts:213:13)

    console.log
      [HandyTreeView] useLazyLoading returned { hasDataSource: true, isLoading: false, stateCacheSize: 0 }

      at HandyTreeView (src/components/HandyTreeView/HandyTreeView.tsx:338:13)

    console.log
      [HandyTreeView] buildFullItemsMap { itemsCount: 1, mapSize: 0 }

      at src/components/HandyTreeView/HandyTreeView.tsx:451:17

    console.log
      [HandyTreeView] buildFullItemsMap { itemsCount: 2, mapSize: 1 }

      at src/components/HandyTreeView/HandyTreeView.tsx:451:17
          at Array.forEach (<anonymous>)

    console.log
      [HandyTreeView] applyFiltering { inputCount: 1, hasFilterItems: true, showHiddenFiles: true }

      at src/components/HandyTreeView/HandyTreeView.tsx:424:17

    console.log
      [HandyTreeView] RENDER END #36 {
        internalItemsLength: 1,
        expandedItemsCount: 0,
        selectedItemsCount: 0,
        hasEmptyState: false
      }

      at HandyTreeView (src/components/HandyTreeView/HandyTreeView.tsx:1429:13)

    console.log
      [HandyTreeView] renderTreeItems [qokw9q21h] { itemsCount: 1, level: 0, renderId: 36 }

      at src/components/HandyTreeView/HandyTreeView.tsx:1236:17

    console.log
      [HandyTreeView] renderTreeItems [qokw9q21h] completed { itemsCount: 1, level: 0, resultCount: 1 }

      at src/components/HandyTreeView/HandyTreeView.tsx:1330:17

    console.log
      [useLazyLoading] useEffect recreate data source { hasRef: true, configEnabled: false }

      at src/hooks/useLazyLoading.ts:222:13

    console.log
      [useLazyLoading] Recreating LazyLoadingDataSource

      at src/hooks/useLazyLoading.ts:228:15

    console.log
      [useLazyLoading] Setting up polling interval

      at src/hooks/useLazyLoading.ts:285:13

    console.log
      [HandyTreeView] useEffect items sync {
        hasDataSource: false,
        itemsLength: 1,
        filteredItemsLength: 0,
        internalItemsLength: 1
      }

      at src/components/HandyTreeView/HandyTreeView.tsx:496:15

    console.log
      [HandyTreeView] Force clearing internalItems (all items filtered out)

      at src/components/HandyTreeView/HandyTreeView.tsx:532:19

    console.log
      [HandyTreeView] useEffect fetch root items {
        hasDataSource: false,
        configEnabled: undefined,
        internalItemsLength: 1,
        itemsLength: 1,
        hasFetched: false
      }

      at src/components/HandyTreeView/HandyTreeView.tsx:549:15

    console.log
      [HandyTreeView] Skipping fetch - no dataSource or not enabled

      at src/components/HandyTreeView/HandyTreeView.tsx:559:17

    console.log
      [HandyTreeView] useEffect updateSelectionItems { internalItemsLength: 1 }

      at src/components/HandyTreeView/HandyTreeView.tsx:658:15

    console.log
      [HandyTreeView] RENDER START #37 {
        hasDataSource: false,
        itemsCount: 1,
        hasLazyLoading: false,
        timestamp: 1769005695123
      }

      at HandyTreeView (src/components/HandyTreeView/HandyTreeView.tsx:232:13)

    console.log
      [HandyTreeView] Calling useLazyLoading {
        hasDataSource: false,
        hasConfig: false,
        dataSourceType: 'none',
        dataSourceKeys: []
      }

      at HandyTreeView (src/components/HandyTreeView/HandyTreeView.tsx:321:13)

    console.log
      [useLazyLoading] HOOK CALLED {
        hasDataSource: true,
        configEnabled: false,
        configKeys: [ 'enabled' ]
      }

      at useLazyLoading (src/hooks/useLazyLoading.ts:195:11)

    console.log
      [HandyTreeView] useLazyLoading returned { hasDataSource: true, isLoading: false, stateCacheSize: 0 }

      at HandyTreeView (src/components/HandyTreeView/HandyTreeView.tsx:338:13)

    console.log
      [HandyTreeView] buildFullItemsMap { itemsCount: 1, mapSize: 0 }

      at src/components/HandyTreeView/HandyTreeView.tsx:451:17

    console.log
      [HandyTreeView] buildFullItemsMap { itemsCount: 2, mapSize: 1 }

      at src/components/HandyTreeView/HandyTreeView.tsx:451:17
          at Array.forEach (<anonymous>)

    console.log
      [HandyTreeView] applyFiltering { inputCount: 1, hasFilterItems: true, showHiddenFiles: true }

      at src/components/HandyTreeView/HandyTreeView.tsx:424:17

    console.log
      [HandyTreeView] RENDER END #37 {
        internalItemsLength: 0,
        expandedItemsCount: 0,
        selectedItemsCount: 0,
        hasEmptyState: true
      }

      at HandyTreeView (src/components/HandyTreeView/HandyTreeView.tsx:1429:13)

    console.log
      [useLazyLoading] useEffect recreate data source { hasRef: true, configEnabled: false }

      at src/hooks/useLazyLoading.ts:222:13

    console.log
      [useLazyLoading] Recreating LazyLoadingDataSource

      at src/hooks/useLazyLoading.ts:228:15

    console.log
      [HandyTreeView] useEffect items sync {
        hasDataSource: false,
        itemsLength: 1,
        filteredItemsLength: 0,
        internalItemsLength: 0
      }

      at src/components/HandyTreeView/HandyTreeView.tsx:496:15

    console.log
      [HandyTreeView] useEffect updateSelectionItems { internalItemsLength: 0 }

      at src/components/HandyTreeView/HandyTreeView.tsx:658:15

    console.log
      [useLazyLoading] Cleaning up polling interval

      at src/hooks/useLazyLoading.ts:293:15
          at Array.forEach (<anonymous>)

  ΓùÅ HandyTreeView - Features ΓÇ║ ItemDataContext ΓÇ║ should provide access to full item data via context

    Unable to find an element by: [data-testid="full-item"]

    Ignored nodes: comments, script, style
    <body>
      <div
        aria-atomic="true"
        aria-live="polite"
        id="handy-tree-view-live-region"
        role="status"
        style="position: absolute; left: -10000px; width: 1px; height: 1px; overflow: hidden;"
      />
      <div>
        <ul
          aria-multiselectable="false"
          class="MuiBox-root css-j7qb9d"
          role="tree"
        >
          <li
            aria-disabled="false"
            aria-expanded="false"
            aria-level="1"
            aria-posinset="1"
            aria-selected="false"
            aria-setsize="1"
            class="MuiBox-root css-p59m98"
            draggable="false"
            id="1"
            role="treeitem"
            tabindex="-1"
          >
            <div
              class="MuiBox-root css-b1vg9v"
              data-expansion-trigger="true"
              role="button"
            >
              <button
                class="MuiButtonBase-root MuiIconButton-root MuiIconButton-sizeSmall css-13ect0l-MuiButtonBase-root-MuiIconButton-root"
                data-expansion-trigger="false"
                tabindex="0"
                type="button"
              >
                <svg
                  aria-hidden="true"
                  class="MuiSvgIcon-root MuiSvgIcon-fontSizeSmall css-120dh41-MuiSvgIcon-root"
                  data-testid="ExpandMoreIcon"
                  focusable="false"
                  viewBox="0 0 24 24"
                >
                  <path
                    d="M16.59 8.59 12 13.17 7.41 8.59 6 10l6 6 6-6z"
                  />
                </svg>
              </button>
              <span
                class="MuiTypography-root MuiTypography-body2 css-pwnza6-MuiTypography-root"
              >
                Documents
              </span>
            </div>
          </li>
        </ul>
      </div>
    </body>

      318 |       renderWithTheme(<ContextTestComponent />);
      319 |
    > 320 |       await waitFor(() => {
          |                    ^
      321 |         expect(screen.getByTestId('full-item')).toHaveTextContent('custom-value');
      322 |       }, { timeout: 2000 });
      323 |     });

      at waitForWrapper (node_modules/@testing-library/dom/dist/wait-for.js:163:27)
      at Object.<anonymous> (__tests__/HandyTreeView.features.test.tsx:320:20)

  ΓùÅ HandyTreeView - Features ΓÇ║ ItemDataContext ΓÇ║ should preserve custom properties after filtering

    Unable to find an element by: [data-testid="full-item"]

    Ignored nodes: comments, script, style
    <body>
      <div
        aria-atomic="true"
        aria-live="polite"
        id="handy-tree-view-live-region"
        role="status"
        style="position: absolute; left: -10000px; width: 1px; height: 1px; overflow: hidden;"
      />
      <div>
        <ul
          aria-multiselectable="false"
          class="MuiBox-root css-j7qb9d"
          role="tree"
        >
          <li
            aria-disabled="false"
            aria-expanded="false"
            aria-level="1"
            aria-posinset="1"
            aria-selected="false"
            aria-setsize="1"
            class="MuiBox-root css-p59m98"
            draggable="false"
            id="1"
            role="treeitem"
            tabindex="-1"
          >
            <div
              class="MuiBox-root css-b1vg9v"
              data-expansion-trigger="true"
              role="button"
            >
              <button
                class="MuiButtonBase-root MuiIconButton-root MuiIconButton-sizeSmall css-13ect0l-MuiButtonBase-root-MuiIconButton-root"
                data-expansion-trigger="false"
                tabindex="0"
                type="button"
              >
                <svg
                  aria-hidden="true"
                  class="MuiSvgIcon-root MuiSvgIcon-fontSizeSmall css-120dh41-MuiSvgIcon-root"
                  data-testid="ExpandMoreIcon"
                  focusable="false"
                  viewBox="0 0 24 24"
                >
                  <path
                    d="M16.59 8.59 12 13.17 7.41 8.59 6 10l6 6 6-6z"
                  />
                </svg>
              </button>
              <span
                class="MuiTypography-root MuiTypography-body2 css-pwnza6-MuiTypography-root"
              >
                Documents
              </span>
            </div>
          </li>
        </ul>
      </div>
    </body>

      344 |       renderWithTheme(<ContextTestComponent />);
      345 |
    > 346 |       await waitFor(() => {
          |                    ^
      347 |         expect(screen.getByTestId('full-item')).toHaveTextContent('custom-value-1');
      348 |       }, { timeout: 2000 });
      349 |     });

      at waitForWrapper (node_modules/@testing-library/dom/dist/wait-for.js:163:27)
      at Object.<anonymous> (__tests__/HandyTreeView.features.test.tsx:346:20)

Test Suites: 1 failed, 9 passed, 10 total
Tests:       2 failed, 204 passed, 206 total
Snapshots:   0 total
Time:        28.312 s
Ran all test suites matching /handy-tree-view\\__tests__/i.
